44.242.191.51 - - [04/Jun/2025:05:18:48 +0000] "GET /.well-known/acme-challenge/MS7Ji_jQpbb9Sp4iZRXfMlWlcQ7pkbplW_tMaLwByPQ HTTP/1.1" 200 308 "-" "Mozilla/5.0 (compatible; Let's Encrypt validation server; +https://www.letsencrypt.org)"
51.20.82.80 - - [04/Jun/2025:05:18:48 +0000] "GET /.well-known/acme-challenge/MS7Ji_jQpbb9Sp4iZRXfMlWlcQ7pkbplW_tMaLwByPQ HTTP/1.1" 200 308 "-" "Mozilla/5.0 (compatible; Let's Encrypt validation server; +https://www.letsencrypt.org)"
143.110.217.244 - - [04/Jun/2025:05:19:07 +0000] "\x16\x03\x01\x01\x05\x01" 400 497 "-" "-"
138.68.86.32 - - [04/Jun/2025:05:19:07 +0000] "\x16\x03\x01\x01\t\x01" 400 497 "-" "-"
159.89.174.87 - - [04/Jun/2025:05:19:07 +0000] "GET / HTTP/1.1" 302 2875 "-" "-"
64.226.65.160 - - [04/Jun/2025:05:19:07 +0000] "GET / HTTP/1.1" 302 2874 "-" "-"
143.110.217.244 - - [04/Jun/2025:05:19:07 +0000] "GET / HTTP/1.1" 301 546 "-" "-"
138.68.86.32 - - [04/Jun/2025:05:19:07 +0000] "GET / HTTP/1.1" 404 464 "-" "-"
143.110.217.244 - - [04/Jun/2025:05:19:08 +0000] "GET / HTTP/1.1" 301 546 "-" "Mozilla/5.0 (Linux; Android 6.0; HTC One M9 Build/MRA76301) AppleWebKit/537.36 (KHTML, like Gecko) Chrome/52.0.9111.98 Mobile Safari/537.3"
138.68.86.32 - - [04/Jun/2025:05:19:08 +0000] "GET / HTTP/1.1" 404 464 "-" "Mozilla/5.0 (Linux; Android 6.0; HTC One M9 Build/MRA76301) AppleWebKit/537.36 (KHTML, like Gecko) Chrome/52.0.9111.98 Mobile Safari/537.3"
143.110.217.244 - - [04/Jun/2025:05:19:08 +0000] "GET /@vite/env HTTP/1.1" 301 564 "-" "Go-http-client/1.1"
143.110.217.244 - - [04/Jun/2025:05:19:08 +0000] "GET /actuator/env HTTP/1.1" 301 570 "-" "Go-http-client/1.1"
138.68.86.32 - - [04/Jun/2025:05:19:09 +0000] "GET /@vite/env HTTP/1.1" 404 464 "-" "Go-http-client/1.1"
143.110.217.244 - - [04/Jun/2025:05:19:09 +0000] "GET /server HTTP/1.1" 301 558 "-" "Go-http-client/1.1"
138.68.86.32 - - [04/Jun/2025:05:19:09 +0000] "GET /actuator/env HTTP/1.1" 404 464 "-" "Go-http-client/1.1"
143.110.217.244 - - [04/Jun/2025:05:19:09 +0000] "GET /.vscode/sftp.json HTTP/1.1" 301 580 "-" "Go-http-client/1.1"
143.110.217.244 - - [04/Jun/2025:05:19:10 +0000] "GET /about HTTP/1.1" 301 556 "-" "Go-http-client/1.1"
138.68.86.32 - - [04/Jun/2025:05:19:10 +0000] "GET /server HTTP/1.1" 404 464 "-" "Go-http-client/1.1"
159.89.174.87 - - [04/Jun/2025:05:19:10 +0000] "GET / HTTP/1.1" 302 2875 "-" "Mozilla/5.0 (Linux; Android 6.0; HTC One M9 Build/MRA76301) AppleWebKit/537.36 (KHTML, like Gecko) Chrome/52.0.9111.98 Mobile Safari/537.3"
143.110.217.244 - - [04/Jun/2025:05:19:10 +0000] "GET /debug/default/view?panel=config HTTP/1.1" 301 608 "-" "Go-http-client/1.1"
138.68.86.32 - - [04/Jun/2025:05:19:10 +0000] "GET /version HTTP/1.1" 404 464 "-" "Go-http-client/1.1"
159.89.174.87 - - [04/Jun/2025:05:19:10 +0000] "GET /@vite/env HTTP/1.1" 400 2830 "-" "Go-http-client/1.1"
143.110.217.244 - - [04/Jun/2025:05:19:11 +0000] "GET /v2/_catalog HTTP/1.1" 301 568 "-" "Go-http-client/1.1"
159.89.174.87 - - [04/Jun/2025:05:19:11 +0000] "GET /actuator/env HTTP/1.1" 404 558 "-" "Go-http-client/1.1"
138.68.86.32 - - [04/Jun/2025:05:19:11 +0000] "GET /.vscode/sftp.json HTTP/1.1" 404 464 "-" "Go-http-client/1.1"
143.110.217.244 - - [04/Jun/2025:05:19:11 +0000] "GET /ecp/Current/exporttool/microsoft.exchange.ediscovery.exporttool.application HTTP/1.1" 301 696 "-" "Go-http-client/1.1"
159.89.174.87 - - [04/Jun/2025:05:19:11 +0000] "GET /server HTTP/1.1" 404 558 "-" "Go-http-client/1.1"
138.68.86.32 - - [04/Jun/2025:05:19:12 +0000] "GET /about HTTP/1.1" 404 464 "-" "Go-http-client/1.1"
143.110.217.244 - - [04/Jun/2025:05:19:12 +0000] "GET /server-status HTTP/1.1" 301 572 "-" "Go-http-client/1.1"
159.89.174.87 - - [04/Jun/2025:05:19:12 +0000] "GET /.vscode/sftp.json HTTP/1.1" 404 558 "-" "Go-http-client/1.1"
143.110.217.244 - - [04/Jun/2025:05:19:12 +0000] "GET /login.action HTTP/1.1" 301 570 "-" "Go-http-client/1.1"
159.89.174.87 - - [04/Jun/2025:05:19:12 +0000] "GET /about HTTP/1.1" 404 558 "-" "Go-http-client/1.1"
138.68.86.32 - - [04/Jun/2025:05:19:12 +0000] "GET /debug/default/view?panel=config HTTP/1.1" 404 464 "-" "Go-http-client/1.1"
159.89.174.87 - - [04/Jun/2025:05:19:13 +0000] "GET /debug/default/view?panel=config HTTP/1.1" 404 558 "-" "Go-http-client/1.1"
143.110.217.244 - - [04/Jun/2025:05:19:13 +0000] "GET /_all_dbs HTTP/1.1" 301 562 "-" "Mozilla/5.0 (l9scan/2.0.33e2130313e29373e24353; +https://leakix.net)"
138.68.86.32 - - [04/Jun/2025:05:19:13 +0000] "GET /v2/_catalog HTTP/1.1" 404 464 "-" "Go-http-client/1.1"
159.89.174.87 - - [04/Jun/2025:05:19:13 +0000] "GET /v2/_catalog HTTP/1.1" 404 558 "-" "Go-http-client/1.1"
143.110.217.244 - - [04/Jun/2025:05:19:13 +0000] "GET /.DS_Store HTTP/1.1" 301 564 "-" "Go-http-client/1.1"
138.68.86.32 - - [04/Jun/2025:05:19:14 +0000] "GET /ecp/Current/exporttool/microsoft.exchange.ediscovery.exporttool.application HTTP/1.1" 404 464 "-" "Go-http-client/1.1"
159.89.174.87 - - [04/Jun/2025:05:19:14 +0000] "GET /ecp/Current/exporttool/microsoft.exchange.ediscovery.exporttool.application HTTP/1.1" 404 558 "-" "Go-http-client/1.1"
143.110.217.244 - - [04/Jun/2025:05:19:14 +0000] "GET /.env HTTP/1.1" 301 554 "-" "Go-http-client/1.1"
159.89.174.87 - - [04/Jun/2025:05:19:14 +0000] "GET /server-status HTTP/1.1" 403 709 "-" "Go-http-client/1.1"
138.68.86.32 - - [04/Jun/2025:05:19:14 +0000] "GET /server-status HTTP/1.1" 403 467 "-" "Go-http-client/1.1"
143.110.217.244 - - [04/Jun/2025:05:19:14 +0000] "GET /.git/config HTTP/1.1" 301 568 "-" "Go-http-client/1.1"
64.226.65.160 - - [04/Jun/2025:05:19:14 +0000] "GET / HTTP/1.1" 302 2876 "-" "Mozilla/5.0 (Linux; Android 6.0; HTC One M9 Build/MRA76301) AppleWebKit/537.36 (KHTML, like Gecko) Chrome/52.0.9111.98 Mobile Safari/537.3"
159.89.174.87 - - [04/Jun/2025:05:19:14 +0000] "GET /login.action HTTP/1.1" 404 558 "-" "Go-http-client/1.1"
143.110.217.244 - - [04/Jun/2025:05:19:15 +0000] "GET /s/33e2130313e29373e24353/_/;/META-INF/maven/com.atlassian.jira/jira-webapp-dist/pom.properties HTTP/1.1" 301 734 "-" "Go-http-client/1.1"
138.68.86.32 - - [04/Jun/2025:05:19:15 +0000] "GET /login.action HTTP/1.1" 404 464 "-" "Go-http-client/1.1"
159.89.174.87 - - [04/Jun/2025:05:19:15 +0000] "GET /_all_dbs HTTP/1.1" 404 558 "-" "Mozilla/5.0 (l9scan/2.0.33e2130313e29373e24353; +https://leakix.net)"
143.110.217.244 - - [04/Jun/2025:05:19:15 +0000] "GET /config.json HTTP/1.1" 301 568 "-" "Go-http-client/1.1"
159.89.174.87 - - [04/Jun/2025:05:19:15 +0000] "GET /.DS_Store HTTP/1.1" 404 558 "-" "Go-http-client/1.1"
64.226.65.160 - - [04/Jun/2025:05:19:15 +0000] "GET /@vite/env HTTP/1.1" 400 2830 "-" "Go-http-client/1.1"
138.68.86.32 - - [04/Jun/2025:05:19:15 +0000] "GET /_all_dbs HTTP/1.1" 404 464 "-" "Mozilla/5.0 (l9scan/2.0.33e2130313e29373e24353; +https://leakix.net)"
143.110.217.244 - - [04/Jun/2025:05:19:15 +0000] "GET /telescope/requests HTTP/1.1" 301 582 "-" "Go-http-client/1.1"
159.89.174.87 - - [04/Jun/2025:05:19:16 +0000] "GET /.env HTTP/1.1" 404 558 "-" "Go-http-client/1.1"
143.110.217.244 - - [04/Jun/2025:05:19:16 +0000] "GET /info.php HTTP/1.1" 301 562 "-" "Go-http-client/1.1"
138.68.86.32 - - [04/Jun/2025:05:19:16 +0000] "GET /.DS_Store HTTP/1.1" 404 464 "-" "Go-http-client/1.1"
159.89.174.87 - - [04/Jun/2025:05:19:16 +0000] "GET /.git/config HTTP/1.1" 404 558 "-" "Go-http-client/1.1"
64.226.65.160 - - [04/Jun/2025:05:19:16 +0000] "GET /actuator/env HTTP/1.1" 404 558 "-" "Go-http-client/1.1"
143.110.217.244 - - [04/Jun/2025:05:19:16 +0000] "GET /?rest_route=/wp/v2/users/ HTTP/1.1" 301 596 "-" "Go-http-client/1.1"
159.89.174.87 - - [04/Jun/2025:05:19:16 +0000] "GET /s/33e2130313e29373e24353/_/;/META-INF/maven/com.atlassian.jira/jira-webapp-dist/pom.properties HTTP/1.1" 400 560 "-" "Go-http-client/1.1"
138.68.86.32 - - [04/Jun/2025:05:19:17 +0000] "GET /.env HTTP/1.1" 404 464 "-" "Go-http-client/1.1"
159.89.174.87 - - [04/Jun/2025:05:19:17 +0000] "GET /config.json HTTP/1.1" 404 558 "-" "Go-http-client/1.1"
64.226.65.160 - - [04/Jun/2025:05:19:17 +0000] "GET /server HTTP/1.1" 404 558 "-" "Go-http-client/1.1"
138.68.86.32 - - [04/Jun/2025:05:19:17 +0000] "GET /.git/config HTTP/1.1" 404 464 "-" "Go-http-client/1.1"
159.89.174.87 - - [04/Jun/2025:05:19:17 +0000] "GET /telescope/requests HTTP/1.1" 404 558 "-" "Go-http-client/1.1"
159.89.174.87 - - [04/Jun/2025:05:19:18 +0000] "GET /info.php HTTP/1.1" 404 558 "-" "Go-http-client/1.1"
138.68.86.32 - - [04/Jun/2025:05:19:18 +0000] "GET /s/33e2130313e29373e24353/_/;/META-INF/maven/com.atlassian.jira/jira-webapp-dist/pom.properties HTTP/1.1" 404 464 "-" "Go-http-client/1.1"
64.226.65.160 - - [04/Jun/2025:05:19:18 +0000] "GET /.vscode/sftp.json HTTP/1.1" 404 558 "-" "Go-http-client/1.1"
159.89.174.87 - - [04/Jun/2025:05:19:18 +0000] "GET /?rest_route=/wp/v2/users/ HTTP/1.1" 302 605 "-" "Go-http-client/1.1"
138.68.86.32 - - [04/Jun/2025:05:19:18 +0000] "GET /config.json HTTP/1.1" 404 464 "-" "Go-http-client/1.1"
64.226.65.160 - - [04/Jun/2025:05:19:19 +0000] "GET /about HTTP/1.1" 404 558 "-" "Go-http-client/1.1"
138.68.86.32 - - [04/Jun/2025:05:19:19 +0000] "GET /telescope/requests HTTP/1.1" 404 464 "-" "Go-http-client/1.1"
138.68.86.32 - - [04/Jun/2025:05:19:19 +0000] "GET /info.php HTTP/1.1" 404 464 "-" "Go-http-client/1.1"
64.226.65.160 - - [04/Jun/2025:05:19:20 +0000] "GET /debug/default/view?panel=config HTTP/1.1" 404 558 "-" "Go-http-client/1.1"
138.68.86.32 - - [04/Jun/2025:05:19:20 +0000] "GET /?rest_route=/wp/v2/users/ HTTP/1.1" 404 464 "-" "Go-http-client/1.1"
64.226.65.160 - - [04/Jun/2025:05:19:21 +0000] "GET /v2/_catalog HTTP/1.1" 404 558 "-" "Go-http-client/1.1"
::1 - - [04/Jun/2025:05:19:21 +0000] "OPTIONS * HTTP/1.0" 200 126 "-" "Apache/2.4.58 (Ubuntu) OpenSSL/3.0.13 (internal dummy connection)"
64.226.65.160 - - [04/Jun/2025:05:19:21 +0000] "GET /ecp/Current/exporttool/microsoft.exchange.ediscovery.exporttool.application HTTP/1.1" 404 558 "-" "Go-http-client/1.1"
64.226.65.160 - - [04/Jun/2025:05:19:22 +0000] "GET /server-status HTTP/1.1" 403 709 "-" "Go-http-client/1.1"
::1 - - [04/Jun/2025:05:19:22 +0000] "OPTIONS * HTTP/1.0" 200 126 "-" "Apache/2.4.58 (Ubuntu) OpenSSL/3.0.13 (internal dummy connection)"
64.226.65.160 - - [04/Jun/2025:05:19:23 +0000] "GET /login.action HTTP/1.1" 404 558 "-" "Go-http-client/1.1"
64.226.65.160 - - [04/Jun/2025:05:19:24 +0000] "GET /_all_dbs HTTP/1.1" 404 558 "-" "Mozilla/5.0 (l9scan/2.0.33e2130313e29373e24353; +https://leakix.net)"
::1 - - [04/Jun/2025:05:19:24 +0000] "OPTIONS * HTTP/1.0" 200 126 "-" "Apache/2.4.58 (Ubuntu) OpenSSL/3.0.13 (internal dummy connection)"
64.226.65.160 - - [04/Jun/2025:05:19:25 +0000] "GET /.DS_Store HTTP/1.1" 404 558 "-" "Go-http-client/1.1"
::1 - - [04/Jun/2025:05:19:25 +0000] "OPTIONS * HTTP/1.0" 200 126 "-" "Apache/2.4.58 (Ubuntu) OpenSSL/3.0.13 (internal dummy connection)"
49.47.11.119 - - [04/Jun/2025:05:19:26 +0000] "GET / HTTP/1.1" 302 2927 "-" "Mozilla/5.0 (Macintosh; Intel Mac OS X 10_15_7) AppleWebKit/537.36 (KHTML, like Gecko) Chrome/136.0.0.0 Safari/537.36"
52.167.144.166 - - [04/Jun/2025:05:19:26 +0000] "GET /index.php/admin/addcustomersview/2355 HTTP/1.1" 500 5067 "-" "Mozilla/5.0 AppleWebKit/537.36 (KHTML, like Gecko; compatible; bingbot/2.0; +http://www.bing.com/bingbot.htm) Chrome/116.0.1938.76 Safari/537.36"
49.47.11.119 - - [04/Jun/2025:05:19:26 +0000] "GET /index.php/admin/login HTTP/1.1" 200 1924 "-" "Mozilla/5.0 (Macintosh; Intel Mac OS X 10_15_7) AppleWebKit/537.36 (KHTML, like Gecko) Chrome/136.0.0.0 Safari/537.36"
64.226.65.160 - - [04/Jun/2025:05:19:26 +0000] "GET /.env HTTP/1.1" 404 558 "-" "Go-http-client/1.1"
64.226.65.160 - - [04/Jun/2025:05:19:27 +0000] "GET /.git/config HTTP/1.1" 404 558 "-" "Go-http-client/1.1"
64.226.65.160 - - [04/Jun/2025:05:19:28 +0000] "GET /s/33e2130313e29373e24353/_/;/META-INF/maven/com.atlassian.jira/jira-webapp-dist/pom.properties HTTP/1.1" 400 560 "-" "Go-http-client/1.1"
64.226.65.160 - - [04/Jun/2025:05:19:29 +0000] "GET /config.json HTTP/1.1" 404 558 "-" "Go-http-client/1.1"
64.226.65.160 - - [04/Jun/2025:05:19:29 +0000] "GET /telescope/requests HTTP/1.1" 404 558 "-" "Go-http-client/1.1"
64.226.65.160 - - [04/Jun/2025:05:19:30 +0000] "GET /info.php HTTP/1.1" 404 558 "-" "Go-http-client/1.1"
64.226.65.160 - - [04/Jun/2025:05:19:31 +0000] "GET /?rest_route=/wp/v2/users/ HTTP/1.1" 302 605 "-" "Go-http-client/1.1"
::1 - - [04/Jun/2025:05:19:33 +0000] "OPTIONS * HTTP/1.0" 200 126 "-" "Apache/2.4.58 (Ubuntu) OpenSSL/3.0.13 (internal dummy connection)"
60.241.4.149 - - [04/Jun/2025:05:19:35 +0000] "GET /index.php/admin/autologinPhotographer/211/99/7861 HTTP/1.1" 302 3589 "-" "Mozilla/5.0 (Macintosh; Intel Mac OS X 10_15_7) AppleWebKit/605.1.15 (KHTML, like Gecko) Version/18.5 Safari/605.1.15"
60.241.4.149 - - [04/Jun/2025:05:19:35 +0000] "GET /admin/addEditBookingPhotographer/211/99/7861 HTTP/1.1" 200 7500 "-" "Mozilla/5.0 (Macintosh; Intel Mac OS X 10_15_7) AppleWebKit/605.1.15 (KHTML, like Gecko) Version/18.5 Safari/605.1.15"
60.241.4.149 - - [04/Jun/2025:05:19:35 +0000] "GET /assets/css/custom.css?1749014375 HTTP/1.1" 200 1143 "https://tasktrakker.com.au/admin/addEditBookingPhotographer/211/99/7861" "Mozilla/5.0 (Macintosh; Intel Mac OS X 10_15_7) AppleWebKit/605.1.15 (KHTML, like Gecko) Version/18.5 Safari/605.1.15"
60.241.4.149 - - [04/Jun/2025:05:19:35 +0000] "GET /assets/dist/js/pages/dashboard.js?1749014375 HTTP/1.1" 200 4337 "https://tasktrakker.com.au/admin/addEditBookingPhotographer/211/99/7861" "Mozilla/5.0 (Macintosh; Intel Mac OS X 10_15_7) AppleWebKit/605.1.15 (KHTML, like Gecko) Version/18.5 Safari/605.1.15"
60.241.4.149 - - [04/Jun/2025:05:20:20 +0000] "GET /index.php/admin/main HTTP/1.1" 200 7906 "https://tasktrakker.com.au/admin/addEditBookingPhotographer/385/99/7475" "Mozilla/5.0 (Macintosh; Intel Mac OS X 10_15_7) AppleWebKit/605.1.15 (KHTML, like Gecko) Version/18.5 Safari/605.1.15"
60.241.4.149 - - [04/Jun/2025:05:20:20 +0000] "GET /assets/css/custom.css?1749014420 HTTP/1.1" 200 3737 "https://tasktrakker.com.au/index.php/admin/main" "Mozilla/5.0 (Macintosh; Intel Mac OS X 10_15_7) AppleWebKit/605.1.15 (KHTML, like Gecko) Version/18.5 Safari/605.1.15"
60.241.4.149 - - [04/Jun/2025:05:20:20 +0000] "GET /assets/dist/js/pages/dashboard.js?1749014420 HTTP/1.1" 200 4337 "https://tasktrakker.com.au/index.php/admin/main" "Mozilla/5.0 (Macintosh; Intel Mac OS X 10_15_7) AppleWebKit/605.1.15 (KHTML, like Gecko) Version/18.5 Safari/605.1.15"
60.241.4.149 - - [04/Jun/2025:05:20:20 +0000] "GET /index.php/admin/get_fullcalendar?start=2025-06-01T00%3A00%3A00%2B10%3A00&end=2025-07-13T00%3A00%3A00%2B10%3A00 HTTP/1.1" 200 1637 "https://tasktrakker.com.au/index.php/admin/main" "Mozilla/5.0 (Macintosh; Intel Mac OS X 10_15_7) AppleWebKit/605.1.15 (KHTML, like Gecko) Version/18.5 Safari/605.1.15"
60.241.4.149 - - [04/Jun/2025:05:20:20 +0000] "GET /index.php/admin/get_fullcalendar?start=2025-04-27T00%3A00%3A00%2B10%3A00&end=2025-06-08T00%3A00%3A00%2B10%3A00 HTTP/1.1" 200 1847 "https://tasktrakker.com.au/index.php/admin/main" "Mozilla/5.0 (Macintosh; Intel Mac OS X 10_15_7) AppleWebKit/605.1.15 (KHTML, like Gecko) Version/18.5 Safari/605.1.15"
60.241.4.149 - - [04/Jun/2025:05:20:27 +0000] "GET /index.php/admin/addcustomersview/9613 HTTP/1.1" 200 7828 "https://tasktrakker.com.au/index.php/admin/main" "Mozilla/5.0 (Macintosh; Intel Mac OS X 10_15_7) AppleWebKit/605.1.15 (KHTML, like Gecko) Version/18.5 Safari/605.1.15"
60.241.4.149 - - [04/Jun/2025:05:20:27 +0000] "GET /assets/dist/js/pages/dashboard.js?1749014427 HTTP/1.1" 200 4337 "https://tasktrakker.com.au/index.php/admin/addcustomersview/9613" "Mozilla/5.0 (Macintosh; Intel Mac OS X 10_15_7) AppleWebKit/605.1.15 (KHTML, like Gecko) Version/18.5 Safari/605.1.15"
60.241.4.149 - - [04/Jun/2025:05:20:27 +0000] "GET /assets/css/custom.css?1749014427 HTTP/1.1" 200 3737 "https://tasktrakker.com.au/index.php/admin/addcustomersview/9613" "Mozilla/5.0 (Macintosh; Intel Mac OS X 10_15_7) AppleWebKit/605.1.15 (KHTML, like Gecko) Version/18.5 Safari/605.1.15"
34.122.147.229 - - [04/Jun/2025:05:21:27 +0000] "GET / HTTP/1.1" 301 583 "-" "Mozilla/5.0 (X11; Linux x86_64) AppleWebKit/537.36 (KHTML, like Gecko) HeadlessChrome/125.0.6422.60 Safari/537.36"
34.122.147.229 - - [04/Jun/2025:05:21:28 +0000] "GET / HTTP/1.1" 302 2927 "-" "Mozilla/5.0 (X11; Linux x86_64) AppleWebKit/537.36 (KHTML, like Gecko) HeadlessChrome/125.0.6422.60 Safari/537.36"
34.122.147.229 - - [04/Jun/2025:05:21:29 +0000] "GET /index.php/admin/login HTTP/1.1" 200 1924 "-" "Mozilla/5.0 (X11; Linux x86_64) AppleWebKit/537.36 (KHTML, like Gecko) HeadlessChrome/125.0.6422.60 Safari/537.36"
205.169.39.126 - - [04/Jun/2025:05:21:29 +0000] "GET / HTTP/1.1" 301 583 "-" "Mozilla/5.0 (Windows NT 6.1; Win64; x64) AppleWebKit/537.36 (KHTML, like Gecko) Chrome/83.0.4103.61 Safari/537.36"
34.122.147.229 - - [04/Jun/2025:05:21:29 +0000] "GET /assets/bootstrap/css/bootstrap.min.css HTTP/1.1" 200 20193 "https://tasktrakker.com.au/index.php/admin/login" "Mozilla/5.0 (X11; Linux x86_64) AppleWebKit/537.36 (KHTML, like Gecko) HeadlessChrome/125.0.6422.60 Safari/537.36"
34.122.147.229 - - [04/Jun/2025:05:21:29 +0000] "GET /assets/dist/css/AdminLTE.min.css HTTP/1.1" 200 15258 "https://tasktrakker.com.au/index.php/admin/login" "Mozilla/5.0 (X11; Linux x86_64) AppleWebKit/537.36 (KHTML, like Gecko) HeadlessChrome/125.0.6422.60 Safari/537.36"
34.122.147.229 - - [04/Jun/2025:05:21:29 +0000] "GET /assets/plugins/iCheck/square/blue.css HTTP/1.1" 200 3413 "https://tasktrakker.com.au/index.php/admin/login" "Mozilla/5.0 (X11; Linux x86_64) AppleWebKit/537.36 (KHTML, like Gecko) HeadlessChrome/125.0.6422.60 Safari/537.36"
34.122.147.229 - - [04/Jun/2025:05:21:29 +0000] "GET //assets/img/logo.png HTTP/1.1" 200 95153 "https://tasktrakker.com.au/index.php/admin/login" "Mozilla/5.0 (X11; Linux x86_64) AppleWebKit/537.36 (KHTML, like Gecko) HeadlessChrome/125.0.6422.60 Safari/537.36"
34.122.147.229 - - [04/Jun/2025:05:21:29 +0000] "GET /assets/plugins/jQuery/jquery-2.2.3.min.js HTTP/1.1" 200 30371 "https://tasktrakker.com.au/index.php/admin/login" "Mozilla/5.0 (X11; Linux x86_64) AppleWebKit/537.36 (KHTML, like Gecko) HeadlessChrome/125.0.6422.60 Safari/537.36"
104.197.69.115 - - [04/Jun/2025:05:21:30 +0000] "GET /assets/bootstrap/fonts/glyphicons-halflings-regular.woff2 HTTP/1.1" 200 18706 "https://tasktrakker.com.au/assets/bootstrap/css/bootstrap.min.css" "Mozilla/5.0 (X11; Linux x86_64) AppleWebKit/537.36 (KHTML, like Gecko) HeadlessChrome/125.0.6422.60 Safari/537.36"
34.122.147.229 - - [04/Jun/2025:05:21:30 +0000] "GET /assets/bootstrap/js/bootstrap.min.js HTTP/1.1" 200 10325 "https://tasktrakker.com.au/index.php/admin/login" "Mozilla/5.0 (X11; Linux x86_64) AppleWebKit/537.36 (KHTML, like Gecko) HeadlessChrome/125.0.6422.60 Safari/537.36"
34.122.147.229 - - [04/Jun/2025:05:21:30 +0000] "GET /assets/plugins/iCheck/icheck.min.js HTTP/1.1" 200 2585 "https://tasktrakker.com.au/index.php/admin/login" "Mozilla/5.0 (X11; Linux x86_64) AppleWebKit/537.36 (KHTML, like Gecko) HeadlessChrome/125.0.6422.60 Safari/537.36"
34.122.147.229 - - [04/Jun/2025:05:21:30 +0000] "GET /assets/plugins/iCheck/square/blue.png HTTP/1.1" 200 2492 "https://tasktrakker.com.au/assets/plugins/iCheck/square/blue.css" "Mozilla/5.0 (X11; Linux x86_64) AppleWebKit/537.36 (KHTML, like Gecko) HeadlessChrome/125.0.6422.60 Safari/537.36"
205.169.39.126 - - [04/Jun/2025:05:21:32 +0000] "GET / HTTP/1.1" 302 2988 "-" "Mozilla/5.0 (Windows NT 6.1; Win64; x64) AppleWebKit/537.36 (KHTML, like Gecko) Chrome/83.0.4103.61 Safari/537.36"
205.169.39.126 - - [04/Jun/2025:05:21:32 +0000] "GET /index.php/admin/login HTTP/1.1" 200 1924 "-" "Mozilla/5.0 (Windows NT 6.1; Win64; x64) AppleWebKit/537.36 (KHTML, like Gecko) Chrome/83.0.4103.61 Safari/537.36"
205.169.39.126 - - [04/Jun/2025:05:21:32 +0000] "GET /assets/plugins/jQuery/jquery-2.2.3.min.js HTTP/1.1" 200 30371 "https://tasktrakker.com.au/index.php/admin/login" "Mozilla/5.0 (Windows NT 6.1; Win64; x64) AppleWebKit/537.36 (KHTML, like Gecko) Chrome/83.0.4103.61 Safari/537.36"
205.169.39.126 - - [04/Jun/2025:05:21:33 +0000] "GET /assets/bootstrap/js/bootstrap.min.js HTTP/1.1" 200 10325 "https://tasktrakker.com.au/index.php/admin/login" "Mozilla/5.0 (Windows NT 6.1; Win64; x64) AppleWebKit/537.36 (KHTML, like Gecko) Chrome/83.0.4103.61 Safari/537.36"
205.169.39.126 - - [04/Jun/2025:05:21:33 +0000] "GET /assets/plugins/iCheck/icheck.min.js HTTP/1.1" 200 2585 "https://tasktrakker.com.au/index.php/admin/login" "Mozilla/5.0 (Windows NT 6.1; Win64; x64) AppleWebKit/537.36 (KHTML, like Gecko) Chrome/83.0.4103.61 Safari/537.36"
205.169.39.126 - - [04/Jun/2025:05:21:36 +0000] "GET / HTTP/1.1" 301 583 "-" "Mozilla/5.0 (Windows NT 10.0; Win64; x64) AppleWebKit/537.36 (KHTML, like Gecko) Chrome/79.0.3945.79 Safari/537.36"
205.169.39.126 - - [04/Jun/2025:05:21:37 +0000] "GET / HTTP/1.1" 302 2928 "-" "Mozilla/5.0 (Windows NT 10.0; Win64; x64) AppleWebKit/537.36 (KHTML, like Gecko) Chrome/79.0.3945.79 Safari/537.36"
205.169.39.126 - - [04/Jun/2025:05:21:37 +0000] "GET /index.php/admin/login HTTP/1.1" 200 1924 "-" "Mozilla/5.0 (Windows NT 10.0; Win64; x64) AppleWebKit/537.36 (KHTML, like Gecko) Chrome/79.0.3945.79 Safari/537.36"
205.169.39.126 - - [04/Jun/2025:05:21:37 +0000] "GET /assets/bootstrap/css/bootstrap.min.css HTTP/1.1" 200 20193 "https://tasktrakker.com.au/index.php/admin/login" "Mozilla/5.0 (Windows NT 10.0; Win64; x64) AppleWebKit/537.36 (KHTML, like Gecko) Chrome/79.0.3945.79 Safari/537.36"
205.169.39.126 - - [04/Jun/2025:05:21:38 +0000] "GET /assets/dist/css/AdminLTE.min.css HTTP/1.1" 200 15582 "https://tasktrakker.com.au/index.php/admin/login" "Mozilla/5.0 (Windows NT 10.0; Win64; x64) AppleWebKit/537.36 (KHTML, like Gecko) Chrome/79.0.3945.79 Safari/537.36"
205.169.39.126 - - [04/Jun/2025:05:21:38 +0000] "GET /assets/plugins/iCheck/square/blue.css HTTP/1.1" 200 1143 "https://tasktrakker.com.au/index.php/admin/login" "Mozilla/5.0 (Windows NT 10.0; Win64; x64) AppleWebKit/537.36 (KHTML, like Gecko) Chrome/79.0.3945.79 Safari/537.36"
205.169.39.126 - - [04/Jun/2025:05:21:38 +0000] "GET /assets/plugins/iCheck/icheck.min.js HTTP/1.1" 200 5178 "https://tasktrakker.com.au/index.php/admin/login" "Mozilla/5.0 (Windows NT 10.0; Win64; x64) AppleWebKit/537.36 (KHTML, like Gecko) Chrome/79.0.3945.79 Safari/537.36"
205.169.39.126 - - [04/Jun/2025:05:21:38 +0000] "GET /assets/bootstrap/js/bootstrap.min.js HTTP/1.1" 200 12919 "https://tasktrakker.com.au/index.php/admin/login" "Mozilla/5.0 (Windows NT 10.0; Win64; x64) AppleWebKit/537.36 (KHTML, like Gecko) Chrome/79.0.3945.79 Safari/537.36"
205.169.39.126 - - [04/Jun/2025:05:21:38 +0000] "GET /assets/plugins/jQuery/jquery-2.2.3.min.js HTTP/1.1" 200 32965 "https://tasktrakker.com.au/index.php/admin/login" "Mozilla/5.0 (Windows NT 10.0; Win64; x64) AppleWebKit/537.36 (KHTML, like Gecko) Chrome/79.0.3945.79 Safari/537.36"
205.169.39.126 - - [04/Jun/2025:05:21:38 +0000] "GET //assets/img/logo.png HTTP/1.1" 200 95153 "https://tasktrakker.com.au/index.php/admin/login" "Mozilla/5.0 (Windows NT 10.0; Win64; x64) AppleWebKit/537.36 (KHTML, like Gecko) Chrome/79.0.3945.79 Safari/537.36"
205.169.39.126 - - [04/Jun/2025:05:21:38 +0000] "GET /assets/plugins/iCheck/square/blue.png HTTP/1.1" 200 2492 "https://tasktrakker.com.au/assets/plugins/iCheck/square/blue.css" "Mozilla/5.0 (Windows NT 10.0; Win64; x64) AppleWebKit/537.36 (KHTML, like Gecko) Chrome/79.0.3945.79 Safari/537.36"
205.169.39.126 - - [04/Jun/2025:05:21:38 +0000] "GET /assets/bootstrap/fonts/glyphicons-halflings-regular.woff2 HTTP/1.1" 200 18382 "https://tasktrakker.com.au/assets/bootstrap/css/bootstrap.min.css" "Mozilla/5.0 (Windows NT 10.0; Win64; x64) AppleWebKit/537.36 (KHTML, like Gecko) Chrome/79.0.3945.79 Safari/537.36"
::1 - - [04/Jun/2025:05:21:41 +0000] "OPTIONS * HTTP/1.0" 200 126 "-" "Apache/2.4.58 (Ubuntu) OpenSSL/3.0.13 (internal dummy connection)"
::1 - - [04/Jun/2025:05:21:42 +0000] "OPTIONS * HTTP/1.0" 200 126 "-" "Apache/2.4.58 (Ubuntu) OpenSSL/3.0.13 (internal dummy connection)"
104.197.69.115 - - [04/Jun/2025:05:21:50 +0000] "-" 408 2594 "-" "-"
34.123.170.104 - - [04/Jun/2025:05:21:51 +0000] "-" 408 2593 "-" "-"
104.197.69.115 - - [04/Jun/2025:05:21:51 +0000] "-" 408 323 "-" "-"
::1 - - [04/Jun/2025:05:21:53 +0000] "OPTIONS * HTTP/1.0" 200 126 "-" "Apache/2.4.58 (Ubuntu) OpenSSL/3.0.13 (internal dummy connection)"
::1 - - [04/Jun/2025:05:21:54 +0000] "OPTIONS * HTTP/1.0" 200 126 "-" "Apache/2.4.58 (Ubuntu) OpenSSL/3.0.13 (internal dummy connection)"
::1 - - [04/Jun/2025:05:21:55 +0000] "OPTIONS * HTTP/1.0" 200 126 "-" "Apache/2.4.58 (Ubuntu) OpenSSL/3.0.13 (internal dummy connection)"
40.77.167.22 - - [04/Jun/2025:05:22:55 +0000] "GET /index.php/admin/addleadview/4100 HTTP/1.1" 500 5063 "-" "Mozilla/5.0 AppleWebKit/537.36 (KHTML, like Gecko; compatible; bingbot/2.0; +http://www.bing.com/bingbot.htm) Chrome/116.0.1938.76 Safari/537.36"
207.46.13.102 - - [04/Jun/2025:05:23:03 +0000] "GET /index.php/admin/deleteLeadop/188 HTTP/1.1" 302 3153 "-" "Mozilla/5.0 AppleWebKit/537.36 (KHTML, like Gecko; compatible; bingbot/2.0; +http://www.bing.com/bingbot.htm) Chrome/116.0.1938.76 Safari/537.36"
207.46.13.102 - - [04/Jun/2025:05:23:04 +0000] "GET /admin/error_view HTTP/1.1" 302 305 "-" "Mozilla/5.0 AppleWebKit/537.36 (KHTML, like Gecko; compatible; bingbot/2.0; +http://www.bing.com/bingbot.htm) Chrome/116.0.1938.76 Safari/537.36"
207.46.13.102 - - [04/Jun/2025:05:23:05 +0000] "GET /admin/main HTTP/1.1" 500 2213 "-" "Mozilla/5.0 AppleWebKit/537.36 (KHTML, like Gecko; compatible; bingbot/2.0; +http://www.bing.com/bingbot.htm) Chrome/116.0.1938.76 Safari/537.36"
43.134.114.183 - - [04/Jun/2025:05:24:23 +0000] "POST / HTTP/1.1" 404 434 "-" "Mozilla/5.0 (iPad; CPU OS 5_1 like Mac OS X) AppleWebKit/534.46 (KHTML, like Gecko ) Version/5.1 Mobile/9B176 Safari/7534.48.3"
43.134.114.183 - - [04/Jun/2025:05:24:23 +0000] "GET /env HTTP/1.1" 404 434 "-" "Mozilla/5.0 (iPad; CPU OS 5_1 like Mac OS X) AppleWebKit/534.46 (KHTML, like Gecko ) Version/5.1 Mobile/9B176 Safari/7534.48.3"
43.134.114.183 - - [04/Jun/2025:05:24:23 +0000] "GET /mappings.json HTTP/1.1" 404 434 "-" "Mozilla/5.0 (iPad; CPU OS 5_1 like Mac OS X) AppleWebKit/534.46 (KHTML, like Gecko ) Version/5.1 Mobile/9B176 Safari/7534.48.3"
43.134.114.183 - - [04/Jun/2025:05:24:23 +0000] "GET /info HTTP/1.1" 404 434 "-" "Mozilla/5.0 (iPad; CPU OS 5_1 like Mac OS X) AppleWebKit/534.46 (KHTML, like Gecko ) Version/5.1 Mobile/9B176 Safari/7534.48.3"
43.134.114.183 - - [04/Jun/2025:05:24:23 +0000] "GET /application.properties HTTP/1.1" 404 434 "-" "Mozilla/5.0 (iPad; CPU OS 5_1 like Mac OS X) AppleWebKit/534.46 (KHTML, like Gecko ) Version/5.1 Mobile/9B176 Safari/7534.48.3"
43.134.114.183 - - [04/Jun/2025:05:24:24 +0000] "GET /env.js HTTP/1.1" 404 434 "-" "Mozilla/5.0 (iPad; CPU OS 5_1 like Mac OS X) AppleWebKit/534.46 (KHTML, like Gecko ) Version/5.1 Mobile/9B176 Safari/7534.48.3"
43.134.114.183 - - [04/Jun/2025:05:24:24 +0000] "GET /env.development.js HTTP/1.1" 404 434 "-" "Mozilla/5.0 (iPad; CPU OS 5_1 like Mac OS X) AppleWebKit/534.46 (KHTML, like Gecko ) Version/5.1 Mobile/9B176 Safari/7534.48.3"
43.134.114.183 - - [04/Jun/2025:05:24:24 +0000] "GET /env.production.js HTTP/1.1" 404 434 "-" "Mozilla/5.0 (iPad; CPU OS 5_1 like Mac OS X) AppleWebKit/534.46 (KHTML, like Gecko ) Version/5.1 Mobile/9B176 Safari/7534.48.3"
43.134.114.183 - - [04/Jun/2025:05:24:24 +0000] "GET /env.dev.js HTTP/1.1" 404 434 "-" "Mozilla/5.0 (iPad; CPU OS 5_1 like Mac OS X) AppleWebKit/534.46 (KHTML, like Gecko ) Version/5.1 Mobile/9B176 Safari/7534.48.3"
43.134.114.183 - - [04/Jun/2025:05:24:24 +0000] "GET /env.prod.js HTTP/1.1" 404 434 "-" "Mozilla/5.0 (iPad; CPU OS 5_1 like Mac OS X) AppleWebKit/534.46 (KHTML, like Gecko ) Version/5.1 Mobile/9B176 Safari/7534.48.3"
43.134.114.183 - - [04/Jun/2025:05:24:24 +0000] "GET /message-api/actuator/ HTTP/1.1" 404 434 "-" "Mozilla/5.0 (iPad; CPU OS 5_1 like Mac OS X) AppleWebKit/534.46 (KHTML, like Gecko ) Version/5.1 Mobile/9B176 Safari/7534.48.3"
43.134.114.183 - - [04/Jun/2025:05:24:25 +0000] "GET /message-api/actuator/env HTTP/1.1" 404 434 "-" "Mozilla/5.0 (iPad; CPU OS 5_1 like Mac OS X) AppleWebKit/534.46 (KHTML, like Gecko ) Version/5.1 Mobile/9B176 Safari/7534.48.3"
43.134.114.183 - - [04/Jun/2025:05:24:25 +0000] "GET /env.json HTTP/1.1" 404 434 "-" "Mozilla/5.0 (iPad; CPU OS 5_1 like Mac OS X) AppleWebKit/534.46 (KHTML, like Gecko ) Version/5.1 Mobile/9B176 Safari/7534.48.3"
43.134.114.183 - - [04/Jun/2025:05:24:25 +0000] "GET /js/config.js HTTP/1.1" 404 434 "-" "Mozilla/5.0 (iPad; CPU OS 5_1 like Mac OS X) AppleWebKit/534.46 (KHTML, like Gecko ) Version/5.1 Mobile/9B176 Safari/7534.48.3"
43.134.114.183 - - [04/Jun/2025:05:24:25 +0000] "GET /js/base.js HTTP/1.1" 404 434 "-" "Mozilla/5.0 (iPad; CPU OS 5_1 like Mac OS X) AppleWebKit/534.46 (KHTML, like Gecko ) Version/5.1 Mobile/9B176 Safari/7534.48.3"
43.134.114.183 - - [04/Jun/2025:05:24:25 +0000] "GET /js/lib/config.js HTTP/1.1" 404 434 "-" "Mozilla/5.0 (iPad; CPU OS 5_1 like Mac OS X) AppleWebKit/534.46 (KHTML, like Gecko ) Version/5.1 Mobile/9B176 Safari/7534.48.3"
43.134.114.183 - - [04/Jun/2025:05:24:26 +0000] "GET /js/configuration.js HTTP/1.1" 404 434 "-" "Mozilla/5.0 (iPad; CPU OS 5_1 like Mac OS X) AppleWebKit/534.46 (KHTML, like Gecko ) Version/5.1 Mobile/9B176 Safari/7534.48.3"
43.134.114.183 - - [04/Jun/2025:05:24:26 +0000] "GET /scripts/services.js HTTP/1.1" 404 434 "-" "Mozilla/5.0 (iPad; CPU OS 5_1 like Mac OS X) AppleWebKit/534.46 (KHTML, like Gecko ) Version/5.1 Mobile/9B176 Safari/7534.48.3"
43.134.114.183 - - [04/Jun/2025:05:24:26 +0000] "GET /js/messages_manager.js HTTP/1.1" 404 434 "-" "Mozilla/5.0 (iPad; CPU OS 5_1 like Mac OS X) AppleWebKit/534.46 (KHTML, like Gecko ) Version/5.1 Mobile/9B176 Safari/7534.48.3"
43.134.114.183 - - [04/Jun/2025:05:24:26 +0000] "GET /bundle.5.1.1.js HTTP/1.1" 404 434 "-" "Mozilla/5.0 (iPad; CPU OS 5_1 like Mac OS X) AppleWebKit/534.46 (KHTML, like Gecko ) Version/5.1 Mobile/9B176 Safari/7534.48.3"
43.134.114.183 - - [04/Jun/2025:05:24:26 +0000] "GET /js/bundle.js HTTP/1.1" 404 434 "-" "Mozilla/5.0 (iPad; CPU OS 5_1 like Mac OS X) AppleWebKit/534.46 (KHTML, like Gecko ) Version/5.1 Mobile/9B176 Safari/7534.48.3"
43.134.114.183 - - [04/Jun/2025:05:24:26 +0000] "GET /reports.js HTTP/1.1" 404 434 "-" "Mozilla/5.0 (iPad; CPU OS 5_1 like Mac OS X) AppleWebKit/534.46 (KHTML, like Gecko ) Version/5.1 Mobile/9B176 Safari/7534.48.3"
43.134.114.183 - - [04/Jun/2025:05:24:26 +0000] "GET /actuator/ HTTP/1.1" 404 434 "-" "Mozilla/5.0 (iPad; CPU OS 5_1 like Mac OS X) AppleWebKit/534.46 (KHTML, like Gecko ) Version/5.1 Mobile/9B176 Safari/7534.48.3"
43.134.114.183 - - [04/Jun/2025:05:24:27 +0000] "GET /actuator/mappings HTTP/1.1" 404 434 "-" "Mozilla/5.0 (iPad; CPU OS 5_1 like Mac OS X) AppleWebKit/534.46 (KHTML, like Gecko ) Version/5.1 Mobile/9B176 Safari/7534.48.3"
43.134.114.183 - - [04/Jun/2025:05:24:27 +0000] "GET /actuator/env HTTP/1.1" 404 434 "-" "Mozilla/5.0 (iPad; CPU OS 5_1 like Mac OS X) AppleWebKit/534.46 (KHTML, like Gecko ) Version/5.1 Mobile/9B176 Safari/7534.48.3"
43.134.114.183 - - [04/Jun/2025:05:24:27 +0000] "GET /actuator/;/env HTTP/1.1" 404 434 "-" "Mozilla/5.0 (iPad; CPU OS 5_1 like Mac OS X) AppleWebKit/534.46 (KHTML, like Gecko ) Version/5.1 Mobile/9B176 Safari/7534.48.3"
43.134.114.183 - - [04/Jun/2025:05:24:27 +0000] "GET /api/actuator/ HTTP/1.1" 404 434 "-" "Mozilla/5.0 (iPad; CPU OS 5_1 like Mac OS X) AppleWebKit/534.46 (KHTML, like Gecko ) Version/5.1 Mobile/9B176 Safari/7534.48.3"
43.134.114.183 - - [04/Jun/2025:05:24:27 +0000] "GET /api/actuator/env HTTP/1.1" 404 434 "-" "Mozilla/5.0 (iPad; CPU OS 5_1 like Mac OS X) AppleWebKit/534.46 (KHTML, like Gecko ) Version/5.1 Mobile/9B176 Safari/7534.48.3"
43.134.114.183 - - [04/Jun/2025:05:24:27 +0000] "GET /api/actuator/;/env HTTP/1.1" 404 434 "-" "Mozilla/5.0 (iPad; CPU OS 5_1 like Mac OS X) AppleWebKit/534.46 (KHTML, like Gecko ) Version/5.1 Mobile/9B176 Safari/7534.48.3"
43.134.114.183 - - [04/Jun/2025:05:24:27 +0000] "GET /management/ HTTP/1.1" 404 434 "-" "Mozilla/5.0 (iPad; CPU OS 5_1 like Mac OS X) AppleWebKit/534.46 (KHTML, like Gecko ) Version/5.1 Mobile/9B176 Safari/7534.48.3"
43.134.114.183 - - [04/Jun/2025:05:24:27 +0000] "GET /management/mappings HTTP/1.1" 404 434 "-" "Mozilla/5.0 (iPad; CPU OS 5_1 like Mac OS X) AppleWebKit/534.46 (KHTML, like Gecko ) Version/5.1 Mobile/9B176 Safari/7534.48.3"
43.134.114.183 - - [04/Jun/2025:05:24:28 +0000] "GET /management/env HTTP/1.1" 404 434 "-" "Mozilla/5.0 (iPad; CPU OS 5_1 like Mac OS X) AppleWebKit/534.46 (KHTML, like Gecko ) Version/5.1 Mobile/9B176 Safari/7534.48.3"
43.134.114.183 - - [04/Jun/2025:05:24:28 +0000] "GET /management/;/env HTTP/1.1" 404 434 "-" "Mozilla/5.0 (iPad; CPU OS 5_1 like Mac OS X) AppleWebKit/534.46 (KHTML, like Gecko ) Version/5.1 Mobile/9B176 Safari/7534.48.3"
43.134.114.183 - - [04/Jun/2025:05:24:28 +0000] "GET /dev/actuator/ HTTP/1.1" 404 434 "-" "Mozilla/5.0 (iPad; CPU OS 5_1 like Mac OS X) AppleWebKit/534.46 (KHTML, like Gecko ) Version/5.1 Mobile/9B176 Safari/7534.48.3"
43.134.114.183 - - [04/Jun/2025:05:24:28 +0000] "GET /dev/actuator/env HTTP/1.1" 404 434 "-" "Mozilla/5.0 (iPad; CPU OS 5_1 like Mac OS X) AppleWebKit/534.46 (KHTML, like Gecko ) Version/5.1 Mobile/9B176 Safari/7534.48.3"
43.134.114.183 - - [04/Jun/2025:05:24:28 +0000] "GET /app/actuator/ HTTP/1.1" 404 434 "-" "Mozilla/5.0 (iPad; CPU OS 5_1 like Mac OS X) AppleWebKit/534.46 (KHTML, like Gecko ) Version/5.1 Mobile/9B176 Safari/7534.48.3"
43.134.114.183 - - [04/Jun/2025:05:24:28 +0000] "GET /app/actuator/env HTTP/1.1" 404 434 "-" "Mozilla/5.0 (iPad; CPU OS 5_1 like Mac OS X) AppleWebKit/534.46 (KHTML, like Gecko ) Version/5.1 Mobile/9B176 Safari/7534.48.3"
202.62.242.117 - - [04/Jun/2025:05:24:48 +0000] "-" 408 2592 "-" "-"
202.62.242.117 - - [04/Jun/2025:05:24:48 +0000] "-" 408 2592 "-" "-"
104.234.115.249 - - [04/Jun/2025:05:25:59 +0000] "GET / HTTP/1.0" 301 561 "-" "'Mozilla/5.0 (compatible; GenomeCrawlerd/1.0; +https://www.nokia.com/genomecrawler)'"
104.234.115.249 - - [04/Jun/2025:05:26:12 +0000] "\x16\x03\x01" 400 497 "-" "-"
40.77.167.22 - - [04/Jun/2025:05:26:50 +0000] "GET /index.php/admin/addleadview/2851 HTTP/1.1" 500 5062 "-" "Mozilla/5.0 AppleWebKit/537.36 (KHTML, like Gecko; compatible; bingbot/2.0; +http://www.bing.com/bingbot.htm) Chrome/116.0.1938.76 Safari/537.36"
202.62.242.117 - - [04/Jun/2025:05:27:04 +0000] "GET /admin/addcustomersview/6192 HTTP/1.1" 500 3084 "https://tasktrakker.com.au/admin/main" "Mozilla/5.0 (iPhone; CPU iPhone OS 18_4_1 like Mac OS X) AppleWebKit/605.1.15 (KHTML, like Gecko) Version/18.4 Mobile/15E148 Safari/604.1"
120.17.193.14 - - [04/Jun/2025:05:27:30 +0000] "GET /index.php/admin/autologinPhotographer/604/103/7577 HTTP/1.1" 302 3729 "-" "Mozilla/5.0 (Macintosh; Intel Mac OS X 10_15_7) AppleWebKit/605.1.15 (KHTML, like Gecko) Version/18.5 Safari/605.1.15"
120.17.193.14 - - [04/Jun/2025:05:27:30 +0000] "GET /admin/addEditBookingPhotographer/604/103/7577 HTTP/1.1" 200 4894 "-" "Mozilla/5.0 (Macintosh; Intel Mac OS X 10_15_7) AppleWebKit/605.1.15 (KHTML, like Gecko) Version/18.5 Safari/605.1.15"
120.17.193.14 - - [04/Jun/2025:05:27:30 +0000] "GET /assets/css/custom.css?1749014850 HTTP/1.1" 200 1143 "https://tasktrakker.com.au/admin/addEditBookingPhotographer/604/103/7577" "Mozilla/5.0 (Macintosh; Intel Mac OS X 10_15_7) AppleWebKit/605.1.15 (KHTML, like Gecko) Version/18.5 Safari/605.1.15"
120.17.193.14 - - [04/Jun/2025:05:27:30 +0000] "GET /assets/dist/js/pages/dashboard.js?1749014850 HTTP/1.1" 200 6932 "https://tasktrakker.com.au/admin/addEditBookingPhotographer/604/103/7577" "Mozilla/5.0 (Macintosh; Intel Mac OS X 10_15_7) AppleWebKit/605.1.15 (KHTML, like Gecko) Version/18.5 Safari/605.1.15"
120.17.193.14 - - [04/Jun/2025:05:27:31 +0000] "POST /index.php/admin/AcceptDeclineBooking HTTP/1.1" 303 399 "https://tasktrakker.com.au/admin/addEditBookingPhotographer/604/103/7577" "Mozilla/5.0 (Macintosh; Intel Mac OS X 10_15_7) AppleWebKit/605.1.15 (KHTML, like Gecko) Version/18.5 Safari/605.1.15"
120.17.193.14 - - [04/Jun/2025:05:27:31 +0000] "GET /admin/addEditBookingPhotographer/604/103/7577 HTTP/1.1" 200 5039 "https://tasktrakker.com.au/admin/addEditBookingPhotographer/604/103/7577" "Mozilla/5.0 (Macintosh; Intel Mac OS X 10_15_7) AppleWebKit/605.1.15 (KHTML, like Gecko) Version/18.5 Safari/605.1.15"
120.17.193.14 - - [04/Jun/2025:05:27:31 +0000] "GET /assets/css/custom.css?1749014851 HTTP/1.1" 200 1143 "https://tasktrakker.com.au/admin/addEditBookingPhotographer/604/103/7577" "Mozilla/5.0 (Macintosh; Intel Mac OS X 10_15_7) AppleWebKit/605.1.15 (KHTML, like Gecko) Version/18.5 Safari/605.1.15"
120.17.193.14 - - [04/Jun/2025:05:27:31 +0000] "GET /assets/dist/js/pages/dashboard.js?1749014851 HTTP/1.1" 200 4337 "https://tasktrakker.com.au/admin/addEditBookingPhotographer/604/103/7577" "Mozilla/5.0 (Macintosh; Intel Mac OS X 10_15_7) AppleWebKit/605.1.15 (KHTML, like Gecko) Version/18.5 Safari/605.1.15"
120.17.193.14 - - [04/Jun/2025:05:27:36 +0000] "GET /index.php/admin/autologinPhotographer/602/103/7907 HTTP/1.1" 302 993 "-" "Mozilla/5.0 (Macintosh; Intel Mac OS X 10_15_7) AppleWebKit/605.1.15 (KHTML, like Gecko) Version/18.5 Safari/605.1.15"
120.17.193.14 - - [04/Jun/2025:05:27:36 +0000] "GET /admin/addEditBookingPhotographer/602/103/7907 HTTP/1.1" 200 4903 "-" "Mozilla/5.0 (Macintosh; Intel Mac OS X 10_15_7) AppleWebKit/605.1.15 (KHTML, like Gecko) Version/18.5 Safari/605.1.15"
120.17.193.14 - - [04/Jun/2025:05:27:36 +0000] "GET /assets/css/custom.css?1749014856 HTTP/1.1" 200 1143 "https://tasktrakker.com.au/admin/addEditBookingPhotographer/602/103/7907" "Mozilla/5.0 (Macintosh; Intel Mac OS X 10_15_7) AppleWebKit/605.1.15 (KHTML, like Gecko) Version/18.5 Safari/605.1.15"
120.17.193.14 - - [04/Jun/2025:05:27:36 +0000] "GET /assets/dist/js/pages/dashboard.js?1749014856 HTTP/1.1" 200 4337 "https://tasktrakker.com.au/admin/addEditBookingPhotographer/602/103/7907" "Mozilla/5.0 (Macintosh; Intel Mac OS X 10_15_7) AppleWebKit/605.1.15 (KHTML, like Gecko) Version/18.5 Safari/605.1.15"
120.17.193.14 - - [04/Jun/2025:05:27:37 +0000] "POST /index.php/admin/AcceptDeclineBooking HTTP/1.1" 303 399 "https://tasktrakker.com.au/admin/addEditBookingPhotographer/602/103/7907" "Mozilla/5.0 (Macintosh; Intel Mac OS X 10_15_7) AppleWebKit/605.1.15 (KHTML, like Gecko) Version/18.5 Safari/605.1.15"
120.17.193.14 - - [04/Jun/2025:05:27:37 +0000] "GET /admin/addEditBookingPhotographer/602/103/7907 HTTP/1.1" 200 5047 "https://tasktrakker.com.au/admin/addEditBookingPhotographer/602/103/7907" "Mozilla/5.0 (Macintosh; Intel Mac OS X 10_15_7) AppleWebKit/605.1.15 (KHTML, like Gecko) Version/18.5 Safari/605.1.15"
120.17.193.14 - - [04/Jun/2025:05:27:37 +0000] "GET /assets/css/custom.css?1749014857 HTTP/1.1" 200 1143 "https://tasktrakker.com.au/admin/addEditBookingPhotographer/602/103/7907" "Mozilla/5.0 (Macintosh; Intel Mac OS X 10_15_7) AppleWebKit/605.1.15 (KHTML, like Gecko) Version/18.5 Safari/605.1.15"
120.17.193.14 - - [04/Jun/2025:05:27:37 +0000] "GET /assets/dist/js/pages/dashboard.js?1749014857 HTTP/1.1" 200 4337 "https://tasktrakker.com.au/admin/addEditBookingPhotographer/602/103/7907" "Mozilla/5.0 (Macintosh; Intel Mac OS X 10_15_7) AppleWebKit/605.1.15 (KHTML, like Gecko) Version/18.5 Safari/605.1.15"
122.150.1.4 - - [04/Jun/2025:05:27:42 +0000] "GET /index.php/admin/autologinPhotographer/602/103/7907 HTTP/1.1" 302 3871 "-" "Mozilla/5.0 (Windows NT 10.0; Win64; x64) AppleWebKit/537.36 (KHTML, like Gecko) Chrome/136.0.0.0 Safari/537.36"
122.150.1.4 - - [04/Jun/2025:05:27:42 +0000] "GET /admin/addEditBookingPhotographer/602/103/7907 HTTP/1.1" 200 4903 "-" "Mozilla/5.0 (Windows NT 10.0; Win64; x64) AppleWebKit/537.36 (KHTML, like Gecko) Chrome/136.0.0.0 Safari/537.36"
122.150.1.4 - - [04/Jun/2025:05:27:42 +0000] "GET /assets/bootstrap/css/bootstrap.min.css HTTP/1.1" 200 20193 "https://tasktrakker.com.au/admin/addEditBookingPhotographer/602/103/7907" "Mozilla/5.0 (Windows NT 10.0; Win64; x64) AppleWebKit/537.36 (KHTML, like Gecko) Chrome/136.0.0.0 Safari/537.36"
122.150.1.4 - - [04/Jun/2025:05:27:43 +0000] "GET /assets/dist/css/AdminLTE.min.css HTTP/1.1" 200 15258 "https://tasktrakker.com.au/admin/addEditBookingPhotographer/602/103/7907" "Mozilla/5.0 (Windows NT 10.0; Win64; x64) AppleWebKit/537.36 (KHTML, like Gecko) Chrome/136.0.0.0 Safari/537.36"
220.244.136.203 - - [04/Jun/2025:05:27:43 +0000] "GET /index.php/admin/autologinPhotographer/604/103/7577 HTTP/1.1" 302 3870 "-" "Mozilla/5.0 (Windows NT 10.0; Win64; x64) AppleWebKit/537.36 (KHTML, like Gecko) Chrome/135.0.0.0 Safari/537.36"
122.150.1.4 - - [04/Jun/2025:05:27:43 +0000] "GET /assets/dist/css/skins/_all-skins.min.css HTTP/1.1" 200 3682 "https://tasktrakker.com.au/admin/addEditBookingPhotographer/602/103/7907" "Mozilla/5.0 (Windows NT 10.0; Win64; x64) AppleWebKit/537.36 (KHTML, like Gecko) Chrome/136.0.0.0 Safari/537.36"
220.244.136.203 - - [04/Jun/2025:05:27:43 +0000] "GET /admin/addEditBookingPhotographer/604/103/7577 HTTP/1.1" 200 4895 "-" "Mozilla/5.0 (Windows NT 10.0; Win64; x64) AppleWebKit/537.36 (KHTML, like Gecko) Chrome/135.0.0.0 Safari/537.36"
122.150.1.4 - - [04/Jun/2025:05:27:43 +0000] "GET /assets/plugins/iCheck/flat/blue.css HTTP/1.1" 200 1125 "https://tasktrakker.com.au/admin/addEditBookingPhotographer/602/103/7907" "Mozilla/5.0 (Windows NT 10.0; Win64; x64) AppleWebKit/537.36 (KHTML, like Gecko) Chrome/136.0.0.0 Safari/537.36"
122.150.1.4 - - [04/Jun/2025:05:27:43 +0000] "GET /assets/plugins/morris/morris.css HTTP/1.1" 200 602 "https://tasktrakker.com.au/admin/addEditBookingPhotographer/602/103/7907" "Mozilla/5.0 (Windows NT 10.0; Win64; x64) AppleWebKit/537.36 (KHTML, like Gecko) Chrome/136.0.0.0 Safari/537.36"
122.150.1.4 - - [04/Jun/2025:05:27:43 +0000] "GET /assets/plugins/jvectormap/jquery-jvectormap-1.2.2.css HTTP/1.1" 200 1032 "https://tasktrakker.com.au/admin/addEditBookingPhotographer/602/103/7907" "Mozilla/5.0 (Windows NT 10.0; Win64; x64) AppleWebKit/537.36 (KHTML, like Gecko) Chrome/136.0.0.0 Safari/537.36"
122.150.1.4 - - [04/Jun/2025:05:27:43 +0000] "GET /assets/plugins/datepicker/datepicker3.css HTTP/1.1" 200 5947 "https://tasktrakker.com.au/admin/addEditBookingPhotographer/602/103/7907" "Mozilla/5.0 (Windows NT 10.0; Win64; x64) AppleWebKit/537.36 (KHTML, like Gecko) Chrome/136.0.0.0 Safari/537.36"
122.150.1.4 - - [04/Jun/2025:05:27:43 +0000] "GET /assets/plugins/daterangepicker/daterangepicker.css HTTP/1.1" 200 4393 "https://tasktrakker.com.au/admin/addEditBookingPhotographer/602/103/7907" "Mozilla/5.0 (Windows NT 10.0; Win64; x64) AppleWebKit/537.36 (KHTML, like Gecko) Chrome/136.0.0.0 Safari/537.36"
122.150.1.4 - - [04/Jun/2025:05:27:43 +0000] "GET /assets/plugins/bootstrap-wysihtml5/bootstrap3-wysihtml5.min.css HTTP/1.1" 200 3616 "https://tasktrakker.com.au/admin/addEditBookingPhotographer/602/103/7907" "Mozilla/5.0 (Windows NT 10.0; Win64; x64) AppleWebKit/537.36 (KHTML, like Gecko) Chrome/136.0.0.0 Safari/537.36"
220.244.136.203 - - [04/Jun/2025:05:27:43 +0000] "GET /assets/bootstrap/css/bootstrap.min.css HTTP/1.1" 200 20193 "https://tasktrakker.com.au/admin/addEditBookingPhotographer/604/103/7577" "Mozilla/5.0 (Windows NT 10.0; Win64; x64) AppleWebKit/537.36 (KHTML, like Gecko) Chrome/135.0.0.0 Safari/537.36"
122.150.1.4 - - [04/Jun/2025:05:27:44 +0000] "GET /assets/css/custom.css?1749014862 HTTP/1.1" 200 1143 "https://tasktrakker.com.au/admin/addEditBookingPhotographer/602/103/7907" "Mozilla/5.0 (Windows NT 10.0; Win64; x64) AppleWebKit/537.36 (KHTML, like Gecko) Chrome/136.0.0.0 Safari/537.36"
122.150.1.4 - - [04/Jun/2025:05:27:44 +0000] "GET /assets/css/star-rating.css HTTP/1.1" 200 1318 "https://tasktrakker.com.au/admin/addEditBookingPhotographer/602/103/7907" "Mozilla/5.0 (Windows NT 10.0; Win64; x64) AppleWebKit/537.36 (KHTML, like Gecko) Chrome/136.0.0.0 Safari/537.36"
122.150.1.4 - - [04/Jun/2025:05:27:44 +0000] "GET /assets/plugins/jQuery/jquery-2.2.3.js HTTP/1.1" 200 77858 "https://tasktrakker.com.au/admin/addEditBookingPhotographer/602/103/7907" "Mozilla/5.0 (Windows NT 10.0; Win64; x64) AppleWebKit/537.36 (KHTML, like Gecko) Chrome/136.0.0.0 Safari/537.36"
122.150.1.4 - - [04/Jun/2025:05:27:44 +0000] "GET /assets/bootstrap/js/bootstrap.min.js HTTP/1.1" 200 10325 "https://tasktrakker.com.au/admin/addEditBookingPhotographer/602/103/7907" "Mozilla/5.0 (Windows NT 10.0; Win64; x64) AppleWebKit/537.36 (KHTML, like Gecko) Chrome/136.0.0.0 Safari/537.36"
122.150.1.4 - - [04/Jun/2025:05:27:44 +0000] "GET /assets/plugins/sparkline/jquery.sparkline.min.js HTTP/1.1" 200 13513 "https://tasktrakker.com.au/admin/addEditBookingPhotographer/602/103/7907" "Mozilla/5.0 (Windows NT 10.0; Win64; x64) AppleWebKit/537.36 (KHTML, like Gecko) Chrome/136.0.0.0 Safari/537.36"
122.150.1.4 - - [04/Jun/2025:05:27:44 +0000] "GET /assets/plugins/jvectormap/jquery-jvectormap-1.2.2.min.js HTTP/1.1" 200 9372 "https://tasktrakker.com.au/admin/addEditBookingPhotographer/602/103/7907" "Mozilla/5.0 (Windows NT 10.0; Win64; x64) AppleWebKit/537.36 (KHTML, like Gecko) Chrome/136.0.0.0 Safari/537.36"
220.244.136.203 - - [04/Jun/2025:05:27:44 +0000] "GET /assets/dist/css/AdminLTE.min.css HTTP/1.1" 200 15258 "https://tasktrakker.com.au/admin/addEditBookingPhotographer/604/103/7577" "Mozilla/5.0 (Windows NT 10.0; Win64; x64) AppleWebKit/537.36 (KHTML, like Gecko) Chrome/135.0.0.0 Safari/537.36"
122.150.1.4 - - [04/Jun/2025:05:27:44 +0000] "GET /assets/plugins/jvectormap/jquery-jvectormap-world-mill-en.js HTTP/1.1" 200 51174 "https://tasktrakker.com.au/admin/addEditBookingPhotographer/602/103/7907" "Mozilla/5.0 (Windows NT 10.0; Win64; x64) AppleWebKit/537.36 (KHTML, like Gecko) Chrome/136.0.0.0 Safari/537.36"
122.150.1.4 - - [04/Jun/2025:05:27:44 +0000] "GET /assets/plugins/knob/jquery.knob.js HTTP/1.1" 200 6445 "https://tasktrakker.com.au/admin/addEditBookingPhotographer/602/103/7907" "Mozilla/5.0 (Windows NT 10.0; Win64; x64) AppleWebKit/537.36 (KHTML, like Gecko) Chrome/136.0.0.0 Safari/537.36"
122.150.1.4 - - [04/Jun/2025:05:27:44 +0000] "GET /assets/plugins/daterangepicker/daterangepicker.js HTTP/1.1" 200 11641 "https://tasktrakker.com.au/admin/addEditBookingPhotographer/602/103/7907" "Mozilla/5.0 (Windows NT 10.0; Win64; x64) AppleWebKit/537.36 (KHTML, like Gecko) Chrome/136.0.0.0 Safari/537.36"
122.150.1.4 - - [04/Jun/2025:05:27:44 +0000] "GET /assets/plugins/datepicker/bootstrap-datepicker.js HTTP/1.1" 200 12493 "https://tasktrakker.com.au/admin/addEditBookingPhotographer/602/103/7907" "Mozilla/5.0 (Windows NT 10.0; Win64; x64) AppleWebKit/537.36 (KHTML, like Gecko) Chrome/136.0.0.0 Safari/537.36"
220.244.136.203 - - [04/Jun/2025:05:27:44 +0000] "GET /assets/dist/css/skins/_all-skins.min.css HTTP/1.1" 200 3682 "https://tasktrakker.com.au/admin/addEditBookingPhotographer/604/103/7577" "Mozilla/5.0 (Windows NT 10.0; Win64; x64) AppleWebKit/537.36 (KHTML, like Gecko) Chrome/135.0.0.0 Safari/537.36"
122.150.1.4 - - [04/Jun/2025:05:27:44 +0000] "GET /assets/plugins/bootstrap-wysihtml5/bootstrap3-wysihtml5.all.min.js HTTP/1.1" 200 57334 "https://tasktrakker.com.au/admin/addEditBookingPhotographer/602/103/7907" "Mozilla/5.0 (Windows NT 10.0; Win64; x64) AppleWebKit/537.36 (KHTML, like Gecko) Chrome/136.0.0.0 Safari/537.36"
122.150.1.4 - - [04/Jun/2025:05:27:44 +0000] "GET /assets/plugins/slimScroll/jquery.slimscroll.min.js HTTP/1.1" 200 2309 "https://tasktrakker.com.au/admin/addEditBookingPhotographer/602/103/7907" "Mozilla/5.0 (Windows NT 10.0; Win64; x64) AppleWebKit/537.36 (KHTML, like Gecko) Chrome/136.0.0.0 Safari/537.36"
122.150.1.4 - - [04/Jun/2025:05:27:44 +0000] "GET /assets/plugins/fastclick/fastclick.js HTTP/1.1" 200 8024 "https://tasktrakker.com.au/admin/addEditBookingPhotographer/602/103/7907" "Mozilla/5.0 (Windows NT 10.0; Win64; x64) AppleWebKit/537.36 (KHTML, like Gecko) Chrome/136.0.0.0 Safari/537.36"
122.150.1.4 - - [04/Jun/2025:05:27:44 +0000] "GET /assets/dist/js/app.min.js HTTP/1.1" 200 3475 "https://tasktrakker.com.au/admin/addEditBookingPhotographer/602/103/7907" "Mozilla/5.0 (Windows NT 10.0; Win64; x64) AppleWebKit/537.36 (KHTML, like Gecko) Chrome/136.0.0.0 Safari/537.36"
220.244.136.203 - - [04/Jun/2025:05:27:44 +0000] "GET /assets/plugins/iCheck/flat/blue.css HTTP/1.1" 200 801 "https://tasktrakker.com.au/admin/addEditBookingPhotographer/604/103/7577" "Mozilla/5.0 (Windows NT 10.0; Win64; x64) AppleWebKit/537.36 (KHTML, like Gecko) Chrome/135.0.0.0 Safari/537.36"
122.150.1.4 - - [04/Jun/2025:05:27:44 +0000] "GET /assets/plugins/datatables/dataTables.bootstrap.min.js HTTP/1.1" 200 1466 "https://tasktrakker.com.au/admin/addEditBookingPhotographer/602/103/7907" "Mozilla/5.0 (Windows NT 10.0; Win64; x64) AppleWebKit/537.36 (KHTML, like Gecko) Chrome/136.0.0.0 Safari/537.36"
122.150.1.4 - - [04/Jun/2025:05:27:44 +0000] "GET /assets/js/star-rating.js HTTP/1.1" 200 6062 "https://tasktrakker.com.au/admin/addEditBookingPhotographer/602/103/7907" "Mozilla/5.0 (Windows NT 10.0; Win64; x64) AppleWebKit/537.36 (KHTML, like Gecko) Chrome/136.0.0.0 Safari/537.36"
122.150.1.4 - - [04/Jun/2025:05:27:44 +0000] "GET /assets/dist/js/pages/dashboard.js?1749014862 HTTP/1.1" 200 4337 "https://tasktrakker.com.au/admin/addEditBookingPhotographer/602/103/7907" "Mozilla/5.0 (Windows NT 10.0; Win64; x64) AppleWebKit/537.36 (KHTML, like Gecko) Chrome/136.0.0.0 Safari/537.36"
220.244.136.203 - - [04/Jun/2025:05:27:44 +0000] "GET /assets/plugins/morris/morris.css HTTP/1.1" 200 926 "https://tasktrakker.com.au/admin/addEditBookingPhotographer/604/103/7577" "Mozilla/5.0 (Windows NT 10.0; Win64; x64) AppleWebKit/537.36 (KHTML, like Gecko) Chrome/135.0.0.0 Safari/537.36"
122.150.1.4 - - [04/Jun/2025:05:27:45 +0000] "GET /assets/dist/js/demo.js HTTP/1.1" 200 3087 "https://tasktrakker.com.au/admin/addEditBookingPhotographer/602/103/7907" "Mozilla/5.0 (Windows NT 10.0; Win64; x64) AppleWebKit/537.36 (KHTML, like Gecko) Chrome/136.0.0.0 Safari/537.36"
