157.55.39.49 - - [29/May/2025:00:01:11 +0000] "GET /index.php/admin/convert_customer_to_lead/6599 HTTP/1.1" 302 3130 "-" "Mozilla/5.0 AppleWebKit/537.36 (KHTML, like Gecko; compatible; bingbot/2.0; +http://www.bing.com/bingbot.htm) Chrome/116.0.1938.76 Safari/537.36"
157.55.39.49 - - [29/May/2025:00:01:15 +0000] "GET /admin/error_view HTTP/1.1" 302 305 "-" "Mozilla/5.0 AppleWebKit/537.36 (KHTML, like Gecko; compatible; bingbot/2.0; +http://www.bing.com/bingbot.htm) Chrome/116.0.1938.76 Safari/537.36"
157.55.39.49 - - [29/May/2025:00:01:24 +0000] "GET /admin/main HTTP/1.1" 500 4875 "-" "Mozilla/5.0 AppleWebKit/537.36 (KHTML, like Gecko; compatible; bingbot/2.0; +http://www.bing.com/bingbot.htm) Chrome/116.0.1938.76 Safari/537.36"
202.62.242.117 - - [29/May/2025:00:02:33 +0000] "GET /index.php/admin/photo_view/6893 HTTP/1.1" 200 9563 "https://tasktrakker.com.au/index.php/admin/photo_form/6205" "Mozilla/5.0 (Windows NT 10.0; Win64; x64; rv:138.0) Gecko/20100101 Firefox/138.0"
202.62.242.117 - - [29/May/2025:00:02:33 +0000] "GET /assets/css/custom.css?1748476953 HTTP/1.1" 200 1143 "https://tasktrakker.com.au/index.php/admin/photo_view/6893" "Mozilla/5.0 (Windows NT 10.0; Win64; x64; rv:138.0) Gecko/20100101 Firefox/138.0"
202.62.242.117 - - [29/May/2025:00:02:33 +0000] "GET /assets/dist/js/pages/dashboard.js?1748476953 HTTP/1.1" 200 4661 "https://tasktrakker.com.au/index.php/admin/photo_view/6893" "Mozilla/5.0 (Windows NT 10.0; Win64; x64; rv:138.0) Gecko/20100101 Firefox/138.0"
202.62.242.117 - - [29/May/2025:00:02:38 +0000] "GET /index.php/admin/photo_used_action/6205 HTTP/1.1" 200 800 "https://tasktrakker.com.au/index.php/admin/photo_view/6893" "Mozilla/5.0 (Windows NT 10.0; Win64; x64; rv:138.0) Gecko/20100101 Firefox/138.0"
202.62.242.117 - - [29/May/2025:00:02:48 +0000] "GET /index.php/admin/photo_form/6202 HTTP/1.1" 200 7590 "https://tasktrakker.com.au/index.php/admin/photo_view/6893" "Mozilla/5.0 (Windows NT 10.0; Win64; x64; rv:138.0) Gecko/20100101 Firefox/138.0"
202.62.242.117 - - [29/May/2025:00:02:48 +0000] "GET /assets/css/custom.css?1748476968 HTTP/1.1" 200 1467 "https://tasktrakker.com.au/index.php/admin/photo_form/6202" "Mozilla/5.0 (Windows NT 10.0; Win64; x64; rv:138.0) Gecko/20100101 Firefox/138.0"
202.62.242.117 - - [29/May/2025:00:02:48 +0000] "GET /uploads/photos/6893_250501045508.jpeg HTTP/1.1" 404 286 "https://tasktrakker.com.au/index.php/admin/photo_form/6202" "Mozilla/5.0 (Windows NT 10.0; Win64; x64; rv:138.0) Gecko/20100101 Firefox/138.0"
202.62.242.117 - - [29/May/2025:00:02:48 +0000] "GET /assets/dist/js/pages/dashboard.js?1748476968 HTTP/1.1" 200 4337 "https://tasktrakker.com.au/index.php/admin/photo_form/6202" "Mozilla/5.0 (Windows NT 10.0; Win64; x64; rv:138.0) Gecko/20100101 Firefox/138.0"
202.62.242.117 - - [29/May/2025:00:03:08 +0000] "GET /index.php/admin/photo_view/6893 HTTP/1.1" 200 7199 "https://tasktrakker.com.au/index.php/admin/photo_form/6202" "Mozilla/5.0 (Windows NT 10.0; Win64; x64; rv:138.0) Gecko/20100101 Firefox/138.0"
202.62.242.117 - - [29/May/2025:00:03:08 +0000] "GET /assets/css/custom.css?1748476988 HTTP/1.1" 200 1143 "https://tasktrakker.com.au/index.php/admin/photo_view/6893" "Mozilla/5.0 (Windows NT 10.0; Win64; x64; rv:138.0) Gecko/20100101 Firefox/138.0"
202.62.242.117 - - [29/May/2025:00:03:08 +0000] "GET /assets/dist/js/pages/dashboard.js?1748476988 HTTP/1.1" 200 4661 "https://tasktrakker.com.au/index.php/admin/photo_view/6893" "Mozilla/5.0 (Windows NT 10.0; Win64; x64; rv:138.0) Gecko/20100101 Firefox/138.0"
202.62.242.117 - - [29/May/2025:00:03:09 +0000] "GET /index.php/admin/photo_used_action/6202 HTTP/1.1" 200 476 "https://tasktrakker.com.au/index.php/admin/photo_view/6893" "Mozilla/5.0 (Windows NT 10.0; Win64; x64; rv:138.0) Gecko/20100101 Firefox/138.0"
40.77.167.23 - - [29/May/2025:00:03:11 +0000] "GET /index.php/admin/booking_delete/7750/4568 HTTP/1.1" 302 3129 "-" "Mozilla/5.0 AppleWebKit/537.36 (KHTML, like Gecko; compatible; bingbot/2.0; +http://www.bing.com/bingbot.htm) Chrome/116.0.1938.76 Safari/537.36"
202.62.242.117 - - [29/May/2025:00:03:11 +0000] "GET /index.php/admin/photo_form/6203 HTTP/1.1" 200 7245 "https://tasktrakker.com.au/index.php/admin/photo_view/6893" "Mozilla/5.0 (Windows NT 10.0; Win64; x64; rv:138.0) Gecko/20100101 Firefox/138.0"
202.62.242.117 - - [29/May/2025:00:03:11 +0000] "GET /assets/css/custom.css?1748476991 HTTP/1.1" 200 1143 "https://tasktrakker.com.au/index.php/admin/photo_form/6203" "Mozilla/5.0 (Windows NT 10.0; Win64; x64; rv:138.0) Gecko/20100101 Firefox/138.0"
202.62.242.117 - - [29/May/2025:00:03:11 +0000] "GET /uploads/photos/6893_250501045537.jpeg HTTP/1.1" 404 286 "https://tasktrakker.com.au/index.php/admin/photo_form/6203" "Mozilla/5.0 (Windows NT 10.0; Win64; x64; rv:138.0) Gecko/20100101 Firefox/138.0"
202.62.242.117 - - [29/May/2025:00:03:11 +0000] "GET /assets/dist/js/pages/dashboard.js?1748476991 HTTP/1.1" 200 4337 "https://tasktrakker.com.au/index.php/admin/photo_form/6203" "Mozilla/5.0 (Windows NT 10.0; Win64; x64; rv:138.0) Gecko/20100101 Firefox/138.0"
40.77.167.23 - - [29/May/2025:00:03:11 +0000] "GET /admin/error_view HTTP/1.1" 302 305 "-" "Mozilla/5.0 AppleWebKit/537.36 (KHTML, like Gecko; compatible; bingbot/2.0; +http://www.bing.com/bingbot.htm) Chrome/116.0.1938.76 Safari/537.36"
40.77.167.23 - - [29/May/2025:00:03:12 +0000] "GET /admin/main HTTP/1.1" 500 2213 "-" "Mozilla/5.0 AppleWebKit/537.36 (KHTML, like Gecko; compatible; bingbot/2.0; +http://www.bing.com/bingbot.htm) Chrome/116.0.1938.76 Safari/537.36"
::1 - - [29/May/2025:00:03:17 +0000] "OPTIONS * HTTP/1.0" 200 126 "-" "Apache/2.4.58 (Ubuntu) OpenSSL/3.0.13 (internal dummy connection)"
::1 - - [29/May/2025:00:03:18 +0000] "OPTIONS * HTTP/1.0" 200 126 "-" "Apache/2.4.58 (Ubuntu) OpenSSL/3.0.13 (internal dummy connection)"
202.62.242.117 - - [29/May/2025:00:03:28 +0000] "GET /index.php/admin/photo_view/6893 HTTP/1.1" 200 7204 "https://tasktrakker.com.au/index.php/admin/photo_form/6203" "Mozilla/5.0 (Windows NT 10.0; Win64; x64; rv:138.0) Gecko/20100101 Firefox/138.0"
202.62.242.117 - - [29/May/2025:00:03:28 +0000] "GET /assets/css/custom.css?1748477008 HTTP/1.1" 200 1143 "https://tasktrakker.com.au/index.php/admin/photo_view/6893" "Mozilla/5.0 (Windows NT 10.0; Win64; x64; rv:138.0) Gecko/20100101 Firefox/138.0"
202.62.242.117 - - [29/May/2025:00:03:28 +0000] "GET /assets/dist/js/pages/dashboard.js?1748477008 HTTP/1.1" 200 4661 "https://tasktrakker.com.au/index.php/admin/photo_view/6893" "Mozilla/5.0 (Windows NT 10.0; Win64; x64; rv:138.0) Gecko/20100101 Firefox/138.0"
87.236.176.103 - - [29/May/2025:00:03:30 +0000] "GET / HTTP/1.1" 302 2890 "-" "Mozilla/5.0 (compatible; InternetMeasurement/1.0; +https://internet-measurement.com/)"
202.62.242.117 - - [29/May/2025:00:03:30 +0000] "GET /index.php/admin/photo_used_action/6203 HTTP/1.1" 200 476 "https://tasktrakker.com.au/index.php/admin/photo_view/6893" "Mozilla/5.0 (Windows NT 10.0; Win64; x64; rv:138.0) Gecko/20100101 Firefox/138.0"
87.236.176.103 - - [29/May/2025:00:03:31 +0000] "GET /index.php/admin/login HTTP/1.1" 200 4482 "https://54.79.101.3" "Mozilla/5.0 (compatible; InternetMeasurement/1.0; +https://internet-measurement.com/)"
::1 - - [29/May/2025:00:03:36 +0000] "OPTIONS * HTTP/1.0" 200 126 "-" "Apache/2.4.58 (Ubuntu) OpenSSL/3.0.13 (internal dummy connection)"
202.62.242.117 - - [29/May/2025:00:03:43 +0000] "GET /index.php/admin/photo_used_action/6204 HTTP/1.1" 200 800 "https://tasktrakker.com.au/index.php/admin/photo_view/6893" "Mozilla/5.0 (Windows NT 10.0; Win64; x64; rv:138.0) Gecko/20100101 Firefox/138.0"
157.55.39.49 - - [29/May/2025:00:07:48 +0000] "GET /admin/error_view HTTP/1.1" 302 3124 "-" "Mozilla/5.0 AppleWebKit/537.36 (KHTML, like Gecko; compatible; bingbot/2.0; +http://www.bing.com/bingbot.htm) Chrome/116.0.1938.76 Safari/537.36"
157.55.39.49 - - [29/May/2025:00:07:49 +0000] "GET /admin/main HTTP/1.1" 500 2213 "-" "Mozilla/5.0 AppleWebKit/537.36 (KHTML, like Gecko; compatible; bingbot/2.0; +http://www.bing.com/bingbot.htm) Chrome/116.0.1938.76 Safari/537.36"
52.167.144.146 - - [29/May/2025:00:11:21 +0000] "GET /index.php/admin/addleadview/3931 HTTP/1.1" 500 5040 "-" "Mozilla/5.0 AppleWebKit/537.36 (KHTML, like Gecko; compatible; bingbot/2.0; +http://www.bing.com/bingbot.htm) Chrome/116.0.1938.76 Safari/537.36"
93.123.109.194 - - [29/May/2025:00:13:36 +0000] "HEAD / HTTP/1.1" 301 243 "-" "python-requests/2.32.3"
93.123.109.194 - - [29/May/2025:00:13:38 +0000] "HEAD / HTTP/1.1" 200 2636 "-" "python-requests/2.32.3"
93.123.109.194 - - [29/May/2025:00:13:39 +0000] "GET / HTTP/1.1" 301 583 "-" "python-requests/2.32.3"
93.123.109.194 - - [29/May/2025:00:13:40 +0000] "GET / HTTP/1.1" 302 2718 "-" "python-requests/2.32.3"
93.123.109.194 - - [29/May/2025:00:13:40 +0000] "GET /index.php/admin/login HTTP/1.1" 200 1931 "-" "python-requests/2.32.3"
93.123.109.194 - - [29/May/2025:00:13:41 +0000] "HEAD /readme.html HTTP/1.1" 301 254 "-" "python-requests/2.32.3"
202.62.242.117 - - [29/May/2025:00:14:06 +0000] "GET /index.php/admin/photo_view/ HTTP/1.1" 301 3142 "https://tasktrakker.com.au/index.php/admin/photo_view/6893" "Mozilla/5.0 (Windows NT 10.0; Win64; x64; rv:138.0) Gecko/20100101 Firefox/138.0"
202.62.242.117 - - [29/May/2025:00:14:06 +0000] "GET /index.php/admin/photo_view HTTP/1.1" 200 25774 "https://tasktrakker.com.au/index.php/admin/photo_view/6893" "Mozilla/5.0 (Windows NT 10.0; Win64; x64; rv:138.0) Gecko/20100101 Firefox/138.0"
202.62.242.117 - - [29/May/2025:00:14:06 +0000] "GET /assets/css/custom.css?1748477646 HTTP/1.1" 200 1467 "https://tasktrakker.com.au/index.php/admin/photo_view" "Mozilla/5.0 (Windows NT 10.0; Win64; x64; rv:138.0) Gecko/20100101 Firefox/138.0"
202.62.242.117 - - [29/May/2025:00:14:06 +0000] "GET /assets/dist/js/pages/dashboard.js?1748477646 HTTP/1.1" 200 4337 "https://tasktrakker.com.au/index.php/admin/photo_view" "Mozilla/5.0 (Windows NT 10.0; Win64; x64; rv:138.0) Gecko/20100101 Firefox/138.0"
1.145.66.168 - - [29/May/2025:00:14:39 +0000] "GET /index.php/admin/main HTTP/1.1" 500 3061 "-" "Mozilla/5.0 (iPhone; CPU iPhone OS 18_5 like Mac OS X) AppleWebKit/605.1.15 (KHTML, like Gecko) Version/18.5 Mobile/15E148 Safari/604.1"
52.167.144.146 - - [29/May/2025:00:15:22 +0000] "GET /index.php/admin/addleadview/4364 HTTP/1.1" 500 5040 "-" "Mozilla/5.0 AppleWebKit/537.36 (KHTML, like Gecko; compatible; bingbot/2.0; +http://www.bing.com/bingbot.htm) Chrome/116.0.1938.76 Safari/537.36"
157.55.39.200 - - [29/May/2025:00:16:25 +0000] "GET /index.php/admin/convert_customer_to_lead/6135 HTTP/1.1" 302 3130 "-" "Mozilla/5.0 AppleWebKit/537.36 (KHTML, like Gecko; compatible; bingbot/2.0; +http://www.bing.com/bingbot.htm) Chrome/116.0.1938.76 Safari/537.36"
157.55.39.200 - - [29/May/2025:00:16:26 +0000] "GET /admin/error_view HTTP/1.1" 302 305 "-" "Mozilla/5.0 AppleWebKit/537.36 (KHTML, like Gecko; compatible; bingbot/2.0; +http://www.bing.com/bingbot.htm) Chrome/116.0.1938.76 Safari/537.36"
157.55.39.200 - - [29/May/2025:00:16:27 +0000] "GET /admin/main HTTP/1.1" 500 2213 "-" "Mozilla/5.0 AppleWebKit/537.36 (KHTML, like Gecko; compatible; bingbot/2.0; +http://www.bing.com/bingbot.htm) Chrome/116.0.1938.76 Safari/537.36"
157.55.39.52 - - [29/May/2025:00:16:28 +0000] "GET /index.php/admin/archive_booking_action/6115 HTTP/1.1" 302 3169 "-" "Mozilla/5.0 AppleWebKit/537.36 (KHTML, like Gecko; compatible; bingbot/2.0; +http://www.bing.com/bingbot.htm) Chrome/116.0.1938.76 Safari/537.36"
157.55.39.200 - - [29/May/2025:00:16:28 +0000] "GET /index.php/admin/deleteLeadop/7466 HTTP/1.1" 302 3115 "-" "Mozilla/5.0 AppleWebKit/537.36 (KHTML, like Gecko; compatible; bingbot/2.0; +http://www.bing.com/bingbot.htm) Chrome/116.0.1938.76 Safari/537.36"
157.55.39.52 - - [29/May/2025:00:16:29 +0000] "GET /admin/error_view HTTP/1.1" 302 305 "-" "Mozilla/5.0 AppleWebKit/537.36 (KHTML, like Gecko; compatible; bingbot/2.0; +http://www.bing.com/bingbot.htm) Chrome/116.0.1938.76 Safari/537.36"
157.55.39.52 - - [29/May/2025:00:16:30 +0000] "GET /admin/main HTTP/1.1" 500 2213 "-" "Mozilla/5.0 AppleWebKit/537.36 (KHTML, like Gecko; compatible; bingbot/2.0; +http://www.bing.com/bingbot.htm) Chrome/116.0.1938.76 Safari/537.36"
157.55.39.200 - - [29/May/2025:00:17:18 +0000] "GET /admin/error_view HTTP/1.1" 302 2982 "-" "Mozilla/5.0 AppleWebKit/537.36 (KHTML, like Gecko; compatible; bingbot/2.0; +http://www.bing.com/bingbot.htm) Chrome/116.0.1938.76 Safari/537.36"
157.55.39.200 - - [29/May/2025:00:17:18 +0000] "GET /admin/main HTTP/1.1" 500 2213 "-" "Mozilla/5.0 AppleWebKit/537.36 (KHTML, like Gecko; compatible; bingbot/2.0; +http://www.bing.com/bingbot.htm) Chrome/116.0.1938.76 Safari/537.36"
202.62.242.117 - - [29/May/2025:00:17:21 +0000] "GET /index.php/admin/photo_form/6311 HTTP/1.1" 200 7602 "https://tasktrakker.com.au/index.php/admin/photo_view" "Mozilla/5.0 (Windows NT 10.0; Win64; x64; rv:138.0) Gecko/20100101 Firefox/138.0"
202.62.242.117 - - [29/May/2025:00:17:22 +0000] "GET /assets/css/custom.css?1748477842 HTTP/1.1" 200 1143 "https://tasktrakker.com.au/index.php/admin/photo_form/6311" "Mozilla/5.0 (Windows NT 10.0; Win64; x64; rv:138.0) Gecko/20100101 Firefox/138.0"
202.62.242.117 - - [29/May/2025:00:17:22 +0000] "GET /assets/dist/js/pages/dashboard.js?1748477842 HTTP/1.1" 200 4661 "https://tasktrakker.com.au/index.php/admin/photo_form/6311" "Mozilla/5.0 (Windows NT 10.0; Win64; x64; rv:138.0) Gecko/20100101 Firefox/138.0"
202.62.242.117 - - [29/May/2025:00:17:22 +0000] "GET /uploads/photos/9515_250522115620.jpeg HTTP/1.1" 200 947756 "https://tasktrakker.com.au/index.php/admin/photo_form/6311" "Mozilla/5.0 (Windows NT 10.0; Win64; x64; rv:138.0) Gecko/20100101 Firefox/138.0"
52.167.144.146 - - [29/May/2025:00:17:22 +0000] "GET /index.php/admin/deleteLeadop/2660 HTTP/1.1" 302 3130 "-" "Mozilla/5.0 AppleWebKit/537.36 (KHTML, like Gecko; compatible; bingbot/2.0; +http://www.bing.com/bingbot.htm) Chrome/116.0.1938.76 Safari/537.36"
52.167.144.146 - - [29/May/2025:00:17:22 +0000] "GET /admin/error_view HTTP/1.1" 302 305 "-" "Mozilla/5.0 AppleWebKit/537.36 (KHTML, like Gecko; compatible; bingbot/2.0; +http://www.bing.com/bingbot.htm) Chrome/116.0.1938.76 Safari/537.36"
52.167.144.146 - - [29/May/2025:00:17:23 +0000] "GET /admin/main HTTP/1.1" 500 2213 "-" "Mozilla/5.0 AppleWebKit/537.36 (KHTML, like Gecko; compatible; bingbot/2.0; +http://www.bing.com/bingbot.htm) Chrome/116.0.1938.76 Safari/537.36"
::1 - - [29/May/2025:00:17:27 +0000] "OPTIONS * HTTP/1.0" 200 126 "-" "Apache/2.4.58 (Ubuntu) OpenSSL/3.0.13 (internal dummy connection)"
202.62.242.117 - - [29/May/2025:00:18:55 +0000] "GET /index.php/admin/photo_view/9515 HTTP/1.1" 200 7059 "https://tasktrakker.com.au/index.php/admin/photo_form/6311" "Mozilla/5.0 (Windows NT 10.0; Win64; x64; rv:138.0) Gecko/20100101 Firefox/138.0"
202.62.242.117 - - [29/May/2025:00:18:55 +0000] "GET /assets/css/custom.css?1748477935 HTTP/1.1" 200 1143 "https://tasktrakker.com.au/index.php/admin/photo_view/9515" "Mozilla/5.0 (Windows NT 10.0; Win64; x64; rv:138.0) Gecko/20100101 Firefox/138.0"
202.62.242.117 - - [29/May/2025:00:18:55 +0000] "GET /assets/dist/js/pages/dashboard.js?1748477935 HTTP/1.1" 200 4661 "https://tasktrakker.com.au/index.php/admin/photo_view/9515" "Mozilla/5.0 (Windows NT 10.0; Win64; x64; rv:138.0) Gecko/20100101 Firefox/138.0"
202.62.242.117 - - [29/May/2025:00:18:59 +0000] "GET /index.php/admin/photo_form/6310 HTTP/1.1" 200 7217 "https://tasktrakker.com.au/index.php/admin/photo_view/9515" "Mozilla/5.0 (Windows NT 10.0; Win64; x64; rv:138.0) Gecko/20100101 Firefox/138.0"
202.62.242.117 - - [29/May/2025:00:18:59 +0000] "GET /assets/css/custom.css?1748477939 HTTP/1.1" 200 1143 "https://tasktrakker.com.au/index.php/admin/photo_form/6310" "Mozilla/5.0 (Windows NT 10.0; Win64; x64; rv:138.0) Gecko/20100101 Firefox/138.0"
202.62.242.117 - - [29/May/2025:00:18:59 +0000] "GET /assets/dist/js/pages/dashboard.js?1748477939 HTTP/1.1" 200 4337 "https://tasktrakker.com.au/index.php/admin/photo_form/6310" "Mozilla/5.0 (Windows NT 10.0; Win64; x64; rv:138.0) Gecko/20100101 Firefox/138.0"
202.62.242.117 - - [29/May/2025:00:18:59 +0000] "GET /uploads/photos/9515_250522115600.jpeg HTTP/1.1" 200 1418358 "https://tasktrakker.com.au/index.php/admin/photo_form/6310" "Mozilla/5.0 (Windows NT 10.0; Win64; x64; rv:138.0) Gecko/20100101 Firefox/138.0"
104.238.38.21 - - [29/May/2025:00:19:58 +0000] "GET /.env HTTP/1.1" 404 453 "-" "Mozilla/5.0 (Windows NT 10.0; Win64; x64) AppleWebKit/537.36 (KHTML, like Gecko) Chrome/116.0.5845.140 Safari/537.36"
104.238.38.21 - - [29/May/2025:00:19:59 +0000] "POST / HTTP/1.1" 404 453 "-" "Mozilla/5.0 (Windows NT 10.0; Win64; x64) AppleWebKit/537.36 (KHTML, like Gecko) Chrome/116.0.5845.140 Safari/537.36"
40.77.167.42 - - [29/May/2025:00:21:04 +0000] "GET /index.php/admin/production_form/0/6649 HTTP/1.1" 302 3130 "-" "Mozilla/5.0 AppleWebKit/537.36 (KHTML, like Gecko; compatible; bingbot/2.0; +http://www.bing.com/bingbot.htm) Chrome/116.0.1938.76 Safari/537.36"
40.77.167.42 - - [29/May/2025:00:21:06 +0000] "GET /admin/error_view HTTP/1.1" 302 305 "-" "Mozilla/5.0 AppleWebKit/537.36 (KHTML, like Gecko; compatible; bingbot/2.0; +http://www.bing.com/bingbot.htm) Chrome/116.0.1938.76 Safari/537.36"
40.77.167.42 - - [29/May/2025:00:21:07 +0000] "GET /admin/main HTTP/1.1" 500 2213 "-" "Mozilla/5.0 AppleWebKit/537.36 (KHTML, like Gecko; compatible; bingbot/2.0; +http://www.bing.com/bingbot.htm) Chrome/116.0.1938.76 Safari/537.36"
202.62.242.117 - - [29/May/2025:00:25:01 +0000] "GET /index.php/admin/photo_view/9515 HTTP/1.1" 200 9449 "https://tasktrakker.com.au/index.php/admin/photo_form/6310" "Mozilla/5.0 (Windows NT 10.0; Win64; x64; rv:138.0) Gecko/20100101 Firefox/138.0"
202.62.242.117 - - [29/May/2025:00:25:01 +0000] "GET /assets/css/custom.css?1748478301 HTTP/1.1" 200 1143 "https://tasktrakker.com.au/index.php/admin/photo_view/9515" "Mozilla/5.0 (Windows NT 10.0; Win64; x64; rv:138.0) Gecko/20100101 Firefox/138.0"
202.62.242.117 - - [29/May/2025:00:25:01 +0000] "GET /assets/dist/js/pages/dashboard.js?1748478301 HTTP/1.1" 200 6908 "https://tasktrakker.com.au/index.php/admin/photo_view/9515" "Mozilla/5.0 (Windows NT 10.0; Win64; x64; rv:138.0) Gecko/20100101 Firefox/138.0"
202.62.242.117 - - [29/May/2025:00:25:03 +0000] "GET /index.php/admin/photo_view HTTP/1.1" 200 25632 "https://tasktrakker.com.au/index.php/admin/photo_view/9515" "Mozilla/5.0 (Windows NT 10.0; Win64; x64; rv:138.0) Gecko/20100101 Firefox/138.0"
202.62.242.117 - - [29/May/2025:00:25:03 +0000] "GET /assets/css/custom.css?1748478303 HTTP/1.1" 200 1143 "https://tasktrakker.com.au/index.php/admin/photo_view" "Mozilla/5.0 (Windows NT 10.0; Win64; x64; rv:138.0) Gecko/20100101 Firefox/138.0"
202.62.242.117 - - [29/May/2025:00:25:03 +0000] "GET /assets/dist/js/pages/dashboard.js?1748478303 HTTP/1.1" 200 4337 "https://tasktrakker.com.au/index.php/admin/photo_view" "Mozilla/5.0 (Windows NT 10.0; Win64; x64; rv:138.0) Gecko/20100101 Firefox/138.0"
::1 - - [29/May/2025:00:25:09 +0000] "OPTIONS * HTTP/1.0" 200 126 "-" "Apache/2.4.58 (Ubuntu) OpenSSL/3.0.13 (internal dummy connection)"
202.62.242.117 - - [29/May/2025:00:25:09 +0000] "GET /index.php/admin/photo_form/6267 HTTP/1.1" 200 7556 "https://tasktrakker.com.au/index.php/admin/photo_view" "Mozilla/5.0 (Windows NT 10.0; Win64; x64; rv:138.0) Gecko/20100101 Firefox/138.0"
202.62.242.117 - - [29/May/2025:00:25:10 +0000] "GET /assets/css/custom.css?1748478309 HTTP/1.1" 200 1143 "https://tasktrakker.com.au/index.php/admin/photo_form/6267" "Mozilla/5.0 (Windows NT 10.0; Win64; x64; rv:138.0) Gecko/20100101 Firefox/138.0"
202.62.242.117 - - [29/May/2025:00:25:10 +0000] "GET /uploads/photos/6249_250508182403.jpeg HTTP/1.1" 404 610 "https://tasktrakker.com.au/index.php/admin/photo_form/6267" "Mozilla/5.0 (Windows NT 10.0; Win64; x64; rv:138.0) Gecko/20100101 Firefox/138.0"
202.62.242.117 - - [29/May/2025:00:25:10 +0000] "GET /assets/dist/js/pages/dashboard.js?1748478310 HTTP/1.1" 200 4661 "https://tasktrakker.com.au/index.php/admin/photo_form/6267" "Mozilla/5.0 (Windows NT 10.0; Win64; x64; rv:138.0) Gecko/20100101 Firefox/138.0"
202.62.242.117 - - [29/May/2025:00:25:11 +0000] "GET /index.php/admin/photo_view/6249 HTTP/1.1" 200 6862 "https://tasktrakker.com.au/index.php/admin/photo_form/6267" "Mozilla/5.0 (Windows NT 10.0; Win64; x64; rv:138.0) Gecko/20100101 Firefox/138.0"
202.62.242.117 - - [29/May/2025:00:25:11 +0000] "GET /assets/css/custom.css?1748478311 HTTP/1.1" 200 1143 "https://tasktrakker.com.au/index.php/admin/photo_view/6249" "Mozilla/5.0 (Windows NT 10.0; Win64; x64; rv:138.0) Gecko/20100101 Firefox/138.0"
202.62.242.117 - - [29/May/2025:00:25:11 +0000] "GET /assets/dist/js/pages/dashboard.js?1748478311 HTTP/1.1" 200 4337 "https://tasktrakker.com.au/index.php/admin/photo_view/6249" "Mozilla/5.0 (Windows NT 10.0; Win64; x64; rv:138.0) Gecko/20100101 Firefox/138.0"
114.119.144.85 - - [29/May/2025:00:26:08 +0000] "GET /favicon.ico HTTP/1.1" 200 8287 "-" "Mozilla/5.0 (Linux; Android 7.0;) AppleWebKit/537.36 (KHTML, like Gecko) Mobile Safari/537.36 (compatible; PetalBot;+https://webmaster.petalsearch.com/site/petalbot)"
202.62.242.117 - - [29/May/2025:00:26:32 +0000] "GET /index.php/admin/photo_form/6245 HTTP/1.1" 200 7659 "https://tasktrakker.com.au/index.php/admin/photo_view/6249" "Mozilla/5.0 (Windows NT 10.0; Win64; x64; rv:138.0) Gecko/20100101 Firefox/138.0"
202.62.242.117 - - [29/May/2025:00:26:32 +0000] "GET /assets/css/custom.css?1748478392 HTTP/1.1" 200 1143 "https://tasktrakker.com.au/index.php/admin/photo_form/6245" "Mozilla/5.0 (Windows NT 10.0; Win64; x64; rv:138.0) Gecko/20100101 Firefox/138.0"
202.62.242.117 - - [29/May/2025:00:26:32 +0000] "GET /uploads/photos/6249_250506051118.jpeg HTTP/1.1" 404 610 "https://tasktrakker.com.au/index.php/admin/photo_form/6245" "Mozilla/5.0 (Windows NT 10.0; Win64; x64; rv:138.0) Gecko/20100101 Firefox/138.0"
202.62.242.117 - - [29/May/2025:00:26:32 +0000] "GET /assets/dist/js/pages/dashboard.js?1748478392 HTTP/1.1" 200 4661 "https://tasktrakker.com.au/index.php/admin/photo_form/6245" "Mozilla/5.0 (Windows NT 10.0; Win64; x64; rv:138.0) Gecko/20100101 Firefox/138.0"
120.150.193.23 - - [29/May/2025:00:27:22 +0000] "GET /admin/customer_notification_complete/ HTTP/1.1" 301 3162 "https://tasktrakker.com.au/index.php/admin/customer_notification_response/6539/83b4c6bbf468b8167002f29d443e6df458965ce3" "Mozilla/5.0 (Windows NT 10.0; Win64; x64) AppleWebKit/537.36 (KHTML, like Gecko) Chrome/136.0.0.0 Safari/537.36 Edg/136.0.0.0"
120.150.193.23 - - [29/May/2025:00:27:22 +0000] "GET /admin/customer_notification_complete HTTP/1.1" 200 2345 "https://tasktrakker.com.au/index.php/admin/customer_notification_response/6539/83b4c6bbf468b8167002f29d443e6df458965ce3" "Mozilla/5.0 (Windows NT 10.0; Win64; x64) AppleWebKit/537.36 (KHTML, like Gecko) Chrome/136.0.0.0 Safari/537.36 Edg/136.0.0.0"
120.150.193.23 - - [29/May/2025:00:27:22 +0000] "GET /assets/bootstrap/css/bootstrap.min.css HTTP/1.1" 200 20193 "https://tasktrakker.com.au/admin/customer_notification_complete" "Mozilla/5.0 (Windows NT 10.0; Win64; x64) AppleWebKit/537.36 (KHTML, like Gecko) Chrome/136.0.0.0 Safari/537.36 Edg/136.0.0.0"
120.150.193.23 - - [29/May/2025:00:27:22 +0000] "GET /assets/dist/css/AdminLTE.min.css HTTP/1.1" 200 17829 "https://tasktrakker.com.au/admin/customer_notification_complete" "Mozilla/5.0 (Windows NT 10.0; Win64; x64) AppleWebKit/537.36 (KHTML, like Gecko) Chrome/136.0.0.0 Safari/537.36 Edg/136.0.0.0"
120.150.193.23 - - [29/May/2025:00:27:22 +0000] "GET /assets/dist/css/skins/_all-skins.min.css HTTP/1.1" 200 3682 "https://tasktrakker.com.au/admin/customer_notification_complete" "Mozilla/5.0 (Windows NT 10.0; Win64; x64) AppleWebKit/537.36 (KHTML, like Gecko) Chrome/136.0.0.0 Safari/537.36 Edg/136.0.0.0"
120.150.193.23 - - [29/May/2025:00:27:22 +0000] "GET /assets/plugins/iCheck/flat/blue.css HTTP/1.1" 200 801 "https://tasktrakker.com.au/admin/customer_notification_complete" "Mozilla/5.0 (Windows NT 10.0; Win64; x64) AppleWebKit/537.36 (KHTML, like Gecko) Chrome/136.0.0.0 Safari/537.36 Edg/136.0.0.0"
120.150.193.23 - - [29/May/2025:00:27:22 +0000] "GET /assets/plugins/morris/morris.css HTTP/1.1" 200 926 "https://tasktrakker.com.au/admin/customer_notification_complete" "Mozilla/5.0 (Windows NT 10.0; Win64; x64) AppleWebKit/537.36 (KHTML, like Gecko) Chrome/136.0.0.0 Safari/537.36 Edg/136.0.0.0"
120.150.193.23 - - [29/May/2025:00:27:22 +0000] "GET /assets/plugins/jvectormap/jquery-jvectormap-1.2.2.css HTTP/1.1" 200 1032 "https://tasktrakker.com.au/admin/customer_notification_complete" "Mozilla/5.0 (Windows NT 10.0; Win64; x64) AppleWebKit/537.36 (KHTML, like Gecko) Chrome/136.0.0.0 Safari/537.36 Edg/136.0.0.0"
120.150.193.23 - - [29/May/2025:00:27:22 +0000] "GET /assets/plugins/datepicker/datepicker3.css HTTP/1.1" 200 5923 "https://tasktrakker.com.au/admin/customer_notification_complete" "Mozilla/5.0 (Windows NT 10.0; Win64; x64) AppleWebKit/537.36 (KHTML, like Gecko) Chrome/136.0.0.0 Safari/537.36 Edg/136.0.0.0"
120.150.193.23 - - [29/May/2025:00:27:22 +0000] "GET /assets/plugins/bootstrap-wysihtml5/bootstrap3-wysihtml5.min.css HTTP/1.1" 200 1023 "https://tasktrakker.com.au/admin/customer_notification_complete" "Mozilla/5.0 (Windows NT 10.0; Win64; x64) AppleWebKit/537.36 (KHTML, like Gecko) Chrome/136.0.0.0 Safari/537.36 Edg/136.0.0.0"
120.150.193.23 - - [29/May/2025:00:27:22 +0000] "GET /assets/css/custom.css?1748478442 HTTP/1.1" 200 1143 "https://tasktrakker.com.au/admin/customer_notification_complete" "Mozilla/5.0 (Windows NT 10.0; Win64; x64) AppleWebKit/537.36 (KHTML, like Gecko) Chrome/136.0.0.0 Safari/537.36 Edg/136.0.0.0"
120.150.193.23 - - [29/May/2025:00:27:22 +0000] "GET /assets/plugins/daterangepicker/daterangepicker.css HTTP/1.1" 200 4369 "https://tasktrakker.com.au/admin/customer_notification_complete" "Mozilla/5.0 (Windows NT 10.0; Win64; x64) AppleWebKit/537.36 (KHTML, like Gecko) Chrome/136.0.0.0 Safari/537.36 Edg/136.0.0.0"
120.150.193.23 - - [29/May/2025:00:27:22 +0000] "GET /assets/css/star-rating.css HTTP/1.1" 200 1318 "https://tasktrakker.com.au/admin/customer_notification_complete" "Mozilla/5.0 (Windows NT 10.0; Win64; x64) AppleWebKit/537.36 (KHTML, like Gecko) Chrome/136.0.0.0 Safari/537.36 Edg/136.0.0.0"
120.150.193.23 - - [29/May/2025:00:27:22 +0000] "GET /assets/bootstrap/js/bootstrap.min.js HTTP/1.1" 200 10325 "https://tasktrakker.com.au/admin/customer_notification_complete" "Mozilla/5.0 (Windows NT 10.0; Win64; x64) AppleWebKit/537.36 (KHTML, like Gecko) Chrome/136.0.0.0 Safari/537.36 Edg/136.0.0.0"
120.150.193.23 - - [29/May/2025:00:27:22 +0000] "GET /assets/plugins/jvectormap/jquery-jvectormap-1.2.2.min.js HTTP/1.1" 200 9372 "https://tasktrakker.com.au/admin/customer_notification_complete" "Mozilla/5.0 (Windows NT 10.0; Win64; x64) AppleWebKit/537.36 (KHTML, like Gecko) Chrome/136.0.0.0 Safari/537.36 Edg/136.0.0.0"
120.150.193.23 - - [29/May/2025:00:27:22 +0000] "GET /assets/plugins/sparkline/jquery.sparkline.min.js HTTP/1.1" 200 13513 "https://tasktrakker.com.au/admin/customer_notification_complete" "Mozilla/5.0 (Windows NT 10.0; Win64; x64) AppleWebKit/537.36 (KHTML, like Gecko) Chrome/136.0.0.0 Safari/537.36 Edg/136.0.0.0"
120.150.193.23 - - [29/May/2025:00:27:22 +0000] "GET /assets/plugins/knob/jquery.knob.js HTTP/1.1" 200 6445 "https://tasktrakker.com.au/admin/customer_notification_complete" "Mozilla/5.0 (Windows NT 10.0; Win64; x64) AppleWebKit/537.36 (KHTML, like Gecko) Chrome/136.0.0.0 Safari/537.36 Edg/136.0.0.0"
120.150.193.23 - - [29/May/2025:00:27:22 +0000] "GET /assets/plugins/jQuery/jquery-2.2.3.js HTTP/1.1" 200 77858 "https://tasktrakker.com.au/admin/customer_notification_complete" "Mozilla/5.0 (Windows NT 10.0; Win64; x64) AppleWebKit/537.36 (KHTML, like Gecko) Chrome/136.0.0.0 Safari/537.36 Edg/136.0.0.0"
120.150.193.23 - - [29/May/2025:00:27:22 +0000] "GET /assets/plugins/daterangepicker/daterangepicker.js HTTP/1.1" 200 11641 "https://tasktrakker.com.au/admin/customer_notification_complete" "Mozilla/5.0 (Windows NT 10.0; Win64; x64) AppleWebKit/537.36 (KHTML, like Gecko) Chrome/136.0.0.0 Safari/537.36 Edg/136.0.0.0"
120.150.193.23 - - [29/May/2025:00:27:22 +0000] "GET /assets/plugins/jvectormap/jquery-jvectormap-world-mill-en.js HTTP/1.1" 200 51174 "https://tasktrakker.com.au/admin/customer_notification_complete" "Mozilla/5.0 (Windows NT 10.0; Win64; x64) AppleWebKit/537.36 (KHTML, like Gecko) Chrome/136.0.0.0 Safari/537.36 Edg/136.0.0.0"
120.150.193.23 - - [29/May/2025:00:27:22 +0000] "GET /assets/plugins/slimScroll/jquery.slimscroll.min.js HTTP/1.1" 200 2309 "https://tasktrakker.com.au/admin/customer_notification_complete" "Mozilla/5.0 (Windows NT 10.0; Win64; x64) AppleWebKit/537.36 (KHTML, like Gecko) Chrome/136.0.0.0 Safari/537.36 Edg/136.0.0.0"
120.150.193.23 - - [29/May/2025:00:27:22 +0000] "GET /assets/plugins/datepicker/bootstrap-datepicker.js HTTP/1.1" 200 12493 "https://tasktrakker.com.au/admin/customer_notification_complete" "Mozilla/5.0 (Windows NT 10.0; Win64; x64) AppleWebKit/537.36 (KHTML, like Gecko) Chrome/136.0.0.0 Safari/537.36 Edg/136.0.0.0"
120.150.193.23 - - [29/May/2025:00:27:22 +0000] "GET /assets/plugins/fastclick/fastclick.js HTTP/1.1" 200 8024 "https://tasktrakker.com.au/admin/customer_notification_complete" "Mozilla/5.0 (Windows NT 10.0; Win64; x64) AppleWebKit/537.36 (KHTML, like Gecko) Chrome/136.0.0.0 Safari/537.36 Edg/136.0.0.0"
120.150.193.23 - - [29/May/2025:00:27:22 +0000] "GET /assets/plugins/bootstrap-wysihtml5/bootstrap3-wysihtml5.all.min.js HTTP/1.1" 200 57334 "https://tasktrakker.com.au/admin/customer_notification_complete" "Mozilla/5.0 (Windows NT 10.0; Win64; x64) AppleWebKit/537.36 (KHTML, like Gecko) Chrome/136.0.0.0 Safari/537.36 Edg/136.0.0.0"
120.150.193.23 - - [29/May/2025:00:27:22 +0000] "GET /assets/dist/js/app.min.js HTTP/1.1" 200 3475 "https://tasktrakker.com.au/admin/customer_notification_complete" "Mozilla/5.0 (Windows NT 10.0; Win64; x64) AppleWebKit/537.36 (KHTML, like Gecko) Chrome/136.0.0.0 Safari/537.36 Edg/136.0.0.0"
120.150.193.23 - - [29/May/2025:00:27:22 +0000] "GET /assets/plugins/datatables/dataTables.bootstrap.min.js HTTP/1.1" 200 1466 "https://tasktrakker.com.au/admin/customer_notification_complete" "Mozilla/5.0 (Windows NT 10.0; Win64; x64) AppleWebKit/537.36 (KHTML, like Gecko) Chrome/136.0.0.0 Safari/537.36 Edg/136.0.0.0"
120.150.193.23 - - [29/May/2025:00:27:22 +0000] "GET /assets/js/star-rating.js HTTP/1.1" 200 6062 "https://tasktrakker.com.au/admin/customer_notification_complete" "Mozilla/5.0 (Windows NT 10.0; Win64; x64) AppleWebKit/537.36 (KHTML, like Gecko) Chrome/136.0.0.0 Safari/537.36 Edg/136.0.0.0"
120.150.193.23 - - [29/May/2025:00:27:22 +0000] "GET /assets/dist/js/pages/dashboard.js?1748478442 HTTP/1.1" 200 4337 "https://tasktrakker.com.au/admin/customer_notification_complete" "Mozilla/5.0 (Windows NT 10.0; Win64; x64) AppleWebKit/537.36 (KHTML, like Gecko) Chrome/136.0.0.0 Safari/537.36 Edg/136.0.0.0"
120.150.193.23 - - [29/May/2025:00:27:22 +0000] "GET /assets/dist/js/demo.js HTTP/1.1" 200 3087 "https://tasktrakker.com.au/admin/customer_notification_complete" "Mozilla/5.0 (Windows NT 10.0; Win64; x64) AppleWebKit/537.36 (KHTML, like Gecko) Chrome/136.0.0.0 Safari/537.36 Edg/136.0.0.0"
120.150.193.23 - - [29/May/2025:00:27:22 +0000] "GET /assets/js/map.js HTTP/1.1" 200 479 "https://tasktrakker.com.au/admin/customer_notification_complete" "Mozilla/5.0 (Windows NT 10.0; Win64; x64) AppleWebKit/537.36 (KHTML, like Gecko) Chrome/136.0.0.0 Safari/537.36 Edg/136.0.0.0"
120.150.193.23 - - [29/May/2025:00:27:22 +0000] "GET /assets/js/archive.js HTTP/1.1" 200 600 "https://tasktrakker.com.au/admin/customer_notification_complete" "Mozilla/5.0 (Windows NT 10.0; Win64; x64) AppleWebKit/537.36 (KHTML, like Gecko) Chrome/136.0.0.0 Safari/537.36 Edg/136.0.0.0"
::1 - - [29/May/2025:00:27:27 +0000] "OPTIONS * HTTP/1.0" 200 126 "-" "Apache/2.4.58 (Ubuntu) OpenSSL/3.0.13 (internal dummy connection)"
207.46.13.54 - - [29/May/2025:00:28:05 +0000] "GET /index.php/admin/addleadview/7444 HTTP/1.1" 500 5040 "-" "Mozilla/5.0 AppleWebKit/537.36 (KHTML, like Gecko; compatible; bingbot/2.0; +http://www.bing.com/bingbot.htm) Chrome/116.0.1938.76 Safari/537.36"
157.55.39.201 - - [29/May/2025:00:28:36 +0000] "GET /index.php/admin/addcustomersview/6791 HTTP/1.1" 500 5084 "-" "Mozilla/5.0 AppleWebKit/537.36 (KHTML, like Gecko; compatible; bingbot/2.0; +http://www.bing.com/bingbot.htm) Chrome/116.0.1938.76 Safari/537.36"
34.78.54.180 - - [29/May/2025:00:29:33 +0000] "GET / HTTP/1.1" 302 2959 "-" "python-requests/2.32.3"
202.62.242.117 - - [29/May/2025:00:29:47 +0000] "-" 408 2571 "-" "-"
202.62.242.117 - - [29/May/2025:00:29:47 +0000] "-" 408 2570 "-" "-"
202.62.242.117 - - [29/May/2025:00:30:47 +0000] "-" 408 323 "-" "-"
202.62.242.117 - - [29/May/2025:00:30:47 +0000] "-" 408 323 "-" "-"
202.62.242.117 - - [29/May/2025:00:31:47 +0000] "-" 408 323 "-" "-"
202.62.242.117 - - [29/May/2025:00:31:47 +0000] "-" 408 323 "-" "-"
207.46.13.31 - - [29/May/2025:00:32:04 +0000] "GET /index.php/admin/addcustomersview/2067 HTTP/1.1" 500 5044 "-" "Mozilla/5.0 AppleWebKit/537.36 (KHTML, like Gecko; compatible; bingbot/2.0; +http://www.bing.com/bingbot.htm) Chrome/116.0.1938.76 Safari/537.36"
202.62.242.117 - - [29/May/2025:00:32:47 +0000] "-" 408 323 "-" "-"
202.62.242.117 - - [29/May/2025:00:32:47 +0000] "-" 408 323 "-" "-"
52.167.144.214 - - [29/May/2025:00:34:22 +0000] "GET /index.php/admin/booking_archive/6337 HTTP/1.1" 500 5044 "-" "Mozilla/5.0 AppleWebKit/537.36 (KHTML, like Gecko; compatible; bingbot/2.0; +http://www.bing.com/bingbot.htm) Chrome/116.0.1938.76 Safari/537.36"
202.62.242.117 - - [29/May/2025:00:35:38 +0000] "GET /index.php/admin/photo_view/6249 HTTP/1.1" 200 9574 "https://tasktrakker.com.au/index.php/admin/photo_form/6245" "Mozilla/5.0 (Windows NT 10.0; Win64; x64; rv:138.0) Gecko/20100101 Firefox/138.0"
202.62.242.117 - - [29/May/2025:00:35:38 +0000] "GET /assets/css/custom.css?1748478938 HTTP/1.1" 200 1143 "https://tasktrakker.com.au/index.php/admin/photo_view/6249" "Mozilla/5.0 (Windows NT 10.0; Win64; x64; rv:138.0) Gecko/20100101 Firefox/138.0"
202.62.242.117 - - [29/May/2025:00:35:38 +0000] "GET /assets/dist/js/pages/dashboard.js?1748478938 HTTP/1.1" 200 4661 "https://tasktrakker.com.au/index.php/admin/photo_view/6249" "Mozilla/5.0 (Windows NT 10.0; Win64; x64; rv:138.0) Gecko/20100101 Firefox/138.0"
202.62.242.117 - - [29/May/2025:00:35:40 +0000] "GET /index.php/admin/photo_used_action/6245 HTTP/1.1" 200 476 "https://tasktrakker.com.au/index.php/admin/photo_view/6249" "Mozilla/5.0 (Windows NT 10.0; Win64; x64; rv:138.0) Gecko/20100101 Firefox/138.0"
202.62.242.117 - - [29/May/2025:00:35:41 +0000] "GET /index.php/admin/photo_form/6246 HTTP/1.1" 200 7277 "https://tasktrakker.com.au/index.php/admin/photo_view/6249" "Mozilla/5.0 (Windows NT 10.0; Win64; x64; rv:138.0) Gecko/20100101 Firefox/138.0"
202.62.242.117 - - [29/May/2025:00:35:41 +0000] "GET /assets/css/custom.css?1748478941 HTTP/1.1" 200 1143 "https://tasktrakker.com.au/index.php/admin/photo_form/6246" "Mozilla/5.0 (Windows NT 10.0; Win64; x64; rv:138.0) Gecko/20100101 Firefox/138.0"
202.62.242.117 - - [29/May/2025:00:35:41 +0000] "GET /assets/dist/js/pages/dashboard.js?1748478941 HTTP/1.1" 200 4337 "https://tasktrakker.com.au/index.php/admin/photo_form/6246" "Mozilla/5.0 (Windows NT 10.0; Win64; x64; rv:138.0) Gecko/20100101 Firefox/138.0"
202.62.242.117 - - [29/May/2025:00:35:41 +0000] "GET /uploads/photos/6249_250506051157.jpeg HTTP/1.1" 404 610 "https://tasktrakker.com.au/index.php/admin/photo_form/6246" "Mozilla/5.0 (Windows NT 10.0; Win64; x64; rv:138.0) Gecko/20100101 Firefox/138.0"
1.157.171.26 - - [29/May/2025:00:36:49 +0000] "POST /index.php/cordova/get_bookings/106 HTTP/1.1" 200 3483 "https://www.tasktrakker.com.au/" "Mozilla/5.0 (Macintosh; Intel Mac OS X 10_15_7) AppleWebKit/605.1.15 (KHTML, like Gecko) Version/17.5 Safari/605.1.15"
1.157.171.26 - - [29/May/2025:00:36:49 +0000] "POST /index.php/cordova/get_booking_statuses/106/PENDING HTTP/1.1" 200 3081 "https://www.tasktrakker.com.au/" "Mozilla/5.0 (Macintosh; Intel Mac OS X 10_15_7) AppleWebKit/605.1.15 (KHTML, like Gecko) Version/17.5 Safari/605.1.15"
1.157.171.26 - - [29/May/2025:00:36:50 +0000] "POST /index.php/cordova/get_customers_for_photographer/106 HTTP/1.1" 200 2500 "https://www.tasktrakker.com.au/" "Mozilla/5.0 (Macintosh; Intel Mac OS X 10_15_7) AppleWebKit/605.1.15 (KHTML, like Gecko) Version/17.5 Safari/605.1.15"
1.157.171.26 - - [29/May/2025:00:36:50 +0000] "POST /index.php/cordova/get_all_customers/ HTTP/1.1" 301 590 "https://www.tasktrakker.com.au/" "Mozilla/5.0 (Macintosh; Intel Mac OS X 10_15_7) AppleWebKit/605.1.15 (KHTML, like Gecko) Version/17.5 Safari/605.1.15"
207.46.13.31 - - [29/May/2025:00:39:46 +0000] "GET /index.php/admin/deleteLeadop/4212 HTTP/1.1" 302 3129 "-" "Mozilla/5.0 AppleWebKit/537.36 (KHTML, like Gecko; compatible; bingbot/2.0; +http://www.bing.com/bingbot.htm) Chrome/116.0.1938.76 Safari/537.36"
207.46.13.63 - - [29/May/2025:00:39:48 +0000] "GET /admin/error_view HTTP/1.1" 302 2982 "-" "Mozilla/5.0 AppleWebKit/537.36 (KHTML, like Gecko; compatible; bingbot/2.0; +http://www.bing.com/bingbot.htm) Chrome/116.0.1938.76 Safari/537.36"
207.46.13.63 - - [29/May/2025:00:39:48 +0000] "GET /admin/main HTTP/1.1" 500 2213 "-" "Mozilla/5.0 AppleWebKit/537.36 (KHTML, like Gecko; compatible; bingbot/2.0; +http://www.bing.com/bingbot.htm) Chrome/116.0.1938.76 Safari/537.36"
207.46.13.153 - - [29/May/2025:00:43:46 +0000] "GET /index.php/admin/customer_archive_view/9299 HTTP/1.1" 302 3170 "-" "Mozilla/5.0 AppleWebKit/537.36 (KHTML, like Gecko; compatible; bingbot/2.0; +http://www.bing.com/bingbot.htm) Chrome/116.0.1938.76 Safari/537.36"
207.46.13.153 - - [29/May/2025:00:43:46 +0000] "GET /admin/error_view HTTP/1.1" 302 305 "-" "Mozilla/5.0 AppleWebKit/537.36 (KHTML, like Gecko; compatible; bingbot/2.0; +http://www.bing.com/bingbot.htm) Chrome/116.0.1938.76 Safari/537.36"
207.46.13.153 - - [29/May/2025:00:43:47 +0000] "GET /admin/main HTTP/1.1" 500 2213 "-" "Mozilla/5.0 AppleWebKit/537.36 (KHTML, like Gecko; compatible; bingbot/2.0; +http://www.bing.com/bingbot.htm) Chrome/116.0.1938.76 Safari/537.36"
202.62.242.117 - - [29/May/2025:00:43:51 +0000] "GET /index.php/admin/main HTTP/1.1" 200 9767 "https://tasktrakker.com.au/index.php/admin/addcustomersview/6893" "Mozilla/5.0 (Windows NT 10.0; Win64; x64) AppleWebKit/537.36 (KHTML, like Gecko) Chrome/136.0.0.0 Safari/537.36 Edg/136.0.0.0"
202.62.242.117 - - [29/May/2025:00:43:51 +0000] "GET /assets/css/custom.css?1748479431 HTTP/1.1" 200 1143 "https://tasktrakker.com.au/index.php/admin/main" "Mozilla/5.0 (Windows NT 10.0; Win64; x64) AppleWebKit/537.36 (KHTML, like Gecko) Chrome/136.0.0.0 Safari/537.36 Edg/136.0.0.0"
202.62.242.117 - - [29/May/2025:00:43:51 +0000] "GET /assets/dist/js/pages/dashboard.js?1748479431 HTTP/1.1" 200 6909 "https://tasktrakker.com.au/index.php/admin/main" "Mozilla/5.0 (Windows NT 10.0; Win64; x64) AppleWebKit/537.36 (KHTML, like Gecko) Chrome/136.0.0.0 Safari/537.36 Edg/136.0.0.0"
202.62.242.117 - - [29/May/2025:00:43:51 +0000] "GET /index.php/admin/get_fullcalendar?start=2025-04-27T00%3A00%3A00%2B10%3A00&end=2025-06-08T00%3A00%3A00%2B10%3A00 HTTP/1.1" 200 3797 "https://tasktrakker.com.au/index.php/admin/main" "Mozilla/5.0 (Windows NT 10.0; Win64; x64) AppleWebKit/537.36 (KHTML, like Gecko) Chrome/136.0.0.0 Safari/537.36 Edg/136.0.0.0"
202.62.242.117 - - [29/May/2025:00:43:52 +0000] "GET /index.php/admin/get_fullcalendar?start=2025-04-27T00%3A00%3A00%2B10%3A00&end=2025-06-08T00%3A00%3A00%2B10%3A00 HTTP/1.1" 200 3797 "https://tasktrakker.com.au/index.php/admin/main" "Mozilla/5.0 (Windows NT 10.0; Win64; x64) AppleWebKit/537.36 (KHTML, like Gecko) Chrome/136.0.0.0 Safari/537.36 Edg/136.0.0.0"
202.62.242.117 - - [29/May/2025:00:43:53 +0000] "GET /index.php/admin/get_fullcalendar?start=2025-06-01T00%3A00%3A00%2B10%3A00&end=2025-07-13T00%3A00%3A00%2B10%3A00 HTTP/1.1" 200 3596 "https://tasktrakker.com.au/index.php/admin/main" "Mozilla/5.0 (Windows NT 10.0; Win64; x64) AppleWebKit/537.36 (KHTML, like Gecko) Chrome/136.0.0.0 Safari/537.36 Edg/136.0.0.0"
202.62.242.117 - - [29/May/2025:00:45:47 +0000] "GET /index.php/admin/addcustomersview/9672 HTTP/1.1" 200 10845 "https://tasktrakker.com.au/index.php/admin/main" "Mozilla/5.0 (Windows NT 10.0; Win64; x64) AppleWebKit/537.36 (KHTML, like Gecko) Chrome/136.0.0.0 Safari/537.36 Edg/136.0.0.0"
202.62.242.117 - - [29/May/2025:00:45:47 +0000] "GET /assets/css/custom.css?1748479547 HTTP/1.1" 200 1143 "https://tasktrakker.com.au/index.php/admin/addcustomersview/9672" "Mozilla/5.0 (Windows NT 10.0; Win64; x64) AppleWebKit/537.36 (KHTML, like Gecko) Chrome/136.0.0.0 Safari/537.36 Edg/136.0.0.0"
202.62.242.117 - - [29/May/2025:00:45:47 +0000] "GET /assets/dist/js/pages/dashboard.js?1748479547 HTTP/1.1" 200 4661 "https://tasktrakker.com.au/index.php/admin/addcustomersview/9672" "Mozilla/5.0 (Windows NT 10.0; Win64; x64) AppleWebKit/537.36 (KHTML, like Gecko) Chrome/136.0.0.0 Safari/537.36 Edg/136.0.0.0"
202.62.242.117 - - [29/May/2025:00:45:56 +0000] "GET /index.php/admin/main HTTP/1.1" 200 7378 "https://tasktrakker.com.au/index.php/admin/addcustomersview/9672" "Mozilla/5.0 (Windows NT 10.0; Win64; x64) AppleWebKit/537.36 (KHTML, like Gecko) Chrome/136.0.0.0 Safari/537.36 Edg/136.0.0.0"
202.62.242.117 - - [29/May/2025:00:45:56 +0000] "GET /assets/css/custom.css?1748479556 HTTP/1.1" 200 1143 "https://tasktrakker.com.au/index.php/admin/main" "Mozilla/5.0 (Windows NT 10.0; Win64; x64) AppleWebKit/537.36 (KHTML, like Gecko) Chrome/136.0.0.0 Safari/537.36 Edg/136.0.0.0"
202.62.242.117 - - [29/May/2025:00:45:56 +0000] "GET /assets/dist/js/pages/dashboard.js?1748479556 HTTP/1.1" 200 4661 "https://tasktrakker.com.au/index.php/admin/main" "Mozilla/5.0 (Windows NT 10.0; Win64; x64) AppleWebKit/537.36 (KHTML, like Gecko) Chrome/136.0.0.0 Safari/537.36 Edg/136.0.0.0"
202.62.242.117 - - [29/May/2025:00:45:56 +0000] "GET /index.php/admin/get_fullcalendar?start=2025-04-27T00%3A00%3A00%2B10%3A00&end=2025-06-08T00%3A00%3A00%2B10%3A00 HTTP/1.1" 200 3797 "https://tasktrakker.com.au/index.php/admin/main" "Mozilla/5.0 (Windows NT 10.0; Win64; x64) AppleWebKit/537.36 (KHTML, like Gecko) Chrome/136.0.0.0 Safari/537.36 Edg/136.0.0.0"
202.62.242.117 - - [29/May/2025:00:45:56 +0000] "GET /index.php/admin/get_fullcalendar?start=2025-06-01T00%3A00%3A00%2B10%3A00&end=2025-07-13T00%3A00%3A00%2B10%3A00 HTTP/1.1" 200 3596 "https://tasktrakker.com.au/index.php/admin/main" "Mozilla/5.0 (Windows NT 10.0; Win64; x64) AppleWebKit/537.36 (KHTML, like Gecko) Chrome/136.0.0.0 Safari/537.36 Edg/136.0.0.0"
157.55.39.192 - - [29/May/2025:00:46:46 +0000] "GET /index.php/admin/addcustomersview/5381 HTTP/1.1" 500 5045 "-" "Mozilla/5.0 AppleWebKit/537.36 (KHTML, like Gecko; compatible; bingbot/2.0; +http://www.bing.com/bingbot.htm) Chrome/116.0.1938.76 Safari/537.36"
202.62.242.117 - - [29/May/2025:00:47:16 +0000] "-" 408 323 "-" "-"
202.62.242.117 - - [29/May/2025:00:47:16 +0000] "-" 408 323 "-" "-"
207.46.13.63 - - [29/May/2025:00:47:36 +0000] "GET /index.php/admin/addcustomersview/6691 HTTP/1.1" 500 5044 "-" "Mozilla/5.0 AppleWebKit/537.36 (KHTML, like Gecko; compatible; bingbot/2.0; +http://www.bing.com/bingbot.htm) Chrome/116.0.1938.76 Safari/537.36"
202.62.242.117 - - [29/May/2025:00:48:16 +0000] "-" 408 323 "-" "-"
202.62.242.117 - - [29/May/2025:00:48:16 +0000] "-" 408 323 "-" "-"
202.62.242.117 - - [29/May/2025:00:49:00 +0000] "GET /index.php/admin/addcustomersview/9672 HTTP/1.1" 200 10986 "https://tasktrakker.com.au/index.php/admin/main" "Mozilla/5.0 (Windows NT 10.0; Win64; x64) AppleWebKit/537.36 (KHTML, like Gecko) Chrome/136.0.0.0 Safari/537.36 Edg/136.0.0.0"
202.62.242.117 - - [29/May/2025:00:49:00 +0000] "GET /assets/css/custom.css?1748479740 HTTP/1.1" 200 1143 "https://tasktrakker.com.au/index.php/admin/addcustomersview/9672" "Mozilla/5.0 (Windows NT 10.0; Win64; x64) AppleWebKit/537.36 (KHTML, like Gecko) Chrome/136.0.0.0 Safari/537.36 Edg/136.0.0.0"
202.62.242.117 - - [29/May/2025:00:49:00 +0000] "GET /assets/dist/js/pages/dashboard.js?1748479740 HTTP/1.1" 200 4661 "https://tasktrakker.com.au/index.php/admin/addcustomersview/9672" "Mozilla/5.0 (Windows NT 10.0; Win64; x64) AppleWebKit/537.36 (KHTML, like Gecko) Chrome/136.0.0.0 Safari/537.36 Edg/136.0.0.0"
157.55.39.192 - - [29/May/2025:00:50:06 +0000] "GET /index.php/admin/addcustomersview/6172 HTTP/1.1" 500 5046 "-" "Mozilla/5.0 AppleWebKit/537.36 (KHTML, like Gecko; compatible; bingbot/2.0; +http://www.bing.com/bingbot.htm) Chrome/116.0.1938.76 Safari/537.36"
202.62.242.117 - - [29/May/2025:00:50:21 +0000] "-" 408 323 "-" "-"
202.62.242.117 - - [29/May/2025:00:50:21 +0000] "-" 408 323 "-" "-"
157.55.39.60 - - [29/May/2025:00:51:08 +0000] "GET /index.php/admin/addleadview/4882 HTTP/1.1" 500 5040 "-" "Mozilla/5.0 AppleWebKit/537.36 (KHTML, like Gecko; compatible; bingbot/2.0; +http://www.bing.com/bingbot.htm) Chrome/116.0.1938.76 Safari/537.36"
202.62.242.117 - - [29/May/2025:00:51:17 +0000] "GET /index.php/admin/main HTTP/1.1" 200 7378 "https://tasktrakker.com.au/index.php/admin/addcustomersview/9672" "Mozilla/5.0 (Windows NT 10.0; Win64; x64) AppleWebKit/537.36 (KHTML, like Gecko) Chrome/136.0.0.0 Safari/537.36 Edg/136.0.0.0"
202.62.242.117 - - [29/May/2025:00:51:17 +0000] "GET /assets/css/custom.css?1748479877 HTTP/1.1" 200 1143 "https://tasktrakker.com.au/index.php/admin/main" "Mozilla/5.0 (Windows NT 10.0; Win64; x64) AppleWebKit/537.36 (KHTML, like Gecko) Chrome/136.0.0.0 Safari/537.36 Edg/136.0.0.0"
202.62.242.117 - - [29/May/2025:00:51:17 +0000] "GET /assets/dist/js/pages/dashboard.js?1748479877 HTTP/1.1" 200 4661 "https://tasktrakker.com.au/index.php/admin/main" "Mozilla/5.0 (Windows NT 10.0; Win64; x64) AppleWebKit/537.36 (KHTML, like Gecko) Chrome/136.0.0.0 Safari/537.36 Edg/136.0.0.0"
202.62.242.117 - - [29/May/2025:00:51:17 +0000] "GET /index.php/admin/get_fullcalendar?start=2025-04-27T00%3A00%3A00%2B10%3A00&end=2025-06-08T00%3A00%3A00%2B10%3A00 HTTP/1.1" 200 3797 "https://tasktrakker.com.au/index.php/admin/main" "Mozilla/5.0 (Windows NT 10.0; Win64; x64) AppleWebKit/537.36 (KHTML, like Gecko) Chrome/136.0.0.0 Safari/537.36 Edg/136.0.0.0"
202.62.242.117 - - [29/May/2025:00:51:17 +0000] "GET /index.php/admin/get_fullcalendar?start=2025-06-01T00%3A00%3A00%2B10%3A00&end=2025-07-13T00%3A00%3A00%2B10%3A00 HTTP/1.1" 200 3596 "https://tasktrakker.com.au/index.php/admin/main" "Mozilla/5.0 (Windows NT 10.0; Win64; x64) AppleWebKit/537.36 (KHTML, like Gecko) Chrome/136.0.0.0 Safari/537.36 Edg/136.0.0.0"
202.62.242.117 - - [29/May/2025:00:51:20 +0000] "GET /index.php/admin/get_fullcalendar?start=2025-04-27T00%3A00%3A00%2B10%3A00&end=2025-06-08T00%3A00%3A00%2B10%3A00 HTTP/1.1" 200 3797 "https://tasktrakker.com.au/index.php/admin/main" "Mozilla/5.0 (Windows NT 10.0; Win64; x64) AppleWebKit/537.36 (KHTML, like Gecko) Chrome/136.0.0.0 Safari/537.36 Edg/136.0.0.0"
202.62.242.117 - - [29/May/2025:00:52:37 +0000] "-" 408 323 "-" "-"
202.62.242.117 - - [29/May/2025:00:52:37 +0000] "-" 408 323 "-" "-"
202.62.242.117 - - [29/May/2025:00:52:43 +0000] "GET / HTTP/1.1" 404 501 "-" "Mozilla/5.0 (Windows NT 10.0; Win64; x64) AppleWebKit/537.36 (KHTML, like Gecko) Chrome/136.0.0.0 Safari/537.36 Edg/136.0.0.0"
202.62.242.117 - - [29/May/2025:00:52:43 +0000] "GET /favicon.ico HTTP/1.1" 404 500 "http://www.tasktrakker.com.au/" "Mozilla/5.0 (Windows NT 10.0; Win64; x64) AppleWebKit/537.36 (KHTML, like Gecko) Chrome/136.0.0.0 Safari/537.36 Edg/136.0.0.0"
202.62.242.117 - - [29/May/2025:00:52:54 +0000] "GET / HTTP/1.1" 302 2947 "-" "Mozilla/5.0 (Windows NT 10.0; Win64; x64) AppleWebKit/537.36 (KHTML, like Gecko) Chrome/136.0.0.0 Safari/537.36 Edg/136.0.0.0"
202.62.242.117 - - [29/May/2025:00:52:54 +0000] "GET /index.php/admin/login HTTP/1.1" 200 4494 "-" "Mozilla/5.0 (Windows NT 10.0; Win64; x64) AppleWebKit/537.36 (KHTML, like Gecko) Chrome/136.0.0.0 Safari/537.36 Edg/136.0.0.0"
202.62.242.117 - - [29/May/2025:00:52:57 +0000] "POST /index.php/admin/auth HTTP/1.1" 303 624 "https://tasktrakker.com.au/index.php/admin/login" "Mozilla/5.0 (Windows NT 10.0; Win64; x64) AppleWebKit/537.36 (KHTML, like Gecko) Chrome/136.0.0.0 Safari/537.36 Edg/136.0.0.0"
202.62.242.117 - - [29/May/2025:00:52:57 +0000] "GET /admin/main HTTP/1.1" 200 7050 "https://tasktrakker.com.au/index.php/admin/login" "Mozilla/5.0 (Windows NT 10.0; Win64; x64) AppleWebKit/537.36 (KHTML, like Gecko) Chrome/136.0.0.0 Safari/537.36 Edg/136.0.0.0"
202.62.242.117 - - [29/May/2025:00:52:57 +0000] "GET /assets/css/custom.css?1748479977 HTTP/1.1" 200 1143 "https://tasktrakker.com.au/admin/main" "Mozilla/5.0 (Windows NT 10.0; Win64; x64) AppleWebKit/537.36 (KHTML, like Gecko) Chrome/136.0.0.0 Safari/537.36 Edg/136.0.0.0"
202.62.242.117 - - [29/May/2025:00:52:57 +0000] "GET /assets/dist/js/pages/dashboard.js?1748479977 HTTP/1.1" 200 4661 "https://tasktrakker.com.au/admin/main" "Mozilla/5.0 (Windows NT 10.0; Win64; x64) AppleWebKit/537.36 (KHTML, like Gecko) Chrome/136.0.0.0 Safari/537.36 Edg/136.0.0.0"
202.62.242.117 - - [29/May/2025:00:52:57 +0000] "GET /index.php/admin/get_fullcalendar?start=2025-04-27T00%3A00%3A00%2B10%3A00&end=2025-06-08T00%3A00%3A00%2B10%3A00 HTTP/1.1" 200 3797 "https://tasktrakker.com.au/admin/main" "Mozilla/5.0 (Windows NT 10.0; Win64; x64) AppleWebKit/537.36 (KHTML, like Gecko) Chrome/136.0.0.0 Safari/537.36 Edg/136.0.0.0"
202.62.242.117 - - [29/May/2025:00:53:01 +0000] "GET /index.php/admin/get_fullcalendar?start=2025-06-01T00%3A00%3A00%2B10%3A00&end=2025-07-13T00%3A00%3A00%2B10%3A00 HTTP/1.1" 200 3920 "https://tasktrakker.com.au/index.php/admin/main" "Mozilla/5.0 (Windows NT 10.0; Win64; x64) AppleWebKit/537.36 (KHTML, like Gecko) Chrome/136.0.0.0 Safari/537.36 Edg/136.0.0.0"
