202.62.242.117 - - [27/May/2025:02:22:28 +0000] "GET /assets/dist/js/pages/dashboard.js?1748312548 HTTP/1.1" 200 4337 "https://tasktrakker.com.au/index.php/admin/main" "Mozilla/5.0 (Windows NT 10.0; Win64; x64) AppleWebKit/537.36 (KHTML, like Gecko) Chrome/136.0.0.0 Safari/537.36 Edg/136.0.0.0"
202.62.242.117 - - [27/May/2025:02:22:28 +0000] "GET /index.php/admin/get_fullcalendar?start=2025-04-27T00%3A00%3A00%2B10%3A00&end=2025-06-08T00%3A00%3A00%2B10%3A00 HTTP/1.1" 200 3818 "https://tasktrakker.com.au/index.php/admin/main" "Mozilla/5.0 (Windows NT 10.0; Win64; x64) AppleWebKit/537.36 (KHTML, like Gecko) Chrome/136.0.0.0 Safari/537.36 Edg/136.0.0.0"
202.62.242.117 - - [27/May/2025:02:22:28 +0000] "GET /index.php/admin/get_fullcalendar?start=2025-06-01T00%3A00%3A00%2B10%3A00&end=2025-07-13T00%3A00%3A00%2B10%3A00 HTTP/1.1" 200 3549 "https://tasktrakker.com.au/index.php/admin/main" "Mozilla/5.0 (Windows NT 10.0; Win64; x64) AppleWebKit/537.36 (KHTML, like Gecko) Chrome/136.0.0.0 Safari/537.36 Edg/136.0.0.0"
202.62.242.117 - - [27/May/2025:02:22:30 +0000] "GET /index.php/admin/addcustomersview/6790 HTTP/1.1" 200 10065 "https://tasktrakker.com.au/index.php/admin/main" "Mozilla/5.0 (Windows NT 10.0; Win64; x64) AppleWebKit/537.36 (KHTML, like Gecko) Chrome/136.0.0.0 Safari/537.36 Edg/136.0.0.0"
202.62.242.117 - - [27/May/2025:02:22:31 +0000] "GET /assets/css/custom.css?1748312550 HTTP/1.1" 200 1143 "https://tasktrakker.com.au/index.php/admin/addcustomersview/6790" "Mozilla/5.0 (Windows NT 10.0; Win64; x64) AppleWebKit/537.36 (KHTML, like Gecko) Chrome/136.0.0.0 Safari/537.36 Edg/136.0.0.0"
202.62.242.117 - - [27/May/2025:02:22:31 +0000] "GET /assets/dist/js/pages/dashboard.js?1748312550 HTTP/1.1" 200 4337 "https://tasktrakker.com.au/index.php/admin/addcustomersview/6790" "Mozilla/5.0 (Windows NT 10.0; Win64; x64) AppleWebKit/537.36 (KHTML, like Gecko) Chrome/136.0.0.0 Safari/537.36 Edg/136.0.0.0"
49.186.135.75 - - [27/May/2025:02:22:54 +0000] "GET / HTTP/1.1" 404 501 "-" "Mozilla/5.0 (iPhone; CPU iPhone OS 18_4_1 like Mac OS X) AppleWebKit/605.1.15 (KHTML, like Gecko) Version/18.4 Mobile/15E148 Safari/604.1"
202.62.242.117 - - [27/May/2025:02:23:51 +0000] "-" 408 323 "-" "-"
202.62.242.117 - - [27/May/2025:02:23:51 +0000] "-" 408 323 "-" "-"
202.62.242.117 - - [27/May/2025:02:24:51 +0000] "-" 408 323 "-" "-"
202.62.242.117 - - [27/May/2025:02:24:51 +0000] "-" 408 323 "-" "-"
40.77.167.22 - - [27/May/2025:02:25:17 +0000] "GET /index.php/admin/booking_create_view/9668 HTTP/1.1" 500 5048 "-" "Mozilla/5.0 AppleWebKit/537.36 (KHTML, like Gecko; compatible; bingbot/2.0; +http://www.bing.com/bingbot.htm) Chrome/116.0.1938.76 Safari/537.36"
202.62.242.117 - - [27/May/2025:02:25:57 +0000] "GET /index.php/admin/main HTTP/1.1" 200 9765 "https://tasktrakker.com.au/index.php/admin/addcustomersview/9601" "Mozilla/5.0 (Windows NT 10.0; Win64; x64; rv:138.0) Gecko/20100101 Firefox/138.0"
202.62.242.117 - - [27/May/2025:02:25:57 +0000] "GET /assets/css/custom.css?1748312757 HTTP/1.1" 200 1143 "https://tasktrakker.com.au/index.php/admin/main" "Mozilla/5.0 (Windows NT 10.0; Win64; x64; rv:138.0) Gecko/20100101 Firefox/138.0"
202.62.242.117 - - [27/May/2025:02:25:57 +0000] "GET /assets/dist/js/pages/dashboard.js?1748312757 HTTP/1.1" 200 6909 "https://tasktrakker.com.au/index.php/admin/main" "Mozilla/5.0 (Windows NT 10.0; Win64; x64; rv:138.0) Gecko/20100101 Firefox/138.0"
202.62.242.117 - - [27/May/2025:02:25:57 +0000] "GET /index.php/admin/get_fullcalendar?start=2025-04-27T00%3A00%3A00%2B10%3A00&end=2025-06-08T00%3A00%3A00%2B10%3A00 HTTP/1.1" 200 3818 "https://tasktrakker.com.au/index.php/admin/main" "Mozilla/5.0 (Windows NT 10.0; Win64; x64; rv:138.0) Gecko/20100101 Firefox/138.0"
202.62.242.117 - - [27/May/2025:02:25:57 +0000] "GET /index.php/admin/get_fullcalendar?start=2025-06-01T00%3A00%3A00%2B10%3A00&end=2025-07-13T00%3A00%3A00%2B10%3A00 HTTP/1.1" 200 3873 "https://tasktrakker.com.au/index.php/admin/main" "Mozilla/5.0 (Windows NT 10.0; Win64; x64; rv:138.0) Gecko/20100101 Firefox/138.0"
202.62.242.117 - - [27/May/2025:02:25:58 +0000] "GET /index.php/admin/manageCustomers HTTP/1.1" 200 37661 "https://tasktrakker.com.au/index.php/admin/main" "Mozilla/5.0 (Windows NT 10.0; Win64; x64; rv:138.0) Gecko/20100101 Firefox/138.0"
202.62.242.117 - - [27/May/2025:02:25:58 +0000] "GET /assets/css/custom.css?1748312758 HTTP/1.1" 200 1143 "https://tasktrakker.com.au/index.php/admin/manageCustomers" "Mozilla/5.0 (Windows NT 10.0; Win64; x64; rv:138.0) Gecko/20100101 Firefox/138.0"
202.62.242.117 - - [27/May/2025:02:25:58 +0000] "GET /assets/dist/js/pages/dashboard.js?1748312758 HTTP/1.1" 200 4337 "https://tasktrakker.com.au/index.php/admin/manageCustomers" "Mozilla/5.0 (Windows NT 10.0; Win64; x64; rv:138.0) Gecko/20100101 Firefox/138.0"
::1 - - [27/May/2025:02:26:03 +0000] "OPTIONS * HTTP/1.0" 200 126 "-" "Apache/2.4.58 (Ubuntu) OpenSSL/3.0.13 (internal dummy connection)"
202.62.242.117 - - [27/May/2025:02:26:23 +0000] "GET /index.php/admin/addcustomersview/9498 HTTP/1.1" 200 10341 "https://tasktrakker.com.au/index.php/admin/manageCustomers" "Mozilla/5.0 (Windows NT 10.0; Win64; x64; rv:138.0) Gecko/20100101 Firefox/138.0"
202.62.242.117 - - [27/May/2025:02:26:23 +0000] "GET /assets/css/custom.css?1748312783 HTTP/1.1" 200 1143 "https://tasktrakker.com.au/index.php/admin/addcustomersview/9498" "Mozilla/5.0 (Windows NT 10.0; Win64; x64; rv:138.0) Gecko/20100101 Firefox/138.0"
202.62.242.117 - - [27/May/2025:02:26:23 +0000] "GET /assets/dist/js/pages/dashboard.js?1748312783 HTTP/1.1" 200 4661 "https://tasktrakker.com.au/index.php/admin/addcustomersview/9498" "Mozilla/5.0 (Windows NT 10.0; Win64; x64; rv:138.0) Gecko/20100101 Firefox/138.0"
157.55.39.62 - - [27/May/2025:02:28:47 +0000] "GET /index.php/admin/deleteLeadop/4683 HTTP/1.1" 302 3131 "-" "Mozilla/5.0 AppleWebKit/537.36 (KHTML, like Gecko; compatible; bingbot/2.0; +http://www.bing.com/bingbot.htm) Chrome/116.0.1938.76 Safari/537.36"
157.55.39.62 - - [27/May/2025:02:28:48 +0000] "GET /admin/error_view HTTP/1.1" 302 305 "-" "Mozilla/5.0 AppleWebKit/537.36 (KHTML, like Gecko; compatible; bingbot/2.0; +http://www.bing.com/bingbot.htm) Chrome/116.0.1938.76 Safari/537.36"
157.55.39.62 - - [27/May/2025:02:28:49 +0000] "GET /admin/main HTTP/1.1" 500 2213 "-" "Mozilla/5.0 AppleWebKit/537.36 (KHTML, like Gecko; compatible; bingbot/2.0; +http://www.bing.com/bingbot.htm) Chrome/116.0.1938.76 Safari/537.36"
35.95.69.36 - - [27/May/2025:02:29:28 +0000] "GET / HTTP/1.1" 404 453 "-" "Mozilla/5.0 (Macintosh; Intel Mac OS X 10_11_5) AppleWebKit/537.36 (KHTML, like Gecko) Chrome/50.0.2661.102 Safari/537.36"
202.62.242.117 - - [27/May/2025:02:29:54 +0000] "GET /index.php/admin/main HTTP/1.1" 200 9767 "https://tasktrakker.com.au/index.php/admin/addcustomersview/6790" "Mozilla/5.0 (Windows NT 10.0; Win64; x64) AppleWebKit/537.36 (KHTML, like Gecko) Chrome/136.0.0.0 Safari/537.36 Edg/136.0.0.0"
202.62.242.117 - - [27/May/2025:02:29:55 +0000] "GET /assets/css/custom.css?1748312995 HTTP/1.1" 200 1143 "https://tasktrakker.com.au/index.php/admin/main" "Mozilla/5.0 (Windows NT 10.0; Win64; x64) AppleWebKit/537.36 (KHTML, like Gecko) Chrome/136.0.0.0 Safari/537.36 Edg/136.0.0.0"
202.62.242.117 - - [27/May/2025:02:29:55 +0000] "GET /assets/dist/js/pages/dashboard.js?1748312995 HTTP/1.1" 200 6909 "https://tasktrakker.com.au/index.php/admin/main" "Mozilla/5.0 (Windows NT 10.0; Win64; x64) AppleWebKit/537.36 (KHTML, like Gecko) Chrome/136.0.0.0 Safari/537.36 Edg/136.0.0.0"
202.62.242.117 - - [27/May/2025:02:29:55 +0000] "GET /index.php/admin/get_fullcalendar?start=2025-04-27T00%3A00%3A00%2B10%3A00&end=2025-06-08T00%3A00%3A00%2B10%3A00 HTTP/1.1" 200 3818 "https://tasktrakker.com.au/index.php/admin/main" "Mozilla/5.0 (Windows NT 10.0; Win64; x64) AppleWebKit/537.36 (KHTML, like Gecko) Chrome/136.0.0.0 Safari/537.36 Edg/136.0.0.0"
202.62.242.117 - - [27/May/2025:02:29:55 +0000] "GET /index.php/admin/get_fullcalendar?start=2025-06-01T00%3A00%3A00%2B10%3A00&end=2025-07-13T00%3A00%3A00%2B10%3A00 HTTP/1.1" 200 3549 "https://tasktrakker.com.au/index.php/admin/main" "Mozilla/5.0 (Windows NT 10.0; Win64; x64) AppleWebKit/537.36 (KHTML, like Gecko) Chrome/136.0.0.0 Safari/537.36 Edg/136.0.0.0"
202.62.242.117 - - [27/May/2025:02:31:01 +0000] "GET /index.php/admin/addcustomersview/9686 HTTP/1.1" 200 10369 "https://tasktrakker.com.au/index.php/admin/main" "Mozilla/5.0 (Windows NT 10.0; Win64; x64) AppleWebKit/537.36 (KHTML, like Gecko) Chrome/136.0.0.0 Safari/537.36 Edg/136.0.0.0"
202.62.242.117 - - [27/May/2025:02:31:01 +0000] "GET /assets/css/custom.css?1748313061 HTTP/1.1" 200 1143 "https://tasktrakker.com.au/index.php/admin/addcustomersview/9686" "Mozilla/5.0 (Windows NT 10.0; Win64; x64) AppleWebKit/537.36 (KHTML, like Gecko) Chrome/136.0.0.0 Safari/537.36 Edg/136.0.0.0"
202.62.242.117 - - [27/May/2025:02:31:01 +0000] "GET /assets/dist/js/pages/dashboard.js?1748313061 HTTP/1.1" 200 4661 "https://tasktrakker.com.au/index.php/admin/addcustomersview/9686" "Mozilla/5.0 (Windows NT 10.0; Win64; x64) AppleWebKit/537.36 (KHTML, like Gecko) Chrome/136.0.0.0 Safari/537.36 Edg/136.0.0.0"
157.55.39.201 - - [27/May/2025:02:31:44 +0000] "GET /index.php/admin/addleadview/3650 HTTP/1.1" 500 5041 "-" "Mozilla/5.0 AppleWebKit/537.36 (KHTML, like Gecko; compatible; bingbot/2.0; +http://www.bing.com/bingbot.htm) Chrome/116.0.1938.76 Safari/537.36"
45.79.115.134 - - [27/May/2025:02:32:12 +0000] "GET / HTTP/1.1" 404 434 "-" "Mozilla/5.0 zgrab/0.x"
202.62.242.117 - - [27/May/2025:02:32:22 +0000] "-" 408 323 "-" "-"
202.62.242.117 - - [27/May/2025:02:32:22 +0000] "-" 408 323 "-" "-"
202.62.242.117 - - [27/May/2025:02:32:29 +0000] "GET /index.php/admin/main HTTP/1.1" 200 7379 "https://tasktrakker.com.au/index.php/admin/addcustomersview/9686" "Mozilla/5.0 (Windows NT 10.0; Win64; x64) AppleWebKit/537.36 (KHTML, like Gecko) Chrome/136.0.0.0 Safari/537.36 Edg/136.0.0.0"
202.62.242.117 - - [27/May/2025:02:32:29 +0000] "GET /assets/css/custom.css?1748313149 HTTP/1.1" 200 1143 "https://tasktrakker.com.au/index.php/admin/main" "Mozilla/5.0 (Windows NT 10.0; Win64; x64) AppleWebKit/537.36 (KHTML, like Gecko) Chrome/136.0.0.0 Safari/537.36 Edg/136.0.0.0"
202.62.242.117 - - [27/May/2025:02:32:29 +0000] "GET /assets/dist/js/pages/dashboard.js?1748313149 HTTP/1.1" 200 4661 "https://tasktrakker.com.au/index.php/admin/main" "Mozilla/5.0 (Windows NT 10.0; Win64; x64) AppleWebKit/537.36 (KHTML, like Gecko) Chrome/136.0.0.0 Safari/537.36 Edg/136.0.0.0"
202.62.242.117 - - [27/May/2025:02:32:29 +0000] "GET /index.php/admin/get_fullcalendar?start=2025-04-27T00%3A00%3A00%2B10%3A00&end=2025-06-08T00%3A00%3A00%2B10%3A00 HTTP/1.1" 200 3818 "https://tasktrakker.com.au/index.php/admin/main" "Mozilla/5.0 (Windows NT 10.0; Win64; x64) AppleWebKit/537.36 (KHTML, like Gecko) Chrome/136.0.0.0 Safari/537.36 Edg/136.0.0.0"
202.62.242.117 - - [27/May/2025:02:32:29 +0000] "GET /index.php/admin/get_fullcalendar?start=2025-06-01T00%3A00%3A00%2B10%3A00&end=2025-07-13T00%3A00%3A00%2B10%3A00 HTTP/1.1" 200 3549 "https://tasktrakker.com.au/index.php/admin/main" "Mozilla/5.0 (Windows NT 10.0; Win64; x64) AppleWebKit/537.36 (KHTML, like Gecko) Chrome/136.0.0.0 Safari/537.36 Edg/136.0.0.0"
202.62.242.117 - - [27/May/2025:02:32:31 +0000] "GET /index.php/admin/addcustomersview/6790 HTTP/1.1" 200 10063 "https://tasktrakker.com.au/index.php/admin/main" "Mozilla/5.0 (Windows NT 10.0; Win64; x64) AppleWebKit/537.36 (KHTML, like Gecko) Chrome/136.0.0.0 Safari/537.36 Edg/136.0.0.0"
202.62.242.117 - - [27/May/2025:02:32:31 +0000] "GET /assets/css/custom.css?1748313151 HTTP/1.1" 200 1143 "https://tasktrakker.com.au/index.php/admin/addcustomersview/6790" "Mozilla/5.0 (Windows NT 10.0; Win64; x64) AppleWebKit/537.36 (KHTML, like Gecko) Chrome/136.0.0.0 Safari/537.36 Edg/136.0.0.0"
202.62.242.117 - - [27/May/2025:02:32:31 +0000] "GET /assets/dist/js/pages/dashboard.js?1748313151 HTTP/1.1" 200 4337 "https://tasktrakker.com.au/index.php/admin/addcustomersview/6790" "Mozilla/5.0 (Windows NT 10.0; Win64; x64) AppleWebKit/537.36 (KHTML, like Gecko) Chrome/136.0.0.0 Safari/537.36 Edg/136.0.0.0"
157.55.39.62 - - [27/May/2025:02:33:18 +0000] "GET /index.php/admin/convert_customer_to_lead/9502 HTTP/1.1" 302 3129 "-" "Mozilla/5.0 AppleWebKit/537.36 (KHTML, like Gecko; compatible; bingbot/2.0; +http://www.bing.com/bingbot.htm) Chrome/116.0.1938.76 Safari/537.36"
157.55.39.62 - - [27/May/2025:02:33:19 +0000] "GET /admin/error_view HTTP/1.1" 302 305 "-" "Mozilla/5.0 AppleWebKit/537.36 (KHTML, like Gecko; compatible; bingbot/2.0; +http://www.bing.com/bingbot.htm) Chrome/116.0.1938.76 Safari/537.36"
157.55.39.62 - - [27/May/2025:02:33:20 +0000] "GET /admin/main HTTP/1.1" 500 2213 "-" "Mozilla/5.0 AppleWebKit/537.36 (KHTML, like Gecko; compatible; bingbot/2.0; +http://www.bing.com/bingbot.htm) Chrome/116.0.1938.76 Safari/537.36"
202.62.242.117 - - [27/May/2025:02:33:51 +0000] "-" 408 323 "-" "-"
202.62.242.117 - - [27/May/2025:02:33:51 +0000] "-" 408 323 "-" "-"
202.62.242.117 - - [27/May/2025:02:34:51 +0000] "-" 408 323 "-" "-"
202.62.242.117 - - [27/May/2025:02:34:51 +0000] "-" 408 323 "-" "-"
202.62.242.117 - - [27/May/2025:02:35:35 +0000] "GET /index.php/admin/main HTTP/1.1" 200 7521 "https://tasktrakker.com.au/index.php/admin/addcustomersview/6790" "Mozilla/5.0 (Windows NT 10.0; Win64; x64) AppleWebKit/537.36 (KHTML, like Gecko) Chrome/136.0.0.0 Safari/537.36 Edg/136.0.0.0"
202.62.242.117 - - [27/May/2025:02:35:35 +0000] "GET /assets/css/custom.css?1748313335 HTTP/1.1" 200 1143 "https://tasktrakker.com.au/index.php/admin/main" "Mozilla/5.0 (Windows NT 10.0; Win64; x64) AppleWebKit/537.36 (KHTML, like Gecko) Chrome/136.0.0.0 Safari/537.36 Edg/136.0.0.0"
202.62.242.117 - - [27/May/2025:02:35:35 +0000] "GET /assets/dist/js/pages/dashboard.js?1748313335 HTTP/1.1" 200 4661 "https://tasktrakker.com.au/index.php/admin/main" "Mozilla/5.0 (Windows NT 10.0; Win64; x64) AppleWebKit/537.36 (KHTML, like Gecko) Chrome/136.0.0.0 Safari/537.36 Edg/136.0.0.0"
202.62.242.117 - - [27/May/2025:02:35:35 +0000] "GET /index.php/admin/get_fullcalendar?start=2025-04-27T00%3A00%3A00%2B10%3A00&end=2025-06-08T00%3A00%3A00%2B10%3A00 HTTP/1.1" 200 3818 "https://tasktrakker.com.au/index.php/admin/main" "Mozilla/5.0 (Windows NT 10.0; Win64; x64) AppleWebKit/537.36 (KHTML, like Gecko) Chrome/136.0.0.0 Safari/537.36 Edg/136.0.0.0"
202.62.242.117 - - [27/May/2025:02:35:35 +0000] "GET /index.php/admin/get_fullcalendar?start=2025-06-01T00%3A00%3A00%2B10%3A00&end=2025-07-13T00%3A00%3A00%2B10%3A00 HTTP/1.1" 200 3549 "https://tasktrakker.com.au/index.php/admin/main" "Mozilla/5.0 (Windows NT 10.0; Win64; x64) AppleWebKit/537.36 (KHTML, like Gecko) Chrome/136.0.0.0 Safari/537.36 Edg/136.0.0.0"
202.62.242.117 - - [27/May/2025:02:35:39 +0000] "GET /index.php/admin/get_fullcalendar?start=2025-06-29T00%3A00%3A00%2B10%3A00&end=2025-08-10T00%3A00%3A00%2B10%3A00 HTTP/1.1" 200 3101 "https://tasktrakker.com.au/index.php/admin/main" "Mozilla/5.0 (Windows NT 10.0; Win64; x64) AppleWebKit/537.36 (KHTML, like Gecko) Chrome/136.0.0.0 Safari/537.36 Edg/136.0.0.0"
202.62.242.117 - - [27/May/2025:02:36:22 +0000] "GET /index.php/admin/main HTTP/1.1" 200 9768 "https://tasktrakker.com.au/index.php/admin/addcustomersview/9498" "Mozilla/5.0 (Windows NT 10.0; Win64; x64; rv:138.0) Gecko/20100101 Firefox/138.0"
202.62.242.117 - - [27/May/2025:02:36:22 +0000] "GET /assets/css/custom.css?1748313382 HTTP/1.1" 200 1143 "https://tasktrakker.com.au/index.php/admin/main" "Mozilla/5.0 (Windows NT 10.0; Win64; x64; rv:138.0) Gecko/20100101 Firefox/138.0"
202.62.242.117 - - [27/May/2025:02:36:22 +0000] "GET /assets/dist/js/pages/dashboard.js?1748313382 HTTP/1.1" 200 6909 "https://tasktrakker.com.au/index.php/admin/main" "Mozilla/5.0 (Windows NT 10.0; Win64; x64; rv:138.0) Gecko/20100101 Firefox/138.0"
202.62.242.117 - - [27/May/2025:02:36:22 +0000] "GET /index.php/admin/get_fullcalendar?start=2025-04-27T00%3A00%3A00%2B10%3A00&end=2025-06-08T00%3A00%3A00%2B10%3A00 HTTP/1.1" 200 3818 "https://tasktrakker.com.au/index.php/admin/main" "Mozilla/5.0 (Windows NT 10.0; Win64; x64; rv:138.0) Gecko/20100101 Firefox/138.0"
202.62.242.117 - - [27/May/2025:02:36:22 +0000] "GET /index.php/admin/get_fullcalendar?start=2025-06-01T00%3A00%3A00%2B10%3A00&end=2025-07-13T00%3A00%3A00%2B10%3A00 HTTP/1.1" 200 6119 "https://tasktrakker.com.au/index.php/admin/main" "Mozilla/5.0 (Windows NT 10.0; Win64; x64; rv:138.0) Gecko/20100101 Firefox/138.0"
202.62.242.117 - - [27/May/2025:02:36:23 +0000] "GET /index.php/admin/get_fullcalendar?start=2025-04-27T00%3A00%3A00%2B10%3A00&end=2025-06-08T00%3A00%3A00%2B10%3A00 HTTP/1.1" 200 3818 "https://tasktrakker.com.au/index.php/admin/main" "Mozilla/5.0 (Windows NT 10.0; Win64; x64; rv:138.0) Gecko/20100101 Firefox/138.0"
202.62.242.117 - - [27/May/2025:02:36:26 +0000] "GET /index.php/admin/main HTTP/1.1" 200 7054 "https://tasktrakker.com.au/index.php/admin/addcustomersview/9498" "Mozilla/5.0 (Windows NT 10.0; Win64; x64; rv:138.0) Gecko/20100101 Firefox/138.0"
202.62.242.117 - - [27/May/2025:02:36:26 +0000] "GET /assets/css/custom.css?1748313386 HTTP/1.1" 200 1143 "https://tasktrakker.com.au/index.php/admin/main" "Mozilla/5.0 (Windows NT 10.0; Win64; x64; rv:138.0) Gecko/20100101 Firefox/138.0"
202.62.242.117 - - [27/May/2025:02:36:26 +0000] "GET /assets/dist/js/pages/dashboard.js?1748313386 HTTP/1.1" 200 4337 "https://tasktrakker.com.au/index.php/admin/main" "Mozilla/5.0 (Windows NT 10.0; Win64; x64; rv:138.0) Gecko/20100101 Firefox/138.0"
202.62.242.117 - - [27/May/2025:02:36:27 +0000] "GET /index.php/admin/get_fullcalendar?start=2025-04-27T00%3A00%3A00%2B10%3A00&end=2025-06-08T00%3A00%3A00%2B10%3A00 HTTP/1.1" 200 3818 "https://tasktrakker.com.au/index.php/admin/main" "Mozilla/5.0 (Windows NT 10.0; Win64; x64; rv:138.0) Gecko/20100101 Firefox/138.0"
202.62.242.117 - - [27/May/2025:02:36:27 +0000] "GET /index.php/admin/get_fullcalendar?start=2025-06-01T00%3A00%3A00%2B10%3A00&end=2025-07-13T00%3A00%3A00%2B10%3A00 HTTP/1.1" 200 3549 "https://tasktrakker.com.au/index.php/admin/main" "Mozilla/5.0 (Windows NT 10.0; Win64; x64; rv:138.0) Gecko/20100101 Firefox/138.0"
202.62.242.117 - - [27/May/2025:02:36:29 +0000] "GET /index.php/admin/get_fullcalendar?start=2025-04-27T00%3A00%3A00%2B10%3A00&end=2025-06-08T00%3A00%3A00%2B10%3A00 HTTP/1.1" 200 3818 "https://tasktrakker.com.au/index.php/admin/main" "Mozilla/5.0 (Windows NT 10.0; Win64; x64; rv:138.0) Gecko/20100101 Firefox/138.0"
::1 - - [27/May/2025:02:36:35 +0000] "OPTIONS * HTTP/1.0" 200 126 "-" "Apache/2.4.58 (Ubuntu) OpenSSL/3.0.13 (internal dummy connection)"
202.62.242.117 - - [27/May/2025:02:36:37 +0000] "GET /index.php/admin/addcustomersview/9601 HTTP/1.1" 200 11364 "https://tasktrakker.com.au/index.php/admin/main" "Mozilla/5.0 (Windows NT 10.0; Win64; x64; rv:138.0) Gecko/20100101 Firefox/138.0"
202.62.242.117 - - [27/May/2025:02:36:37 +0000] "GET /assets/css/custom.css?1748313397 HTTP/1.1" 200 1143 "https://tasktrakker.com.au/index.php/admin/addcustomersview/9601" "Mozilla/5.0 (Windows NT 10.0; Win64; x64; rv:138.0) Gecko/20100101 Firefox/138.0"
202.62.242.117 - - [27/May/2025:02:36:37 +0000] "GET /assets/dist/js/pages/dashboard.js?1748313397 HTTP/1.1" 200 4337 "https://tasktrakker.com.au/index.php/admin/addcustomersview/9601" "Mozilla/5.0 (Windows NT 10.0; Win64; x64; rv:138.0) Gecko/20100101 Firefox/138.0"
202.62.242.117 - - [27/May/2025:02:36:43 +0000] "GET /index.php/admin/get_fullcalendar?start=2025-06-01T00%3A00%3A00%2B10%3A00&end=2025-07-13T00%3A00%3A00%2B10%3A00 HTTP/1.1" 200 3873 "https://tasktrakker.com.au/index.php/admin/main" "Mozilla/5.0 (Windows NT 10.0; Win64; x64) AppleWebKit/537.36 (KHTML, like Gecko) Chrome/136.0.0.0 Safari/537.36 Edg/136.0.0.0"
202.62.242.117 - - [27/May/2025:02:36:46 +0000] "POST /index.php/admin/addeditCustomerop HTTP/1.1" 301 713 "https://tasktrakker.com.au/index.php/admin/addcustomersview/9601" "Mozilla/5.0 (Windows NT 10.0; Win64; x64; rv:138.0) Gecko/20100101 Firefox/138.0"
202.62.242.117 - - [27/May/2025:02:36:46 +0000] "GET /admin/addcustomersview/9601 HTTP/1.1" 200 11370 "https://tasktrakker.com.au/index.php/admin/addcustomersview/9601" "Mozilla/5.0 (Windows NT 10.0; Win64; x64; rv:138.0) Gecko/20100101 Firefox/138.0"
202.62.242.117 - - [27/May/2025:02:36:46 +0000] "GET /assets/css/custom.css?1748313406 HTTP/1.1" 200 1143 "https://tasktrakker.com.au/admin/addcustomersview/9601" "Mozilla/5.0 (Windows NT 10.0; Win64; x64; rv:138.0) Gecko/20100101 Firefox/138.0"
202.62.242.117 - - [27/May/2025:02:36:46 +0000] "GET /assets/dist/js/pages/dashboard.js?1748313406 HTTP/1.1" 200 4337 "https://tasktrakker.com.au/admin/addcustomersview/9601" "Mozilla/5.0 (Windows NT 10.0; Win64; x64; rv:138.0) Gecko/20100101 Firefox/138.0"
202.62.242.117 - - [27/May/2025:02:36:55 +0000] "-" 408 323 "-" "-"
202.62.242.117 - - [27/May/2025:02:37:05 +0000] "GET /index.php/admin/addcustomersview/6600 HTTP/1.1" 200 11411 "https://tasktrakker.com.au/index.php/admin/main" "Mozilla/5.0 (Windows NT 10.0; Win64; x64) AppleWebKit/537.36 (KHTML, like Gecko) Chrome/136.0.0.0 Safari/537.36 Edg/136.0.0.0"
202.62.242.117 - - [27/May/2025:02:37:05 +0000] "GET /assets/css/custom.css?1748313425 HTTP/1.1" 200 1143 "https://tasktrakker.com.au/index.php/admin/addcustomersview/6600" "Mozilla/5.0 (Windows NT 10.0; Win64; x64) AppleWebKit/537.36 (KHTML, like Gecko) Chrome/136.0.0.0 Safari/537.36 Edg/136.0.0.0"
202.62.242.117 - - [27/May/2025:02:37:05 +0000] "GET /assets/dist/js/pages/dashboard.js?1748313425 HTTP/1.1" 200 4661 "https://tasktrakker.com.au/index.php/admin/addcustomersview/6600" "Mozilla/5.0 (Windows NT 10.0; Win64; x64) AppleWebKit/537.36 (KHTML, like Gecko) Chrome/136.0.0.0 Safari/537.36 Edg/136.0.0.0"
202.62.242.117 - - [27/May/2025:02:37:22 +0000] "POST /index.php/admin/addeditCustomerop HTTP/1.1" 301 713 "https://tasktrakker.com.au/admin/addcustomersview/9601" "Mozilla/5.0 (Windows NT 10.0; Win64; x64; rv:138.0) Gecko/20100101 Firefox/138.0"
202.62.242.117 - - [27/May/2025:02:37:22 +0000] "GET /admin/addcustomersview/9601 HTTP/1.1" 200 11371 "https://tasktrakker.com.au/admin/addcustomersview/9601" "Mozilla/5.0 (Windows NT 10.0; Win64; x64; rv:138.0) Gecko/20100101 Firefox/138.0"
202.62.242.117 - - [27/May/2025:02:37:22 +0000] "GET /assets/css/custom.css?1748313442 HTTP/1.1" 200 1143 "https://tasktrakker.com.au/admin/addcustomersview/9601" "Mozilla/5.0 (Windows NT 10.0; Win64; x64; rv:138.0) Gecko/20100101 Firefox/138.0"
202.62.242.117 - - [27/May/2025:02:37:22 +0000] "GET /assets/dist/js/pages/dashboard.js?1748313442 HTTP/1.1" 200 4337 "https://tasktrakker.com.au/admin/addcustomersview/9601" "Mozilla/5.0 (Windows NT 10.0; Win64; x64; rv:138.0) Gecko/20100101 Firefox/138.0"
202.62.242.117 - - [27/May/2025:02:37:38 +0000] "-" 408 323 "-" "-"
202.62.242.117 - - [27/May/2025:02:37:38 +0000] "-" 408 323 "-" "-"
202.62.242.117 - - [27/May/2025:02:37:39 +0000] "GET /admin/addcustomersview/9601 HTTP/1.1" 200 11370 "https://tasktrakker.com.au/admin/addcustomersview/9601" "Mozilla/5.0 (Windows NT 10.0; Win64; x64; rv:138.0) Gecko/20100101 Firefox/138.0"
202.62.242.117 - - [27/May/2025:02:37:39 +0000] "GET /assets/css/custom.css?1748313459 HTTP/1.1" 200 1143 "https://tasktrakker.com.au/admin/addcustomersview/9601" "Mozilla/5.0 (Windows NT 10.0; Win64; x64; rv:138.0) Gecko/20100101 Firefox/138.0"
202.62.242.117 - - [27/May/2025:02:37:39 +0000] "GET /assets/dist/js/pages/dashboard.js?1748313459 HTTP/1.1" 200 4337 "https://tasktrakker.com.au/admin/addcustomersview/9601" "Mozilla/5.0 (Windows NT 10.0; Win64; x64; rv:138.0) Gecko/20100101 Firefox/138.0"
104.28.125.3 - - [27/May/2025:02:38:39 +0000] "GET /index.php/admin/autologinPhotographer/1251/99/8319 HTTP/1.1" 302 3851 "-" "Mozilla/5.0 (iPhone; CPU iPhone OS 18_5 like Mac OS X) AppleWebKit/605.1.15 (KHTML, like Gecko) Version/18.5 Mobile/15E148 Safari/604.1"
104.28.125.3 - - [27/May/2025:02:38:39 +0000] "GET /admin/addEditBookingPhotographer/1251/99/8319 HTTP/1.1" 200 7466 "-" "Mozilla/5.0 (iPhone; CPU iPhone OS 18_5 like Mac OS X) AppleWebKit/605.1.15 (KHTML, like Gecko) Version/18.5 Mobile/15E148 Safari/604.1"
104.28.125.3 - - [27/May/2025:02:38:39 +0000] "GET /assets/dist/js/pages/dashboard.js?1748313519 HTTP/1.1" 200 4337 "https://tasktrakker.com.au/admin/addEditBookingPhotographer/1251/99/8319" "Mozilla/5.0 (iPhone; CPU iPhone OS 18_5 like Mac OS X) AppleWebKit/605.1.15 (KHTML, like Gecko) Version/18.5 Mobile/15E148 Safari/604.1"
104.28.125.3 - - [27/May/2025:02:38:39 +0000] "GET /assets/css/custom.css?1748313519 HTTP/1.1" 200 1143 "https://tasktrakker.com.au/admin/addEditBookingPhotographer/1251/99/8319" "Mozilla/5.0 (iPhone; CPU iPhone OS 18_5 like Mac OS X) AppleWebKit/605.1.15 (KHTML, like Gecko) Version/18.5 Mobile/15E148 Safari/604.1"
104.28.125.3 - - [27/May/2025:02:38:41 +0000] "GET /index.php/admin/main HTTP/1.1" 200 5311 "https://tasktrakker.com.au/admin/addEditBookingPhotographer/1251/99/8319" "Mozilla/5.0 (iPhone; CPU iPhone OS 18_5 like Mac OS X) AppleWebKit/605.1.15 (KHTML, like Gecko) Version/18.5 Mobile/15E148 Safari/604.1"
104.28.125.3 - - [27/May/2025:02:38:41 +0000] "GET /assets/css/custom.css?1748313521 HTTP/1.1" 200 1143 "https://tasktrakker.com.au/index.php/admin/main" "Mozilla/5.0 (iPhone; CPU iPhone OS 18_5 like Mac OS X) AppleWebKit/605.1.15 (KHTML, like Gecko) Version/18.5 Mobile/15E148 Safari/604.1"
104.28.125.3 - - [27/May/2025:02:38:41 +0000] "GET /assets/dist/js/pages/dashboard.js?1748313521 HTTP/1.1" 200 4337 "https://tasktrakker.com.au/index.php/admin/main" "Mozilla/5.0 (iPhone; CPU iPhone OS 18_5 like Mac OS X) AppleWebKit/605.1.15 (KHTML, like Gecko) Version/18.5 Mobile/15E148 Safari/604.1"
104.28.125.3 - - [27/May/2025:02:38:41 +0000] "GET /index.php/admin/get_fullcalendar?start=2025-04-27T00%3A00%3A00%2B10%3A00&end=2025-06-08T00%3A00%3A00%2B10%3A00 HTTP/1.1" 200 1845 "https://tasktrakker.com.au/index.php/admin/main" "Mozilla/5.0 (iPhone; CPU iPhone OS 18_5 like Mac OS X) AppleWebKit/605.1.15 (KHTML, like Gecko) Version/18.5 Mobile/15E148 Safari/604.1"
157.55.39.49 - - [27/May/2025:02:39:34 +0000] "GET /index.php/admin/photo_view/6870 HTTP/1.1" 500 5039 "-" "Mozilla/5.0 AppleWebKit/537.36 (KHTML, like Gecko; compatible; bingbot/2.0; +http://www.bing.com/bingbot.htm) Chrome/116.0.1938.76 Safari/537.36"
207.46.13.155 - - [27/May/2025:02:40:08 +0000] "GET /index.php/admin/archive_booking_action/6377 HTTP/1.1" 302 3130 "-" "Mozilla/5.0 AppleWebKit/537.36 (KHTML, like Gecko; compatible; bingbot/2.0; +http://www.bing.com/bingbot.htm) Chrome/116.0.1938.76 Safari/537.36"
207.46.13.155 - - [27/May/2025:02:40:09 +0000] "GET /admin/error_view HTTP/1.1" 302 305 "-" "Mozilla/5.0 AppleWebKit/537.36 (KHTML, like Gecko; compatible; bingbot/2.0; +http://www.bing.com/bingbot.htm) Chrome/116.0.1938.76 Safari/537.36"
207.46.13.155 - - [27/May/2025:02:40:10 +0000] "GET /admin/main HTTP/1.1" 500 2213 "-" "Mozilla/5.0 AppleWebKit/537.36 (KHTML, like Gecko; compatible; bingbot/2.0; +http://www.bing.com/bingbot.htm) Chrome/116.0.1938.76 Safari/537.36"
207.46.13.155 - - [27/May/2025:02:40:18 +0000] "GET /index.php/admin/addcustomersview/2441 HTTP/1.1" 500 5046 "-" "Mozilla/5.0 AppleWebKit/537.36 (KHTML, like Gecko; compatible; bingbot/2.0; +http://www.bing.com/bingbot.htm) Chrome/116.0.1938.76 Safari/537.36"
157.55.39.201 - - [27/May/2025:02:40:28 +0000] "GET /index.php/admin/booking_delete/6812/6400 HTTP/1.1" 301 3260 "-" "Mozilla/5.0 AppleWebKit/537.36 (KHTML, like Gecko; compatible; bingbot/2.0; +http://www.bing.com/bingbot.htm) Chrome/116.0.1938.76 Safari/537.36"
202.62.242.117 - - [27/May/2025:02:42:00 +0000] "GET /index.php/admin/main HTTP/1.1" 200 7520 "https://tasktrakker.com.au/admin/addcustomersview/9601" "Mozilla/5.0 (Windows NT 10.0; Win64; x64; rv:138.0) Gecko/20100101 Firefox/138.0"
202.62.242.117 - - [27/May/2025:02:42:00 +0000] "GET /assets/css/custom.css?1748313720 HTTP/1.1" 200 1143 "https://tasktrakker.com.au/index.php/admin/main" "Mozilla/5.0 (Windows NT 10.0; Win64; x64; rv:138.0) Gecko/20100101 Firefox/138.0"
202.62.242.117 - - [27/May/2025:02:42:00 +0000] "GET /assets/dist/js/pages/dashboard.js?1748313720 HTTP/1.1" 200 4661 "https://tasktrakker.com.au/index.php/admin/main" "Mozilla/5.0 (Windows NT 10.0; Win64; x64; rv:138.0) Gecko/20100101 Firefox/138.0"
202.62.242.117 - - [27/May/2025:02:42:00 +0000] "GET /index.php/admin/get_fullcalendar?start=2025-04-27T00%3A00%3A00%2B10%3A00&end=2025-06-08T00%3A00%3A00%2B10%3A00 HTTP/1.1" 200 3818 "https://tasktrakker.com.au/index.php/admin/main" "Mozilla/5.0 (Windows NT 10.0; Win64; x64; rv:138.0) Gecko/20100101 Firefox/138.0"
202.62.242.117 - - [27/May/2025:02:42:00 +0000] "GET /index.php/admin/get_fullcalendar?start=2025-04-27T00%3A00%3A00%2B10%3A00&end=2025-06-08T00%3A00%3A00%2B10%3A00 HTTP/1.1" 200 6388 "https://tasktrakker.com.au/index.php/admin/main" "Mozilla/5.0 (Windows NT 10.0; Win64; x64; rv:138.0) Gecko/20100101 Firefox/138.0"
::1 - - [27/May/2025:02:42:06 +0000] "OPTIONS * HTTP/1.0" 200 126 "-" "Apache/2.4.58 (Ubuntu) OpenSSL/3.0.13 (internal dummy connection)"
202.62.242.117 - - [27/May/2025:02:42:07 +0000] "GET /index.php/admin/get_fullcalendar?start=2025-06-01T00%3A00%3A00%2B10%3A00&end=2025-07-13T00%3A00%3A00%2B10%3A00 HTTP/1.1" 200 3873 "https://tasktrakker.com.au/index.php/admin/main" "Mozilla/5.0 (Windows NT 10.0; Win64; x64; rv:138.0) Gecko/20100101 Firefox/138.0"
40.77.167.8 - - [27/May/2025:02:42:49 +0000] "GET /index.php/admin/addcustomersview/2024 HTTP/1.1" 500 5044 "-" "Mozilla/5.0 AppleWebKit/537.36 (KHTML, like Gecko; compatible; bingbot/2.0; +http://www.bing.com/bingbot.htm) Chrome/116.0.1938.76 Safari/537.36"
207.46.13.155 - - [27/May/2025:02:42:53 +0000] "GET /index.php/admin/addleadview/5365 HTTP/1.1" 500 5040 "-" "Mozilla/5.0 AppleWebKit/537.36 (KHTML, like Gecko; compatible; bingbot/2.0; +http://www.bing.com/bingbot.htm) Chrome/116.0.1938.76 Safari/537.36"
202.62.242.117 - - [27/May/2025:02:43:01 +0000] "GET /index.php/admin/addcustomersview/6758 HTTP/1.1" 200 11144 "https://tasktrakker.com.au/index.php/admin/main" "Mozilla/5.0 (Windows NT 10.0; Win64; x64; rv:138.0) Gecko/20100101 Firefox/138.0"
202.62.242.117 - - [27/May/2025:02:43:02 +0000] "GET /assets/css/custom.css?1748313781 HTTP/1.1" 200 1143 "https://tasktrakker.com.au/index.php/admin/addcustomersview/6758" "Mozilla/5.0 (Windows NT 10.0; Win64; x64; rv:138.0) Gecko/20100101 Firefox/138.0"
202.62.242.117 - - [27/May/2025:02:43:02 +0000] "GET /assets/dist/js/pages/dashboard.js?1748313781 HTTP/1.1" 200 4337 "https://tasktrakker.com.au/index.php/admin/addcustomersview/6758" "Mozilla/5.0 (Windows NT 10.0; Win64; x64; rv:138.0) Gecko/20100101 Firefox/138.0"
202.62.242.117 - - [27/May/2025:02:43:29 +0000] "GET /index.php/admin/main HTTP/1.1" 200 9624 "https://tasktrakker.com.au/index.php/admin/addcustomersview/6758" "Mozilla/5.0 (Windows NT 10.0; Win64; x64; rv:138.0) Gecko/20100101 Firefox/138.0"
202.62.242.117 - - [27/May/2025:02:43:29 +0000] "GET /assets/css/custom.css?1748313809 HTTP/1.1" 200 1143 "https://tasktrakker.com.au/index.php/admin/main" "Mozilla/5.0 (Windows NT 10.0; Win64; x64; rv:138.0) Gecko/20100101 Firefox/138.0"
202.62.242.117 - - [27/May/2025:02:43:29 +0000] "GET /assets/dist/js/pages/dashboard.js?1748313809 HTTP/1.1" 200 4661 "https://tasktrakker.com.au/index.php/admin/main" "Mozilla/5.0 (Windows NT 10.0; Win64; x64; rv:138.0) Gecko/20100101 Firefox/138.0"
202.62.242.117 - - [27/May/2025:02:43:29 +0000] "GET /index.php/admin/get_fullcalendar?start=2025-04-27T00%3A00%3A00%2B10%3A00&end=2025-06-08T00%3A00%3A00%2B10%3A00 HTTP/1.1" 200 3818 "https://tasktrakker.com.au/index.php/admin/main" "Mozilla/5.0 (Windows NT 10.0; Win64; x64; rv:138.0) Gecko/20100101 Firefox/138.0"
202.62.242.117 - - [27/May/2025:02:43:29 +0000] "GET /index.php/admin/get_fullcalendar?start=2025-06-01T00%3A00%3A00%2B10%3A00&end=2025-07-13T00%3A00%3A00%2B10%3A00 HTTP/1.1" 200 3873 "https://tasktrakker.com.au/index.php/admin/main" "Mozilla/5.0 (Windows NT 10.0; Win64; x64; rv:138.0) Gecko/20100101 Firefox/138.0"
202.62.242.117 - - [27/May/2025:02:43:30 +0000] "GET /index.php/admin/manageCustomers HTTP/1.1" 200 37661 "https://tasktrakker.com.au/index.php/admin/main" "Mozilla/5.0 (Windows NT 10.0; Win64; x64; rv:138.0) Gecko/20100101 Firefox/138.0"
202.62.242.117 - - [27/May/2025:02:43:30 +0000] "GET /assets/css/custom.css?1748313810 HTTP/1.1" 200 1143 "https://tasktrakker.com.au/index.php/admin/manageCustomers" "Mozilla/5.0 (Windows NT 10.0; Win64; x64; rv:138.0) Gecko/20100101 Firefox/138.0"
202.62.242.117 - - [27/May/2025:02:43:30 +0000] "GET /assets/dist/js/pages/dashboard.js?1748313810 HTTP/1.1" 200 4337 "https://tasktrakker.com.au/index.php/admin/manageCustomers" "Mozilla/5.0 (Windows NT 10.0; Win64; x64; rv:138.0) Gecko/20100101 Firefox/138.0"
202.62.242.117 - - [27/May/2025:02:43:31 +0000] "GET /favicon.ico HTTP/1.1" 200 5753 "https://tasktrakker.com.au/index.php/admin/manageCustomers" "Mozilla/5.0 (Windows NT 10.0; Win64; x64; rv:138.0) Gecko/20100101 Firefox/138.0"
::1 - - [27/May/2025:02:43:36 +0000] "OPTIONS * HTTP/1.0" 200 126 "-" "Apache/2.4.58 (Ubuntu) OpenSSL/3.0.13 (internal dummy connection)"
202.62.242.117 - - [27/May/2025:02:43:46 +0000] "GET /index.php/admin/addcustomersview/3950 HTTP/1.1" 200 12693 "https://tasktrakker.com.au/index.php/admin/manageCustomers" "Mozilla/5.0 (Windows NT 10.0; Win64; x64; rv:138.0) Gecko/20100101 Firefox/138.0"
202.62.242.117 - - [27/May/2025:02:43:46 +0000] "GET /assets/css/custom.css?1748313826 HTTP/1.1" 200 1143 "https://tasktrakker.com.au/index.php/admin/addcustomersview/3950" "Mozilla/5.0 (Windows NT 10.0; Win64; x64; rv:138.0) Gecko/20100101 Firefox/138.0"
202.62.242.117 - - [27/May/2025:02:43:46 +0000] "GET /assets/dist/js/pages/dashboard.js?1748313826 HTTP/1.1" 200 4661 "https://tasktrakker.com.au/index.php/admin/addcustomersview/3950" "Mozilla/5.0 (Windows NT 10.0; Win64; x64; rv:138.0) Gecko/20100101 Firefox/138.0"
202.62.242.117 - - [27/May/2025:02:43:55 +0000] "GET /index.php/admin/main HTTP/1.1" 200 7378 "https://tasktrakker.com.au/index.php/admin/addcustomersview/3950" "Mozilla/5.0 (Windows NT 10.0; Win64; x64; rv:138.0) Gecko/20100101 Firefox/138.0"
202.62.242.117 - - [27/May/2025:02:43:55 +0000] "GET /assets/css/custom.css?1748313835 HTTP/1.1" 200 1143 "https://tasktrakker.com.au/index.php/admin/main" "Mozilla/5.0 (Windows NT 10.0; Win64; x64; rv:138.0) Gecko/20100101 Firefox/138.0"
202.62.242.117 - - [27/May/2025:02:43:55 +0000] "GET /assets/dist/js/pages/dashboard.js?1748313835 HTTP/1.1" 200 6907 "https://tasktrakker.com.au/index.php/admin/main" "Mozilla/5.0 (Windows NT 10.0; Win64; x64; rv:138.0) Gecko/20100101 Firefox/138.0"
202.62.242.117 - - [27/May/2025:02:43:55 +0000] "GET /index.php/admin/get_fullcalendar?start=2025-04-27T00%3A00%3A00%2B10%3A00&end=2025-06-08T00%3A00%3A00%2B10%3A00 HTTP/1.1" 200 3818 "https://tasktrakker.com.au/index.php/admin/main" "Mozilla/5.0 (Windows NT 10.0; Win64; x64; rv:138.0) Gecko/20100101 Firefox/138.0"
202.62.242.117 - - [27/May/2025:02:43:55 +0000] "GET /index.php/admin/get_fullcalendar?start=2025-06-01T00%3A00%3A00%2B10%3A00&end=2025-07-13T00%3A00%3A00%2B10%3A00 HTTP/1.1" 200 3873 "https://tasktrakker.com.au/index.php/admin/main" "Mozilla/5.0 (Windows NT 10.0; Win64; x64; rv:138.0) Gecko/20100101 Firefox/138.0"
202.62.242.117 - - [27/May/2025:02:43:57 +0000] "GET /index.php/admin/manageCustomers HTTP/1.1" 200 37661 "https://tasktrakker.com.au/index.php/admin/main" "Mozilla/5.0 (Windows NT 10.0; Win64; x64; rv:138.0) Gecko/20100101 Firefox/138.0"
202.62.242.117 - - [27/May/2025:02:43:57 +0000] "GET /assets/css/custom.css?1748313837 HTTP/1.1" 200 1143 "https://tasktrakker.com.au/index.php/admin/manageCustomers" "Mozilla/5.0 (Windows NT 10.0; Win64; x64; rv:138.0) Gecko/20100101 Firefox/138.0"
202.62.242.117 - - [27/May/2025:02:43:57 +0000] "GET /assets/dist/js/pages/dashboard.js?1748313837 HTTP/1.1" 200 4337 "https://tasktrakker.com.au/index.php/admin/manageCustomers" "Mozilla/5.0 (Windows NT 10.0; Win64; x64; rv:138.0) Gecko/20100101 Firefox/138.0"
::1 - - [27/May/2025:02:44:02 +0000] "OPTIONS * HTTP/1.0" 200 126 "-" "Apache/2.4.58 (Ubuntu) OpenSSL/3.0.13 (internal dummy connection)"
202.62.242.117 - - [27/May/2025:02:44:16 +0000] "GET /index.php/admin/addcustomersview/3950 HTTP/1.1" 200 12693 "https://tasktrakker.com.au/index.php/admin/manageCustomers" "Mozilla/5.0 (Windows NT 10.0; Win64; x64; rv:138.0) Gecko/20100101 Firefox/138.0"
202.62.242.117 - - [27/May/2025:02:44:16 +0000] "GET /assets/css/custom.css?1748313856 HTTP/1.1" 200 1143 "https://tasktrakker.com.au/index.php/admin/addcustomersview/3950" "Mozilla/5.0 (Windows NT 10.0; Win64; x64; rv:138.0) Gecko/20100101 Firefox/138.0"
202.62.242.117 - - [27/May/2025:02:44:16 +0000] "GET /assets/dist/js/pages/dashboard.js?1748313856 HTTP/1.1" 200 4661 "https://tasktrakker.com.au/index.php/admin/addcustomersview/3950" "Mozilla/5.0 (Windows NT 10.0; Win64; x64; rv:138.0) Gecko/20100101 Firefox/138.0"
::1 - - [27/May/2025:02:44:23 +0000] "OPTIONS * HTTP/1.0" 200 126 "-" "Apache/2.4.58 (Ubuntu) OpenSSL/3.0.13 (internal dummy connection)"
202.62.242.117 - - [27/May/2025:02:45:12 +0000] "GET /index.php/admin/manageCustomers HTTP/1.1" 200 37985 "https://tasktrakker.com.au/index.php/admin/main" "Mozilla/5.0 (Windows NT 10.0; Win64; x64; rv:138.0) Gecko/20100101 Firefox/138.0"
202.62.242.117 - - [27/May/2025:02:45:12 +0000] "GET /assets/css/custom.css?1748313912 HTTP/1.1" 200 1143 "https://tasktrakker.com.au/index.php/admin/manageCustomers" "Mozilla/5.0 (Windows NT 10.0; Win64; x64; rv:138.0) Gecko/20100101 Firefox/138.0"
202.62.242.117 - - [27/May/2025:02:45:12 +0000] "GET /assets/dist/js/pages/dashboard.js?1748313912 HTTP/1.1" 200 4337 "https://tasktrakker.com.au/index.php/admin/manageCustomers" "Mozilla/5.0 (Windows NT 10.0; Win64; x64; rv:138.0) Gecko/20100101 Firefox/138.0"
202.62.242.117 - - [27/May/2025:02:45:21 +0000] "GET /index.php/admin/addcustomersview/6765 HTTP/1.1" 200 11865 "https://tasktrakker.com.au/index.php/admin/manageCustomers" "Mozilla/5.0 (Windows NT 10.0; Win64; x64; rv:138.0) Gecko/20100101 Firefox/138.0"
202.62.242.117 - - [27/May/2025:02:45:21 +0000] "GET /assets/css/custom.css?1748313921 HTTP/1.1" 200 1143 "https://tasktrakker.com.au/index.php/admin/addcustomersview/6765" "Mozilla/5.0 (Windows NT 10.0; Win64; x64; rv:138.0) Gecko/20100101 Firefox/138.0"
202.62.242.117 - - [27/May/2025:02:45:21 +0000] "GET /assets/dist/js/pages/dashboard.js?1748313921 HTTP/1.1" 200 4661 "https://tasktrakker.com.au/index.php/admin/addcustomersview/6765" "Mozilla/5.0 (Windows NT 10.0; Win64; x64; rv:138.0) Gecko/20100101 Firefox/138.0"
49.186.135.75 - - [27/May/2025:02:47:56 +0000] "GET / HTTP/1.1" 404 501 "-" "Mozilla/5.0 (iPhone; CPU iPhone OS 18_4_1 like Mac OS X) AppleWebKit/605.1.15 (KHTML, like Gecko) Version/18.4 Mobile/15E148 Safari/604.1"
98.64.96.186 - - [27/May/2025:02:48:30 +0000] "GET /index.php/admin/addcustomersview/2024 HTTP/1.1" 500 2830 "-" "Mozilla/5.0 (Windows NT 10.0; Win64; x64) AppleWebKit/537.36 (KHTML, like Gecko) Chrome/131.0.0.0 Safari/537.36 Edg/131.0.0.0"
49.186.135.75 - - [27/May/2025:02:48:50 +0000] "-" 408 0 "-" "-"
49.186.135.75 - - [27/May/2025:02:48:55 +0000] "GET / HTTP/1.1" 404 501 "-" "Mozilla/5.0 (iPhone; CPU iPhone OS 18_4_1 like Mac OS X) AppleWebKit/605.1.15 (KHTML, like Gecko) Version/18.4 Mobile/15E148 Safari/604.1"
207.46.13.155 - - [27/May/2025:02:49:39 +0000] "GET /index.php/admin/booking_archive/6108 HTTP/1.1" 500 5045 "-" "Mozilla/5.0 AppleWebKit/537.36 (KHTML, like Gecko; compatible; bingbot/2.0; +http://www.bing.com/bingbot.htm) Chrome/116.0.1938.76 Safari/537.36"
207.46.13.154 - - [27/May/2025:02:58:06 +0000] "GET /index.php/admin/photo_view/6399 HTTP/1.1" 301 3242 "-" "Mozilla/5.0 AppleWebKit/537.36 (KHTML, like Gecko; compatible; bingbot/2.0; +http://www.bing.com/bingbot.htm) Chrome/116.0.1938.76 Safari/537.36"
40.77.167.25 - - [27/May/2025:03:02:14 +0000] "GET /index.php/admin/booking_create_view/2331 HTTP/1.1" 500 5048 "-" "Mozilla/5.0 AppleWebKit/537.36 (KHTML, like Gecko; compatible; bingbot/2.0; +http://www.bing.com/bingbot.htm) Chrome/116.0.1938.76 Safari/537.36"
202.62.242.117 - - [27/May/2025:03:05:03 +0000] "GET /index.php/admin/main HTTP/1.1" 200 9764 "https://tasktrakker.com.au/index.php/admin/addcustomersview/6600" "Mozilla/5.0 (Windows NT 10.0; Win64; x64) AppleWebKit/537.36 (KHTML, like Gecko) Chrome/136.0.0.0 Safari/537.36 Edg/136.0.0.0"
202.62.242.117 - - [27/May/2025:03:05:03 +0000] "GET /assets/css/custom.css?1748315103 HTTP/1.1" 200 1143 "https://tasktrakker.com.au/index.php/admin/main" "Mozilla/5.0 (Windows NT 10.0; Win64; x64) AppleWebKit/537.36 (KHTML, like Gecko) Chrome/136.0.0.0 Safari/537.36 Edg/136.0.0.0"
202.62.242.117 - - [27/May/2025:03:05:03 +0000] "GET /assets/dist/js/pages/dashboard.js?1748315103 HTTP/1.1" 200 6908 "https://tasktrakker.com.au/index.php/admin/main" "Mozilla/5.0 (Windows NT 10.0; Win64; x64) AppleWebKit/537.36 (KHTML, like Gecko) Chrome/136.0.0.0 Safari/537.36 Edg/136.0.0.0"
202.62.242.117 - - [27/May/2025:03:05:03 +0000] "GET /index.php/admin/get_fullcalendar?start=2025-04-27T00%3A00%3A00%2B10%3A00&end=2025-06-08T00%3A00%3A00%2B10%3A00 HTTP/1.1" 200 3818 "https://tasktrakker.com.au/index.php/admin/main" "Mozilla/5.0 (Windows NT 10.0; Win64; x64) AppleWebKit/537.36 (KHTML, like Gecko) Chrome/136.0.0.0 Safari/537.36 Edg/136.0.0.0"
202.62.242.117 - - [27/May/2025:03:05:03 +0000] "GET /index.php/admin/get_fullcalendar?start=2025-06-01T00%3A00%3A00%2B10%3A00&end=2025-07-13T00%3A00%3A00%2B10%3A00 HTTP/1.1" 200 3549 "https://tasktrakker.com.au/index.php/admin/main" "Mozilla/5.0 (Windows NT 10.0; Win64; x64) AppleWebKit/537.36 (KHTML, like Gecko) Chrome/136.0.0.0 Safari/537.36 Edg/136.0.0.0"
202.62.242.117 - - [27/May/2025:03:05:08 +0000] "GET /index.php/admin/addcustomersview/6176 HTTP/1.1" 200 11005 "https://tasktrakker.com.au/index.php/admin/main" "Mozilla/5.0 (Windows NT 10.0; Win64; x64) AppleWebKit/537.36 (KHTML, like Gecko) Chrome/136.0.0.0 Safari/537.36 Edg/136.0.0.0"
202.62.242.117 - - [27/May/2025:03:05:08 +0000] "GET /assets/css/custom.css?1748315108 HTTP/1.1" 200 1143 "https://tasktrakker.com.au/index.php/admin/addcustomersview/6176" "Mozilla/5.0 (Windows NT 10.0; Win64; x64) AppleWebKit/537.36 (KHTML, like Gecko) Chrome/136.0.0.0 Safari/537.36 Edg/136.0.0.0"
202.62.242.117 - - [27/May/2025:03:05:08 +0000] "GET /assets/dist/js/pages/dashboard.js?1748315108 HTTP/1.1" 200 4337 "https://tasktrakker.com.au/index.php/admin/addcustomersview/6176" "Mozilla/5.0 (Windows NT 10.0; Win64; x64) AppleWebKit/537.36 (KHTML, like Gecko) Chrome/136.0.0.0 Safari/537.36 Edg/136.0.0.0"
157.55.39.6 - - [27/May/2025:03:05:38 +0000] "GET /index.php/admin/ticket/0/2543 HTTP/1.1" 301 3240 "-" "Mozilla/5.0 AppleWebKit/537.36 (KHTML, like Gecko; compatible; bingbot/2.0; +http://www.bing.com/bingbot.htm) Chrome/116.0.1938.76 Safari/537.36"
202.62.242.117 - - [27/May/2025:03:06:28 +0000] "-" 408 323 "-" "-"
202.62.242.117 - - [27/May/2025:03:06:28 +0000] "-" 408 323 "-" "-"
202.62.242.117 - - [27/May/2025:03:07:29 +0000] "-" 408 323 "-" "-"
202.62.242.117 - - [27/May/2025:03:07:29 +0000] "-" 408 323 "-" "-"
202.62.242.117 - - [27/May/2025:03:08:29 +0000] "-" 408 323 "-" "-"
202.62.242.117 - - [27/May/2025:03:08:29 +0000] "-" 408 323 "-" "-"
157.55.39.12 - - [27/May/2025:03:09:28 +0000] "GET /index.php/admin/deleteLeadop/9416 HTTP/1.1" 302 3130 "-" "Mozilla/5.0 AppleWebKit/537.36 (KHTML, like Gecko; compatible; bingbot/2.0; +http://www.bing.com/bingbot.htm) Chrome/116.0.1938.76 Safari/537.36"
202.62.242.117 - - [27/May/2025:03:09:29 +0000] "-" 408 323 "-" "-"
202.62.242.117 - - [27/May/2025:03:09:29 +0000] "-" 408 323 "-" "-"
157.55.39.12 - - [27/May/2025:03:09:30 +0000] "GET /admin/error_view HTTP/1.1" 302 305 "-" "Mozilla/5.0 AppleWebKit/537.36 (KHTML, like Gecko; compatible; bingbot/2.0; +http://www.bing.com/bingbot.htm) Chrome/116.0.1938.76 Safari/537.36"
157.55.39.12 - - [27/May/2025:03:09:31 +0000] "GET /admin/main HTTP/1.1" 500 2213 "-" "Mozilla/5.0 AppleWebKit/537.36 (KHTML, like Gecko; compatible; bingbot/2.0; +http://www.bing.com/bingbot.htm) Chrome/116.0.1938.76 Safari/537.36"
202.62.242.117 - - [27/May/2025:03:09:45 +0000] "GET /index.php/admin/main HTTP/1.1" 200 7377 "https://tasktrakker.com.au/index.php/admin/addcustomersview/6176" "Mozilla/5.0 (Windows NT 10.0; Win64; x64) AppleWebKit/537.36 (KHTML, like Gecko) Chrome/136.0.0.0 Safari/537.36 Edg/136.0.0.0"
202.62.242.117 - - [27/May/2025:03:09:45 +0000] "GET /assets/css/custom.css?1748315385 HTTP/1.1" 200 1143 "https://tasktrakker.com.au/index.php/admin/main" "Mozilla/5.0 (Windows NT 10.0; Win64; x64) AppleWebKit/537.36 (KHTML, like Gecko) Chrome/136.0.0.0 Safari/537.36 Edg/136.0.0.0"
202.62.242.117 - - [27/May/2025:03:09:45 +0000] "GET /assets/dist/js/pages/dashboard.js?1748315385 HTTP/1.1" 200 4661 "https://tasktrakker.com.au/index.php/admin/main" "Mozilla/5.0 (Windows NT 10.0; Win64; x64) AppleWebKit/537.36 (KHTML, like Gecko) Chrome/136.0.0.0 Safari/537.36 Edg/136.0.0.0"
202.62.242.117 - - [27/May/2025:03:09:45 +0000] "GET /index.php/admin/get_fullcalendar?start=2025-04-27T00%3A00%3A00%2B10%3A00&end=2025-06-08T00%3A00%3A00%2B10%3A00 HTTP/1.1" 200 3818 "https://tasktrakker.com.au/index.php/admin/main" "Mozilla/5.0 (Windows NT 10.0; Win64; x64) AppleWebKit/537.36 (KHTML, like Gecko) Chrome/136.0.0.0 Safari/537.36 Edg/136.0.0.0"
202.62.242.117 - - [27/May/2025:03:09:45 +0000] "GET /index.php/admin/get_fullcalendar?start=2025-06-01T00%3A00%3A00%2B10%3A00&end=2025-07-13T00%3A00%3A00%2B10%3A00 HTTP/1.1" 200 3549 "https://tasktrakker.com.au/index.php/admin/main" "Mozilla/5.0 (Windows NT 10.0; Win64; x64) AppleWebKit/537.36 (KHTML, like Gecko) Chrome/136.0.0.0 Safari/537.36 Edg/136.0.0.0"
202.62.242.117 - - [27/May/2025:03:11:05 +0000] "-" 408 323 "-" "-"
202.62.242.117 - - [27/May/2025:03:11:05 +0000] "-" 408 323 "-" "-"
202.62.242.117 - - [27/May/2025:03:12:05 +0000] "-" 408 323 "-" "-"
202.62.242.117 - - [27/May/2025:03:12:05 +0000] "-" 408 323 "-" "-"
202.62.242.117 - - [27/May/2025:03:12:08 +0000] "GET /index.php/admin/addcustomersview/6176 HTTP/1.1" 200 11472 "https://tasktrakker.com.au/index.php/admin/main" "Mozilla/5.0 (Windows NT 10.0; Win64; x64) AppleWebKit/537.36 (KHTML, like Gecko) Chrome/136.0.0.0 Safari/537.36 Edg/136.0.0.0"
202.62.242.117 - - [27/May/2025:03:12:08 +0000] "GET /assets/css/custom.css?1748315528 HTTP/1.1" 200 1143 "https://tasktrakker.com.au/index.php/admin/addcustomersview/6176" "Mozilla/5.0 (Windows NT 10.0; Win64; x64) AppleWebKit/537.36 (KHTML, like Gecko) Chrome/136.0.0.0 Safari/537.36 Edg/136.0.0.0"
202.62.242.117 - - [27/May/2025:03:12:08 +0000] "GET /assets/dist/js/pages/dashboard.js?1748315528 HTTP/1.1" 200 4661 "https://tasktrakker.com.au/index.php/admin/addcustomersview/6176" "Mozilla/5.0 (Windows NT 10.0; Win64; x64) AppleWebKit/537.36 (KHTML, like Gecko) Chrome/136.0.0.0 Safari/537.36 Edg/136.0.0.0"
202.62.242.117 - - [27/May/2025:03:13:28 +0000] "-" 408 323 "-" "-"
202.62.242.117 - - [27/May/2025:03:13:28 +0000] "-" 408 323 "-" "-"
202.62.242.117 - - [27/May/2025:03:14:28 +0000] "-" 408 323 "-" "-"
202.62.242.117 - - [27/May/2025:03:14:28 +0000] "-" 408 323 "-" "-"
40.77.167.9 - - [27/May/2025:03:19:46 +0000] "GET /index.php/admin/convert_customer_to_lead/9543 HTTP/1.1" 301 3272 "-" "Mozilla/5.0 AppleWebKit/537.36 (KHTML, like Gecko; compatible; bingbot/2.0; +http://www.bing.com/bingbot.htm) Chrome/116.0.1938.76 Safari/537.36"
66.228.53.204 - - [27/May/2025:03:20:11 +0000] "GET / HTTP/1.1" 404 434 "-" "Mozilla/5.0 (Macintosh; Intel Mac OS X 13_1) AppleWebKit/537.36 (KHTML, like Gecko) Chrome/108.0.0.0 Safari/537.36"
157.55.39.200 - - [27/May/2025:03:20:19 +0000] "GET /index.php/admin/addleadview/6518 HTTP/1.1" 500 5039 "-" "Mozilla/5.0 AppleWebKit/537.36 (KHTML, like Gecko; compatible; bingbot/2.0; +http://www.bing.com/bingbot.htm) Chrome/116.0.1938.76 Safari/537.36"
157.55.39.200 - - [27/May/2025:03:22:59 +0000] "GET /index.php/admin/addleadview/5298 HTTP/1.1" 500 5040 "-" "Mozilla/5.0 AppleWebKit/537.36 (KHTML, like Gecko; compatible; bingbot/2.0; +http://www.bing.com/bingbot.htm) Chrome/116.0.1938.76 Safari/537.36"
52.167.144.142 - - [27/May/2025:03:23:25 +0000] "GET /index.php/admin/archive_booking_action/9496 HTTP/1.1" 302 3130 "-" "Mozilla/5.0 AppleWebKit/537.36 (KHTML, like Gecko; compatible; bingbot/2.0; +http://www.bing.com/bingbot.htm) Chrome/116.0.1938.76 Safari/537.36"
52.167.144.142 - - [27/May/2025:03:23:26 +0000] "GET /admin/error_view HTTP/1.1" 302 305 "-" "Mozilla/5.0 AppleWebKit/537.36 (KHTML, like Gecko; compatible; bingbot/2.0; +http://www.bing.com/bingbot.htm) Chrome/116.0.1938.76 Safari/537.36"
52.167.144.142 - - [27/May/2025:03:23:27 +0000] "GET /admin/main HTTP/1.1" 500 2213 "-" "Mozilla/5.0 AppleWebKit/537.36 (KHTML, like Gecko; compatible; bingbot/2.0; +http://www.bing.com/bingbot.htm) Chrome/116.0.1938.76 Safari/537.36"
87.236.176.163 - - [27/May/2025:03:26:32 +0000] "GET / HTTP/1.1" 301 546 "-" "Mozilla/5.0 (compatible; InternetMeasurement/1.0; +https://internet-measurement.com/)"
87.236.176.163 - - [27/May/2025:03:26:33 +0000] "GET / HTTP/1.1" 302 2853 "http://tasktrakker.com.au" "Mozilla/5.0 (compatible; InternetMeasurement/1.0; +https://internet-measurement.com/)"
87.236.176.163 - - [27/May/2025:03:26:34 +0000] "GET /index.php/admin/login HTTP/1.1" 200 4444 "https://tasktrakker.com.au/" "Mozilla/5.0 (compatible; InternetMeasurement/1.0; +https://internet-measurement.com/)"
87.236.176.175 - - [27/May/2025:03:26:36 +0000] "GET /favicon.ico HTTP/1.1" 200 8287 "-" "Mozilla/5.0 (compatible; InternetMeasurement/1.0; +https://internet-measurement.com/)"
65.49.1.180 - - [27/May/2025:03:31:23 +0000] "\x16\x03\x01" 400 497 "-" "-"
45.33.14.5 - - [27/May/2025:03:31:59 +0000] "GET / HTTP/1.1" 404 434 "-" "Mozilla/5.0 zgrab/0.x"
