202.62.242.117 - - [28/May/2025:02:49:31 +0000] "GET /index.php/admin/addcustomersview/9536 HTTP/1.1" 200 10896 "https://tasktrakker.com.au/index.php/admin/manageCustomers" "Mozilla/5.0 (Windows NT 10.0; Win64; x64) AppleWebKit/537.36 (KHTML, like Gecko) Chrome/136.0.0.0 Safari/537.36 Edg/136.0.0.0"
202.62.242.117 - - [28/May/2025:02:49:31 +0000] "GET /assets/css/custom.css?1748400571 HTTP/1.1" 200 1143 "https://tasktrakker.com.au/index.php/admin/addcustomersview/9536" "Mozilla/5.0 (Windows NT 10.0; Win64; x64) AppleWebKit/537.36 (KHTML, like Gecko) Chrome/136.0.0.0 Safari/537.36 Edg/136.0.0.0"
202.62.242.117 - - [28/May/2025:02:49:31 +0000] "GET /assets/dist/js/pages/dashboard.js?1748400571 HTTP/1.1" 200 4661 "https://tasktrakker.com.au/index.php/admin/addcustomersview/9536" "Mozilla/5.0 (Windows NT 10.0; Win64; x64) AppleWebKit/537.36 (KHTML, like Gecko) Chrome/136.0.0.0 Safari/537.36 Edg/136.0.0.0"
202.62.242.117 - - [28/May/2025:02:51:03 +0000] "-" 408 323 "-" "-"
202.62.242.117 - - [28/May/2025:02:51:03 +0000] "-" 408 323 "-" "-"
185.180.140.107 - - [28/May/2025:02:51:06 +0000] "GET / HTTP/1.1" 302 2686 "-" "Mozilla/5.0 (Windows NT 10.0; Win64; x64) AppleWebKit/537.36 (KHTML, like Gecko) Chrome/60.0.3112.113 Safari/537.36"
185.180.140.5 - - [28/May/2025:02:51:07 +0000] "GET /index.php/admin/login HTTP/1.1" 200 4238 "https://54.79.101.3/" "Mozilla/5.0 (Windows NT 10.0; Win64; x64) AppleWebKit/537.36 (KHTML, like Gecko) Chrome/60.0.3112.113 Safari/537.36"
52.167.144.149 - - [28/May/2025:02:51:09 +0000] "GET /index.php/admin/addleadview/2472 HTTP/1.1" 500 5041 "-" "Mozilla/5.0 AppleWebKit/537.36 (KHTML, like Gecko; compatible; bingbot/2.0; +http://www.bing.com/bingbot.htm) Chrome/116.0.1938.76 Safari/537.36"
202.62.242.117 - - [28/May/2025:02:52:03 +0000] "-" 408 323 "-" "-"
202.62.242.117 - - [28/May/2025:02:52:03 +0000] "-" 408 323 "-" "-"
202.62.242.117 - - [28/May/2025:02:52:24 +0000] "POST /index.php/admin/addeditCustomerop HTTP/1.1" 301 713 "https://tasktrakker.com.au/index.php/admin/addcustomersview/9536" "Mozilla/5.0 (Windows NT 10.0; Win64; x64) AppleWebKit/537.36 (KHTML, like Gecko) Chrome/136.0.0.0 Safari/537.36 Edg/136.0.0.0"
202.62.242.117 - - [28/May/2025:02:52:25 +0000] "GET /admin/addcustomersview/9536 HTTP/1.1" 200 10573 "https://tasktrakker.com.au/index.php/admin/addcustomersview/9536" "Mozilla/5.0 (Windows NT 10.0; Win64; x64) AppleWebKit/537.36 (KHTML, like Gecko) Chrome/136.0.0.0 Safari/537.36 Edg/136.0.0.0"
202.62.242.117 - - [28/May/2025:02:52:25 +0000] "GET /assets/css/custom.css?1748400745 HTTP/1.1" 200 1143 "https://tasktrakker.com.au/admin/addcustomersview/9536" "Mozilla/5.0 (Windows NT 10.0; Win64; x64) AppleWebKit/537.36 (KHTML, like Gecko) Chrome/136.0.0.0 Safari/537.36 Edg/136.0.0.0"
202.62.242.117 - - [28/May/2025:02:52:25 +0000] "GET /assets/dist/js/pages/dashboard.js?1748400745 HTTP/1.1" 200 4661 "https://tasktrakker.com.au/admin/addcustomersview/9536" "Mozilla/5.0 (Windows NT 10.0; Win64; x64) AppleWebKit/537.36 (KHTML, like Gecko) Chrome/136.0.0.0 Safari/537.36 Edg/136.0.0.0"
157.55.39.201 - - [28/May/2025:02:52:30 +0000] "GET /index.php/admin/addleadview/8000 HTTP/1.1" 500 5040 "-" "Mozilla/5.0 AppleWebKit/537.36 (KHTML, like Gecko; compatible; bingbot/2.0; +http://www.bing.com/bingbot.htm) Chrome/116.0.1938.76 Safari/537.36"
157.55.39.201 - - [28/May/2025:02:52:31 +0000] "GET /index.php/admin/deleteLeadop/3593 HTTP/1.1" 302 868 "-" "Mozilla/5.0 AppleWebKit/537.36 (KHTML, like Gecko; compatible; bingbot/2.0; +http://www.bing.com/bingbot.htm) Chrome/116.0.1938.76 Safari/537.36"
157.55.39.201 - - [28/May/2025:02:52:31 +0000] "GET /admin/error_view HTTP/1.1" 302 305 "-" "Mozilla/5.0 AppleWebKit/537.36 (KHTML, like Gecko; compatible; bingbot/2.0; +http://www.bing.com/bingbot.htm) Chrome/116.0.1938.76 Safari/537.36"
157.55.39.201 - - [28/May/2025:02:52:32 +0000] "GET /admin/main HTTP/1.1" 500 2213 "-" "Mozilla/5.0 AppleWebKit/537.36 (KHTML, like Gecko; compatible; bingbot/2.0; +http://www.bing.com/bingbot.htm) Chrome/116.0.1938.76 Safari/537.36"
202.62.242.117 - - [28/May/2025:02:53:24 +0000] "-" 408 323 "-" "-"
202.62.242.117 - - [28/May/2025:02:53:24 +0000] "-" 408 323 "-" "-"
207.46.13.63 - - [28/May/2025:02:54:21 +0000] "GET /index.php/admin/deleteLeadop/7542 HTTP/1.1" 302 3130 "-" "Mozilla/5.0 AppleWebKit/537.36 (KHTML, like Gecko; compatible; bingbot/2.0; +http://www.bing.com/bingbot.htm) Chrome/116.0.1938.76 Safari/537.36"
207.46.13.63 - - [28/May/2025:02:54:21 +0000] "GET /admin/error_view HTTP/1.1" 302 305 "-" "Mozilla/5.0 AppleWebKit/537.36 (KHTML, like Gecko; compatible; bingbot/2.0; +http://www.bing.com/bingbot.htm) Chrome/116.0.1938.76 Safari/537.36"
207.46.13.63 - - [28/May/2025:02:54:22 +0000] "GET /admin/main HTTP/1.1" 500 2213 "-" "Mozilla/5.0 AppleWebKit/537.36 (KHTML, like Gecko; compatible; bingbot/2.0; +http://www.bing.com/bingbot.htm) Chrome/116.0.1938.76 Safari/537.36"
202.62.242.117 - - [28/May/2025:02:54:24 +0000] "-" 408 323 "-" "-"
202.62.242.117 - - [28/May/2025:02:54:24 +0000] "-" 408 323 "-" "-"
202.62.242.117 - - [28/May/2025:02:54:30 +0000] "GET /index.php/admin/booking_archive/9536 HTTP/1.1" 200 6311 "https://tasktrakker.com.au/admin/addcustomersview/9536" "Mozilla/5.0 (Windows NT 10.0; Win64; x64) AppleWebKit/537.36 (KHTML, like Gecko) Chrome/136.0.0.0 Safari/537.36 Edg/136.0.0.0"
202.62.242.117 - - [28/May/2025:02:54:31 +0000] "GET /assets/css/custom.css?1748400870 HTTP/1.1" 200 1143 "https://tasktrakker.com.au/index.php/admin/booking_archive/9536" "Mozilla/5.0 (Windows NT 10.0; Win64; x64) AppleWebKit/537.36 (KHTML, like Gecko) Chrome/136.0.0.0 Safari/537.36 Edg/136.0.0.0"
202.62.242.117 - - [28/May/2025:02:54:31 +0000] "GET /assets/dist/js/pages/dashboard.js?1748400871 HTTP/1.1" 200 4661 "https://tasktrakker.com.au/index.php/admin/booking_archive/9536" "Mozilla/5.0 (Windows NT 10.0; Win64; x64) AppleWebKit/537.36 (KHTML, like Gecko) Chrome/136.0.0.0 Safari/537.36 Edg/136.0.0.0"
202.62.242.117 - - [28/May/2025:02:54:42 +0000] "GET /index.php/admin/addcustomersview/9536 HTTP/1.1" 200 10900 "https://tasktrakker.com.au/index.php/admin/booking_archive/9536" "Mozilla/5.0 (Windows NT 10.0; Win64; x64) AppleWebKit/537.36 (KHTML, like Gecko) Chrome/136.0.0.0 Safari/537.36 Edg/136.0.0.0"
202.62.242.117 - - [28/May/2025:02:54:42 +0000] "GET /assets/css/custom.css?1748400882 HTTP/1.1" 200 1143 "https://tasktrakker.com.au/index.php/admin/addcustomersview/9536" "Mozilla/5.0 (Windows NT 10.0; Win64; x64) AppleWebKit/537.36 (KHTML, like Gecko) Chrome/136.0.0.0 Safari/537.36 Edg/136.0.0.0"
202.62.242.117 - - [28/May/2025:02:54:42 +0000] "GET /assets/dist/js/pages/dashboard.js?1748400882 HTTP/1.1" 200 4661 "https://tasktrakker.com.au/index.php/admin/addcustomersview/9536" "Mozilla/5.0 (Windows NT 10.0; Win64; x64) AppleWebKit/537.36 (KHTML, like Gecko) Chrome/136.0.0.0 Safari/537.36 Edg/136.0.0.0"
207.46.13.63 - - [28/May/2025:02:54:50 +0000] "GET /index.php/admin/addleadview/4304 HTTP/1.1" 500 5040 "-" "Mozilla/5.0 AppleWebKit/537.36 (KHTML, like Gecko; compatible; bingbot/2.0; +http://www.bing.com/bingbot.htm) Chrome/116.0.1938.76 Safari/537.36"
202.62.242.117 - - [28/May/2025:02:56:41 +0000] "-" 408 323 "-" "-"
202.62.242.117 - - [28/May/2025:02:56:41 +0000] "-" 408 323 "-" "-"
202.62.242.117 - - [28/May/2025:02:57:15 +0000] "POST /index.php/admin/addeditCustomerop HTTP/1.1" 301 713 "https://tasktrakker.com.au/index.php/admin/addcustomersview/9536" "Mozilla/5.0 (Windows NT 10.0; Win64; x64) AppleWebKit/537.36 (KHTML, like Gecko) Chrome/136.0.0.0 Safari/537.36 Edg/136.0.0.0"
202.62.242.117 - - [28/May/2025:02:57:16 +0000] "GET /admin/addcustomersview/9536 HTTP/1.1" 200 10577 "https://tasktrakker.com.au/index.php/admin/addcustomersview/9536" "Mozilla/5.0 (Windows NT 10.0; Win64; x64) AppleWebKit/537.36 (KHTML, like Gecko) Chrome/136.0.0.0 Safari/537.36 Edg/136.0.0.0"
202.62.242.117 - - [28/May/2025:02:57:16 +0000] "GET /assets/css/custom.css?1748401036 HTTP/1.1" 200 1143 "https://tasktrakker.com.au/admin/addcustomersview/9536" "Mozilla/5.0 (Windows NT 10.0; Win64; x64) AppleWebKit/537.36 (KHTML, like Gecko) Chrome/136.0.0.0 Safari/537.36 Edg/136.0.0.0"
202.62.242.117 - - [28/May/2025:02:57:16 +0000] "GET /assets/dist/js/pages/dashboard.js?1748401036 HTTP/1.1" 200 4661 "https://tasktrakker.com.au/admin/addcustomersview/9536" "Mozilla/5.0 (Windows NT 10.0; Win64; x64) AppleWebKit/537.36 (KHTML, like Gecko) Chrome/136.0.0.0 Safari/537.36 Edg/136.0.0.0"
157.55.39.55 - - [28/May/2025:02:57:19 +0000] "GET /index.php/admin/addcustomersview/9536 HTTP/1.1" 500 5046 "-" "Mozilla/5.0 AppleWebKit/537.36 (KHTML, like Gecko; compatible; bingbot/2.0; +http://www.bing.com/bingbot.htm) Chrome/116.0.1938.76 Safari/537.36"
207.46.13.7 - - [28/May/2025:02:57:20 +0000] "GET /index.php/admin/booking_archive/9536 HTTP/1.1" 500 5084 "-" "Mozilla/5.0 AppleWebKit/537.36 (KHTML, like Gecko; compatible; bingbot/2.0; +http://www.bing.com/bingbot.htm) Chrome/116.0.1938.76 Safari/537.36"
202.62.242.117 - - [28/May/2025:02:57:29 +0000] "POST /index.php/admin/addeditCustomerop HTTP/1.1" 301 713 "https://tasktrakker.com.au/admin/addcustomersview/9536" "Mozilla/5.0 (Windows NT 10.0; Win64; x64) AppleWebKit/537.36 (KHTML, like Gecko) Chrome/136.0.0.0 Safari/537.36 Edg/136.0.0.0"
202.62.242.117 - - [28/May/2025:02:57:30 +0000] "GET /admin/addcustomersview/9536 HTTP/1.1" 200 10531 "https://tasktrakker.com.au/admin/addcustomersview/9536" "Mozilla/5.0 (Windows NT 10.0; Win64; x64) AppleWebKit/537.36 (KHTML, like Gecko) Chrome/136.0.0.0 Safari/537.36 Edg/136.0.0.0"
202.62.242.117 - - [28/May/2025:02:57:30 +0000] "GET /assets/css/custom.css?1748401050 HTTP/1.1" 200 1143 "https://tasktrakker.com.au/admin/addcustomersview/9536" "Mozilla/5.0 (Windows NT 10.0; Win64; x64) AppleWebKit/537.36 (KHTML, like Gecko) Chrome/136.0.0.0 Safari/537.36 Edg/136.0.0.0"
202.62.242.117 - - [28/May/2025:02:57:30 +0000] "GET /assets/dist/js/pages/dashboard.js?1748401050 HTTP/1.1" 200 4661 "https://tasktrakker.com.au/admin/addcustomersview/9536" "Mozilla/5.0 (Windows NT 10.0; Win64; x64) AppleWebKit/537.36 (KHTML, like Gecko) Chrome/136.0.0.0 Safari/537.36 Edg/136.0.0.0"
207.46.13.7 - - [28/May/2025:02:57:40 +0000] "GET /index.php/admin/booking_archive/9536 HTTP/1.1" 500 5083 "-" "Mozilla/5.0 AppleWebKit/537.36 (KHTML, like Gecko; compatible; bingbot/2.0; +http://www.bing.com/bingbot.htm) Chrome/116.0.1938.76 Safari/537.36"
207.46.13.63 - - [28/May/2025:02:57:40 +0000] "GET /index.php/admin/booking_archive/9536 HTTP/1.1" 500 5046 "-" "Mozilla/5.0 AppleWebKit/537.36 (KHTML, like Gecko; compatible; bingbot/2.0; +http://www.bing.com/bingbot.htm) Chrome/116.0.1938.76 Safari/537.36"
157.55.39.55 - - [28/May/2025:02:57:48 +0000] "GET /index.php/admin/addcustomersview/9536 HTTP/1.1" 500 5044 "-" "Mozilla/5.0 AppleWebKit/537.36 (KHTML, like Gecko; compatible; bingbot/2.0; +http://www.bing.com/bingbot.htm) Chrome/116.0.1938.76 Safari/537.36"
202.62.242.117 - - [28/May/2025:02:57:48 +0000] "POST /index.php/admin/addeditCustomerop HTTP/1.1" 301 713 "https://tasktrakker.com.au/admin/addcustomersview/9536" "Mozilla/5.0 (Windows NT 10.0; Win64; x64) AppleWebKit/537.36 (KHTML, like Gecko) Chrome/136.0.0.0 Safari/537.36 Edg/136.0.0.0"
202.62.242.117 - - [28/May/2025:02:57:49 +0000] "GET /admin/addcustomersview/9536 HTTP/1.1" 200 10528 "https://tasktrakker.com.au/admin/addcustomersview/9536" "Mozilla/5.0 (Windows NT 10.0; Win64; x64) AppleWebKit/537.36 (KHTML, like Gecko) Chrome/136.0.0.0 Safari/537.36 Edg/136.0.0.0"
202.62.242.117 - - [28/May/2025:02:57:49 +0000] "GET /assets/css/custom.css?1748401069 HTTP/1.1" 200 1143 "https://tasktrakker.com.au/admin/addcustomersview/9536" "Mozilla/5.0 (Windows NT 10.0; Win64; x64) AppleWebKit/537.36 (KHTML, like Gecko) Chrome/136.0.0.0 Safari/537.36 Edg/136.0.0.0"
202.62.242.117 - - [28/May/2025:02:57:49 +0000] "GET /assets/dist/js/pages/dashboard.js?1748401069 HTTP/1.1" 200 4661 "https://tasktrakker.com.au/admin/addcustomersview/9536" "Mozilla/5.0 (Windows NT 10.0; Win64; x64) AppleWebKit/537.36 (KHTML, like Gecko) Chrome/136.0.0.0 Safari/537.36 Edg/136.0.0.0"
207.46.13.63 - - [28/May/2025:02:58:11 +0000] "GET /index.php/admin/booking_create_view/6173 HTTP/1.1" 500 5050 "-" "Mozilla/5.0 AppleWebKit/537.36 (KHTML, like Gecko; compatible; bingbot/2.0; +http://www.bing.com/bingbot.htm) Chrome/116.0.1938.76 Safari/537.36"
202.62.242.117 - - [28/May/2025:02:59:02 +0000] "POST /index.php/admin/addeditCustomerop HTTP/1.1" 301 713 "https://tasktrakker.com.au/admin/addcustomersview/9536" "Mozilla/5.0 (Windows NT 10.0; Win64; x64) AppleWebKit/537.36 (KHTML, like Gecko) Chrome/136.0.0.0 Safari/537.36 Edg/136.0.0.0"
202.62.242.117 - - [28/May/2025:02:59:03 +0000] "GET /admin/addcustomersview/9536 HTTP/1.1" 200 10536 "https://tasktrakker.com.au/admin/addcustomersview/9536" "Mozilla/5.0 (Windows NT 10.0; Win64; x64) AppleWebKit/537.36 (KHTML, like Gecko) Chrome/136.0.0.0 Safari/537.36 Edg/136.0.0.0"
202.62.242.117 - - [28/May/2025:02:59:03 +0000] "GET /assets/css/custom.css?1748401143 HTTP/1.1" 200 1143 "https://tasktrakker.com.au/admin/addcustomersview/9536" "Mozilla/5.0 (Windows NT 10.0; Win64; x64) AppleWebKit/537.36 (KHTML, like Gecko) Chrome/136.0.0.0 Safari/537.36 Edg/136.0.0.0"
202.62.242.117 - - [28/May/2025:02:59:03 +0000] "GET /assets/dist/js/pages/dashboard.js?1748401143 HTTP/1.1" 200 4661 "https://tasktrakker.com.au/admin/addcustomersview/9536" "Mozilla/5.0 (Windows NT 10.0; Win64; x64) AppleWebKit/537.36 (KHTML, like Gecko) Chrome/136.0.0.0 Safari/537.36 Edg/136.0.0.0"
202.62.242.117 - - [28/May/2025:02:59:18 +0000] "GET /index.php/admin/main HTTP/1.1" 200 7377 "https://tasktrakker.com.au/admin/addcustomersview/9536" "Mozilla/5.0 (Windows NT 10.0; Win64; x64) AppleWebKit/537.36 (KHTML, like Gecko) Chrome/136.0.0.0 Safari/537.36 Edg/136.0.0.0"
202.62.242.117 - - [28/May/2025:02:59:18 +0000] "GET /assets/css/custom.css?1748401158 HTTP/1.1" 200 1143 "https://tasktrakker.com.au/index.php/admin/main" "Mozilla/5.0 (Windows NT 10.0; Win64; x64) AppleWebKit/537.36 (KHTML, like Gecko) Chrome/136.0.0.0 Safari/537.36 Edg/136.0.0.0"
202.62.242.117 - - [28/May/2025:02:59:18 +0000] "GET /assets/dist/js/pages/dashboard.js?1748401158 HTTP/1.1" 200 4661 "https://tasktrakker.com.au/index.php/admin/main" "Mozilla/5.0 (Windows NT 10.0; Win64; x64) AppleWebKit/537.36 (KHTML, like Gecko) Chrome/136.0.0.0 Safari/537.36 Edg/136.0.0.0"
202.62.242.117 - - [28/May/2025:02:59:18 +0000] "GET /index.php/admin/get_fullcalendar?start=2025-04-27T00%3A00%3A00%2B10%3A00&end=2025-06-08T00%3A00%3A00%2B10%3A00 HTTP/1.1" 200 3821 "https://tasktrakker.com.au/index.php/admin/main" "Mozilla/5.0 (Windows NT 10.0; Win64; x64) AppleWebKit/537.36 (KHTML, like Gecko) Chrome/136.0.0.0 Safari/537.36 Edg/136.0.0.0"
202.62.242.117 - - [28/May/2025:02:59:18 +0000] "GET /index.php/admin/get_fullcalendar?start=2025-06-01T00%3A00%3A00%2B10%3A00&end=2025-07-13T00%3A00%3A00%2B10%3A00 HTTP/1.1" 200 3596 "https://tasktrakker.com.au/index.php/admin/main" "Mozilla/5.0 (Windows NT 10.0; Win64; x64) AppleWebKit/537.36 (KHTML, like Gecko) Chrome/136.0.0.0 Safari/537.36 Edg/136.0.0.0"
202.62.242.117 - - [28/May/2025:02:59:26 +0000] "GET /index.php/admin/addcustomersview/4565 HTTP/1.1" 200 10637 "https://tasktrakker.com.au/index.php/admin/main" "Mozilla/5.0 (Windows NT 10.0; Win64; x64) AppleWebKit/537.36 (KHTML, like Gecko) Chrome/136.0.0.0 Safari/537.36 Edg/136.0.0.0"
202.62.242.117 - - [28/May/2025:02:59:26 +0000] "GET /assets/css/custom.css?1748401166 HTTP/1.1" 200 1143 "https://tasktrakker.com.au/index.php/admin/addcustomersview/4565" "Mozilla/5.0 (Windows NT 10.0; Win64; x64) AppleWebKit/537.36 (KHTML, like Gecko) Chrome/136.0.0.0 Safari/537.36 Edg/136.0.0.0"
202.62.242.117 - - [28/May/2025:02:59:26 +0000] "GET /assets/dist/js/pages/dashboard.js?1748401166 HTTP/1.1" 200 4661 "https://tasktrakker.com.au/index.php/admin/addcustomersview/4565" "Mozilla/5.0 (Windows NT 10.0; Win64; x64) AppleWebKit/537.36 (KHTML, like Gecko) Chrome/136.0.0.0 Safari/537.36 Edg/136.0.0.0"
202.62.242.117 - - [28/May/2025:03:00:14 +0000] "GET /index.php/admin/main HTTP/1.1" 200 7519 "https://tasktrakker.com.au/index.php/admin/addcustomersview/4565" "Mozilla/5.0 (Windows NT 10.0; Win64; x64) AppleWebKit/537.36 (KHTML, like Gecko) Chrome/136.0.0.0 Safari/537.36 Edg/136.0.0.0"
202.62.242.117 - - [28/May/2025:03:00:14 +0000] "GET /assets/css/custom.css?1748401214 HTTP/1.1" 200 1143 "https://tasktrakker.com.au/index.php/admin/main" "Mozilla/5.0 (Windows NT 10.0; Win64; x64) AppleWebKit/537.36 (KHTML, like Gecko) Chrome/136.0.0.0 Safari/537.36 Edg/136.0.0.0"
202.62.242.117 - - [28/May/2025:03:00:14 +0000] "GET /assets/dist/js/pages/dashboard.js?1748401214 HTTP/1.1" 200 4661 "https://tasktrakker.com.au/index.php/admin/main" "Mozilla/5.0 (Windows NT 10.0; Win64; x64) AppleWebKit/537.36 (KHTML, like Gecko) Chrome/136.0.0.0 Safari/537.36 Edg/136.0.0.0"
202.62.242.117 - - [28/May/2025:03:00:14 +0000] "GET /index.php/admin/get_fullcalendar?start=2025-04-27T00%3A00%3A00%2B10%3A00&end=2025-06-08T00%3A00%3A00%2B10%3A00 HTTP/1.1" 200 3821 "https://tasktrakker.com.au/index.php/admin/main" "Mozilla/5.0 (Windows NT 10.0; Win64; x64) AppleWebKit/537.36 (KHTML, like Gecko) Chrome/136.0.0.0 Safari/537.36 Edg/136.0.0.0"
202.62.242.117 - - [28/May/2025:03:00:14 +0000] "GET /index.php/admin/get_fullcalendar?start=2025-06-01T00%3A00%3A00%2B10%3A00&end=2025-07-13T00%3A00%3A00%2B10%3A00 HTTP/1.1" 200 3596 "https://tasktrakker.com.au/index.php/admin/main" "Mozilla/5.0 (Windows NT 10.0; Win64; x64) AppleWebKit/537.36 (KHTML, like Gecko) Chrome/136.0.0.0 Safari/537.36 Edg/136.0.0.0"
202.62.242.117 - - [28/May/2025:03:00:37 +0000] "GET /index.php/admin/addcustomersview/4565 HTTP/1.1" 200 10636 "https://tasktrakker.com.au/index.php/admin/main" "Mozilla/5.0 (Windows NT 10.0; Win64; x64) AppleWebKit/537.36 (KHTML, like Gecko) Chrome/136.0.0.0 Safari/537.36 Edg/136.0.0.0"
202.62.242.117 - - [28/May/2025:03:00:37 +0000] "GET /assets/css/custom.css?1748401237 HTTP/1.1" 200 1143 "https://tasktrakker.com.au/index.php/admin/addcustomersview/4565" "Mozilla/5.0 (Windows NT 10.0; Win64; x64) AppleWebKit/537.36 (KHTML, like Gecko) Chrome/136.0.0.0 Safari/537.36 Edg/136.0.0.0"
202.62.242.117 - - [28/May/2025:03:00:37 +0000] "GET /assets/dist/js/pages/dashboard.js?1748401237 HTTP/1.1" 200 4661 "https://tasktrakker.com.au/index.php/admin/addcustomersview/4565" "Mozilla/5.0 (Windows NT 10.0; Win64; x64) AppleWebKit/537.36 (KHTML, like Gecko) Chrome/136.0.0.0 Safari/537.36 Edg/136.0.0.0"
1.145.120.255 - - [28/May/2025:03:00:41 +0000] "POST /index.php/cordova/get_bookings/106 HTTP/1.1" 200 3547 "https://www.tasktrakker.com.au/" "Mozilla/5.0 (Macintosh; Intel Mac OS X 10_15_7) AppleWebKit/605.1.15 (KHTML, like Gecko) Version/17.5 Safari/605.1.15"
1.145.120.255 - - [28/May/2025:03:00:41 +0000] "POST /index.php/cordova/get_booking_statuses/106/PENDING HTTP/1.1" 200 3081 "https://www.tasktrakker.com.au/" "Mozilla/5.0 (Macintosh; Intel Mac OS X 10_15_7) AppleWebKit/605.1.15 (KHTML, like Gecko) Version/17.5 Safari/605.1.15"
1.145.120.255 - - [28/May/2025:03:00:47 +0000] "POST /index.php/cordova/get_customers_for_photographer/106 HTTP/1.1" 200 5070 "https://www.tasktrakker.com.au/" "Mozilla/5.0 (Macintosh; Intel Mac OS X 10_15_7) AppleWebKit/605.1.15 (KHTML, like Gecko) Version/17.5 Safari/605.1.15"
1.145.120.255 - - [28/May/2025:03:00:49 +0000] "POST /index.php/cordova/get_all_customers/ HTTP/1.1" 301 590 "https://www.tasktrakker.com.au/" "Mozilla/5.0 (Macintosh; Intel Mac OS X 10_15_7) AppleWebKit/605.1.15 (KHTML, like Gecko) Version/17.5 Safari/605.1.15"
1.145.120.255 - - [28/May/2025:03:01:22 +0000] "POST /index.php/cordova/get_bookings/106 HTTP/1.1" 200 3546 "https://www.tasktrakker.com.au/" "Mozilla/5.0 (Macintosh; Intel Mac OS X 10_15_7) AppleWebKit/605.1.15 (KHTML, like Gecko) Version/17.5 Safari/605.1.15"
1.145.120.255 - - [28/May/2025:03:01:22 +0000] "POST /index.php/cordova/get_booking_statuses/106/PENDING HTTP/1.1" 200 3080 "https://www.tasktrakker.com.au/" "Mozilla/5.0 (Macintosh; Intel Mac OS X 10_15_7) AppleWebKit/605.1.15 (KHTML, like Gecko) Version/17.5 Safari/605.1.15"
1.145.120.255 - - [28/May/2025:03:01:24 +0000] "POST /index.php/cordova/get_customers_for_photographer/106 HTTP/1.1" 200 2500 "https://www.tasktrakker.com.au/" "Mozilla/5.0 (Macintosh; Intel Mac OS X 10_15_7) AppleWebKit/605.1.15 (KHTML, like Gecko) Version/17.5 Safari/605.1.15"
1.145.120.255 - - [28/May/2025:03:01:25 +0000] "POST /index.php/cordova/get_all_customers/ HTTP/1.1" 301 590 "https://www.tasktrakker.com.au/" "Mozilla/5.0 (Macintosh; Intel Mac OS X 10_15_7) AppleWebKit/605.1.15 (KHTML, like Gecko) Version/17.5 Safari/605.1.15"
202.62.242.117 - - [28/May/2025:03:01:38 +0000] "POST /index.php/admin/addeditCustomerop HTTP/1.1" 301 713 "https://tasktrakker.com.au/index.php/admin/addcustomersview/4565" "Mozilla/5.0 (Windows NT 10.0; Win64; x64) AppleWebKit/537.36 (KHTML, like Gecko) Chrome/136.0.0.0 Safari/537.36 Edg/136.0.0.0"
202.62.242.117 - - [28/May/2025:03:01:39 +0000] "GET /admin/addcustomersview/4565 HTTP/1.1" 200 10320 "https://tasktrakker.com.au/index.php/admin/addcustomersview/4565" "Mozilla/5.0 (Windows NT 10.0; Win64; x64) AppleWebKit/537.36 (KHTML, like Gecko) Chrome/136.0.0.0 Safari/537.36 Edg/136.0.0.0"
202.62.242.117 - - [28/May/2025:03:01:39 +0000] "GET /assets/dist/js/pages/dashboard.js?1748401299 HTTP/1.1" 200 4661 "https://tasktrakker.com.au/admin/addcustomersview/4565" "Mozilla/5.0 (Windows NT 10.0; Win64; x64) AppleWebKit/537.36 (KHTML, like Gecko) Chrome/136.0.0.0 Safari/537.36 Edg/136.0.0.0"
202.62.242.117 - - [28/May/2025:03:01:39 +0000] "GET /assets/css/custom.css?1748401299 HTTP/1.1" 200 1143 "https://tasktrakker.com.au/admin/addcustomersview/4565" "Mozilla/5.0 (Windows NT 10.0; Win64; x64) AppleWebKit/537.36 (KHTML, like Gecko) Chrome/136.0.0.0 Safari/537.36 Edg/136.0.0.0"
202.62.242.117 - - [28/May/2025:03:02:40 +0000] "POST /index.php/admin/addeditCustomerop HTTP/1.1" 301 713 "https://tasktrakker.com.au/admin/addcustomersview/4565" "Mozilla/5.0 (Windows NT 10.0; Win64; x64) AppleWebKit/537.36 (KHTML, like Gecko) Chrome/136.0.0.0 Safari/537.36 Edg/136.0.0.0"
202.62.242.117 - - [28/May/2025:03:02:41 +0000] "GET /admin/addcustomersview/4565 HTTP/1.1" 200 10323 "https://tasktrakker.com.au/admin/addcustomersview/4565" "Mozilla/5.0 (Windows NT 10.0; Win64; x64) AppleWebKit/537.36 (KHTML, like Gecko) Chrome/136.0.0.0 Safari/537.36 Edg/136.0.0.0"
202.62.242.117 - - [28/May/2025:03:02:41 +0000] "GET /assets/css/custom.css?1748401361 HTTP/1.1" 200 1143 "https://tasktrakker.com.au/admin/addcustomersview/4565" "Mozilla/5.0 (Windows NT 10.0; Win64; x64) AppleWebKit/537.36 (KHTML, like Gecko) Chrome/136.0.0.0 Safari/537.36 Edg/136.0.0.0"
202.62.242.117 - - [28/May/2025:03:02:41 +0000] "GET /assets/dist/js/pages/dashboard.js?1748401361 HTTP/1.1" 200 4661 "https://tasktrakker.com.au/admin/addcustomersview/4565" "Mozilla/5.0 (Windows NT 10.0; Win64; x64) AppleWebKit/537.36 (KHTML, like Gecko) Chrome/136.0.0.0 Safari/537.36 Edg/136.0.0.0"
202.62.242.117 - - [28/May/2025:03:02:44 +0000] "GET /index.php/admin/main HTTP/1.1" 200 7053 "https://tasktrakker.com.au/admin/addcustomersview/4565" "Mozilla/5.0 (Windows NT 10.0; Win64; x64) AppleWebKit/537.36 (KHTML, like Gecko) Chrome/136.0.0.0 Safari/537.36 Edg/136.0.0.0"
202.62.242.117 - - [28/May/2025:03:02:44 +0000] "GET /assets/css/custom.css?1748401364 HTTP/1.1" 200 1143 "https://tasktrakker.com.au/index.php/admin/main" "Mozilla/5.0 (Windows NT 10.0; Win64; x64) AppleWebKit/537.36 (KHTML, like Gecko) Chrome/136.0.0.0 Safari/537.36 Edg/136.0.0.0"
202.62.242.117 - - [28/May/2025:03:02:44 +0000] "GET /assets/dist/js/pages/dashboard.js?1748401364 HTTP/1.1" 200 4337 "https://tasktrakker.com.au/index.php/admin/main" "Mozilla/5.0 (Windows NT 10.0; Win64; x64) AppleWebKit/537.36 (KHTML, like Gecko) Chrome/136.0.0.0 Safari/537.36 Edg/136.0.0.0"
202.62.242.117 - - [28/May/2025:03:02:44 +0000] "GET /index.php/admin/get_fullcalendar?start=2025-04-27T00%3A00%3A00%2B10%3A00&end=2025-06-08T00%3A00%3A00%2B10%3A00 HTTP/1.1" 200 3821 "https://tasktrakker.com.au/index.php/admin/main" "Mozilla/5.0 (Windows NT 10.0; Win64; x64) AppleWebKit/537.36 (KHTML, like Gecko) Chrome/136.0.0.0 Safari/537.36 Edg/136.0.0.0"
202.62.242.117 - - [28/May/2025:03:02:44 +0000] "GET /index.php/admin/get_fullcalendar?start=2025-06-01T00%3A00%3A00%2B10%3A00&end=2025-07-13T00%3A00%3A00%2B10%3A00 HTTP/1.1" 200 3596 "https://tasktrakker.com.au/index.php/admin/main" "Mozilla/5.0 (Windows NT 10.0; Win64; x64) AppleWebKit/537.36 (KHTML, like Gecko) Chrome/136.0.0.0 Safari/537.36 Edg/136.0.0.0"
202.62.242.117 - - [28/May/2025:03:02:48 +0000] "GET /index.php/admin/addcustomersview/2355 HTTP/1.1" 200 10402 "https://tasktrakker.com.au/index.php/admin/main" "Mozilla/5.0 (Windows NT 10.0; Win64; x64) AppleWebKit/537.36 (KHTML, like Gecko) Chrome/136.0.0.0 Safari/537.36 Edg/136.0.0.0"
202.62.242.117 - - [28/May/2025:03:02:48 +0000] "GET /assets/css/custom.css?1748401368 HTTP/1.1" 200 1143 "https://tasktrakker.com.au/index.php/admin/addcustomersview/2355" "Mozilla/5.0 (Windows NT 10.0; Win64; x64) AppleWebKit/537.36 (KHTML, like Gecko) Chrome/136.0.0.0 Safari/537.36 Edg/136.0.0.0"
202.62.242.117 - - [28/May/2025:03:02:48 +0000] "GET /assets/dist/js/pages/dashboard.js?1748401368 HTTP/1.1" 200 4337 "https://tasktrakker.com.au/index.php/admin/addcustomersview/2355" "Mozilla/5.0 (Windows NT 10.0; Win64; x64) AppleWebKit/537.36 (KHTML, like Gecko) Chrome/136.0.0.0 Safari/537.36 Edg/136.0.0.0"
157.55.39.6 - - [28/May/2025:03:03:21 +0000] "GET /index.php/admin/addleadview/2381 HTTP/1.1" 500 5040 "-" "Mozilla/5.0 AppleWebKit/537.36 (KHTML, like Gecko; compatible; bingbot/2.0; +http://www.bing.com/bingbot.htm) Chrome/116.0.1938.76 Safari/537.36"
1.145.105.218 - - [28/May/2025:03:03:58 +0000] "POST /index.php/cordova/get_bookings/106 HTTP/1.1" 200 3545 "https://www.tasktrakker.com.au/" "Mozilla/5.0 (Macintosh; Intel Mac OS X 10_15_7) AppleWebKit/605.1.15 (KHTML, like Gecko) Version/17.5 Safari/605.1.15"
1.145.105.218 - - [28/May/2025:03:03:58 +0000] "POST /index.php/cordova/get_booking_statuses/106/PENDING HTTP/1.1" 200 3081 "https://www.tasktrakker.com.au/" "Mozilla/5.0 (Macintosh; Intel Mac OS X 10_15_7) AppleWebKit/605.1.15 (KHTML, like Gecko) Version/17.5 Safari/605.1.15"
1.145.105.218 - - [28/May/2025:03:03:59 +0000] "POST /index.php/cordova/get_customers_for_photographer/106 HTTP/1.1" 200 2500 "https://www.tasktrakker.com.au/" "Mozilla/5.0 (Macintosh; Intel Mac OS X 10_15_7) AppleWebKit/605.1.15 (KHTML, like Gecko) Version/17.5 Safari/605.1.15"
1.145.105.218 - - [28/May/2025:03:04:00 +0000] "POST /index.php/cordova/get_all_customers/ HTTP/1.1" 301 590 "https://www.tasktrakker.com.au/" "Mozilla/5.0 (Macintosh; Intel Mac OS X 10_15_7) AppleWebKit/605.1.15 (KHTML, like Gecko) Version/17.5 Safari/605.1.15"
202.62.242.117 - - [28/May/2025:03:04:07 +0000] "GET /index.php/admin/main HTTP/1.1" 200 7378 "https://tasktrakker.com.au/index.php/admin/addcustomersview/2355" "Mozilla/5.0 (Windows NT 10.0; Win64; x64) AppleWebKit/537.36 (KHTML, like Gecko) Chrome/136.0.0.0 Safari/537.36 Edg/136.0.0.0"
202.62.242.117 - - [28/May/2025:03:04:07 +0000] "GET /assets/css/custom.css?1748401447 HTTP/1.1" 200 1143 "https://tasktrakker.com.au/index.php/admin/main" "Mozilla/5.0 (Windows NT 10.0; Win64; x64) AppleWebKit/537.36 (KHTML, like Gecko) Chrome/136.0.0.0 Safari/537.36 Edg/136.0.0.0"
202.62.242.117 - - [28/May/2025:03:04:07 +0000] "GET /assets/dist/js/pages/dashboard.js?1748401447 HTTP/1.1" 200 4661 "https://tasktrakker.com.au/index.php/admin/main" "Mozilla/5.0 (Windows NT 10.0; Win64; x64) AppleWebKit/537.36 (KHTML, like Gecko) Chrome/136.0.0.0 Safari/537.36 Edg/136.0.0.0"
202.62.242.117 - - [28/May/2025:03:04:07 +0000] "GET /index.php/admin/get_fullcalendar?start=2025-04-27T00%3A00%3A00%2B10%3A00&end=2025-06-08T00%3A00%3A00%2B10%3A00 HTTP/1.1" 200 3821 "https://tasktrakker.com.au/index.php/admin/main" "Mozilla/5.0 (Windows NT 10.0; Win64; x64) AppleWebKit/537.36 (KHTML, like Gecko) Chrome/136.0.0.0 Safari/537.36 Edg/136.0.0.0"
202.62.242.117 - - [28/May/2025:03:04:07 +0000] "GET /index.php/admin/get_fullcalendar?start=2025-06-01T00%3A00%3A00%2B10%3A00&end=2025-07-13T00%3A00%3A00%2B10%3A00 HTTP/1.1" 200 3596 "https://tasktrakker.com.au/index.php/admin/main" "Mozilla/5.0 (Windows NT 10.0; Win64; x64) AppleWebKit/537.36 (KHTML, like Gecko) Chrome/136.0.0.0 Safari/537.36 Edg/136.0.0.0"
202.62.242.117 - - [28/May/2025:03:04:11 +0000] "GET /index.php/admin/addcustomersview/6864 HTTP/1.1" 200 10690 "https://tasktrakker.com.au/index.php/admin/main" "Mozilla/5.0 (Windows NT 10.0; Win64; x64) AppleWebKit/537.36 (KHTML, like Gecko) Chrome/136.0.0.0 Safari/537.36 Edg/136.0.0.0"
202.62.242.117 - - [28/May/2025:03:04:12 +0000] "GET /assets/css/custom.css?1748401451 HTTP/1.1" 200 1143 "https://tasktrakker.com.au/index.php/admin/addcustomersview/6864" "Mozilla/5.0 (Windows NT 10.0; Win64; x64) AppleWebKit/537.36 (KHTML, like Gecko) Chrome/136.0.0.0 Safari/537.36 Edg/136.0.0.0"
202.62.242.117 - - [28/May/2025:03:04:12 +0000] "GET /assets/dist/js/pages/dashboard.js?1748401452 HTTP/1.1" 200 4337 "https://tasktrakker.com.au/index.php/admin/addcustomersview/6864" "Mozilla/5.0 (Windows NT 10.0; Win64; x64) AppleWebKit/537.36 (KHTML, like Gecko) Chrome/136.0.0.0 Safari/537.36 Edg/136.0.0.0"
157.55.39.55 - - [28/May/2025:03:04:20 +0000] "GET /index.php/admin/addcustomersview/3717 HTTP/1.1" 500 5046 "-" "Mozilla/5.0 AppleWebKit/537.36 (KHTML, like Gecko; compatible; bingbot/2.0; +http://www.bing.com/bingbot.htm) Chrome/116.0.1938.76 Safari/537.36"
202.62.242.117 - - [28/May/2025:03:04:31 +0000] "-" 408 323 "-" "-"
1.145.105.218 - - [28/May/2025:03:04:35 +0000] "POST /index.php/cordova/get_bookings/106 HTTP/1.1" 200 3547 "https://www.tasktrakker.com.au/" "Mozilla/5.0 (Macintosh; Intel Mac OS X 10_15_7) AppleWebKit/605.1.15 (KHTML, like Gecko) Version/17.5 Safari/605.1.15"
1.145.105.218 - - [28/May/2025:03:04:35 +0000] "POST /index.php/cordova/get_booking_statuses/106/PENDING HTTP/1.1" 200 3080 "https://www.tasktrakker.com.au/" "Mozilla/5.0 (Macintosh; Intel Mac OS X 10_15_7) AppleWebKit/605.1.15 (KHTML, like Gecko) Version/17.5 Safari/605.1.15"
1.145.105.218 - - [28/May/2025:03:04:36 +0000] "POST /index.php/cordova/get_customer/6460 HTTP/1.1" 200 1319 "https://www.tasktrakker.com.au/" "Mozilla/5.0 (Macintosh; Intel Mac OS X 10_15_7) AppleWebKit/605.1.15 (KHTML, like Gecko) Version/17.5 Safari/605.1.15"
1.145.105.218 - - [28/May/2025:03:04:36 +0000] "GET / HTTP/1.1" 302 333 "https://www.tasktrakker.com.au/" "Mozilla/5.0 (Macintosh; Intel Mac OS X 10_15_7) AppleWebKit/605.1.15 (KHTML, like Gecko) Version/17.5 Safari/605.1.15"
1.145.105.218 - - [28/May/2025:03:04:41 +0000] "POST /index.php/cordova/get_customers_for_photographer/106 HTTP/1.1" 200 5071 "https://www.tasktrakker.com.au/" "Mozilla/5.0 (Macintosh; Intel Mac OS X 10_15_7) AppleWebKit/605.1.15 (KHTML, like Gecko) Version/17.5 Safari/605.1.15"
1.145.105.218 - - [28/May/2025:03:04:41 +0000] "POST /index.php/cordova/get_all_customers/ HTTP/1.1" 301 590 "https://www.tasktrakker.com.au/" "Mozilla/5.0 (Macintosh; Intel Mac OS X 10_15_7) AppleWebKit/605.1.15 (KHTML, like Gecko) Version/17.5 Safari/605.1.15"
202.62.242.117 - - [28/May/2025:03:05:32 +0000] "-" 408 323 "-" "-"
202.62.242.117 - - [28/May/2025:03:05:32 +0000] "-" 408 323 "-" "-"
1.145.120.255 - - [28/May/2025:03:05:51 +0000] "POST /index.php/cordova/get_bookings/106 HTTP/1.1" 200 3546 "https://www.tasktrakker.com.au/" "Mozilla/5.0 (Macintosh; Intel Mac OS X 10_15_7) AppleWebKit/605.1.15 (KHTML, like Gecko) Version/17.5 Safari/605.1.15"
1.145.120.255 - - [28/May/2025:03:05:51 +0000] "POST /index.php/cordova/get_booking_statuses/106/PENDING HTTP/1.1" 200 3081 "https://www.tasktrakker.com.au/" "Mozilla/5.0 (Macintosh; Intel Mac OS X 10_15_7) AppleWebKit/605.1.15 (KHTML, like Gecko) Version/17.5 Safari/605.1.15"
1.145.120.255 - - [28/May/2025:03:05:52 +0000] "POST /index.php/cordova/get_customers_for_photographer/106 HTTP/1.1" 200 2500 "https://www.tasktrakker.com.au/" "Mozilla/5.0 (Macintosh; Intel Mac OS X 10_15_7) AppleWebKit/605.1.15 (KHTML, like Gecko) Version/17.5 Safari/605.1.15"
1.145.120.255 - - [28/May/2025:03:05:52 +0000] "POST /index.php/cordova/get_all_customers/ HTTP/1.1" 301 590 "https://www.tasktrakker.com.au/" "Mozilla/5.0 (Macintosh; Intel Mac OS X 10_15_7) AppleWebKit/605.1.15 (KHTML, like Gecko) Version/17.5 Safari/605.1.15"
202.62.242.117 - - [28/May/2025:03:06:19 +0000] "POST /index.php/admin/addeditCustomerop HTTP/1.1" 301 855 "https://tasktrakker.com.au/index.php/admin/addcustomersview/6864" "Mozilla/5.0 (Windows NT 10.0; Win64; x64) AppleWebKit/537.36 (KHTML, like Gecko) Chrome/136.0.0.0 Safari/537.36 Edg/136.0.0.0"
202.62.242.117 - - [28/May/2025:03:06:19 +0000] "GET /admin/addcustomersview/6864 HTTP/1.1" 200 10374 "https://tasktrakker.com.au/index.php/admin/addcustomersview/6864" "Mozilla/5.0 (Windows NT 10.0; Win64; x64) AppleWebKit/537.36 (KHTML, like Gecko) Chrome/136.0.0.0 Safari/537.36 Edg/136.0.0.0"
202.62.242.117 - - [28/May/2025:03:06:19 +0000] "GET /assets/css/custom.css?1748401579 HTTP/1.1" 200 1143 "https://tasktrakker.com.au/admin/addcustomersview/6864" "Mozilla/5.0 (Windows NT 10.0; Win64; x64) AppleWebKit/537.36 (KHTML, like Gecko) Chrome/136.0.0.0 Safari/537.36 Edg/136.0.0.0"
202.62.242.117 - - [28/May/2025:03:06:19 +0000] "GET /assets/dist/js/pages/dashboard.js?1748401579 HTTP/1.1" 200 4661 "https://tasktrakker.com.au/admin/addcustomersview/6864" "Mozilla/5.0 (Windows NT 10.0; Win64; x64) AppleWebKit/537.36 (KHTML, like Gecko) Chrome/136.0.0.0 Safari/537.36 Edg/136.0.0.0"
40.77.167.32 - - [28/May/2025:03:06:57 +0000] "GET /index.php/admin/addcustomersview/2610 HTTP/1.1" 500 5044 "-" "Mozilla/5.0 AppleWebKit/537.36 (KHTML, like Gecko; compatible; bingbot/2.0; +http://www.bing.com/bingbot.htm) Chrome/116.0.1938.76 Safari/537.36"
202.62.242.117 - - [28/May/2025:03:07:40 +0000] "-" 408 323 "-" "-"
202.62.242.117 - - [28/May/2025:03:07:40 +0000] "-" 408 323 "-" "-"
157.55.39.6 - - [28/May/2025:03:08:00 +0000] "GET /index.php/admin/deleteLeadop/938 HTTP/1.1" 302 3129 "-" "Mozilla/5.0 AppleWebKit/537.36 (KHTML, like Gecko; compatible; bingbot/2.0; +http://www.bing.com/bingbot.htm) Chrome/116.0.1938.76 Safari/537.36"
157.55.39.6 - - [28/May/2025:03:08:01 +0000] "GET /admin/error_view HTTP/1.1" 302 305 "-" "Mozilla/5.0 AppleWebKit/537.36 (KHTML, like Gecko; compatible; bingbot/2.0; +http://www.bing.com/bingbot.htm) Chrome/116.0.1938.76 Safari/537.36"
157.55.39.6 - - [28/May/2025:03:08:02 +0000] "GET /admin/main HTTP/1.1" 500 2213 "-" "Mozilla/5.0 AppleWebKit/537.36 (KHTML, like Gecko; compatible; bingbot/2.0; +http://www.bing.com/bingbot.htm) Chrome/116.0.1938.76 Safari/537.36"
202.62.242.117 - - [28/May/2025:03:08:07 +0000] "GET /index.php/admin/main HTTP/1.1" 200 7378 "https://tasktrakker.com.au/admin/addcustomersview/6864" "Mozilla/5.0 (Windows NT 10.0; Win64; x64) AppleWebKit/537.36 (KHTML, like Gecko) Chrome/136.0.0.0 Safari/537.36 Edg/136.0.0.0"
202.62.242.117 - - [28/May/2025:03:08:07 +0000] "GET /assets/css/custom.css?1748401687 HTTP/1.1" 200 1143 "https://tasktrakker.com.au/index.php/admin/main" "Mozilla/5.0 (Windows NT 10.0; Win64; x64) AppleWebKit/537.36 (KHTML, like Gecko) Chrome/136.0.0.0 Safari/537.36 Edg/136.0.0.0"
202.62.242.117 - - [28/May/2025:03:08:07 +0000] "GET /assets/dist/js/pages/dashboard.js?1748401687 HTTP/1.1" 200 4661 "https://tasktrakker.com.au/index.php/admin/main" "Mozilla/5.0 (Windows NT 10.0; Win64; x64) AppleWebKit/537.36 (KHTML, like Gecko) Chrome/136.0.0.0 Safari/537.36 Edg/136.0.0.0"
202.62.242.117 - - [28/May/2025:03:08:07 +0000] "GET /index.php/admin/get_fullcalendar?start=2025-04-27T00%3A00%3A00%2B10%3A00&end=2025-06-08T00%3A00%3A00%2B10%3A00 HTTP/1.1" 200 3821 "https://tasktrakker.com.au/index.php/admin/main" "Mozilla/5.0 (Windows NT 10.0; Win64; x64) AppleWebKit/537.36 (KHTML, like Gecko) Chrome/136.0.0.0 Safari/537.36 Edg/136.0.0.0"
202.62.242.117 - - [28/May/2025:03:08:07 +0000] "GET /index.php/admin/get_fullcalendar?start=2025-06-01T00%3A00%3A00%2B10%3A00&end=2025-07-13T00%3A00%3A00%2B10%3A00 HTTP/1.1" 200 3596 "https://tasktrakker.com.au/index.php/admin/main" "Mozilla/5.0 (Windows NT 10.0; Win64; x64) AppleWebKit/537.36 (KHTML, like Gecko) Chrome/136.0.0.0 Safari/537.36 Edg/136.0.0.0"
202.62.242.117 - - [28/May/2025:03:08:16 +0000] "GET /index.php/admin/addcustomersview/9487 HTTP/1.1" 200 10622 "https://tasktrakker.com.au/index.php/admin/main" "Mozilla/5.0 (Windows NT 10.0; Win64; x64) AppleWebKit/537.36 (KHTML, like Gecko) Chrome/136.0.0.0 Safari/537.36 Edg/136.0.0.0"
202.62.242.117 - - [28/May/2025:03:08:16 +0000] "GET /assets/css/custom.css?1748401696 HTTP/1.1" 200 1143 "https://tasktrakker.com.au/index.php/admin/addcustomersview/9487" "Mozilla/5.0 (Windows NT 10.0; Win64; x64) AppleWebKit/537.36 (KHTML, like Gecko) Chrome/136.0.0.0 Safari/537.36 Edg/136.0.0.0"
202.62.242.117 - - [28/May/2025:03:08:16 +0000] "GET /assets/dist/js/pages/dashboard.js?1748401696 HTTP/1.1" 200 4661 "https://tasktrakker.com.au/index.php/admin/addcustomersview/9487" "Mozilla/5.0 (Windows NT 10.0; Win64; x64) AppleWebKit/537.36 (KHTML, like Gecko) Chrome/136.0.0.0 Safari/537.36 Edg/136.0.0.0"
1.145.120.255 - - [28/May/2025:03:09:24 +0000] "POST /index.php/cordova/get_bookings/106 HTTP/1.1" 200 3546 "https://www.tasktrakker.com.au/" "Mozilla/5.0 (Macintosh; Intel Mac OS X 10_15_7) AppleWebKit/605.1.15 (KHTML, like Gecko) Version/17.5 Safari/605.1.15"
1.145.120.255 - - [28/May/2025:03:09:24 +0000] "POST /index.php/cordova/get_booking_statuses/106/PENDING HTTP/1.1" 200 3080 "https://www.tasktrakker.com.au/" "Mozilla/5.0 (Macintosh; Intel Mac OS X 10_15_7) AppleWebKit/605.1.15 (KHTML, like Gecko) Version/17.5 Safari/605.1.15"
1.145.120.255 - - [28/May/2025:03:09:25 +0000] "POST /index.php/cordova/get_customers_for_photographer/106 HTTP/1.1" 200 2500 "https://www.tasktrakker.com.au/" "Mozilla/5.0 (Macintosh; Intel Mac OS X 10_15_7) AppleWebKit/605.1.15 (KHTML, like Gecko) Version/17.5 Safari/605.1.15"
1.145.120.255 - - [28/May/2025:03:09:25 +0000] "POST /index.php/cordova/get_all_customers/ HTTP/1.1" 301 590 "https://www.tasktrakker.com.au/" "Mozilla/5.0 (Macintosh; Intel Mac OS X 10_15_7) AppleWebKit/605.1.15 (KHTML, like Gecko) Version/17.5 Safari/605.1.15"
157.55.39.6 - - [28/May/2025:03:09:31 +0000] "GET /index.php/admin/addcustomersview/9619 HTTP/1.1" 500 5045 "-" "Mozilla/5.0 AppleWebKit/537.36 (KHTML, like Gecko; compatible; bingbot/2.0; +http://www.bing.com/bingbot.htm) Chrome/116.0.1938.76 Safari/537.36"
207.46.13.127 - - [28/May/2025:03:09:35 +0000] "GET /index.php/admin/addleadview/7336 HTTP/1.1" 500 5039 "-" "Mozilla/5.0 AppleWebKit/537.36 (KHTML, like Gecko; compatible; bingbot/2.0; +http://www.bing.com/bingbot.htm) Chrome/116.0.1938.76 Safari/537.36"
202.62.242.117 - - [28/May/2025:03:09:36 +0000] "-" 408 323 "-" "-"
202.62.242.117 - - [28/May/2025:03:09:36 +0000] "-" 408 323 "-" "-"
207.46.13.127 - - [28/May/2025:03:10:31 +0000] "GET /index.php/admin/booking_delete/7780/9576 HTTP/1.1" 302 3130 "-" "Mozilla/5.0 AppleWebKit/537.36 (KHTML, like Gecko; compatible; bingbot/2.0; +http://www.bing.com/bingbot.htm) Chrome/116.0.1938.76 Safari/537.36"
207.46.13.127 - - [28/May/2025:03:10:32 +0000] "GET /admin/error_view HTTP/1.1" 302 305 "-" "Mozilla/5.0 AppleWebKit/537.36 (KHTML, like Gecko; compatible; bingbot/2.0; +http://www.bing.com/bingbot.htm) Chrome/116.0.1938.76 Safari/537.36"
207.46.13.127 - - [28/May/2025:03:10:32 +0000] "GET /admin/main HTTP/1.1" 500 2213 "-" "Mozilla/5.0 AppleWebKit/537.36 (KHTML, like Gecko; compatible; bingbot/2.0; +http://www.bing.com/bingbot.htm) Chrome/116.0.1938.76 Safari/537.36"
157.55.39.59 - - [28/May/2025:03:10:33 +0000] "GET /index.php/admin/deleteLeadop/8569 HTTP/1.1" 302 868 "-" "Mozilla/5.0 AppleWebKit/537.36 (KHTML, like Gecko; compatible; bingbot/2.0; +http://www.bing.com/bingbot.htm) Chrome/116.0.1938.76 Safari/537.36"
157.55.39.59 - - [28/May/2025:03:10:33 +0000] "GET /admin/error_view HTTP/1.1" 302 305 "-" "Mozilla/5.0 AppleWebKit/537.36 (KHTML, like Gecko; compatible; bingbot/2.0; +http://www.bing.com/bingbot.htm) Chrome/116.0.1938.76 Safari/537.36"
157.55.39.59 - - [28/May/2025:03:10:35 +0000] "GET /admin/main HTTP/1.1" 500 2213 "-" "Mozilla/5.0 AppleWebKit/537.36 (KHTML, like Gecko; compatible; bingbot/2.0; +http://www.bing.com/bingbot.htm) Chrome/116.0.1938.76 Safari/537.36"
202.62.242.117 - - [28/May/2025:03:10:36 +0000] "-" 408 323 "-" "-"
202.62.242.117 - - [28/May/2025:03:10:36 +0000] "-" 408 323 "-" "-"
40.77.167.32 - - [28/May/2025:03:10:41 +0000] "GET /index.php/admin/production_form/0/6317 HTTP/1.1" 302 3130 "-" "Mozilla/5.0 AppleWebKit/537.36 (KHTML, like Gecko; compatible; bingbot/2.0; +http://www.bing.com/bingbot.htm) Chrome/116.0.1938.76 Safari/537.36"
40.77.167.32 - - [28/May/2025:03:10:42 +0000] "GET /admin/error_view HTTP/1.1" 302 305 "-" "Mozilla/5.0 AppleWebKit/537.36 (KHTML, like Gecko; compatible; bingbot/2.0; +http://www.bing.com/bingbot.htm) Chrome/116.0.1938.76 Safari/537.36"
40.77.167.32 - - [28/May/2025:03:10:43 +0000] "GET /admin/main HTTP/1.1" 500 2213 "-" "Mozilla/5.0 AppleWebKit/537.36 (KHTML, like Gecko; compatible; bingbot/2.0; +http://www.bing.com/bingbot.htm) Chrome/116.0.1938.76 Safari/537.36"
157.55.39.6 - - [28/May/2025:03:11:21 +0000] "GET /index.php/admin/addcustomersview/2441 HTTP/1.1" 500 5046 "-" "Mozilla/5.0 AppleWebKit/537.36 (KHTML, like Gecko; compatible; bingbot/2.0; +http://www.bing.com/bingbot.htm) Chrome/116.0.1938.76 Safari/537.36"
202.62.242.117 - - [28/May/2025:03:11:36 +0000] "-" 408 323 "-" "-"
202.62.242.117 - - [28/May/2025:03:11:36 +0000] "-" 408 323 "-" "-"
202.62.242.117 - - [28/May/2025:03:12:36 +0000] "-" 408 323 "-" "-"
202.62.242.117 - - [28/May/2025:03:12:36 +0000] "-" 408 323 "-" "-"
40.77.167.32 - - [28/May/2025:03:13:16 +0000] "GET /index.php/admin/addcustomersview/2355 HTTP/1.1" 500 5044 "-" "Mozilla/5.0 AppleWebKit/537.36 (KHTML, like Gecko; compatible; bingbot/2.0; +http://www.bing.com/bingbot.htm) Chrome/116.0.1938.76 Safari/537.36"
40.77.167.32 - - [28/May/2025:03:13:36 +0000] "GET /index.php/admin/addcustomersview/2355 HTTP/1.1" 500 5044 "-" "Mozilla/5.0 AppleWebKit/537.36 (KHTML, like Gecko; compatible; bingbot/2.0; +http://www.bing.com/bingbot.htm) Chrome/116.0.1938.76 Safari/537.36"
40.77.167.32 - - [28/May/2025:03:14:09 +0000] "GET /index.php/admin/photo_form/5528 HTTP/1.1" 500 5041 "-" "Mozilla/5.0 AppleWebKit/537.36 (KHTML, like Gecko; compatible; bingbot/2.0; +http://www.bing.com/bingbot.htm) Chrome/116.0.1938.76 Safari/537.36"
1.145.74.241 - - [28/May/2025:03:14:27 +0000] "GET /index.php/admin/main HTTP/1.1" 500 3060 "-" "Mozilla/5.0 (Linux; Android 10; K) AppleWebKit/537.36 (KHTML, like Gecko) Chrome/134.0.0.0 Mobile Safari/537.36"
157.55.39.197 - - [28/May/2025:03:14:32 +0000] "GET /index.php/admin/addcustomersview/4629 HTTP/1.1" 500 5084 "-" "Mozilla/5.0 AppleWebKit/537.36 (KHTML, like Gecko; compatible; bingbot/2.0; +http://www.bing.com/bingbot.htm) Chrome/116.0.1938.76 Safari/537.36"
202.62.242.117 - - [28/May/2025:03:14:33 +0000] "POST /index.php/admin/addeditCustomerop HTTP/1.1" 301 855 "https://tasktrakker.com.au/index.php/admin/addcustomersview/9487" "Mozilla/5.0 (Windows NT 10.0; Win64; x64) AppleWebKit/537.36 (KHTML, like Gecko) Chrome/136.0.0.0 Safari/537.36 Edg/136.0.0.0"
202.62.242.117 - - [28/May/2025:03:14:34 +0000] "GET /admin/addcustomersview/9487 HTTP/1.1" 200 10293 "https://tasktrakker.com.au/index.php/admin/addcustomersview/9487" "Mozilla/5.0 (Windows NT 10.0; Win64; x64) AppleWebKit/537.36 (KHTML, like Gecko) Chrome/136.0.0.0 Safari/537.36 Edg/136.0.0.0"
202.62.242.117 - - [28/May/2025:03:14:34 +0000] "GET /assets/dist/js/pages/dashboard.js?1748402074 HTTP/1.1" 200 4661 "https://tasktrakker.com.au/admin/addcustomersview/9487" "Mozilla/5.0 (Windows NT 10.0; Win64; x64) AppleWebKit/537.36 (KHTML, like Gecko) Chrome/136.0.0.0 Safari/537.36 Edg/136.0.0.0"
202.62.242.117 - - [28/May/2025:03:14:34 +0000] "GET /assets/css/custom.css?1748402074 HTTP/1.1" 200 1143 "https://tasktrakker.com.au/admin/addcustomersview/9487" "Mozilla/5.0 (Windows NT 10.0; Win64; x64) AppleWebKit/537.36 (KHTML, like Gecko) Chrome/136.0.0.0 Safari/537.36 Edg/136.0.0.0"
202.62.242.117 - - [28/May/2025:03:15:20 +0000] "GET /index.php/admin/main HTTP/1.1" 200 7377 "https://tasktrakker.com.au/admin/addcustomersview/9487" "Mozilla/5.0 (Windows NT 10.0; Win64; x64) AppleWebKit/537.36 (KHTML, like Gecko) Chrome/136.0.0.0 Safari/537.36 Edg/136.0.0.0"
202.62.242.117 - - [28/May/2025:03:15:20 +0000] "GET /assets/css/custom.css?1748402120 HTTP/1.1" 200 1143 "https://tasktrakker.com.au/index.php/admin/main" "Mozilla/5.0 (Windows NT 10.0; Win64; x64) AppleWebKit/537.36 (KHTML, like Gecko) Chrome/136.0.0.0 Safari/537.36 Edg/136.0.0.0"
202.62.242.117 - - [28/May/2025:03:15:20 +0000] "GET /assets/dist/js/pages/dashboard.js?1748402120 HTTP/1.1" 200 4661 "https://tasktrakker.com.au/index.php/admin/main" "Mozilla/5.0 (Windows NT 10.0; Win64; x64) AppleWebKit/537.36 (KHTML, like Gecko) Chrome/136.0.0.0 Safari/537.36 Edg/136.0.0.0"
202.62.242.117 - - [28/May/2025:03:15:20 +0000] "GET /index.php/admin/get_fullcalendar?start=2025-04-27T00%3A00%3A00%2B10%3A00&end=2025-06-08T00%3A00%3A00%2B10%3A00 HTTP/1.1" 200 3821 "https://tasktrakker.com.au/index.php/admin/main" "Mozilla/5.0 (Windows NT 10.0; Win64; x64) AppleWebKit/537.36 (KHTML, like Gecko) Chrome/136.0.0.0 Safari/537.36 Edg/136.0.0.0"
202.62.242.117 - - [28/May/2025:03:15:20 +0000] "GET /index.php/admin/get_fullcalendar?start=2025-06-01T00%3A00%3A00%2B10%3A00&end=2025-07-13T00%3A00%3A00%2B10%3A00 HTTP/1.1" 200 3596 "https://tasktrakker.com.au/index.php/admin/main" "Mozilla/5.0 (Windows NT 10.0; Win64; x64) AppleWebKit/537.36 (KHTML, like Gecko) Chrome/136.0.0.0 Safari/537.36 Edg/136.0.0.0"
202.62.242.117 - - [28/May/2025:03:15:27 +0000] "GET /index.php/admin/get_fullcalendar?start=2025-04-27T00%3A00%3A00%2B10%3A00&end=2025-06-08T00%3A00%3A00%2B10%3A00 HTTP/1.1" 200 4145 "https://tasktrakker.com.au/index.php/admin/main" "Mozilla/5.0 (Windows NT 10.0; Win64; x64) AppleWebKit/537.36 (KHTML, like Gecko) Chrome/136.0.0.0 Safari/537.36 Edg/136.0.0.0"
202.62.242.117 - - [28/May/2025:03:15:32 +0000] "GET /index.php/admin/addcustomersview/3050 HTTP/1.1" 200 10814 "https://tasktrakker.com.au/index.php/admin/main" "Mozilla/5.0 (Windows NT 10.0; Win64; x64) AppleWebKit/537.36 (KHTML, like Gecko) Chrome/136.0.0.0 Safari/537.36 Edg/136.0.0.0"
202.62.242.117 - - [28/May/2025:03:15:32 +0000] "GET /assets/css/custom.css?1748402132 HTTP/1.1" 200 1143 "https://tasktrakker.com.au/index.php/admin/addcustomersview/3050" "Mozilla/5.0 (Windows NT 10.0; Win64; x64) AppleWebKit/537.36 (KHTML, like Gecko) Chrome/136.0.0.0 Safari/537.36 Edg/136.0.0.0"
202.62.242.117 - - [28/May/2025:03:15:32 +0000] "GET /assets/dist/js/pages/dashboard.js?1748402132 HTTP/1.1" 200 4661 "https://tasktrakker.com.au/index.php/admin/addcustomersview/3050" "Mozilla/5.0 (Windows NT 10.0; Win64; x64) AppleWebKit/537.36 (KHTML, like Gecko) Chrome/136.0.0.0 Safari/537.36 Edg/136.0.0.0"
202.62.242.117 - - [28/May/2025:03:15:46 +0000] "GET /index.php/admin/main HTTP/1.1" 200 7377 "https://tasktrakker.com.au/index.php/admin/addcustomersview/3050" "Mozilla/5.0 (Windows NT 10.0; Win64; x64) AppleWebKit/537.36 (KHTML, like Gecko) Chrome/136.0.0.0 Safari/537.36 Edg/136.0.0.0"
202.62.242.117 - - [28/May/2025:03:15:46 +0000] "GET /assets/css/custom.css?1748402146 HTTP/1.1" 200 1143 "https://tasktrakker.com.au/index.php/admin/main" "Mozilla/5.0 (Windows NT 10.0; Win64; x64) AppleWebKit/537.36 (KHTML, like Gecko) Chrome/136.0.0.0 Safari/537.36 Edg/136.0.0.0"
202.62.242.117 - - [28/May/2025:03:15:46 +0000] "GET /assets/dist/js/pages/dashboard.js?1748402146 HTTP/1.1" 200 4661 "https://tasktrakker.com.au/index.php/admin/main" "Mozilla/5.0 (Windows NT 10.0; Win64; x64) AppleWebKit/537.36 (KHTML, like Gecko) Chrome/136.0.0.0 Safari/537.36 Edg/136.0.0.0"
202.62.242.117 - - [28/May/2025:03:15:46 +0000] "GET /index.php/admin/get_fullcalendar?start=2025-04-27T00%3A00%3A00%2B10%3A00&end=2025-06-08T00%3A00%3A00%2B10%3A00 HTTP/1.1" 200 3821 "https://tasktrakker.com.au/index.php/admin/main" "Mozilla/5.0 (Windows NT 10.0; Win64; x64) AppleWebKit/537.36 (KHTML, like Gecko) Chrome/136.0.0.0 Safari/537.36 Edg/136.0.0.0"
202.62.242.117 - - [28/May/2025:03:15:46 +0000] "GET /index.php/admin/get_fullcalendar?start=2025-04-27T00%3A00%3A00%2B10%3A00&end=2025-06-08T00%3A00%3A00%2B10%3A00 HTTP/1.1" 200 3821 "https://tasktrakker.com.au/index.php/admin/main" "Mozilla/5.0 (Windows NT 10.0; Win64; x64) AppleWebKit/537.36 (KHTML, like Gecko) Chrome/136.0.0.0 Safari/537.36 Edg/136.0.0.0"
207.46.13.154 - - [28/May/2025:03:16:03 +0000] "GET /index.php/admin/deleteLeadop/2412 HTTP/1.1" 302 3130 "-" "Mozilla/5.0 AppleWebKit/537.36 (KHTML, like Gecko; compatible; bingbot/2.0; +http://www.bing.com/bingbot.htm) Chrome/116.0.1938.76 Safari/537.36"
207.46.13.154 - - [28/May/2025:03:16:04 +0000] "GET /admin/error_view HTTP/1.1" 302 305 "-" "Mozilla/5.0 AppleWebKit/537.36 (KHTML, like Gecko; compatible; bingbot/2.0; +http://www.bing.com/bingbot.htm) Chrome/116.0.1938.76 Safari/537.36"
207.46.13.154 - - [28/May/2025:03:16:05 +0000] "GET /admin/main HTTP/1.1" 500 2213 "-" "Mozilla/5.0 AppleWebKit/537.36 (KHTML, like Gecko; compatible; bingbot/2.0; +http://www.bing.com/bingbot.htm) Chrome/116.0.1938.76 Safari/537.36"
202.62.242.117 - - [28/May/2025:03:16:19 +0000] "GET /index.php/admin/addcustomersview/6307 HTTP/1.1" 200 10941 "https://tasktrakker.com.au/index.php/admin/main" "Mozilla/5.0 (Windows NT 10.0; Win64; x64) AppleWebKit/537.36 (KHTML, like Gecko) Chrome/136.0.0.0 Safari/537.36 Edg/136.0.0.0"
