220.244.136.203 - - [04/Jun/2025:05:27:45 +0000] "GET /assets/plugins/jvectormap/jquery-jvectormap-1.2.2.css HTTP/1.1" 200 1032 "https://tasktrakker.com.au/admin/addEditBookingPhotographer/604/103/7577" "Mozilla/5.0 (Windows NT 10.0; Win64; x64) AppleWebKit/537.36 (KHTML, like Gecko) Chrome/135.0.0.0 Safari/537.36"
220.244.136.203 - - [04/Jun/2025:05:27:45 +0000] "GET /assets/plugins/datepicker/datepicker3.css HTTP/1.1" 200 5948 "https://tasktrakker.com.au/admin/addEditBookingPhotographer/604/103/7577" "Mozilla/5.0 (Windows NT 10.0; Win64; x64) AppleWebKit/537.36 (KHTML, like Gecko) Chrome/135.0.0.0 Safari/537.36"
220.244.136.203 - - [04/Jun/2025:05:27:45 +0000] "GET /assets/plugins/daterangepicker/daterangepicker.css HTTP/1.1" 200 4392 "https://tasktrakker.com.au/admin/addEditBookingPhotographer/604/103/7577" "Mozilla/5.0 (Windows NT 10.0; Win64; x64) AppleWebKit/537.36 (KHTML, like Gecko) Chrome/135.0.0.0 Safari/537.36"
122.150.1.4 - - [04/Jun/2025:05:27:45 +0000] "GET /assets/js/map.js HTTP/1.1" 200 479 "https://tasktrakker.com.au/admin/addEditBookingPhotographer/602/103/7907" "Mozilla/5.0 (Windows NT 10.0; Win64; x64) AppleWebKit/537.36 (KHTML, like Gecko) Chrome/136.0.0.0 Safari/537.36"
122.150.1.4 - - [04/Jun/2025:05:27:45 +0000] "GET /assets/js/archive.js HTTP/1.1" 200 600 "https://tasktrakker.com.au/admin/addEditBookingPhotographer/602/103/7907" "Mozilla/5.0 (Windows NT 10.0; Win64; x64) AppleWebKit/537.36 (KHTML, like Gecko) Chrome/136.0.0.0 Safari/537.36"
220.244.136.203 - - [04/Jun/2025:05:27:45 +0000] "GET /assets/plugins/bootstrap-wysihtml5/bootstrap3-wysihtml5.min.css HTTP/1.1" 200 1023 "https://tasktrakker.com.au/admin/addEditBookingPhotographer/604/103/7577" "Mozilla/5.0 (Windows NT 10.0; Win64; x64) AppleWebKit/537.36 (KHTML, like Gecko) Chrome/135.0.0.0 Safari/537.36"
122.150.1.4 - - [04/Jun/2025:05:27:45 +0000] "GET /assets/js/booking-unavailability.js HTTP/1.1" 200 1320 "https://tasktrakker.com.au/admin/addEditBookingPhotographer/602/103/7907" "Mozilla/5.0 (Windows NT 10.0; Win64; x64) AppleWebKit/537.36 (KHTML, like Gecko) Chrome/136.0.0.0 Safari/537.36"
220.244.136.203 - - [04/Jun/2025:05:27:45 +0000] "GET /assets/css/custom.css?1749014863 HTTP/1.1" 200 1143 "https://tasktrakker.com.au/admin/addEditBookingPhotographer/604/103/7577" "Mozilla/5.0 (Windows NT 10.0; Win64; x64) AppleWebKit/537.36 (KHTML, like Gecko) Chrome/135.0.0.0 Safari/537.36"
220.244.136.203 - - [04/Jun/2025:05:27:45 +0000] "GET /assets/css/star-rating.css HTTP/1.1" 200 1318 "https://tasktrakker.com.au/admin/addEditBookingPhotographer/604/103/7577" "Mozilla/5.0 (Windows NT 10.0; Win64; x64) AppleWebKit/537.36 (KHTML, like Gecko) Chrome/135.0.0.0 Safari/537.36"
220.244.136.203 - - [04/Jun/2025:05:27:45 +0000] "GET /assets/bootstrap/js/bootstrap.min.js HTTP/1.1" 200 10325 "https://tasktrakker.com.au/admin/addEditBookingPhotographer/604/103/7577" "Mozilla/5.0 (Windows NT 10.0; Win64; x64) AppleWebKit/537.36 (KHTML, like Gecko) Chrome/135.0.0.0 Safari/537.36"
220.244.136.203 - - [04/Jun/2025:05:27:45 +0000] "GET /assets/plugins/jQuery/jquery-2.2.3.js HTTP/1.1" 200 77858 "https://tasktrakker.com.au/admin/addEditBookingPhotographer/604/103/7577" "Mozilla/5.0 (Windows NT 10.0; Win64; x64) AppleWebKit/537.36 (KHTML, like Gecko) Chrome/135.0.0.0 Safari/537.36"
220.244.136.203 - - [04/Jun/2025:05:27:45 +0000] "GET /assets/plugins/jvectormap/jquery-jvectormap-1.2.2.min.js HTTP/1.1" 200 9372 "https://tasktrakker.com.au/admin/addEditBookingPhotographer/604/103/7577" "Mozilla/5.0 (Windows NT 10.0; Win64; x64) AppleWebKit/537.36 (KHTML, like Gecko) Chrome/135.0.0.0 Safari/537.36"
220.244.136.203 - - [04/Jun/2025:05:27:45 +0000] "GET /assets/plugins/sparkline/jquery.sparkline.min.js HTTP/1.1" 200 13513 "https://tasktrakker.com.au/admin/addEditBookingPhotographer/604/103/7577" "Mozilla/5.0 (Windows NT 10.0; Win64; x64) AppleWebKit/537.36 (KHTML, like Gecko) Chrome/135.0.0.0 Safari/537.36"
220.244.136.203 - - [04/Jun/2025:05:27:45 +0000] "GET /assets/plugins/jvectormap/jquery-jvectormap-world-mill-en.js HTTP/1.1" 200 51174 "https://tasktrakker.com.au/admin/addEditBookingPhotographer/604/103/7577" "Mozilla/5.0 (Windows NT 10.0; Win64; x64) AppleWebKit/537.36 (KHTML, like Gecko) Chrome/135.0.0.0 Safari/537.36"
220.244.136.203 - - [04/Jun/2025:05:27:45 +0000] "GET /assets/plugins/knob/jquery.knob.js HTTP/1.1" 200 6445 "https://tasktrakker.com.au/admin/addEditBookingPhotographer/604/103/7577" "Mozilla/5.0 (Windows NT 10.0; Win64; x64) AppleWebKit/537.36 (KHTML, like Gecko) Chrome/135.0.0.0 Safari/537.36"
220.244.136.203 - - [04/Jun/2025:05:27:45 +0000] "GET /assets/plugins/daterangepicker/daterangepicker.js HTTP/1.1" 200 11641 "https://tasktrakker.com.au/admin/addEditBookingPhotographer/604/103/7577" "Mozilla/5.0 (Windows NT 10.0; Win64; x64) AppleWebKit/537.36 (KHTML, like Gecko) Chrome/135.0.0.0 Safari/537.36"
220.244.136.203 - - [04/Jun/2025:05:27:45 +0000] "GET /assets/plugins/bootstrap-wysihtml5/bootstrap3-wysihtml5.all.min.js HTTP/1.1" 200 57334 "https://tasktrakker.com.au/admin/addEditBookingPhotographer/604/103/7577" "Mozilla/5.0 (Windows NT 10.0; Win64; x64) AppleWebKit/537.36 (KHTML, like Gecko) Chrome/135.0.0.0 Safari/537.36"
220.244.136.203 - - [04/Jun/2025:05:27:45 +0000] "GET /assets/plugins/datepicker/bootstrap-datepicker.js HTTP/1.1" 200 12493 "https://tasktrakker.com.au/admin/addEditBookingPhotographer/604/103/7577" "Mozilla/5.0 (Windows NT 10.0; Win64; x64) AppleWebKit/537.36 (KHTML, like Gecko) Chrome/135.0.0.0 Safari/537.36"
220.244.136.203 - - [04/Jun/2025:05:27:45 +0000] "GET /assets/plugins/slimScroll/jquery.slimscroll.min.js HTTP/1.1" 200 2309 "https://tasktrakker.com.au/admin/addEditBookingPhotographer/604/103/7577" "Mozilla/5.0 (Windows NT 10.0; Win64; x64) AppleWebKit/537.36 (KHTML, like Gecko) Chrome/135.0.0.0 Safari/537.36"
220.244.136.203 - - [04/Jun/2025:05:27:45 +0000] "GET /assets/plugins/fastclick/fastclick.js HTTP/1.1" 200 8024 "https://tasktrakker.com.au/admin/addEditBookingPhotographer/604/103/7577" "Mozilla/5.0 (Windows NT 10.0; Win64; x64) AppleWebKit/537.36 (KHTML, like Gecko) Chrome/135.0.0.0 Safari/537.36"
220.244.136.203 - - [04/Jun/2025:05:27:45 +0000] "GET /assets/dist/js/app.min.js HTTP/1.1" 200 3475 "https://tasktrakker.com.au/admin/addEditBookingPhotographer/604/103/7577" "Mozilla/5.0 (Windows NT 10.0; Win64; x64) AppleWebKit/537.36 (KHTML, like Gecko) Chrome/135.0.0.0 Safari/537.36"
220.244.136.203 - - [04/Jun/2025:05:27:46 +0000] "GET /assets/plugins/datatables/dataTables.bootstrap.min.js HTTP/1.1" 200 1466 "https://tasktrakker.com.au/admin/addEditBookingPhotographer/604/103/7577" "Mozilla/5.0 (Windows NT 10.0; Win64; x64) AppleWebKit/537.36 (KHTML, like Gecko) Chrome/135.0.0.0 Safari/537.36"
220.244.136.203 - - [04/Jun/2025:05:27:46 +0000] "GET /assets/js/star-rating.js HTTP/1.1" 200 6062 "https://tasktrakker.com.au/admin/addEditBookingPhotographer/604/103/7577" "Mozilla/5.0 (Windows NT 10.0; Win64; x64) AppleWebKit/537.36 (KHTML, like Gecko) Chrome/135.0.0.0 Safari/537.36"
220.244.136.203 - - [04/Jun/2025:05:27:46 +0000] "GET /assets/dist/js/pages/dashboard.js?1749014863 HTTP/1.1" 200 4337 "https://tasktrakker.com.au/admin/addEditBookingPhotographer/604/103/7577" "Mozilla/5.0 (Windows NT 10.0; Win64; x64) AppleWebKit/537.36 (KHTML, like Gecko) Chrome/135.0.0.0 Safari/537.36"
220.244.136.203 - - [04/Jun/2025:05:27:46 +0000] "GET /assets/js/map.js HTTP/1.1" 200 479 "https://tasktrakker.com.au/admin/addEditBookingPhotographer/604/103/7577" "Mozilla/5.0 (Windows NT 10.0; Win64; x64) AppleWebKit/537.36 (KHTML, like Gecko) Chrome/135.0.0.0 Safari/537.36"
220.244.136.203 - - [04/Jun/2025:05:27:46 +0000] "GET /assets/dist/js/demo.js HTTP/1.1" 200 3087 "https://tasktrakker.com.au/admin/addEditBookingPhotographer/604/103/7577" "Mozilla/5.0 (Windows NT 10.0; Win64; x64) AppleWebKit/537.36 (KHTML, like Gecko) Chrome/135.0.0.0 Safari/537.36"
220.244.136.203 - - [04/Jun/2025:05:27:46 +0000] "GET /assets/js/archive.js HTTP/1.1" 200 600 "https://tasktrakker.com.au/admin/addEditBookingPhotographer/604/103/7577" "Mozilla/5.0 (Windows NT 10.0; Win64; x64) AppleWebKit/537.36 (KHTML, like Gecko) Chrome/135.0.0.0 Safari/537.36"
220.244.136.203 - - [04/Jun/2025:05:27:46 +0000] "GET /assets/js/booking-unavailability.js HTTP/1.1" 200 1320 "https://tasktrakker.com.au/admin/addEditBookingPhotographer/604/103/7577" "Mozilla/5.0 (Windows NT 10.0; Win64; x64) AppleWebKit/537.36 (KHTML, like Gecko) Chrome/135.0.0.0 Safari/537.36"
::1 - - [04/Jun/2025:05:27:49 +0000] "OPTIONS * HTTP/1.0" 200 126 "-" "Apache/2.4.58 (Ubuntu) OpenSSL/3.0.13 (internal dummy connection)"
::1 - - [04/Jun/2025:05:27:50 +0000] "OPTIONS * HTTP/1.0" 200 126 "-" "Apache/2.4.58 (Ubuntu) OpenSSL/3.0.13 (internal dummy connection)"
::1 - - [04/Jun/2025:05:27:51 +0000] "OPTIONS * HTTP/1.0" 200 126 "-" "Apache/2.4.58 (Ubuntu) OpenSSL/3.0.13 (internal dummy connection)"
::1 - - [04/Jun/2025:05:27:52 +0000] "OPTIONS * HTTP/1.0" 200 126 "-" "Apache/2.4.58 (Ubuntu) OpenSSL/3.0.13 (internal dummy connection)"
::1 - - [04/Jun/2025:05:27:53 +0000] "OPTIONS * HTTP/1.0" 200 126 "-" "Apache/2.4.58 (Ubuntu) OpenSSL/3.0.13 (internal dummy connection)"
::1 - - [04/Jun/2025:05:27:54 +0000] "OPTIONS * HTTP/1.0" 200 126 "-" "Apache/2.4.58 (Ubuntu) OpenSSL/3.0.13 (internal dummy connection)"
::1 - - [04/Jun/2025:05:27:55 +0000] "OPTIONS * HTTP/1.0" 200 126 "-" "Apache/2.4.58 (Ubuntu) OpenSSL/3.0.13 (internal dummy connection)"
120.17.193.14 - - [04/Jun/2025:05:27:57 +0000] "GET /index.php/admin/autologinPhotographer/602/103/7908 HTTP/1.1" 302 3586 "-" "Mozilla/5.0 (Macintosh; Intel Mac OS X 10_15_7) AppleWebKit/605.1.15 (KHTML, like Gecko) Version/18.5 Safari/605.1.15"
120.17.193.14 - - [04/Jun/2025:05:27:57 +0000] "GET /admin/addEditBookingPhotographer/602/103/7908 HTTP/1.1" 200 4905 "-" "Mozilla/5.0 (Macintosh; Intel Mac OS X 10_15_7) AppleWebKit/605.1.15 (KHTML, like Gecko) Version/18.5 Safari/605.1.15"
120.17.193.14 - - [04/Jun/2025:05:27:57 +0000] "GET /assets/css/custom.css?1749014877 HTTP/1.1" 200 1143 "https://tasktrakker.com.au/admin/addEditBookingPhotographer/602/103/7908" "Mozilla/5.0 (Macintosh; Intel Mac OS X 10_15_7) AppleWebKit/605.1.15 (KHTML, like Gecko) Version/18.5 Safari/605.1.15"
120.17.193.14 - - [04/Jun/2025:05:27:57 +0000] "GET /assets/dist/js/pages/dashboard.js?1749014877 HTTP/1.1" 200 6930 "https://tasktrakker.com.au/admin/addEditBookingPhotographer/602/103/7908" "Mozilla/5.0 (Macintosh; Intel Mac OS X 10_15_7) AppleWebKit/605.1.15 (KHTML, like Gecko) Version/18.5 Safari/605.1.15"
120.17.193.14 - - [04/Jun/2025:05:27:58 +0000] "POST /index.php/admin/AcceptDeclineBooking HTTP/1.1" 303 399 "https://tasktrakker.com.au/admin/addEditBookingPhotographer/602/103/7908" "Mozilla/5.0 (Macintosh; Intel Mac OS X 10_15_7) AppleWebKit/605.1.15 (KHTML, like Gecko) Version/18.5 Safari/605.1.15"
120.17.193.14 - - [04/Jun/2025:05:27:58 +0000] "GET /admin/addEditBookingPhotographer/602/103/7908 HTTP/1.1" 200 5049 "https://tasktrakker.com.au/admin/addEditBookingPhotographer/602/103/7908" "Mozilla/5.0 (Macintosh; Intel Mac OS X 10_15_7) AppleWebKit/605.1.15 (KHTML, like Gecko) Version/18.5 Safari/605.1.15"
120.17.193.14 - - [04/Jun/2025:05:27:58 +0000] "GET /assets/css/custom.css?1749014878 HTTP/1.1" 200 1143 "https://tasktrakker.com.au/admin/addEditBookingPhotographer/602/103/7908" "Mozilla/5.0 (Macintosh; Intel Mac OS X 10_15_7) AppleWebKit/605.1.15 (KHTML, like Gecko) Version/18.5 Safari/605.1.15"
120.17.193.14 - - [04/Jun/2025:05:27:58 +0000] "GET /assets/dist/js/pages/dashboard.js?1749014878 HTTP/1.1" 200 4337 "https://tasktrakker.com.au/admin/addEditBookingPhotographer/602/103/7908" "Mozilla/5.0 (Macintosh; Intel Mac OS X 10_15_7) AppleWebKit/605.1.15 (KHTML, like Gecko) Version/18.5 Safari/605.1.15"
120.17.193.14 - - [04/Jun/2025:05:28:03 +0000] "GET /index.php/admin/autologinPhotographer/995/103/8168 HTTP/1.1" 302 995 "-" "Mozilla/5.0 (Macintosh; Intel Mac OS X 10_15_7) AppleWebKit/605.1.15 (KHTML, like Gecko) Version/18.5 Safari/605.1.15"
120.17.193.14 - - [04/Jun/2025:05:28:03 +0000] "GET /admin/addEditBookingPhotographer/995/103/8168 HTTP/1.1" 200 4895 "-" "Mozilla/5.0 (Macintosh; Intel Mac OS X 10_15_7) AppleWebKit/605.1.15 (KHTML, like Gecko) Version/18.5 Safari/605.1.15"
120.17.193.14 - - [04/Jun/2025:05:28:03 +0000] "GET /assets/css/custom.css?1749014883 HTTP/1.1" 200 1143 "https://tasktrakker.com.au/admin/addEditBookingPhotographer/995/103/8168" "Mozilla/5.0 (Macintosh; Intel Mac OS X 10_15_7) AppleWebKit/605.1.15 (KHTML, like Gecko) Version/18.5 Safari/605.1.15"
120.17.193.14 - - [04/Jun/2025:05:28:03 +0000] "GET /assets/dist/js/pages/dashboard.js?1749014883 HTTP/1.1" 200 4337 "https://tasktrakker.com.au/admin/addEditBookingPhotographer/995/103/8168" "Mozilla/5.0 (Macintosh; Intel Mac OS X 10_15_7) AppleWebKit/605.1.15 (KHTML, like Gecko) Version/18.5 Safari/605.1.15"
202.7.172.133 - - [04/Jun/2025:05:28:03 +0000] "GET /index.php/admin/autologinPhotographer/602/103/7908 HTTP/1.1" 302 3871 "-" "Mozilla/5.0 (Windows NT 10.0; Win64; x64) AppleWebKit/537.36 (KHTML, like Gecko) Chrome/137.0.0.0 Safari/537.36"
202.7.172.133 - - [04/Jun/2025:05:28:03 +0000] "GET /admin/addEditBookingPhotographer/602/103/7908 HTTP/1.1" 200 4905 "-" "Mozilla/5.0 (Windows NT 10.0; Win64; x64) AppleWebKit/537.36 (KHTML, like Gecko) Chrome/137.0.0.0 Safari/537.36"
202.7.172.133 - - [04/Jun/2025:05:28:04 +0000] "GET /assets/bootstrap/css/bootstrap.min.css HTTP/1.1" 200 20193 "https://tasktrakker.com.au/admin/addEditBookingPhotographer/602/103/7908" "Mozilla/5.0 (Windows NT 10.0; Win64; x64) AppleWebKit/537.36 (KHTML, like Gecko) Chrome/137.0.0.0 Safari/537.36"
120.17.193.14 - - [04/Jun/2025:05:28:04 +0000] "POST /index.php/admin/AcceptDeclineBooking HTTP/1.1" 303 399 "https://tasktrakker.com.au/admin/addEditBookingPhotographer/995/103/8168" "Mozilla/5.0 (Macintosh; Intel Mac OS X 10_15_7) AppleWebKit/605.1.15 (KHTML, like Gecko) Version/18.5 Safari/605.1.15"
120.17.193.14 - - [04/Jun/2025:05:28:04 +0000] "GET /admin/addEditBookingPhotographer/995/103/8168 HTTP/1.1" 200 5039 "https://tasktrakker.com.au/admin/addEditBookingPhotographer/995/103/8168" "Mozilla/5.0 (Macintosh; Intel Mac OS X 10_15_7) AppleWebKit/605.1.15 (KHTML, like Gecko) Version/18.5 Safari/605.1.15"
120.17.193.14 - - [04/Jun/2025:05:28:04 +0000] "GET /assets/css/custom.css?1749014884 HTTP/1.1" 200 1143 "https://tasktrakker.com.au/admin/addEditBookingPhotographer/995/103/8168" "Mozilla/5.0 (Macintosh; Intel Mac OS X 10_15_7) AppleWebKit/605.1.15 (KHTML, like Gecko) Version/18.5 Safari/605.1.15"
120.17.193.14 - - [04/Jun/2025:05:28:04 +0000] "GET /assets/dist/js/pages/dashboard.js?1749014884 HTTP/1.1" 200 4337 "https://tasktrakker.com.au/admin/addEditBookingPhotographer/995/103/8168" "Mozilla/5.0 (Macintosh; Intel Mac OS X 10_15_7) AppleWebKit/605.1.15 (KHTML, like Gecko) Version/18.5 Safari/605.1.15"
202.7.172.133 - - [04/Jun/2025:05:28:04 +0000] "GET /assets/dist/css/AdminLTE.min.css HTTP/1.1" 200 15258 "https://tasktrakker.com.au/admin/addEditBookingPhotographer/602/103/7908" "Mozilla/5.0 (Windows NT 10.0; Win64; x64) AppleWebKit/537.36 (KHTML, like Gecko) Chrome/137.0.0.0 Safari/537.36"
202.7.172.133 - - [04/Jun/2025:05:28:05 +0000] "GET /assets/dist/css/skins/_all-skins.min.css HTTP/1.1" 200 3682 "https://tasktrakker.com.au/admin/addEditBookingPhotographer/602/103/7908" "Mozilla/5.0 (Windows NT 10.0; Win64; x64) AppleWebKit/537.36 (KHTML, like Gecko) Chrome/137.0.0.0 Safari/537.36"
202.7.172.133 - - [04/Jun/2025:05:28:05 +0000] "GET /assets/plugins/iCheck/flat/blue.css HTTP/1.1" 200 1125 "https://tasktrakker.com.au/admin/addEditBookingPhotographer/602/103/7908" "Mozilla/5.0 (Windows NT 10.0; Win64; x64) AppleWebKit/537.36 (KHTML, like Gecko) Chrome/137.0.0.0 Safari/537.36"
202.7.172.133 - - [04/Jun/2025:05:28:05 +0000] "GET /assets/plugins/jvectormap/jquery-jvectormap-1.2.2.css HTTP/1.1" 200 1032 "https://tasktrakker.com.au/admin/addEditBookingPhotographer/602/103/7908" "Mozilla/5.0 (Windows NT 10.0; Win64; x64) AppleWebKit/537.36 (KHTML, like Gecko) Chrome/137.0.0.0 Safari/537.36"
202.7.172.133 - - [04/Jun/2025:05:28:05 +0000] "GET /assets/plugins/morris/morris.css HTTP/1.1" 200 3197 "https://tasktrakker.com.au/admin/addEditBookingPhotographer/602/103/7908" "Mozilla/5.0 (Windows NT 10.0; Win64; x64) AppleWebKit/537.36 (KHTML, like Gecko) Chrome/137.0.0.0 Safari/537.36"
202.7.172.133 - - [04/Jun/2025:05:28:05 +0000] "GET /assets/plugins/datepicker/datepicker3.css HTTP/1.1" 200 3353 "https://tasktrakker.com.au/admin/addEditBookingPhotographer/602/103/7908" "Mozilla/5.0 (Windows NT 10.0; Win64; x64) AppleWebKit/537.36 (KHTML, like Gecko) Chrome/137.0.0.0 Safari/537.36"
202.7.172.133 - - [04/Jun/2025:05:28:05 +0000] "GET /assets/plugins/daterangepicker/daterangepicker.css HTTP/1.1" 200 4394 "https://tasktrakker.com.au/admin/addEditBookingPhotographer/602/103/7908" "Mozilla/5.0 (Windows NT 10.0; Win64; x64) AppleWebKit/537.36 (KHTML, like Gecko) Chrome/137.0.0.0 Safari/537.36"
202.7.172.133 - - [04/Jun/2025:05:28:05 +0000] "GET /assets/plugins/bootstrap-wysihtml5/bootstrap3-wysihtml5.min.css HTTP/1.1" 200 3616 "https://tasktrakker.com.au/admin/addEditBookingPhotographer/602/103/7908" "Mozilla/5.0 (Windows NT 10.0; Win64; x64) AppleWebKit/537.36 (KHTML, like Gecko) Chrome/137.0.0.0 Safari/537.36"
202.7.172.133 - - [04/Jun/2025:05:28:05 +0000] "GET /assets/css/custom.css?1749014883 HTTP/1.1" 200 1143 "https://tasktrakker.com.au/admin/addEditBookingPhotographer/602/103/7908" "Mozilla/5.0 (Windows NT 10.0; Win64; x64) AppleWebKit/537.36 (KHTML, like Gecko) Chrome/137.0.0.0 Safari/537.36"
202.7.172.133 - - [04/Jun/2025:05:28:05 +0000] "GET /assets/css/star-rating.css HTTP/1.1" 200 1318 "https://tasktrakker.com.au/admin/addEditBookingPhotographer/602/103/7908" "Mozilla/5.0 (Windows NT 10.0; Win64; x64) AppleWebKit/537.36 (KHTML, like Gecko) Chrome/137.0.0.0 Safari/537.36"
202.7.172.133 - - [04/Jun/2025:05:28:05 +0000] "GET /assets/bootstrap/js/bootstrap.min.js HTTP/1.1" 200 10325 "https://tasktrakker.com.au/admin/addEditBookingPhotographer/602/103/7908" "Mozilla/5.0 (Windows NT 10.0; Win64; x64) AppleWebKit/537.36 (KHTML, like Gecko) Chrome/137.0.0.0 Safari/537.36"
202.7.172.133 - - [04/Jun/2025:05:28:05 +0000] "GET /assets/plugins/sparkline/jquery.sparkline.min.js HTTP/1.1" 200 13513 "https://tasktrakker.com.au/admin/addEditBookingPhotographer/602/103/7908" "Mozilla/5.0 (Windows NT 10.0; Win64; x64) AppleWebKit/537.36 (KHTML, like Gecko) Chrome/137.0.0.0 Safari/537.36"
202.7.172.133 - - [04/Jun/2025:05:28:05 +0000] "GET /assets/plugins/jQuery/jquery-2.2.3.js HTTP/1.1" 200 77858 "https://tasktrakker.com.au/admin/addEditBookingPhotographer/602/103/7908" "Mozilla/5.0 (Windows NT 10.0; Win64; x64) AppleWebKit/537.36 (KHTML, like Gecko) Chrome/137.0.0.0 Safari/537.36"
202.7.172.133 - - [04/Jun/2025:05:28:05 +0000] "GET /assets/plugins/jvectormap/jquery-jvectormap-1.2.2.min.js HTTP/1.1" 200 9372 "https://tasktrakker.com.au/admin/addEditBookingPhotographer/602/103/7908" "Mozilla/5.0 (Windows NT 10.0; Win64; x64) AppleWebKit/537.36 (KHTML, like Gecko) Chrome/137.0.0.0 Safari/537.36"
202.7.172.133 - - [04/Jun/2025:05:28:06 +0000] "GET /assets/plugins/knob/jquery.knob.js HTTP/1.1" 200 6445 "https://tasktrakker.com.au/admin/addEditBookingPhotographer/602/103/7908" "Mozilla/5.0 (Windows NT 10.0; Win64; x64) AppleWebKit/537.36 (KHTML, like Gecko) Chrome/137.0.0.0 Safari/537.36"
202.7.172.133 - - [04/Jun/2025:05:28:06 +0000] "GET /assets/plugins/jvectormap/jquery-jvectormap-world-mill-en.js HTTP/1.1" 200 51174 "https://tasktrakker.com.au/admin/addEditBookingPhotographer/602/103/7908" "Mozilla/5.0 (Windows NT 10.0; Win64; x64) AppleWebKit/537.36 (KHTML, like Gecko) Chrome/137.0.0.0 Safari/537.36"
202.7.172.133 - - [04/Jun/2025:05:28:06 +0000] "GET /assets/plugins/daterangepicker/daterangepicker.js HTTP/1.1" 200 11641 "https://tasktrakker.com.au/admin/addEditBookingPhotographer/602/103/7908" "Mozilla/5.0 (Windows NT 10.0; Win64; x64) AppleWebKit/537.36 (KHTML, like Gecko) Chrome/137.0.0.0 Safari/537.36"
202.7.172.133 - - [04/Jun/2025:05:28:06 +0000] "GET /assets/plugins/datepicker/bootstrap-datepicker.js HTTP/1.1" 200 12493 "https://tasktrakker.com.au/admin/addEditBookingPhotographer/602/103/7908" "Mozilla/5.0 (Windows NT 10.0; Win64; x64) AppleWebKit/537.36 (KHTML, like Gecko) Chrome/137.0.0.0 Safari/537.36"
202.7.172.133 - - [04/Jun/2025:05:28:06 +0000] "GET /assets/plugins/bootstrap-wysihtml5/bootstrap3-wysihtml5.all.min.js HTTP/1.1" 200 57334 "https://tasktrakker.com.au/admin/addEditBookingPhotographer/602/103/7908" "Mozilla/5.0 (Windows NT 10.0; Win64; x64) AppleWebKit/537.36 (KHTML, like Gecko) Chrome/137.0.0.0 Safari/537.36"
202.7.172.133 - - [04/Jun/2025:05:28:06 +0000] "GET /assets/plugins/slimScroll/jquery.slimscroll.min.js HTTP/1.1" 200 2309 "https://tasktrakker.com.au/admin/addEditBookingPhotographer/602/103/7908" "Mozilla/5.0 (Windows NT 10.0; Win64; x64) AppleWebKit/537.36 (KHTML, like Gecko) Chrome/137.0.0.0 Safari/537.36"
202.7.172.133 - - [04/Jun/2025:05:28:06 +0000] "GET /assets/plugins/fastclick/fastclick.js HTTP/1.1" 200 8024 "https://tasktrakker.com.au/admin/addEditBookingPhotographer/602/103/7908" "Mozilla/5.0 (Windows NT 10.0; Win64; x64) AppleWebKit/537.36 (KHTML, like Gecko) Chrome/137.0.0.0 Safari/537.36"
202.7.172.133 - - [04/Jun/2025:05:28:06 +0000] "GET /assets/dist/js/app.min.js HTTP/1.1" 200 3475 "https://tasktrakker.com.au/admin/addEditBookingPhotographer/602/103/7908" "Mozilla/5.0 (Windows NT 10.0; Win64; x64) AppleWebKit/537.36 (KHTML, like Gecko) Chrome/137.0.0.0 Safari/537.36"
202.7.172.133 - - [04/Jun/2025:05:28:06 +0000] "GET /assets/plugins/datatables/dataTables.bootstrap.min.js HTTP/1.1" 200 1466 "https://tasktrakker.com.au/admin/addEditBookingPhotographer/602/103/7908" "Mozilla/5.0 (Windows NT 10.0; Win64; x64) AppleWebKit/537.36 (KHTML, like Gecko) Chrome/137.0.0.0 Safari/537.36"
202.7.172.133 - - [04/Jun/2025:05:28:06 +0000] "GET /assets/dist/js/pages/dashboard.js?1749014883 HTTP/1.1" 200 4337 "https://tasktrakker.com.au/admin/addEditBookingPhotographer/602/103/7908" "Mozilla/5.0 (Windows NT 10.0; Win64; x64) AppleWebKit/537.36 (KHTML, like Gecko) Chrome/137.0.0.0 Safari/537.36"
202.7.172.133 - - [04/Jun/2025:05:28:06 +0000] "GET /assets/js/star-rating.js HTTP/1.1" 200 6062 "https://tasktrakker.com.au/admin/addEditBookingPhotographer/602/103/7908" "Mozilla/5.0 (Windows NT 10.0; Win64; x64) AppleWebKit/537.36 (KHTML, like Gecko) Chrome/137.0.0.0 Safari/537.36"
202.7.172.133 - - [04/Jun/2025:05:28:06 +0000] "GET /assets/dist/js/demo.js HTTP/1.1" 200 3087 "https://tasktrakker.com.au/admin/addEditBookingPhotographer/602/103/7908" "Mozilla/5.0 (Windows NT 10.0; Win64; x64) AppleWebKit/537.36 (KHTML, like Gecko) Chrome/137.0.0.0 Safari/537.36"
202.7.172.133 - - [04/Jun/2025:05:28:06 +0000] "GET /assets/js/map.js HTTP/1.1" 200 479 "https://tasktrakker.com.au/admin/addEditBookingPhotographer/602/103/7908" "Mozilla/5.0 (Windows NT 10.0; Win64; x64) AppleWebKit/537.36 (KHTML, like Gecko) Chrome/137.0.0.0 Safari/537.36"
202.7.172.133 - - [04/Jun/2025:05:28:06 +0000] "GET /assets/js/archive.js HTTP/1.1" 200 600 "https://tasktrakker.com.au/admin/addEditBookingPhotographer/602/103/7908" "Mozilla/5.0 (Windows NT 10.0; Win64; x64) AppleWebKit/537.36 (KHTML, like Gecko) Chrome/137.0.0.0 Safari/537.36"
202.7.172.133 - - [04/Jun/2025:05:28:06 +0000] "GET /assets/js/booking-unavailability.js HTTP/1.1" 200 1320 "https://tasktrakker.com.au/admin/addEditBookingPhotographer/602/103/7908" "Mozilla/5.0 (Windows NT 10.0; Win64; x64) AppleWebKit/537.36 (KHTML, like Gecko) Chrome/137.0.0.0 Safari/537.36"
120.17.193.14 - - [04/Jun/2025:05:28:08 +0000] "GET /index.php/admin/autologinPhotographer/995/103/8169 HTTP/1.1" 302 993 "-" "Mozilla/5.0 (Macintosh; Intel Mac OS X 10_15_7) AppleWebKit/605.1.15 (KHTML, like Gecko) Version/18.5 Safari/605.1.15"
120.17.193.14 - - [04/Jun/2025:05:28:08 +0000] "GET /admin/addEditBookingPhotographer/995/103/8169 HTTP/1.1" 200 4895 "-" "Mozilla/5.0 (Macintosh; Intel Mac OS X 10_15_7) AppleWebKit/605.1.15 (KHTML, like Gecko) Version/18.5 Safari/605.1.15"
120.17.193.14 - - [04/Jun/2025:05:28:08 +0000] "GET /assets/css/custom.css?1749014888 HTTP/1.1" 200 1143 "https://tasktrakker.com.au/admin/addEditBookingPhotographer/995/103/8169" "Mozilla/5.0 (Macintosh; Intel Mac OS X 10_15_7) AppleWebKit/605.1.15 (KHTML, like Gecko) Version/18.5 Safari/605.1.15"
120.17.193.14 - - [04/Jun/2025:05:28:08 +0000] "GET /assets/dist/js/pages/dashboard.js?1749014888 HTTP/1.1" 200 4337 "https://tasktrakker.com.au/admin/addEditBookingPhotographer/995/103/8169" "Mozilla/5.0 (Macintosh; Intel Mac OS X 10_15_7) AppleWebKit/605.1.15 (KHTML, like Gecko) Version/18.5 Safari/605.1.15"
120.17.193.14 - - [04/Jun/2025:05:28:09 +0000] "POST /index.php/admin/AcceptDeclineBooking HTTP/1.1" 303 399 "https://tasktrakker.com.au/admin/addEditBookingPhotographer/995/103/8169" "Mozilla/5.0 (Macintosh; Intel Mac OS X 10_15_7) AppleWebKit/605.1.15 (KHTML, like Gecko) Version/18.5 Safari/605.1.15"
120.17.193.14 - - [04/Jun/2025:05:28:09 +0000] "GET /admin/addEditBookingPhotographer/995/103/8169 HTTP/1.1" 200 5039 "https://tasktrakker.com.au/admin/addEditBookingPhotographer/995/103/8169" "Mozilla/5.0 (Macintosh; Intel Mac OS X 10_15_7) AppleWebKit/605.1.15 (KHTML, like Gecko) Version/18.5 Safari/605.1.15"
120.17.193.14 - - [04/Jun/2025:05:28:09 +0000] "GET /assets/dist/js/pages/dashboard.js?1749014889 HTTP/1.1" 200 4337 "https://tasktrakker.com.au/admin/addEditBookingPhotographer/995/103/8169" "Mozilla/5.0 (Macintosh; Intel Mac OS X 10_15_7) AppleWebKit/605.1.15 (KHTML, like Gecko) Version/18.5 Safari/605.1.15"
120.17.193.14 - - [04/Jun/2025:05:28:09 +0000] "GET /assets/css/custom.css?1749014889 HTTP/1.1" 200 1143 "https://tasktrakker.com.au/admin/addEditBookingPhotographer/995/103/8169" "Mozilla/5.0 (Macintosh; Intel Mac OS X 10_15_7) AppleWebKit/605.1.15 (KHTML, like Gecko) Version/18.5 Safari/605.1.15"
::1 - - [04/Jun/2025:05:28:11 +0000] "OPTIONS * HTTP/1.0" 200 126 "-" "Apache/2.4.58 (Ubuntu) OpenSSL/3.0.13 (internal dummy connection)"
::1 - - [04/Jun/2025:05:28:12 +0000] "OPTIONS * HTTP/1.0" 200 126 "-" "Apache/2.4.58 (Ubuntu) OpenSSL/3.0.13 (internal dummy connection)"
203.13.161.70 - - [04/Jun/2025:05:28:12 +0000] "GET /index.php/admin/autologinPhotographer/995/103/8169 HTTP/1.1" 302 3870 "-" "Mozilla/5.0 (Windows NT 10.0; Win64; x64) AppleWebKit/537.36 (KHTML, like Gecko) Chrome/136.0.0.0 Safari/537.36"
203.219.219.133 - - [04/Jun/2025:05:28:13 +0000] "GET /index.php/admin/autologinPhotographer/995/103/8168 HTTP/1.1" 302 3872 "-" "Mozilla/5.0 (Windows NT 10.0; Win64; x64) AppleWebKit/537.36 (KHTML, like Gecko) Chrome/136.0.0.0 Safari/537.36"
203.219.219.134 - - [04/Jun/2025:05:28:13 +0000] "GET /index.php/admin/autologinPhotographer/995/103/8168 HTTP/1.1" 302 3873 "-" "Mozilla/5.0 (Windows NT 10.0; Win64; x64) AppleWebKit/537.36 (KHTML, like Gecko) Chrome/136.0.0.0 Safari/537.36"
203.13.161.70 - - [04/Jun/2025:05:28:13 +0000] "GET /admin/addEditBookingPhotographer/995/103/8169 HTTP/1.1" 200 4895 "-" "Mozilla/5.0 (Windows NT 10.0; Win64; x64) AppleWebKit/537.36 (KHTML, like Gecko) Chrome/136.0.0.0 Safari/537.36"
220.244.136.5 - - [04/Jun/2025:05:28:13 +0000] "GET /index.php/admin/autologinPhotographer/995/103/8169 HTTP/1.1" 302 3874 "-" "Mozilla/5.0 (Windows NT 10.0; Win64; x64) AppleWebKit/537.36 (KHTML, like Gecko) Chrome/135.0.0.0 Safari/537.36"
120.17.193.14 - - [04/Jun/2025:05:28:13 +0000] "GET /index.php/admin/autologinPhotographer/1176/103/8216 HTTP/1.1" 302 994 "-" "Mozilla/5.0 (Macintosh; Intel Mac OS X 10_15_7) AppleWebKit/605.1.15 (KHTML, like Gecko) Version/18.5 Safari/605.1.15"
120.17.193.14 - - [04/Jun/2025:05:28:13 +0000] "GET /admin/addEditBookingPhotographer/1176/103/8216 HTTP/1.1" 200 4895 "-" "Mozilla/5.0 (Macintosh; Intel Mac OS X 10_15_7) AppleWebKit/605.1.15 (KHTML, like Gecko) Version/18.5 Safari/605.1.15"
120.17.193.14 - - [04/Jun/2025:05:28:13 +0000] "GET /assets/css/custom.css?1749014893 HTTP/1.1" 200 1143 "https://tasktrakker.com.au/admin/addEditBookingPhotographer/1176/103/8216" "Mozilla/5.0 (Macintosh; Intel Mac OS X 10_15_7) AppleWebKit/605.1.15 (KHTML, like Gecko) Version/18.5 Safari/605.1.15"
120.17.193.14 - - [04/Jun/2025:05:28:13 +0000] "GET /assets/dist/js/pages/dashboard.js?1749014893 HTTP/1.1" 200 4337 "https://tasktrakker.com.au/admin/addEditBookingPhotographer/1176/103/8216" "Mozilla/5.0 (Macintosh; Intel Mac OS X 10_15_7) AppleWebKit/605.1.15 (KHTML, like Gecko) Version/18.5 Safari/605.1.15"
203.219.219.134 - - [04/Jun/2025:05:28:13 +0000] "GET /admin/addEditBookingPhotographer/995/103/8168 HTTP/1.1" 200 4896 "-" "Mozilla/5.0 (Windows NT 10.0; Win64; x64) AppleWebKit/537.36 (KHTML, like Gecko) Chrome/136.0.0.0 Safari/537.36"
203.219.219.133 - - [04/Jun/2025:05:28:13 +0000] "GET /admin/addEditBookingPhotographer/995/103/8168 HTTP/1.1" 200 4896 "-" "Mozilla/5.0 (Windows NT 10.0; Win64; x64) AppleWebKit/537.36 (KHTML, like Gecko) Chrome/136.0.0.0 Safari/537.36"
203.13.161.70 - - [04/Jun/2025:05:28:13 +0000] "GET /assets/bootstrap/css/bootstrap.min.css HTTP/1.1" 200 20193 "https://tasktrakker.com.au/admin/addEditBookingPhotographer/995/103/8169" "Mozilla/5.0 (Windows NT 10.0; Win64; x64) AppleWebKit/537.36 (KHTML, like Gecko) Chrome/136.0.0.0 Safari/537.36"
220.244.136.5 - - [04/Jun/2025:05:28:13 +0000] "GET /admin/addEditBookingPhotographer/995/103/8169 HTTP/1.1" 200 4895 "-" "Mozilla/5.0 (Windows NT 10.0; Win64; x64) AppleWebKit/537.36 (KHTML, like Gecko) Chrome/135.0.0.0 Safari/537.36"
203.219.219.134 - - [04/Jun/2025:05:28:14 +0000] "GET /assets/bootstrap/css/bootstrap.min.css HTTP/1.1" 200 20193 "https://tasktrakker.com.au/admin/addEditBookingPhotographer/995/103/8168" "Mozilla/5.0 (Windows NT 10.0; Win64; x64) AppleWebKit/537.36 (KHTML, like Gecko) Chrome/136.0.0.0 Safari/537.36"
203.13.161.70 - - [04/Jun/2025:05:28:14 +0000] "GET /assets/dist/css/AdminLTE.min.css HTTP/1.1" 200 15258 "https://tasktrakker.com.au/admin/addEditBookingPhotographer/995/103/8169" "Mozilla/5.0 (Windows NT 10.0; Win64; x64) AppleWebKit/537.36 (KHTML, like Gecko) Chrome/136.0.0.0 Safari/537.36"
220.244.136.5 - - [04/Jun/2025:05:28:14 +0000] "GET /assets/bootstrap/css/bootstrap.min.css HTTP/1.1" 200 20193 "https://tasktrakker.com.au/admin/addEditBookingPhotographer/995/103/8169" "Mozilla/5.0 (Windows NT 10.0; Win64; x64) AppleWebKit/537.36 (KHTML, like Gecko) Chrome/135.0.0.0 Safari/537.36"
203.219.219.133 - - [04/Jun/2025:05:28:14 +0000] "GET /assets/bootstrap/css/bootstrap.min.css HTTP/1.1" 200 20193 "https://tasktrakker.com.au/admin/addEditBookingPhotographer/995/103/8168" "Mozilla/5.0 (Windows NT 10.0; Win64; x64) AppleWebKit/537.36 (KHTML, like Gecko) Chrome/136.0.0.0 Safari/537.36"
120.17.193.14 - - [04/Jun/2025:05:28:14 +0000] "POST /index.php/admin/AcceptDeclineBooking HTTP/1.1" 303 400 "https://tasktrakker.com.au/admin/addEditBookingPhotographer/1176/103/8216" "Mozilla/5.0 (Macintosh; Intel Mac OS X 10_15_7) AppleWebKit/605.1.15 (KHTML, like Gecko) Version/18.5 Safari/605.1.15"
120.17.193.14 - - [04/Jun/2025:05:28:14 +0000] "GET /admin/addEditBookingPhotographer/1176/103/8216 HTTP/1.1" 200 5039 "https://tasktrakker.com.au/admin/addEditBookingPhotographer/1176/103/8216" "Mozilla/5.0 (Macintosh; Intel Mac OS X 10_15_7) AppleWebKit/605.1.15 (KHTML, like Gecko) Version/18.5 Safari/605.1.15"
120.17.193.14 - - [04/Jun/2025:05:28:14 +0000] "GET /assets/css/custom.css?1749014894 HTTP/1.1" 200 1143 "https://tasktrakker.com.au/admin/addEditBookingPhotographer/1176/103/8216" "Mozilla/5.0 (Macintosh; Intel Mac OS X 10_15_7) AppleWebKit/605.1.15 (KHTML, like Gecko) Version/18.5 Safari/605.1.15"
120.17.193.14 - - [04/Jun/2025:05:28:14 +0000] "GET /assets/dist/js/pages/dashboard.js?1749014894 HTTP/1.1" 200 4337 "https://tasktrakker.com.au/admin/addEditBookingPhotographer/1176/103/8216" "Mozilla/5.0 (Macintosh; Intel Mac OS X 10_15_7) AppleWebKit/605.1.15 (KHTML, like Gecko) Version/18.5 Safari/605.1.15"
203.219.219.134 - - [04/Jun/2025:05:28:14 +0000] "GET /assets/dist/css/AdminLTE.min.css HTTP/1.1" 200 15258 "https://tasktrakker.com.au/admin/addEditBookingPhotographer/995/103/8168" "Mozilla/5.0 (Windows NT 10.0; Win64; x64) AppleWebKit/537.36 (KHTML, like Gecko) Chrome/136.0.0.0 Safari/537.36"
203.13.161.70 - - [04/Jun/2025:05:28:14 +0000] "GET /assets/dist/css/skins/_all-skins.min.css HTTP/1.1" 200 3682 "https://tasktrakker.com.au/admin/addEditBookingPhotographer/995/103/8169" "Mozilla/5.0 (Windows NT 10.0; Win64; x64) AppleWebKit/537.36 (KHTML, like Gecko) Chrome/136.0.0.0 Safari/537.36"
220.244.136.5 - - [04/Jun/2025:05:28:14 +0000] "GET /assets/dist/css/AdminLTE.min.css HTTP/1.1" 200 15258 "https://tasktrakker.com.au/admin/addEditBookingPhotographer/995/103/8169" "Mozilla/5.0 (Windows NT 10.0; Win64; x64) AppleWebKit/537.36 (KHTML, like Gecko) Chrome/135.0.0.0 Safari/537.36"
203.13.161.70 - - [04/Jun/2025:05:28:14 +0000] "GET /assets/plugins/iCheck/flat/blue.css HTTP/1.1" 200 1125 "https://tasktrakker.com.au/admin/addEditBookingPhotographer/995/103/8169" "Mozilla/5.0 (Windows NT 10.0; Win64; x64) AppleWebKit/537.36 (KHTML, like Gecko) Chrome/136.0.0.0 Safari/537.36"
203.13.161.70 - - [04/Jun/2025:05:28:14 +0000] "GET /assets/plugins/morris/morris.css HTTP/1.1" 200 926 "https://tasktrakker.com.au/admin/addEditBookingPhotographer/995/103/8169" "Mozilla/5.0 (Windows NT 10.0; Win64; x64) AppleWebKit/537.36 (KHTML, like Gecko) Chrome/136.0.0.0 Safari/537.36"
203.13.161.70 - - [04/Jun/2025:05:28:14 +0000] "GET /assets/plugins/jvectormap/jquery-jvectormap-1.2.2.css HTTP/1.1" 200 3302 "https://tasktrakker.com.au/admin/addEditBookingPhotographer/995/103/8169" "Mozilla/5.0 (Windows NT 10.0; Win64; x64) AppleWebKit/537.36 (KHTML, like Gecko) Chrome/136.0.0.0 Safari/537.36"
203.219.219.133 - - [04/Jun/2025:05:28:14 +0000] "GET /assets/dist/css/AdminLTE.min.css HTTP/1.1" 200 15258 "https://tasktrakker.com.au/admin/addEditBookingPhotographer/995/103/8168" "Mozilla/5.0 (Windows NT 10.0; Win64; x64) AppleWebKit/537.36 (KHTML, like Gecko) Chrome/136.0.0.0 Safari/537.36"
203.13.161.70 - - [04/Jun/2025:05:28:14 +0000] "GET /assets/plugins/datepicker/datepicker3.css HTTP/1.1" 200 5946 "https://tasktrakker.com.au/admin/addEditBookingPhotographer/995/103/8169" "Mozilla/5.0 (Windows NT 10.0; Win64; x64) AppleWebKit/537.36 (KHTML, like Gecko) Chrome/136.0.0.0 Safari/537.36"
203.13.161.70 - - [04/Jun/2025:05:28:14 +0000] "GET /assets/plugins/bootstrap-wysihtml5/bootstrap3-wysihtml5.min.css HTTP/1.1" 200 1023 "https://tasktrakker.com.au/admin/addEditBookingPhotographer/995/103/8169" "Mozilla/5.0 (Windows NT 10.0; Win64; x64) AppleWebKit/537.36 (KHTML, like Gecko) Chrome/136.0.0.0 Safari/537.36"
203.13.161.70 - - [04/Jun/2025:05:28:14 +0000] "GET /assets/plugins/daterangepicker/daterangepicker.css HTTP/1.1" 200 4393 "https://tasktrakker.com.au/admin/addEditBookingPhotographer/995/103/8169" "Mozilla/5.0 (Windows NT 10.0; Win64; x64) AppleWebKit/537.36 (KHTML, like Gecko) Chrome/136.0.0.0 Safari/537.36"
203.219.219.134 - - [04/Jun/2025:05:28:14 +0000] "GET /assets/dist/css/skins/_all-skins.min.css HTTP/1.1" 200 3682 "https://tasktrakker.com.au/admin/addEditBookingPhotographer/995/103/8168" "Mozilla/5.0 (Windows NT 10.0; Win64; x64) AppleWebKit/537.36 (KHTML, like Gecko) Chrome/136.0.0.0 Safari/537.36"
203.13.161.70 - - [04/Jun/2025:05:28:15 +0000] "GET /assets/css/custom.css?1749014893 HTTP/1.1" 200 1143 "https://tasktrakker.com.au/admin/addEditBookingPhotographer/995/103/8169" "Mozilla/5.0 (Windows NT 10.0; Win64; x64) AppleWebKit/537.36 (KHTML, like Gecko) Chrome/136.0.0.0 Safari/537.36"
203.13.161.70 - - [04/Jun/2025:05:28:15 +0000] "GET /assets/css/star-rating.css HTTP/1.1" 200 1318 "https://tasktrakker.com.au/admin/addEditBookingPhotographer/995/103/8169" "Mozilla/5.0 (Windows NT 10.0; Win64; x64) AppleWebKit/537.36 (KHTML, like Gecko) Chrome/136.0.0.0 Safari/537.36"
203.13.161.70 - - [04/Jun/2025:05:28:15 +0000] "GET /assets/plugins/jQuery/jquery-2.2.3.js HTTP/1.1" 200 77858 "https://tasktrakker.com.au/admin/addEditBookingPhotographer/995/103/8169" "Mozilla/5.0 (Windows NT 10.0; Win64; x64) AppleWebKit/537.36 (KHTML, like Gecko) Chrome/136.0.0.0 Safari/537.36"
220.244.136.5 - - [04/Jun/2025:05:28:15 +0000] "GET /assets/dist/css/skins/_all-skins.min.css HTTP/1.1" 200 3682 "https://tasktrakker.com.au/admin/addEditBookingPhotographer/995/103/8169" "Mozilla/5.0 (Windows NT 10.0; Win64; x64) AppleWebKit/537.36 (KHTML, like Gecko) Chrome/135.0.0.0 Safari/537.36"
203.13.161.70 - - [04/Jun/2025:05:28:15 +0000] "GET /assets/bootstrap/js/bootstrap.min.js HTTP/1.1" 200 10325 "https://tasktrakker.com.au/admin/addEditBookingPhotographer/995/103/8169" "Mozilla/5.0 (Windows NT 10.0; Win64; x64) AppleWebKit/537.36 (KHTML, like Gecko) Chrome/136.0.0.0 Safari/537.36"
203.13.161.70 - - [04/Jun/2025:05:28:15 +0000] "GET /assets/plugins/sparkline/jquery.sparkline.min.js HTTP/1.1" 200 13513 "https://tasktrakker.com.au/admin/addEditBookingPhotographer/995/103/8169" "Mozilla/5.0 (Windows NT 10.0; Win64; x64) AppleWebKit/537.36 (KHTML, like Gecko) Chrome/136.0.0.0 Safari/537.36"
203.13.161.70 - - [04/Jun/2025:05:28:15 +0000] "GET /assets/plugins/jvectormap/jquery-jvectormap-1.2.2.min.js HTTP/1.1" 200 9372 "https://tasktrakker.com.au/admin/addEditBookingPhotographer/995/103/8169" "Mozilla/5.0 (Windows NT 10.0; Win64; x64) AppleWebKit/537.36 (KHTML, like Gecko) Chrome/136.0.0.0 Safari/537.36"
220.244.136.5 - - [04/Jun/2025:05:28:15 +0000] "GET /assets/plugins/iCheck/flat/blue.css HTTP/1.1" 200 1125 "https://tasktrakker.com.au/admin/addEditBookingPhotographer/995/103/8169" "Mozilla/5.0 (Windows NT 10.0; Win64; x64) AppleWebKit/537.36 (KHTML, like Gecko) Chrome/135.0.0.0 Safari/537.36"
203.219.219.133 - - [04/Jun/2025:05:28:15 +0000] "GET /assets/dist/css/skins/_all-skins.min.css HTTP/1.1" 200 3682 "https://tasktrakker.com.au/admin/addEditBookingPhotographer/995/103/8168" "Mozilla/5.0 (Windows NT 10.0; Win64; x64) AppleWebKit/537.36 (KHTML, like Gecko) Chrome/136.0.0.0 Safari/537.36"
203.219.219.134 - - [04/Jun/2025:05:28:15 +0000] "GET /assets/plugins/iCheck/flat/blue.css HTTP/1.1" 200 1125 "https://tasktrakker.com.au/admin/addEditBookingPhotographer/995/103/8168" "Mozilla/5.0 (Windows NT 10.0; Win64; x64) AppleWebKit/537.36 (KHTML, like Gecko) Chrome/136.0.0.0 Safari/537.36"
203.219.219.134 - - [04/Jun/2025:05:28:15 +0000] "GET /assets/plugins/morris/morris.css HTTP/1.1" 200 602 "https://tasktrakker.com.au/admin/addEditBookingPhotographer/995/103/8168" "Mozilla/5.0 (Windows NT 10.0; Win64; x64) AppleWebKit/537.36 (KHTML, like Gecko) Chrome/136.0.0.0 Safari/537.36"
203.13.161.70 - - [04/Jun/2025:05:28:15 +0000] "GET /assets/plugins/knob/jquery.knob.js HTTP/1.1" 200 6445 "https://tasktrakker.com.au/admin/addEditBookingPhotographer/995/103/8169" "Mozilla/5.0 (Windows NT 10.0; Win64; x64) AppleWebKit/537.36 (KHTML, like Gecko) Chrome/136.0.0.0 Safari/537.36"
203.13.161.70 - - [04/Jun/2025:05:28:15 +0000] "GET /assets/plugins/jvectormap/jquery-jvectormap-world-mill-en.js HTTP/1.1" 200 51174 "https://tasktrakker.com.au/admin/addEditBookingPhotographer/995/103/8169" "Mozilla/5.0 (Windows NT 10.0; Win64; x64) AppleWebKit/537.36 (KHTML, like Gecko) Chrome/136.0.0.0 Safari/537.36"
203.13.161.70 - - [04/Jun/2025:05:28:15 +0000] "GET /assets/plugins/daterangepicker/daterangepicker.js HTTP/1.1" 200 11641 "https://tasktrakker.com.au/admin/addEditBookingPhotographer/995/103/8169" "Mozilla/5.0 (Windows NT 10.0; Win64; x64) AppleWebKit/537.36 (KHTML, like Gecko) Chrome/136.0.0.0 Safari/537.36"
203.13.161.70 - - [04/Jun/2025:05:28:15 +0000] "GET /assets/plugins/datepicker/bootstrap-datepicker.js HTTP/1.1" 200 12493 "https://tasktrakker.com.au/admin/addEditBookingPhotographer/995/103/8169" "Mozilla/5.0 (Windows NT 10.0; Win64; x64) AppleWebKit/537.36 (KHTML, like Gecko) Chrome/136.0.0.0 Safari/537.36"
220.244.136.5 - - [04/Jun/2025:05:28:15 +0000] "GET /assets/plugins/morris/morris.css HTTP/1.1" 200 926 "https://tasktrakker.com.au/admin/addEditBookingPhotographer/995/103/8169" "Mozilla/5.0 (Windows NT 10.0; Win64; x64) AppleWebKit/537.36 (KHTML, like Gecko) Chrome/135.0.0.0 Safari/537.36"
220.244.136.5 - - [04/Jun/2025:05:28:15 +0000] "GET /assets/plugins/jvectormap/jquery-jvectormap-1.2.2.css HTTP/1.1" 200 708 "https://tasktrakker.com.au/admin/addEditBookingPhotographer/995/103/8169" "Mozilla/5.0 (Windows NT 10.0; Win64; x64) AppleWebKit/537.36 (KHTML, like Gecko) Chrome/135.0.0.0 Safari/537.36"
203.13.161.70 - - [04/Jun/2025:05:28:15 +0000] "GET /assets/plugins/slimScroll/jquery.slimscroll.min.js HTTP/1.1" 200 2309 "https://tasktrakker.com.au/admin/addEditBookingPhotographer/995/103/8169" "Mozilla/5.0 (Windows NT 10.0; Win64; x64) AppleWebKit/537.36 (KHTML, like Gecko) Chrome/136.0.0.0 Safari/537.36"
203.13.161.70 - - [04/Jun/2025:05:28:15 +0000] "GET /assets/plugins/bootstrap-wysihtml5/bootstrap3-wysihtml5.all.min.js HTTP/1.1" 200 57334 "https://tasktrakker.com.au/admin/addEditBookingPhotographer/995/103/8169" "Mozilla/5.0 (Windows NT 10.0; Win64; x64) AppleWebKit/537.36 (KHTML, like Gecko) Chrome/136.0.0.0 Safari/537.36"
203.219.219.134 - - [04/Jun/2025:05:28:15 +0000] "GET /assets/plugins/jvectormap/jquery-jvectormap-1.2.2.css HTTP/1.1" 200 708 "https://tasktrakker.com.au/admin/addEditBookingPhotographer/995/103/8168" "Mozilla/5.0 (Windows NT 10.0; Win64; x64) AppleWebKit/537.36 (KHTML, like Gecko) Chrome/136.0.0.0 Safari/537.36"
203.219.219.134 - - [04/Jun/2025:05:28:15 +0000] "GET /assets/plugins/datepicker/datepicker3.css HTTP/1.1" 200 3353 "https://tasktrakker.com.au/admin/addEditBookingPhotographer/995/103/8168" "Mozilla/5.0 (Windows NT 10.0; Win64; x64) AppleWebKit/537.36 (KHTML, like Gecko) Chrome/136.0.0.0 Safari/537.36"
203.219.219.133 - - [04/Jun/2025:05:28:15 +0000] "GET /assets/plugins/iCheck/flat/blue.css HTTP/1.1" 200 801 "https://tasktrakker.com.au/admin/addEditBookingPhotographer/995/103/8168" "Mozilla/5.0 (Windows NT 10.0; Win64; x64) AppleWebKit/537.36 (KHTML, like Gecko) Chrome/136.0.0.0 Safari/537.36"
220.244.136.5 - - [04/Jun/2025:05:28:15 +0000] "GET /assets/plugins/datepicker/datepicker3.css HTTP/1.1" 200 3353 "https://tasktrakker.com.au/admin/addEditBookingPhotographer/995/103/8169" "Mozilla/5.0 (Windows NT 10.0; Win64; x64) AppleWebKit/537.36 (KHTML, like Gecko) Chrome/135.0.0.0 Safari/537.36"
203.13.161.70 - - [04/Jun/2025:05:28:15 +0000] "GET /assets/plugins/fastclick/fastclick.js HTTP/1.1" 200 8024 "https://tasktrakker.com.au/admin/addEditBookingPhotographer/995/103/8169" "Mozilla/5.0 (Windows NT 10.0; Win64; x64) AppleWebKit/537.36 (KHTML, like Gecko) Chrome/136.0.0.0 Safari/537.36"
203.13.161.70 - - [04/Jun/2025:05:28:15 +0000] "GET /assets/dist/js/app.min.js HTTP/1.1" 200 3475 "https://tasktrakker.com.au/admin/addEditBookingPhotographer/995/103/8169" "Mozilla/5.0 (Windows NT 10.0; Win64; x64) AppleWebKit/537.36 (KHTML, like Gecko) Chrome/136.0.0.0 Safari/537.36"
203.13.161.70 - - [04/Jun/2025:05:28:15 +0000] "GET /assets/plugins/datatables/dataTables.bootstrap.min.js HTTP/1.1" 200 1466 "https://tasktrakker.com.au/admin/addEditBookingPhotographer/995/103/8169" "Mozilla/5.0 (Windows NT 10.0; Win64; x64) AppleWebKit/537.36 (KHTML, like Gecko) Chrome/136.0.0.0 Safari/537.36"
203.13.161.70 - - [04/Jun/2025:05:28:15 +0000] "GET /assets/js/star-rating.js HTTP/1.1" 200 6062 "https://tasktrakker.com.au/admin/addEditBookingPhotographer/995/103/8169" "Mozilla/5.0 (Windows NT 10.0; Win64; x64) AppleWebKit/537.36 (KHTML, like Gecko) Chrome/136.0.0.0 Safari/537.36"
220.244.136.5 - - [04/Jun/2025:05:28:15 +0000] "GET /assets/plugins/bootstrap-wysihtml5/bootstrap3-wysihtml5.min.css HTTP/1.1" 200 1023 "https://tasktrakker.com.au/admin/addEditBookingPhotographer/995/103/8169" "Mozilla/5.0 (Windows NT 10.0; Win64; x64) AppleWebKit/537.36 (KHTML, like Gecko) Chrome/135.0.0.0 Safari/537.36"
220.244.136.5 - - [04/Jun/2025:05:28:15 +0000] "GET /assets/plugins/daterangepicker/daterangepicker.css HTTP/1.1" 200 1799 "https://tasktrakker.com.au/admin/addEditBookingPhotographer/995/103/8169" "Mozilla/5.0 (Windows NT 10.0; Win64; x64) AppleWebKit/537.36 (KHTML, like Gecko) Chrome/135.0.0.0 Safari/537.36"
203.13.161.70 - - [04/Jun/2025:05:28:16 +0000] "GET /assets/dist/js/pages/dashboard.js?1749014893 HTTP/1.1" 200 4337 "https://tasktrakker.com.au/admin/addEditBookingPhotographer/995/103/8169" "Mozilla/5.0 (Windows NT 10.0; Win64; x64) AppleWebKit/537.36 (KHTML, like Gecko) Chrome/136.0.0.0 Safari/537.36"
203.13.161.70 - - [04/Jun/2025:05:28:16 +0000] "GET /assets/dist/js/demo.js HTTP/1.1" 200 3087 "https://tasktrakker.com.au/admin/addEditBookingPhotographer/995/103/8169" "Mozilla/5.0 (Windows NT 10.0; Win64; x64) AppleWebKit/537.36 (KHTML, like Gecko) Chrome/136.0.0.0 Safari/537.36"
203.219.219.134 - - [04/Jun/2025:05:28:16 +0000] "GET /assets/plugins/daterangepicker/daterangepicker.css HTTP/1.1" 200 1799 "https://tasktrakker.com.au/admin/addEditBookingPhotographer/995/103/8168" "Mozilla/5.0 (Windows NT 10.0; Win64; x64) AppleWebKit/537.36 (KHTML, like Gecko) Chrome/136.0.0.0 Safari/537.36"
220.244.136.5 - - [04/Jun/2025:05:28:16 +0000] "GET /assets/css/custom.css?1749014893 HTTP/1.1" 200 1143 "https://tasktrakker.com.au/admin/addEditBookingPhotographer/995/103/8169" "Mozilla/5.0 (Windows NT 10.0; Win64; x64) AppleWebKit/537.36 (KHTML, like Gecko) Chrome/135.0.0.0 Safari/537.36"
203.13.161.70 - - [04/Jun/2025:05:28:16 +0000] "GET /assets/js/map.js HTTP/1.1" 200 479 "https://tasktrakker.com.au/admin/addEditBookingPhotographer/995/103/8169" "Mozilla/5.0 (Windows NT 10.0; Win64; x64) AppleWebKit/537.36 (KHTML, like Gecko) Chrome/136.0.0.0 Safari/537.36"
203.13.161.70 - - [04/Jun/2025:05:28:16 +0000] "GET /assets/js/booking-unavailability.js HTTP/1.1" 200 1320 "https://tasktrakker.com.au/admin/addEditBookingPhotographer/995/103/8169" "Mozilla/5.0 (Windows NT 10.0; Win64; x64) AppleWebKit/537.36 (KHTML, like Gecko) Chrome/136.0.0.0 Safari/537.36"
203.13.161.70 - - [04/Jun/2025:05:28:16 +0000] "GET /assets/js/archive.js HTTP/1.1" 200 600 "https://tasktrakker.com.au/admin/addEditBookingPhotographer/995/103/8169" "Mozilla/5.0 (Windows NT 10.0; Win64; x64) AppleWebKit/537.36 (KHTML, like Gecko) Chrome/136.0.0.0 Safari/537.36"
203.219.219.134 - - [04/Jun/2025:05:28:16 +0000] "GET /assets/plugins/bootstrap-wysihtml5/bootstrap3-wysihtml5.min.css HTTP/1.1" 200 1023 "https://tasktrakker.com.au/admin/addEditBookingPhotographer/995/103/8168" "Mozilla/5.0 (Windows NT 10.0; Win64; x64) AppleWebKit/537.36 (KHTML, like Gecko) Chrome/136.0.0.0 Safari/537.36"
203.219.219.133 - - [04/Jun/2025:05:28:16 +0000] "GET /assets/plugins/morris/morris.css HTTP/1.1" 200 602 "https://tasktrakker.com.au/admin/addEditBookingPhotographer/995/103/8168" "Mozilla/5.0 (Windows NT 10.0; Win64; x64) AppleWebKit/537.36 (KHTML, like Gecko) Chrome/136.0.0.0 Safari/537.36"
220.244.136.5 - - [04/Jun/2025:05:28:16 +0000] "GET /assets/css/star-rating.css HTTP/1.1" 200 1318 "https://tasktrakker.com.au/admin/addEditBookingPhotographer/995/103/8169" "Mozilla/5.0 (Windows NT 10.0; Win64; x64) AppleWebKit/537.36 (KHTML, like Gecko) Chrome/135.0.0.0 Safari/537.36"
220.244.136.5 - - [04/Jun/2025:05:28:16 +0000] "GET /assets/plugins/jQuery/jquery-2.2.3.js HTTP/1.1" 200 77858 "https://tasktrakker.com.au/admin/addEditBookingPhotographer/995/103/8169" "Mozilla/5.0 (Windows NT 10.0; Win64; x64) AppleWebKit/537.36 (KHTML, like Gecko) Chrome/135.0.0.0 Safari/537.36"
220.244.136.5 - - [04/Jun/2025:05:28:16 +0000] "GET /assets/bootstrap/js/bootstrap.min.js HTTP/1.1" 200 10325 "https://tasktrakker.com.au/admin/addEditBookingPhotographer/995/103/8169" "Mozilla/5.0 (Windows NT 10.0; Win64; x64) AppleWebKit/537.36 (KHTML, like Gecko) Chrome/135.0.0.0 Safari/537.36"
203.219.219.134 - - [04/Jun/2025:05:28:16 +0000] "GET /assets/css/custom.css?1749014893 HTTP/1.1" 200 1143 "https://tasktrakker.com.au/admin/addEditBookingPhotographer/995/103/8168" "Mozilla/5.0 (Windows NT 10.0; Win64; x64) AppleWebKit/537.36 (KHTML, like Gecko) Chrome/136.0.0.0 Safari/537.36"
220.244.136.5 - - [04/Jun/2025:05:28:16 +0000] "GET /assets/plugins/sparkline/jquery.sparkline.min.js HTTP/1.1" 200 16108 "https://tasktrakker.com.au/admin/addEditBookingPhotographer/995/103/8169" "Mozilla/5.0 (Windows NT 10.0; Win64; x64) AppleWebKit/537.36 (KHTML, like Gecko) Chrome/135.0.0.0 Safari/537.36"
220.244.136.5 - - [04/Jun/2025:05:28:16 +0000] "GET /assets/plugins/jvectormap/jquery-jvectormap-1.2.2.min.js HTTP/1.1" 200 9372 "https://tasktrakker.com.au/admin/addEditBookingPhotographer/995/103/8169" "Mozilla/5.0 (Windows NT 10.0; Win64; x64) AppleWebKit/537.36 (KHTML, like Gecko) Chrome/135.0.0.0 Safari/537.36"
203.219.219.134 - - [04/Jun/2025:05:28:16 +0000] "GET /assets/css/star-rating.css HTTP/1.1" 200 3912 "https://tasktrakker.com.au/admin/addEditBookingPhotographer/995/103/8168" "Mozilla/5.0 (Windows NT 10.0; Win64; x64) AppleWebKit/537.36 (KHTML, like Gecko) Chrome/136.0.0.0 Safari/537.36"
203.219.219.134 - - [04/Jun/2025:05:28:16 +0000] "GET /assets/plugins/jQuery/jquery-2.2.3.js HTTP/1.1" 200 77858 "https://tasktrakker.com.au/admin/addEditBookingPhotographer/995/103/8168" "Mozilla/5.0 (Windows NT 10.0; Win64; x64) AppleWebKit/537.36 (KHTML, like Gecko) Chrome/136.0.0.0 Safari/537.36"
203.219.219.133 - - [04/Jun/2025:05:28:16 +0000] "GET /assets/plugins/jvectormap/jquery-jvectormap-1.2.2.css HTTP/1.1" 200 708 "https://tasktrakker.com.au/admin/addEditBookingPhotographer/995/103/8168" "Mozilla/5.0 (Windows NT 10.0; Win64; x64) AppleWebKit/537.36 (KHTML, like Gecko) Chrome/136.0.0.0 Safari/537.36"
220.244.136.5 - - [04/Jun/2025:05:28:16 +0000] "GET /assets/plugins/knob/jquery.knob.js HTTP/1.1" 200 6445 "https://tasktrakker.com.au/admin/addEditBookingPhotographer/995/103/8169" "Mozilla/5.0 (Windows NT 10.0; Win64; x64) AppleWebKit/537.36 (KHTML, like Gecko) Chrome/135.0.0.0 Safari/537.36"
