104.28.125.3 - - [27/May/2025:06:38:13 +0000] "GET /assets/css/custom.css?1748327893 HTTP/1.1" 200 1143 "https://tasktrakker.com.au/index.php/admin/main" "Mozilla/5.0 (iPhone; CPU iPhone OS 18_5 like Mac OS X) AppleWebKit/605.1.15 (KHTML, like Gecko) Version/18.5 Mobile/15E148 Safari/604.1"
146.75.190.39 - - [27/May/2025:06:38:13 +0000] "GET /assets/dist/js/pages/dashboard.js?1748327893 HTTP/1.1" 200 6909 "https://tasktrakker.com.au/index.php/admin/main" "Mozilla/5.0 (iPhone; CPU iPhone OS 18_5 like Mac OS X) AppleWebKit/605.1.15 (KHTML, like Gecko) Version/18.5 Mobile/15E148 Safari/604.1"
202.62.242.117 - - [27/May/2025:06:40:50 +0000] "GET /index.php/admin/main HTTP/1.1" 200 9765 "-" "Mozilla/5.0 (Windows NT 10.0; Win64; x64) AppleWebKit/537.36 (KHTML, like Gecko) Chrome/136.0.0.0 Safari/537.36 Edg/136.0.0.0"
202.62.242.117 - - [27/May/2025:06:40:50 +0000] "GET /assets/css/custom.css?1748328050 HTTP/1.1" 200 1143 "https://tasktrakker.com.au/index.php/admin/main" "Mozilla/5.0 (Windows NT 10.0; Win64; x64) AppleWebKit/537.36 (KHTML, like Gecko) Chrome/136.0.0.0 Safari/537.36 Edg/136.0.0.0"
202.62.242.117 - - [27/May/2025:06:40:50 +0000] "GET /assets/dist/js/pages/dashboard.js?1748328050 HTTP/1.1" 200 6909 "https://tasktrakker.com.au/index.php/admin/main" "Mozilla/5.0 (Windows NT 10.0; Win64; x64) AppleWebKit/537.36 (KHTML, like Gecko) Chrome/136.0.0.0 Safari/537.36 Edg/136.0.0.0"
202.62.242.117 - - [27/May/2025:06:40:50 +0000] "GET /index.php/admin/get_fullcalendar?start=2025-04-27T00%3A00%3A00%2B10%3A00&end=2025-06-08T00%3A00%3A00%2B10%3A00 HTTP/1.1" 200 3821 "https://tasktrakker.com.au/index.php/admin/main" "Mozilla/5.0 (Windows NT 10.0; Win64; x64) AppleWebKit/537.36 (KHTML, like Gecko) Chrome/136.0.0.0 Safari/537.36 Edg/136.0.0.0"
202.62.242.117 - - [27/May/2025:06:40:50 +0000] "GET /index.php/admin/get_fullcalendar?start=2025-03-30T00%3A00%3A00%2B11%3A00&end=2025-05-11T00%3A00%3A00%2B10%3A00 HTTP/1.1" 200 2938 "https://tasktrakker.com.au/index.php/admin/main" "Mozilla/5.0 (Windows NT 10.0; Win64; x64) AppleWebKit/537.36 (KHTML, like Gecko) Chrome/136.0.0.0 Safari/537.36 Edg/136.0.0.0"
202.62.242.117 - - [27/May/2025:06:40:55 +0000] "GET /index.php/admin/account_settings HTTP/1.1" 200 5549 "https://tasktrakker.com.au/index.php/admin/main" "Mozilla/5.0 (Windows NT 10.0; Win64; x64) AppleWebKit/537.36 (KHTML, like Gecko) Chrome/136.0.0.0 Safari/537.36 Edg/136.0.0.0"
202.62.242.117 - - [27/May/2025:06:40:55 +0000] "GET /assets/css/custom.css?1748328055 HTTP/1.1" 200 1143 "https://tasktrakker.com.au/index.php/admin/account_settings" "Mozilla/5.0 (Windows NT 10.0; Win64; x64) AppleWebKit/537.36 (KHTML, like Gecko) Chrome/136.0.0.0 Safari/537.36 Edg/136.0.0.0"
202.62.242.117 - - [27/May/2025:06:40:55 +0000] "GET /assets/dist/js/pages/dashboard.js?1748328055 HTTP/1.1" 200 4337 "https://tasktrakker.com.au/index.php/admin/account_settings" "Mozilla/5.0 (Windows NT 10.0; Win64; x64) AppleWebKit/537.36 (KHTML, like Gecko) Chrome/136.0.0.0 Safari/537.36 Edg/136.0.0.0"
202.62.242.117 - - [27/May/2025:06:41:17 +0000] "GET /index.php/admin/account_settings HTTP/1.1" 200 5873 "https://tasktrakker.com.au/index.php/admin/account_settings" "Mozilla/5.0 (Windows NT 10.0; Win64; x64) AppleWebKit/537.36 (KHTML, like Gecko) Chrome/136.0.0.0 Safari/537.36 Edg/136.0.0.0"
202.62.242.117 - - [27/May/2025:06:41:17 +0000] "GET /assets/css/custom.css?1748328077 HTTP/1.1" 200 1143 "https://tasktrakker.com.au/index.php/admin/account_settings" "Mozilla/5.0 (Windows NT 10.0; Win64; x64) AppleWebKit/537.36 (KHTML, like Gecko) Chrome/136.0.0.0 Safari/537.36 Edg/136.0.0.0"
202.62.242.117 - - [27/May/2025:06:41:17 +0000] "GET /assets/dist/js/pages/dashboard.js?1748328077 HTTP/1.1" 200 4661 "https://tasktrakker.com.au/index.php/admin/account_settings" "Mozilla/5.0 (Windows NT 10.0; Win64; x64) AppleWebKit/537.36 (KHTML, like Gecko) Chrome/136.0.0.0 Safari/537.36 Edg/136.0.0.0"
202.62.242.117 - - [27/May/2025:06:41:40 +0000] "GET /index.php/admin/user_avail HTTP/1.1" 200 6599 "https://tasktrakker.com.au/index.php/admin/account_settings" "Mozilla/5.0 (Windows NT 10.0; Win64; x64) AppleWebKit/537.36 (KHTML, like Gecko) Chrome/136.0.0.0 Safari/537.36 Edg/136.0.0.0"
202.62.242.117 - - [27/May/2025:06:41:40 +0000] "GET /assets/css/custom.css?1748328100 HTTP/1.1" 200 1143 "https://tasktrakker.com.au/index.php/admin/user_avail" "Mozilla/5.0 (Windows NT 10.0; Win64; x64) AppleWebKit/537.36 (KHTML, like Gecko) Chrome/136.0.0.0 Safari/537.36 Edg/136.0.0.0"
202.62.242.117 - - [27/May/2025:06:41:40 +0000] "GET /assets/dist/js/pages/dashboard.js?1748328100 HTTP/1.1" 200 4661 "https://tasktrakker.com.au/index.php/admin/user_avail" "Mozilla/5.0 (Windows NT 10.0; Win64; x64) AppleWebKit/537.36 (KHTML, like Gecko) Chrome/136.0.0.0 Safari/537.36 Edg/136.0.0.0"
207.46.13.52 - - [27/May/2025:06:41:52 +0000] "GET /index.php/admin/addcustomersview/9493 HTTP/1.1" 500 5044 "-" "Mozilla/5.0 AppleWebKit/537.36 (KHTML, like Gecko; compatible; bingbot/2.0; +http://www.bing.com/bingbot.htm) Chrome/116.0.1938.76 Safari/537.36"
202.62.242.117 - - [27/May/2025:06:42:16 +0000] "GET /index.php/admin/main HTTP/1.1" 200 7378 "https://tasktrakker.com.au/index.php/admin/user_avail" "Mozilla/5.0 (Windows NT 10.0; Win64; x64) AppleWebKit/537.36 (KHTML, like Gecko) Chrome/136.0.0.0 Safari/537.36 Edg/136.0.0.0"
202.62.242.117 - - [27/May/2025:06:42:16 +0000] "GET /assets/css/custom.css?1748328136 HTTP/1.1" 200 1143 "https://tasktrakker.com.au/index.php/admin/main" "Mozilla/5.0 (Windows NT 10.0; Win64; x64) AppleWebKit/537.36 (KHTML, like Gecko) Chrome/136.0.0.0 Safari/537.36 Edg/136.0.0.0"
202.62.242.117 - - [27/May/2025:06:42:16 +0000] "GET /assets/dist/js/pages/dashboard.js?1748328136 HTTP/1.1" 200 4661 "https://tasktrakker.com.au/index.php/admin/main" "Mozilla/5.0 (Windows NT 10.0; Win64; x64) AppleWebKit/537.36 (KHTML, like Gecko) Chrome/136.0.0.0 Safari/537.36 Edg/136.0.0.0"
202.62.242.117 - - [27/May/2025:06:42:16 +0000] "GET /index.php/admin/get_fullcalendar?start=2025-04-27T00%3A00%3A00%2B10%3A00&end=2025-06-08T00%3A00%3A00%2B10%3A00 HTTP/1.1" 200 3821 "https://tasktrakker.com.au/index.php/admin/main" "Mozilla/5.0 (Windows NT 10.0; Win64; x64) AppleWebKit/537.36 (KHTML, like Gecko) Chrome/136.0.0.0 Safari/537.36 Edg/136.0.0.0"
202.62.242.117 - - [27/May/2025:06:42:16 +0000] "GET /index.php/admin/get_fullcalendar?start=2025-03-30T00%3A00%3A00%2B11%3A00&end=2025-05-11T00%3A00%3A00%2B10%3A00 HTTP/1.1" 200 2938 "https://tasktrakker.com.au/index.php/admin/main" "Mozilla/5.0 (Windows NT 10.0; Win64; x64) AppleWebKit/537.36 (KHTML, like Gecko) Chrome/136.0.0.0 Safari/537.36 Edg/136.0.0.0"
202.62.242.117 - - [27/May/2025:06:42:18 +0000] "GET /index.php/admin/get_fullcalendar?start=2025-04-27T00%3A00%3A00%2B10%3A00&end=2025-06-08T00%3A00%3A00%2B10%3A00 HTTP/1.1" 200 3821 "https://tasktrakker.com.au/index.php/admin/main" "Mozilla/5.0 (Windows NT 10.0; Win64; x64) AppleWebKit/537.36 (KHTML, like Gecko) Chrome/136.0.0.0 Safari/537.36 Edg/136.0.0.0"
202.62.242.117 - - [27/May/2025:06:42:25 +0000] "GET /index.php/admin/addcustomersview/9601 HTTP/1.1" 200 11374 "https://tasktrakker.com.au/index.php/admin/main" "Mozilla/5.0 (Windows NT 10.0; Win64; x64) AppleWebKit/537.36 (KHTML, like Gecko) Chrome/136.0.0.0 Safari/537.36 Edg/136.0.0.0"
202.62.242.117 - - [27/May/2025:06:42:25 +0000] "GET /assets/css/custom.css?1748328145 HTTP/1.1" 200 1143 "https://tasktrakker.com.au/index.php/admin/addcustomersview/9601" "Mozilla/5.0 (Windows NT 10.0; Win64; x64) AppleWebKit/537.36 (KHTML, like Gecko) Chrome/136.0.0.0 Safari/537.36 Edg/136.0.0.0"
202.62.242.117 - - [27/May/2025:06:42:25 +0000] "GET /assets/dist/js/pages/dashboard.js?1748328145 HTTP/1.1" 200 4661 "https://tasktrakker.com.au/index.php/admin/addcustomersview/9601" "Mozilla/5.0 (Windows NT 10.0; Win64; x64) AppleWebKit/537.36 (KHTML, like Gecko) Chrome/136.0.0.0 Safari/537.36 Edg/136.0.0.0"
202.62.242.117 - - [27/May/2025:06:42:37 +0000] "GET /index.php/admin/main HTTP/1.1" 200 7378 "https://tasktrakker.com.au/index.php/admin/user_avail" "Mozilla/5.0 (Windows NT 10.0; Win64; x64) AppleWebKit/537.36 (KHTML, like Gecko) Chrome/136.0.0.0 Safari/537.36 Edg/136.0.0.0"
202.62.242.117 - - [27/May/2025:06:42:37 +0000] "GET /assets/css/custom.css?1748328157 HTTP/1.1" 200 1143 "https://tasktrakker.com.au/index.php/admin/main" "Mozilla/5.0 (Windows NT 10.0; Win64; x64) AppleWebKit/537.36 (KHTML, like Gecko) Chrome/136.0.0.0 Safari/537.36 Edg/136.0.0.0"
202.62.242.117 - - [27/May/2025:06:42:37 +0000] "GET /assets/dist/js/pages/dashboard.js?1748328157 HTTP/1.1" 200 4661 "https://tasktrakker.com.au/index.php/admin/main" "Mozilla/5.0 (Windows NT 10.0; Win64; x64) AppleWebKit/537.36 (KHTML, like Gecko) Chrome/136.0.0.0 Safari/537.36 Edg/136.0.0.0"
202.62.242.117 - - [27/May/2025:06:42:37 +0000] "GET /index.php/admin/get_fullcalendar?start=2025-04-27T00%3A00%3A00%2B10%3A00&end=2025-06-08T00%3A00%3A00%2B10%3A00 HTTP/1.1" 200 3821 "https://tasktrakker.com.au/index.php/admin/main" "Mozilla/5.0 (Windows NT 10.0; Win64; x64) AppleWebKit/537.36 (KHTML, like Gecko) Chrome/136.0.0.0 Safari/537.36 Edg/136.0.0.0"
202.62.242.117 - - [27/May/2025:06:42:37 +0000] "GET /index.php/admin/get_fullcalendar?start=2025-03-30T00%3A00%3A00%2B11%3A00&end=2025-05-11T00%3A00%3A00%2B10%3A00 HTTP/1.1" 200 2938 "https://tasktrakker.com.au/index.php/admin/main" "Mozilla/5.0 (Windows NT 10.0; Win64; x64) AppleWebKit/537.36 (KHTML, like Gecko) Chrome/136.0.0.0 Safari/537.36 Edg/136.0.0.0"
58.111.123.41 - - [27/May/2025:06:42:38 +0000] "POST /index.php/cordova/get_customers_for_photographer/34 HTTP/1.1" 200 13821 "https://www.tasktrakker.com.au/mobile/dashboard.html" "Mozilla/5.0 (iPad; CPU OS 12_5_7 like Mac OS X) AppleWebKit/605.1.15 (KHTML, like Gecko) Version/12.1.2 Mobile/15E148 Safari/604.1"
58.111.123.41 - - [27/May/2025:06:42:38 +0000] "POST /index.php/cordova/get_all_customers/ HTTP/1.1" 200 55765 "https://www.tasktrakker.com.au/mobile/dashboard.html" "Mozilla/5.0 (iPad; CPU OS 12_5_7 like Mac OS X) AppleWebKit/605.1.15 (KHTML, like Gecko) Version/12.1.2 Mobile/15E148 Safari/604.1"
58.111.123.41 - - [27/May/2025:06:42:40 +0000] "POST /index.php/cordova/get_customers_for_photographer/34 HTTP/1.1" 200 11250 "https://www.tasktrakker.com.au/mobile/dashboard.html" "Mozilla/5.0 (iPad; CPU OS 12_5_7 like Mac OS X) AppleWebKit/605.1.15 (KHTML, like Gecko) Version/12.1.2 Mobile/15E148 Safari/604.1"
58.111.123.41 - - [27/May/2025:06:42:40 +0000] "POST /index.php/cordova/get_all_customers/ HTTP/1.1" 200 55765 "https://www.tasktrakker.com.au/mobile/dashboard.html" "Mozilla/5.0 (iPad; CPU OS 12_5_7 like Mac OS X) AppleWebKit/605.1.15 (KHTML, like Gecko) Version/12.1.2 Mobile/15E148 Safari/604.1"
202.62.242.117 - - [27/May/2025:06:42:43 +0000] "GET /index.php/admin/get_fullcalendar?start=2025-04-27T00%3A00%3A00%2B10%3A00&end=2025-06-08T00%3A00%3A00%2B10%3A00 HTTP/1.1" 200 4145 "https://tasktrakker.com.au/index.php/admin/main" "Mozilla/5.0 (Windows NT 10.0; Win64; x64) AppleWebKit/537.36 (KHTML, like Gecko) Chrome/136.0.0.0 Safari/537.36 Edg/136.0.0.0"
202.62.242.117 - - [27/May/2025:06:42:57 +0000] "GET /index.php/admin/addcustomersview/9711 HTTP/1.1" 200 10291 "https://tasktrakker.com.au/index.php/admin/main" "Mozilla/5.0 (Windows NT 10.0; Win64; x64) AppleWebKit/537.36 (KHTML, like Gecko) Chrome/136.0.0.0 Safari/537.36 Edg/136.0.0.0"
202.62.242.117 - - [27/May/2025:06:42:57 +0000] "GET /assets/css/custom.css?1748328177 HTTP/1.1" 200 1143 "https://tasktrakker.com.au/index.php/admin/addcustomersview/9711" "Mozilla/5.0 (Windows NT 10.0; Win64; x64) AppleWebKit/537.36 (KHTML, like Gecko) Chrome/136.0.0.0 Safari/537.36 Edg/136.0.0.0"
202.62.242.117 - - [27/May/2025:06:42:57 +0000] "GET /assets/dist/js/pages/dashboard.js?1748328177 HTTP/1.1" 200 4661 "https://tasktrakker.com.au/index.php/admin/addcustomersview/9711" "Mozilla/5.0 (Windows NT 10.0; Win64; x64) AppleWebKit/537.36 (KHTML, like Gecko) Chrome/136.0.0.0 Safari/537.36 Edg/136.0.0.0"
202.62.242.117 - - [27/May/2025:06:43:02 +0000] "GET /index.php/admin/main HTTP/1.1" 200 7378 "https://tasktrakker.com.au/index.php/admin/user_avail" "Mozilla/5.0 (Windows NT 10.0; Win64; x64) AppleWebKit/537.36 (KHTML, like Gecko) Chrome/136.0.0.0 Safari/537.36 Edg/136.0.0.0"
202.62.242.117 - - [27/May/2025:06:43:02 +0000] "GET /assets/css/custom.css?1748328182 HTTP/1.1" 200 1143 "https://tasktrakker.com.au/index.php/admin/main" "Mozilla/5.0 (Windows NT 10.0; Win64; x64) AppleWebKit/537.36 (KHTML, like Gecko) Chrome/136.0.0.0 Safari/537.36 Edg/136.0.0.0"
202.62.242.117 - - [27/May/2025:06:43:02 +0000] "GET /assets/dist/js/pages/dashboard.js?1748328182 HTTP/1.1" 200 4661 "https://tasktrakker.com.au/index.php/admin/main" "Mozilla/5.0 (Windows NT 10.0; Win64; x64) AppleWebKit/537.36 (KHTML, like Gecko) Chrome/136.0.0.0 Safari/537.36 Edg/136.0.0.0"
202.62.242.117 - - [27/May/2025:06:43:02 +0000] "GET /index.php/admin/get_fullcalendar?start=2025-04-27T00%3A00%3A00%2B10%3A00&end=2025-06-08T00%3A00%3A00%2B10%3A00 HTTP/1.1" 200 3821 "https://tasktrakker.com.au/index.php/admin/main" "Mozilla/5.0 (Windows NT 10.0; Win64; x64) AppleWebKit/537.36 (KHTML, like Gecko) Chrome/136.0.0.0 Safari/537.36 Edg/136.0.0.0"
202.62.242.117 - - [27/May/2025:06:43:02 +0000] "GET /index.php/admin/get_fullcalendar?start=2025-03-30T00%3A00%3A00%2B11%3A00&end=2025-05-11T00%3A00%3A00%2B10%3A00 HTTP/1.1" 200 2938 "https://tasktrakker.com.au/index.php/admin/main" "Mozilla/5.0 (Windows NT 10.0; Win64; x64) AppleWebKit/537.36 (KHTML, like Gecko) Chrome/136.0.0.0 Safari/537.36 Edg/136.0.0.0"
202.62.242.117 - - [27/May/2025:06:43:08 +0000] "GET /index.php/admin/get_fullcalendar?start=2025-04-27T00%3A00%3A00%2B10%3A00&end=2025-06-08T00%3A00%3A00%2B10%3A00 HTTP/1.1" 200 4145 "https://tasktrakker.com.au/index.php/admin/main" "Mozilla/5.0 (Windows NT 10.0; Win64; x64) AppleWebKit/537.36 (KHTML, like Gecko) Chrome/136.0.0.0 Safari/537.36 Edg/136.0.0.0"
202.62.242.117 - - [27/May/2025:06:43:21 +0000] "GET /index.php/admin/main?user-filter=107&state-filter= HTTP/1.1" 200 7426 "https://tasktrakker.com.au/index.php/admin/main" "Mozilla/5.0 (Windows NT 10.0; Win64; x64) AppleWebKit/537.36 (KHTML, like Gecko) Chrome/136.0.0.0 Safari/537.36 Edg/136.0.0.0"
202.62.242.117 - - [27/May/2025:06:43:21 +0000] "GET /assets/css/custom.css?1748328201 HTTP/1.1" 200 1143 "https://tasktrakker.com.au/index.php/admin/main?user-filter=107&state-filter=" "Mozilla/5.0 (Windows NT 10.0; Win64; x64) AppleWebKit/537.36 (KHTML, like Gecko) Chrome/136.0.0.0 Safari/537.36 Edg/136.0.0.0"
202.62.242.117 - - [27/May/2025:06:43:21 +0000] "GET /assets/dist/js/pages/dashboard.js?1748328201 HTTP/1.1" 200 4337 "https://tasktrakker.com.au/index.php/admin/main?user-filter=107&state-filter=" "Mozilla/5.0 (Windows NT 10.0; Win64; x64) AppleWebKit/537.36 (KHTML, like Gecko) Chrome/136.0.0.0 Safari/537.36 Edg/136.0.0.0"
202.62.242.117 - - [27/May/2025:06:43:21 +0000] "GET /index.php/admin/get_fullcalendar?user-filter=107&state-filter=&start=2025-04-27T00%3A00%3A00%2B10%3A00&end=2025-06-08T00%3A00%3A00%2B10%3A00 HTTP/1.1" 200 1459 "https://tasktrakker.com.au/index.php/admin/main?user-filter=107&state-filter=" "Mozilla/5.0 (Windows NT 10.0; Win64; x64) AppleWebKit/537.36 (KHTML, like Gecko) Chrome/136.0.0.0 Safari/537.36 Edg/136.0.0.0"
202.62.242.117 - - [27/May/2025:06:43:21 +0000] "GET /index.php/admin/get_fullcalendar?user-filter=107&state-filter=&start=2025-04-27T00%3A00%3A00%2B10%3A00&end=2025-06-08T00%3A00%3A00%2B10%3A00 HTTP/1.1" 200 1783 "https://tasktrakker.com.au/index.php/admin/main?user-filter=107&state-filter=" "Mozilla/5.0 (Windows NT 10.0; Win64; x64) AppleWebKit/537.36 (KHTML, like Gecko) Chrome/136.0.0.0 Safari/537.36 Edg/136.0.0.0"
202.62.242.117 - - [27/May/2025:06:43:32 +0000] "GET /index.php/admin/main HTTP/1.1" 200 7378 "https://tasktrakker.com.au/index.php/admin/main?user-filter=107&state-filter=" "Mozilla/5.0 (Windows NT 10.0; Win64; x64) AppleWebKit/537.36 (KHTML, like Gecko) Chrome/136.0.0.0 Safari/537.36 Edg/136.0.0.0"
202.62.242.117 - - [27/May/2025:06:43:32 +0000] "GET /assets/css/custom.css?1748328212 HTTP/1.1" 200 1143 "https://tasktrakker.com.au/index.php/admin/main" "Mozilla/5.0 (Windows NT 10.0; Win64; x64) AppleWebKit/537.36 (KHTML, like Gecko) Chrome/136.0.0.0 Safari/537.36 Edg/136.0.0.0"
202.62.242.117 - - [27/May/2025:06:43:32 +0000] "GET /assets/dist/js/pages/dashboard.js?1748328212 HTTP/1.1" 200 4661 "https://tasktrakker.com.au/index.php/admin/main" "Mozilla/5.0 (Windows NT 10.0; Win64; x64) AppleWebKit/537.36 (KHTML, like Gecko) Chrome/136.0.0.0 Safari/537.36 Edg/136.0.0.0"
202.62.242.117 - - [27/May/2025:06:43:32 +0000] "GET /index.php/admin/get_fullcalendar?start=2025-04-27T00%3A00%3A00%2B10%3A00&end=2025-06-08T00%3A00%3A00%2B10%3A00 HTTP/1.1" 200 3821 "https://tasktrakker.com.au/index.php/admin/main" "Mozilla/5.0 (Windows NT 10.0; Win64; x64) AppleWebKit/537.36 (KHTML, like Gecko) Chrome/136.0.0.0 Safari/537.36 Edg/136.0.0.0"
202.62.242.117 - - [27/May/2025:06:43:32 +0000] "GET /index.php/admin/get_fullcalendar?start=2025-04-27T00%3A00%3A00%2B10%3A00&end=2025-06-08T00%3A00%3A00%2B10%3A00 HTTP/1.1" 200 3821 "https://tasktrakker.com.au/index.php/admin/main" "Mozilla/5.0 (Windows NT 10.0; Win64; x64) AppleWebKit/537.36 (KHTML, like Gecko) Chrome/136.0.0.0 Safari/537.36 Edg/136.0.0.0"
202.62.242.117 - - [27/May/2025:06:43:35 +0000] "GET /index.php/admin/addcustomersview/9531 HTTP/1.1" 200 10605 "https://tasktrakker.com.au/index.php/admin/main" "Mozilla/5.0 (Windows NT 10.0; Win64; x64) AppleWebKit/537.36 (KHTML, like Gecko) Chrome/136.0.0.0 Safari/537.36 Edg/136.0.0.0"
202.62.242.117 - - [27/May/2025:06:43:35 +0000] "GET /assets/css/custom.css?1748328215 HTTP/1.1" 200 1143 "https://tasktrakker.com.au/index.php/admin/addcustomersview/9531" "Mozilla/5.0 (Windows NT 10.0; Win64; x64) AppleWebKit/537.36 (KHTML, like Gecko) Chrome/136.0.0.0 Safari/537.36 Edg/136.0.0.0"
202.62.242.117 - - [27/May/2025:06:43:35 +0000] "GET /assets/dist/js/pages/dashboard.js?1748328215 HTTP/1.1" 200 4337 "https://tasktrakker.com.au/index.php/admin/addcustomersview/9531" "Mozilla/5.0 (Windows NT 10.0; Win64; x64) AppleWebKit/537.36 (KHTML, like Gecko) Chrome/136.0.0.0 Safari/537.36 Edg/136.0.0.0"
40.77.167.62 - - [27/May/2025:06:43:50 +0000] "GET /index.php/admin/addcustomersview/9672 HTTP/1.1" 500 5044 "-" "Mozilla/5.0 AppleWebKit/537.36 (KHTML, like Gecko; compatible; bingbot/2.0; +http://www.bing.com/bingbot.htm) Chrome/116.0.1938.76 Safari/537.36"
40.77.167.62 - - [27/May/2025:06:43:51 +0000] "GET /index.php/admin/addcustomersview/6541 HTTP/1.1" 500 2783 "-" "Mozilla/5.0 AppleWebKit/537.36 (KHTML, like Gecko; compatible; bingbot/2.0; +http://www.bing.com/bingbot.htm) Chrome/116.0.1938.76 Safari/537.36"
58.111.123.41 - - [27/May/2025:06:44:30 +0000] "POST /index.php/cordova/get_booking_statuses/34/PENDING HTTP/1.1" 200 1346 "https://www.tasktrakker.com.au/mobile/dashboard.html" "Mozilla/5.0 (iPad; CPU OS 12_5_7 like Mac OS X) AppleWebKit/605.1.15 (KHTML, like Gecko) Version/12.1.2 Mobile/15E148 Safari/604.1"
58.111.123.41 - - [27/May/2025:06:44:31 +0000] "POST /index.php/cordova/get_user HTTP/1.1" 200 1091 "https://www.tasktrakker.com.au/mobile/dashboard.html" "Mozilla/5.0 (iPad; CPU OS 12_5_7 like Mac OS X) AppleWebKit/605.1.15 (KHTML, like Gecko) Version/12.1.2 Mobile/15E148 Safari/604.1"
58.111.123.41 - - [27/May/2025:06:44:32 +0000] "GET / HTTP/1.1" 302 333 "https://www.tasktrakker.com.au/mobile/dashboard.html" "Mozilla/5.0 (iPad; CPU OS 12_5_7 like Mac OS X) AppleWebKit/605.1.15 (KHTML, like Gecko) Version/12.1.2 Mobile/15E148 Safari/604.1"
58.111.123.41 - - [27/May/2025:06:44:36 +0000] "POST /index.php/cordova/get_booking_statuses/34/PENDING HTTP/1.1" 200 1331 "https://www.tasktrakker.com.au/mobile/dashboard.html" "Mozilla/5.0 (iPad; CPU OS 12_5_7 like Mac OS X) AppleWebKit/605.1.15 (KHTML, like Gecko) Version/12.1.2 Mobile/15E148 Safari/604.1"
58.111.123.41 - - [27/May/2025:06:44:37 +0000] "POST /index.php/cordova/get_customers_for_photographer/34 HTTP/1.1" 200 11250 "https://www.tasktrakker.com.au/mobile/dashboard.html" "Mozilla/5.0 (iPad; CPU OS 12_5_7 like Mac OS X) AppleWebKit/605.1.15 (KHTML, like Gecko) Version/12.1.2 Mobile/15E148 Safari/604.1"
58.111.123.41 - - [27/May/2025:06:44:37 +0000] "POST /index.php/cordova/get_all_customers/ HTTP/1.1" 200 55765 "https://www.tasktrakker.com.au/mobile/dashboard.html" "Mozilla/5.0 (iPad; CPU OS 12_5_7 like Mac OS X) AppleWebKit/605.1.15 (KHTML, like Gecko) Version/12.1.2 Mobile/15E148 Safari/604.1"
202.62.242.117 - - [27/May/2025:06:44:56 +0000] "-" 408 323 "-" "-"
202.62.242.117 - - [27/May/2025:06:44:56 +0000] "-" 408 323 "-" "-"
207.46.13.157 - - [27/May/2025:06:44:58 +0000] "GET /index.php/admin/main HTTP/1.1" 500 5031 "-" "Mozilla/5.0 AppleWebKit/537.36 (KHTML, like Gecko; compatible; bingbot/2.0; +http://www.bing.com/bingbot.htm) Chrome/116.0.1938.76 Safari/537.36"
207.46.13.157 - - [27/May/2025:06:44:59 +0000] "GET /index.php/admin/addcustomersview/9620 HTTP/1.1" 500 2783 "-" "Mozilla/5.0 AppleWebKit/537.36 (KHTML, like Gecko; compatible; bingbot/2.0; +http://www.bing.com/bingbot.htm) Chrome/116.0.1938.76 Safari/537.36"
207.46.13.157 - - [27/May/2025:06:45:00 +0000] "GET /index.php/admin/manageCustomers HTTP/1.1" 500 2782 "-" "Mozilla/5.0 AppleWebKit/537.36 (KHTML, like Gecko; compatible; bingbot/2.0; +http://www.bing.com/bingbot.htm) Chrome/116.0.1938.76 Safari/537.36"
207.46.13.52 - - [27/May/2025:06:45:01 +0000] "GET /index.php/admin/addcustomersview/6646 HTTP/1.1" 500 5044 "-" "Mozilla/5.0 AppleWebKit/537.36 (KHTML, like Gecko; compatible; bingbot/2.0; +http://www.bing.com/bingbot.htm) Chrome/116.0.1938.76 Safari/537.36"
40.77.167.62 - - [27/May/2025:06:45:03 +0000] "GET /index.php/admin/addcustomersview/9603 HTTP/1.1" 500 5046 "-" "Mozilla/5.0 AppleWebKit/537.36 (KHTML, like Gecko; compatible; bingbot/2.0; +http://www.bing.com/bingbot.htm) Chrome/116.0.1938.76 Safari/537.36"
40.77.167.62 - - [27/May/2025:06:45:21 +0000] "GET /index.php/admin/addcustomersview/3300 HTTP/1.1" 500 5045 "-" "Mozilla/5.0 AppleWebKit/537.36 (KHTML, like Gecko; compatible; bingbot/2.0; +http://www.bing.com/bingbot.htm) Chrome/116.0.1938.76 Safari/537.36"
207.46.13.52 - - [27/May/2025:06:45:25 +0000] "GET /index.php/admin/addcustomersview/6418 HTTP/1.1" 500 5045 "-" "Mozilla/5.0 AppleWebKit/537.36 (KHTML, like Gecko; compatible; bingbot/2.0; +http://www.bing.com/bingbot.htm) Chrome/116.0.1938.76 Safari/537.36"
207.46.13.52 - - [27/May/2025:06:45:40 +0000] "GET /index.php/admin/addcustomersview/6805 HTTP/1.1" 500 5045 "-" "Mozilla/5.0 AppleWebKit/537.36 (KHTML, like Gecko; compatible; bingbot/2.0; +http://www.bing.com/bingbot.htm) Chrome/116.0.1938.76 Safari/537.36"
40.77.167.16 - - [27/May/2025:06:45:45 +0000] "GET /index.php/admin/addcustomersview/2660 HTTP/1.1" 500 5044 "-" "Mozilla/5.0 AppleWebKit/537.36 (KHTML, like Gecko; compatible; bingbot/2.0; +http://www.bing.com/bingbot.htm) Chrome/116.0.1938.76 Safari/537.36"
31.56.56.147 - - [27/May/2025:06:45:47 +0000] "GET /.env HTTP/1.1" 301 591 "-" "Mozilla/5.0 (X11; Linux x86_64) AppleWebKit/537.36 (KHTML, like Gecko) Chrome/81.0.4044.129 Safari/537.36"
31.56.56.147 - - [27/May/2025:06:45:47 +0000] "POST / HTTP/1.1" 301 583 "-" "Mozilla/5.0 (X11; Linux x86_64) AppleWebKit/537.36 (KHTML, like Gecko) Chrome/81.0.4044.129 Safari/537.36"
202.62.242.117 - - [27/May/2025:06:45:56 +0000] "-" 408 323 "-" "-"
202.62.242.117 - - [27/May/2025:06:45:56 +0000] "-" 408 323 "-" "-"
207.46.13.157 - - [27/May/2025:06:46:08 +0000] "GET /index.php/admin/addcustomersview/9526 HTTP/1.1" 500 5046 "-" "Mozilla/5.0 AppleWebKit/537.36 (KHTML, like Gecko; compatible; bingbot/2.0; +http://www.bing.com/bingbot.htm) Chrome/116.0.1938.76 Safari/537.36"
207.46.13.157 - - [27/May/2025:06:46:10 +0000] "GET /index.php/admin/addcustomersview/6758 HTTP/1.1" 500 5031 "-" "Mozilla/5.0 AppleWebKit/537.36 (KHTML, like Gecko; compatible; bingbot/2.0; +http://www.bing.com/bingbot.htm) Chrome/116.0.1938.76 Safari/537.36"
207.46.13.157 - - [27/May/2025:06:46:11 +0000] "GET /index.php/admin/addcustomersview/9531 HTTP/1.1" 500 2783 "-" "Mozilla/5.0 AppleWebKit/537.36 (KHTML, like Gecko; compatible; bingbot/2.0; +http://www.bing.com/bingbot.htm) Chrome/116.0.1938.76 Safari/537.36"
207.46.13.157 - - [27/May/2025:06:46:11 +0000] "GET /index.php/admin/addcustomersview/6173 HTTP/1.1" 500 2783 "-" "Mozilla/5.0 AppleWebKit/537.36 (KHTML, like Gecko; compatible; bingbot/2.0; +http://www.bing.com/bingbot.htm) Chrome/116.0.1938.76 Safari/537.36"
207.46.13.52 - - [27/May/2025:06:46:13 +0000] "GET /index.php/admin/addcustomersview/9530 HTTP/1.1" 500 5044 "-" "Mozilla/5.0 AppleWebKit/537.36 (KHTML, like Gecko; compatible; bingbot/2.0; +http://www.bing.com/bingbot.htm) Chrome/116.0.1938.76 Safari/537.36"
207.46.13.52 - - [27/May/2025:06:46:14 +0000] "GET /index.php/admin/addcustomersview/9493 HTTP/1.1" 500 2783 "-" "Mozilla/5.0 AppleWebKit/537.36 (KHTML, like Gecko; compatible; bingbot/2.0; +http://www.bing.com/bingbot.htm) Chrome/116.0.1938.76 Safari/537.36"
207.46.13.52 - - [27/May/2025:06:46:14 +0000] "GET /index.php/admin/addcustomersview/6564 HTTP/1.1" 500 2783 "-" "Mozilla/5.0 AppleWebKit/537.36 (KHTML, like Gecko; compatible; bingbot/2.0; +http://www.bing.com/bingbot.htm) Chrome/116.0.1938.76 Safari/537.36"
207.46.13.52 - - [27/May/2025:06:46:15 +0000] "GET /index.php/admin/addcustomersview/6691 HTTP/1.1" 500 5030 "-" "Mozilla/5.0 AppleWebKit/537.36 (KHTML, like Gecko; compatible; bingbot/2.0; +http://www.bing.com/bingbot.htm) Chrome/116.0.1938.76 Safari/537.36"
40.77.167.16 - - [27/May/2025:06:46:20 +0000] "GET /index.php/admin/addcustomersview/9584 HTTP/1.1" 500 5045 "-" "Mozilla/5.0 AppleWebKit/537.36 (KHTML, like Gecko; compatible; bingbot/2.0; +http://www.bing.com/bingbot.htm) Chrome/116.0.1938.76 Safari/537.36"
40.77.167.16 - - [27/May/2025:06:46:41 +0000] "GET /index.php/admin/addcustomersview/9575 HTTP/1.1" 500 5044 "-" "Mozilla/5.0 AppleWebKit/537.36 (KHTML, like Gecko; compatible; bingbot/2.0; +http://www.bing.com/bingbot.htm) Chrome/116.0.1938.76 Safari/537.36"
202.62.242.117 - - [27/May/2025:06:46:41 +0000] "-" 408 323 "-" "-"
202.62.242.117 - - [27/May/2025:06:46:41 +0000] "-" 408 323 "-" "-"
40.77.167.16 - - [27/May/2025:06:47:10 +0000] "GET /index.php/admin/addcustomersview/6434 HTTP/1.1" 500 5045 "-" "Mozilla/5.0 AppleWebKit/537.36 (KHTML, like Gecko; compatible; bingbot/2.0; +http://www.bing.com/bingbot.htm) Chrome/116.0.1938.76 Safari/537.36"
207.46.13.52 - - [27/May/2025:06:47:14 +0000] "GET /index.php/admin/addcustomersview/4629 HTTP/1.1" 500 5045 "-" "Mozilla/5.0 AppleWebKit/537.36 (KHTML, like Gecko; compatible; bingbot/2.0; +http://www.bing.com/bingbot.htm) Chrome/116.0.1938.76 Safari/537.36"
207.46.13.52 - - [27/May/2025:06:47:15 +0000] "GET /index.php/admin/addcustomersview/2129 HTTP/1.1" 500 2783 "-" "Mozilla/5.0 AppleWebKit/537.36 (KHTML, like Gecko; compatible; bingbot/2.0; +http://www.bing.com/bingbot.htm) Chrome/116.0.1938.76 Safari/537.36"
207.46.13.52 - - [27/May/2025:06:47:17 +0000] "GET /index.php/admin/addcustomersview/9452 HTTP/1.1" 500 5030 "-" "Mozilla/5.0 AppleWebKit/537.36 (KHTML, like Gecko; compatible; bingbot/2.0; +http://www.bing.com/bingbot.htm) Chrome/116.0.1938.76 Safari/537.36"
40.77.167.16 - - [27/May/2025:06:47:20 +0000] "GET /index.php/admin/addcustomersview/6556 HTTP/1.1" 500 5044 "-" "Mozilla/5.0 AppleWebKit/537.36 (KHTML, like Gecko; compatible; bingbot/2.0; +http://www.bing.com/bingbot.htm) Chrome/116.0.1938.76 Safari/537.36"
40.77.167.16 - - [27/May/2025:06:47:41 +0000] "GET /index.php/admin/addcustomersview/9666 HTTP/1.1" 500 5045 "-" "Mozilla/5.0 AppleWebKit/537.36 (KHTML, like Gecko; compatible; bingbot/2.0; +http://www.bing.com/bingbot.htm) Chrome/116.0.1938.76 Safari/537.36"
207.46.13.157 - - [27/May/2025:06:47:58 +0000] "GET /index.php/admin/addcustomersview/9682 HTTP/1.1" 500 5044 "-" "Mozilla/5.0 AppleWebKit/537.36 (KHTML, like Gecko; compatible; bingbot/2.0; +http://www.bing.com/bingbot.htm) Chrome/116.0.1938.76 Safari/537.36"
207.46.13.157 - - [27/May/2025:06:47:59 +0000] "GET /index.php/admin/addcustomersview/4116 HTTP/1.1" 500 2783 "-" "Mozilla/5.0 AppleWebKit/537.36 (KHTML, like Gecko; compatible; bingbot/2.0; +http://www.bing.com/bingbot.htm) Chrome/116.0.1938.76 Safari/537.36"
207.46.13.52 - - [27/May/2025:06:48:03 +0000] "GET /index.php/admin/addcustomersview/6786 HTTP/1.1" 500 5045 "-" "Mozilla/5.0 AppleWebKit/537.36 (KHTML, like Gecko; compatible; bingbot/2.0; +http://www.bing.com/bingbot.htm) Chrome/116.0.1938.76 Safari/537.36"
207.46.13.52 - - [27/May/2025:06:48:03 +0000] "GET /index.php/admin/addcustomersview/2339 HTTP/1.1" 500 5030 "-" "Mozilla/5.0 AppleWebKit/537.36 (KHTML, like Gecko; compatible; bingbot/2.0; +http://www.bing.com/bingbot.htm) Chrome/116.0.1938.76 Safari/537.36"
207.46.13.124 - - [27/May/2025:06:48:28 +0000] "GET /index.php/admin/addcustomersview/9499 HTTP/1.1" 500 5044 "-" "Mozilla/5.0 AppleWebKit/537.36 (KHTML, like Gecko; compatible; bingbot/2.0; +http://www.bing.com/bingbot.htm) Chrome/116.0.1938.76 Safari/537.36"
207.46.13.124 - - [27/May/2025:06:48:29 +0000] "GET /index.php/admin/addcustomersview/9443 HTTP/1.1" 500 2783 "-" "Mozilla/5.0 AppleWebKit/537.36 (KHTML, like Gecko; compatible; bingbot/2.0; +http://www.bing.com/bingbot.htm) Chrome/116.0.1938.76 Safari/537.36"
207.46.13.124 - - [27/May/2025:06:48:39 +0000] "GET /index.php/admin/addcustomersview/9498 HTTP/1.1" 500 5045 "-" "Mozilla/5.0 AppleWebKit/537.36 (KHTML, like Gecko; compatible; bingbot/2.0; +http://www.bing.com/bingbot.htm) Chrome/116.0.1938.76 Safari/537.36"
40.77.167.16 - - [27/May/2025:06:48:51 +0000] "GET /index.php/admin/addcustomersview/6436 HTTP/1.1" 500 5046 "-" "Mozilla/5.0 AppleWebKit/537.36 (KHTML, like Gecko; compatible; bingbot/2.0; +http://www.bing.com/bingbot.htm) Chrome/116.0.1938.76 Safari/537.36"
40.77.167.16 - - [27/May/2025:06:48:51 +0000] "GET /index.php/admin/addcustomersview/6460 HTTP/1.1" 500 2783 "-" "Mozilla/5.0 AppleWebKit/537.36 (KHTML, like Gecko; compatible; bingbot/2.0; +http://www.bing.com/bingbot.htm) Chrome/116.0.1938.76 Safari/537.36"
207.46.13.124 - - [27/May/2025:06:48:58 +0000] "GET /index.php/admin/manageLeads/ HTTP/1.1" 500 5040 "-" "Mozilla/5.0 AppleWebKit/537.36 (KHTML, like Gecko; compatible; bingbot/2.0; +http://www.bing.com/bingbot.htm) Chrome/116.0.1938.76 Safari/537.36"
207.46.13.124 - - [27/May/2025:06:49:18 +0000] "GET /index.php/admin/addcustomersview/3507 HTTP/1.1" 500 5045 "-" "Mozilla/5.0 AppleWebKit/537.36 (KHTML, like Gecko; compatible; bingbot/2.0; +http://www.bing.com/bingbot.htm) Chrome/116.0.1938.76 Safari/537.36"
207.46.13.124 - - [27/May/2025:06:49:19 +0000] "GET /index.php/admin/addcustomersview/9580 HTTP/1.1" 500 2783 "-" "Mozilla/5.0 AppleWebKit/537.36 (KHTML, like Gecko; compatible; bingbot/2.0; +http://www.bing.com/bingbot.htm) Chrome/116.0.1938.76 Safari/537.36"
40.77.167.16 - - [27/May/2025:06:49:21 +0000] "GET /index.php/admin/addcustomersview/9576 HTTP/1.1" 500 5045 "-" "Mozilla/5.0 AppleWebKit/537.36 (KHTML, like Gecko; compatible; bingbot/2.0; +http://www.bing.com/bingbot.htm) Chrome/116.0.1938.76 Safari/537.36"
207.46.13.52 - - [27/May/2025:06:49:22 +0000] "GET /index.php/admin/addcustomersview/6164 HTTP/1.1" 500 5046 "-" "Mozilla/5.0 AppleWebKit/537.36 (KHTML, like Gecko; compatible; bingbot/2.0; +http://www.bing.com/bingbot.htm) Chrome/116.0.1938.76 Safari/537.36"
207.46.13.52 - - [27/May/2025:06:49:23 +0000] "GET /index.php/admin/addcustomersview/6628 HTTP/1.1" 500 2783 "-" "Mozilla/5.0 AppleWebKit/537.36 (KHTML, like Gecko; compatible; bingbot/2.0; +http://www.bing.com/bingbot.htm) Chrome/116.0.1938.76 Safari/537.36"
207.46.13.52 - - [27/May/2025:06:49:23 +0000] "GET /index.php/admin/addcustomersview/6890 HTTP/1.1" 500 5030 "-" "Mozilla/5.0 AppleWebKit/537.36 (KHTML, like Gecko; compatible; bingbot/2.0; +http://www.bing.com/bingbot.htm) Chrome/116.0.1938.76 Safari/537.36"
207.46.13.52 - - [27/May/2025:06:49:24 +0000] "GET /index.php/admin/addcustomersview/2758 HTTP/1.1" 500 5030 "-" "Mozilla/5.0 AppleWebKit/537.36 (KHTML, like Gecko; compatible; bingbot/2.0; +http://www.bing.com/bingbot.htm) Chrome/116.0.1938.76 Safari/537.36"
207.46.13.124 - - [27/May/2025:06:49:28 +0000] "GET /index.php/admin/photo_view HTTP/1.1" 500 5041 "-" "Mozilla/5.0 AppleWebKit/537.36 (KHTML, like Gecko; compatible; bingbot/2.0; +http://www.bing.com/bingbot.htm) Chrome/116.0.1938.76 Safari/537.36"
207.46.13.52 - - [27/May/2025:06:49:32 +0000] "GET /index.php/admin/addcustomersview/6528 HTTP/1.1" 500 5046 "-" "Mozilla/5.0 AppleWebKit/537.36 (KHTML, like Gecko; compatible; bingbot/2.0; +http://www.bing.com/bingbot.htm) Chrome/116.0.1938.76 Safari/537.36"
207.46.13.124 - - [27/May/2025:06:49:39 +0000] "GET /index.php/admin/addcustomersview/2669 HTTP/1.1" 500 5045 "-" "Mozilla/5.0 AppleWebKit/537.36 (KHTML, like Gecko; compatible; bingbot/2.0; +http://www.bing.com/bingbot.htm) Chrome/116.0.1938.76 Safari/537.36"
207.46.13.124 - - [27/May/2025:06:49:39 +0000] "GET /index.php/admin/addcustomersview/9705 HTTP/1.1" 500 5031 "-" "Mozilla/5.0 AppleWebKit/537.36 (KHTML, like Gecko; compatible; bingbot/2.0; +http://www.bing.com/bingbot.htm) Chrome/116.0.1938.76 Safari/537.36"
207.46.13.124 - - [27/May/2025:06:49:40 +0000] "GET /index.php/admin/addcustomersview/3717 HTTP/1.1" 500 2783 "-" "Mozilla/5.0 AppleWebKit/537.36 (KHTML, like Gecko; compatible; bingbot/2.0; +http://www.bing.com/bingbot.htm) Chrome/116.0.1938.76 Safari/537.36"
40.77.167.16 - - [27/May/2025:06:49:43 +0000] "GET /index.php/admin/addcustomersview/9634 HTTP/1.1" 500 5045 "-" "Mozilla/5.0 AppleWebKit/537.36 (KHTML, like Gecko; compatible; bingbot/2.0; +http://www.bing.com/bingbot.htm) Chrome/116.0.1938.76 Safari/537.36"
40.77.167.16 - - [27/May/2025:06:49:44 +0000] "GET /index.php/admin/addleadview/3122 HTTP/1.1" 500 5025 "-" "Mozilla/5.0 AppleWebKit/537.36 (KHTML, like Gecko; compatible; bingbot/2.0; +http://www.bing.com/bingbot.htm) Chrome/116.0.1938.76 Safari/537.36"
40.77.167.16 - - [27/May/2025:06:49:45 +0000] "GET /index.php/admin/addcustomersview/6150 HTTP/1.1" 500 2783 "-" "Mozilla/5.0 AppleWebKit/537.36 (KHTML, like Gecko; compatible; bingbot/2.0; +http://www.bing.com/bingbot.htm) Chrome/116.0.1938.76 Safari/537.36"
40.77.167.16 - - [27/May/2025:06:49:46 +0000] "GET /index.php/admin/addcustomersview/3077 HTTP/1.1" 500 2783 "-" "Mozilla/5.0 AppleWebKit/537.36 (KHTML, like Gecko; compatible; bingbot/2.0; +http://www.bing.com/bingbot.htm) Chrome/116.0.1938.76 Safari/537.36"
202.62.242.117 - - [27/May/2025:06:50:02 +0000] "GET /index.php/admin/main HTTP/1.1" 200 7520 "https://tasktrakker.com.au/index.php/admin/addcustomersview/9531" "Mozilla/5.0 (Windows NT 10.0; Win64; x64) AppleWebKit/537.36 (KHTML, like Gecko) Chrome/136.0.0.0 Safari/537.36 Edg/136.0.0.0"
202.62.242.117 - - [27/May/2025:06:50:02 +0000] "GET /assets/css/custom.css?1748328602 HTTP/1.1" 200 1143 "https://tasktrakker.com.au/index.php/admin/main" "Mozilla/5.0 (Windows NT 10.0; Win64; x64) AppleWebKit/537.36 (KHTML, like Gecko) Chrome/136.0.0.0 Safari/537.36 Edg/136.0.0.0"
202.62.242.117 - - [27/May/2025:06:50:02 +0000] "GET /assets/dist/js/pages/dashboard.js?1748328602 HTTP/1.1" 200 4661 "https://tasktrakker.com.au/index.php/admin/main" "Mozilla/5.0 (Windows NT 10.0; Win64; x64) AppleWebKit/537.36 (KHTML, like Gecko) Chrome/136.0.0.0 Safari/537.36 Edg/136.0.0.0"
202.62.242.117 - - [27/May/2025:06:50:02 +0000] "GET /index.php/admin/get_fullcalendar?start=2025-04-27T00%3A00%3A00%2B10%3A00&end=2025-06-08T00%3A00%3A00%2B10%3A00 HTTP/1.1" 200 3821 "https://tasktrakker.com.au/index.php/admin/main" "Mozilla/5.0 (Windows NT 10.0; Win64; x64) AppleWebKit/537.36 (KHTML, like Gecko) Chrome/136.0.0.0 Safari/537.36 Edg/136.0.0.0"
202.62.242.117 - - [27/May/2025:06:50:03 +0000] "GET /index.php/admin/get_fullcalendar?start=2025-04-27T00%3A00%3A00%2B10%3A00&end=2025-06-08T00%3A00%3A00%2B10%3A00 HTTP/1.1" 200 3821 "https://tasktrakker.com.au/index.php/admin/main" "Mozilla/5.0 (Windows NT 10.0; Win64; x64) AppleWebKit/537.36 (KHTML, like Gecko) Chrome/136.0.0.0 Safari/537.36 Edg/136.0.0.0"
207.46.13.124 - - [27/May/2025:06:50:08 +0000] "GET /index.php/admin/addcustomersview/2025 HTTP/1.1" 500 5045 "-" "Mozilla/5.0 AppleWebKit/537.36 (KHTML, like Gecko; compatible; bingbot/2.0; +http://www.bing.com/bingbot.htm) Chrome/116.0.1938.76 Safari/537.36"
207.46.13.124 - - [27/May/2025:06:50:09 +0000] "GET /index.php/admin/addcustomersview/9591 HTTP/1.1" 500 2783 "-" "Mozilla/5.0 AppleWebKit/537.36 (KHTML, like Gecko; compatible; bingbot/2.0; +http://www.bing.com/bingbot.htm) Chrome/116.0.1938.76 Safari/537.36"
207.46.13.124 - - [27/May/2025:06:50:09 +0000] "GET /index.php/admin/addcustomersview/6790 HTTP/1.1" 500 2783 "-" "Mozilla/5.0 AppleWebKit/537.36 (KHTML, like Gecko; compatible; bingbot/2.0; +http://www.bing.com/bingbot.htm) Chrome/116.0.1938.76 Safari/537.36"
40.77.167.16 - - [27/May/2025:06:50:12 +0000] "GET /index.php/admin/addcustomersview/9606 HTTP/1.1" 500 5044 "-" "Mozilla/5.0 AppleWebKit/537.36 (KHTML, like Gecko; compatible; bingbot/2.0; +http://www.bing.com/bingbot.htm) Chrome/116.0.1938.76 Safari/537.36"
202.62.242.117 - - [27/May/2025:06:50:18 +0000] "GET /index.php/admin/addcustomersview/3050 HTTP/1.1" 200 10812 "https://tasktrakker.com.au/index.php/admin/main" "Mozilla/5.0 (Windows NT 10.0; Win64; x64) AppleWebKit/537.36 (KHTML, like Gecko) Chrome/136.0.0.0 Safari/537.36 Edg/136.0.0.0"
202.62.242.117 - - [27/May/2025:06:50:18 +0000] "GET /assets/css/custom.css?1748328618 HTTP/1.1" 200 1143 "https://tasktrakker.com.au/index.php/admin/addcustomersview/3050" "Mozilla/5.0 (Windows NT 10.0; Win64; x64) AppleWebKit/537.36 (KHTML, like Gecko) Chrome/136.0.0.0 Safari/537.36 Edg/136.0.0.0"
202.62.242.117 - - [27/May/2025:06:50:18 +0000] "GET /assets/dist/js/pages/dashboard.js?1748328618 HTTP/1.1" 200 4661 "https://tasktrakker.com.au/index.php/admin/addcustomersview/3050" "Mozilla/5.0 (Windows NT 10.0; Win64; x64) AppleWebKit/537.36 (KHTML, like Gecko) Chrome/136.0.0.0 Safari/537.36 Edg/136.0.0.0"
202.62.242.117 - - [27/May/2025:06:50:23 +0000] "GET /index.php/admin/main HTTP/1.1" 200 7378 "https://tasktrakker.com.au/index.php/admin/addcustomersview/9531" "Mozilla/5.0 (Windows NT 10.0; Win64; x64) AppleWebKit/537.36 (KHTML, like Gecko) Chrome/136.0.0.0 Safari/537.36 Edg/136.0.0.0"
202.62.242.117 - - [27/May/2025:06:50:23 +0000] "GET /assets/css/custom.css?1748328623 HTTP/1.1" 200 1143 "https://tasktrakker.com.au/index.php/admin/main" "Mozilla/5.0 (Windows NT 10.0; Win64; x64) AppleWebKit/537.36 (KHTML, like Gecko) Chrome/136.0.0.0 Safari/537.36 Edg/136.0.0.0"
202.62.242.117 - - [27/May/2025:06:50:23 +0000] "GET /assets/dist/js/pages/dashboard.js?1748328623 HTTP/1.1" 200 4337 "https://tasktrakker.com.au/index.php/admin/main" "Mozilla/5.0 (Windows NT 10.0; Win64; x64) AppleWebKit/537.36 (KHTML, like Gecko) Chrome/136.0.0.0 Safari/537.36 Edg/136.0.0.0"
202.62.242.117 - - [27/May/2025:06:50:23 +0000] "GET /index.php/admin/get_fullcalendar?start=2025-04-27T00%3A00%3A00%2B10%3A00&end=2025-06-08T00%3A00%3A00%2B10%3A00 HTTP/1.1" 200 3821 "https://tasktrakker.com.au/index.php/admin/main" "Mozilla/5.0 (Windows NT 10.0; Win64; x64) AppleWebKit/537.36 (KHTML, like Gecko) Chrome/136.0.0.0 Safari/537.36 Edg/136.0.0.0"
202.62.242.117 - - [27/May/2025:06:50:23 +0000] "GET /index.php/admin/get_fullcalendar?start=2025-04-27T00%3A00%3A00%2B10%3A00&end=2025-06-08T00%3A00%3A00%2B10%3A00 HTTP/1.1" 200 4145 "https://tasktrakker.com.au/index.php/admin/main" "Mozilla/5.0 (Windows NT 10.0; Win64; x64) AppleWebKit/537.36 (KHTML, like Gecko) Chrome/136.0.0.0 Safari/537.36 Edg/136.0.0.0"
202.62.242.117 - - [27/May/2025:06:50:29 +0000] "GET /index.php/admin/addcustomersview/6307 HTTP/1.1" 200 10941 "https://tasktrakker.com.au/index.php/admin/main" "Mozilla/5.0 (Windows NT 10.0; Win64; x64) AppleWebKit/537.36 (KHTML, like Gecko) Chrome/136.0.0.0 Safari/537.36 Edg/136.0.0.0"
202.62.242.117 - - [27/May/2025:06:50:30 +0000] "GET /assets/css/custom.css?1748328629 HTTP/1.1" 200 1143 "https://tasktrakker.com.au/index.php/admin/addcustomersview/6307" "Mozilla/5.0 (Windows NT 10.0; Win64; x64) AppleWebKit/537.36 (KHTML, like Gecko) Chrome/136.0.0.0 Safari/537.36 Edg/136.0.0.0"
202.62.242.117 - - [27/May/2025:06:50:30 +0000] "GET /assets/dist/js/pages/dashboard.js?1748328629 HTTP/1.1" 200 4661 "https://tasktrakker.com.au/index.php/admin/addcustomersview/6307" "Mozilla/5.0 (Windows NT 10.0; Win64; x64) AppleWebKit/537.36 (KHTML, like Gecko) Chrome/136.0.0.0 Safari/537.36 Edg/136.0.0.0"
207.46.13.52 - - [27/May/2025:06:50:31 +0000] "GET /index.php/admin/addcustomersview/2145 HTTP/1.1" 500 5045 "-" "Mozilla/5.0 AppleWebKit/537.36 (KHTML, like Gecko; compatible; bingbot/2.0; +http://www.bing.com/bingbot.htm) Chrome/116.0.1938.76 Safari/537.36"
202.62.242.117 - - [27/May/2025:06:50:41 +0000] "GET /index.php/admin/main HTTP/1.1" 200 7378 "https://tasktrakker.com.au/index.php/admin/addcustomersview/9531" "Mozilla/5.0 (Windows NT 10.0; Win64; x64) AppleWebKit/537.36 (KHTML, like Gecko) Chrome/136.0.0.0 Safari/537.36 Edg/136.0.0.0"
202.62.242.117 - - [27/May/2025:06:50:41 +0000] "GET /assets/css/custom.css?1748328641 HTTP/1.1" 200 1143 "https://tasktrakker.com.au/index.php/admin/main" "Mozilla/5.0 (Windows NT 10.0; Win64; x64) AppleWebKit/537.36 (KHTML, like Gecko) Chrome/136.0.0.0 Safari/537.36 Edg/136.0.0.0"
202.62.242.117 - - [27/May/2025:06:50:41 +0000] "GET /assets/dist/js/pages/dashboard.js?1748328641 HTTP/1.1" 200 4661 "https://tasktrakker.com.au/index.php/admin/main" "Mozilla/5.0 (Windows NT 10.0; Win64; x64) AppleWebKit/537.36 (KHTML, like Gecko) Chrome/136.0.0.0 Safari/537.36 Edg/136.0.0.0"
202.62.242.117 - - [27/May/2025:06:50:41 +0000] "GET /index.php/admin/get_fullcalendar?start=2025-04-27T00%3A00%3A00%2B10%3A00&end=2025-06-08T00%3A00%3A00%2B10%3A00 HTTP/1.1" 200 3821 "https://tasktrakker.com.au/index.php/admin/main" "Mozilla/5.0 (Windows NT 10.0; Win64; x64) AppleWebKit/537.36 (KHTML, like Gecko) Chrome/136.0.0.0 Safari/537.36 Edg/136.0.0.0"
202.62.242.117 - - [27/May/2025:06:50:41 +0000] "GET /index.php/admin/get_fullcalendar?start=2025-04-27T00%3A00%3A00%2B10%3A00&end=2025-06-08T00%3A00%3A00%2B10%3A00 HTTP/1.1" 200 3821 "https://tasktrakker.com.au/index.php/admin/main" "Mozilla/5.0 (Windows NT 10.0; Win64; x64) AppleWebKit/537.36 (KHTML, like Gecko) Chrome/136.0.0.0 Safari/537.36 Edg/136.0.0.0"
40.77.167.16 - - [27/May/2025:06:50:55 +0000] "GET /index.php/admin/addleadview/4504 HTTP/1.1" 500 5039 "-" "Mozilla/5.0 AppleWebKit/537.36 (KHTML, like Gecko; compatible; bingbot/2.0; +http://www.bing.com/bingbot.htm) Chrome/116.0.1938.76 Safari/537.36"
40.77.167.16 - - [27/May/2025:06:51:11 +0000] "GET /index.php/admin/addcustomersview/9686 HTTP/1.1" 500 5046 "-" "Mozilla/5.0 AppleWebKit/537.36 (KHTML, like Gecko; compatible; bingbot/2.0; +http://www.bing.com/bingbot.htm) Chrome/116.0.1938.76 Safari/537.36"
202.62.242.117 - - [27/May/2025:06:51:15 +0000] "GET /index.php/admin/addcustomersview/3050 HTTP/1.1" 200 10813 "https://tasktrakker.com.au/index.php/admin/main" "Mozilla/5.0 (Windows NT 10.0; Win64; x64) AppleWebKit/537.36 (KHTML, like Gecko) Chrome/136.0.0.0 Safari/537.36 Edg/136.0.0.0"
202.62.242.117 - - [27/May/2025:06:51:15 +0000] "GET /assets/css/custom.css?1748328675 HTTP/1.1" 200 1143 "https://tasktrakker.com.au/index.php/admin/addcustomersview/3050" "Mozilla/5.0 (Windows NT 10.0; Win64; x64) AppleWebKit/537.36 (KHTML, like Gecko) Chrome/136.0.0.0 Safari/537.36 Edg/136.0.0.0"
202.62.242.117 - - [27/May/2025:06:51:15 +0000] "GET /assets/dist/js/pages/dashboard.js?1748328675 HTTP/1.1" 200 4661 "https://tasktrakker.com.au/index.php/admin/addcustomersview/3050" "Mozilla/5.0 (Windows NT 10.0; Win64; x64) AppleWebKit/537.36 (KHTML, like Gecko) Chrome/136.0.0.0 Safari/537.36 Edg/136.0.0.0"
40.77.167.16 - - [27/May/2025:06:51:21 +0000] "GET /index.php/admin/addcustomersview/3050 HTTP/1.1" 500 5045 "-" "Mozilla/5.0 AppleWebKit/537.36 (KHTML, like Gecko; compatible; bingbot/2.0; +http://www.bing.com/bingbot.htm) Chrome/116.0.1938.76 Safari/537.36"
202.62.242.117 - - [27/May/2025:06:51:22 +0000] "GET /index.php/admin/main HTTP/1.1" 200 7378 "https://tasktrakker.com.au/index.php/admin/addcustomersview/9531" "Mozilla/5.0 (Windows NT 10.0; Win64; x64) AppleWebKit/537.36 (KHTML, like Gecko) Chrome/136.0.0.0 Safari/537.36 Edg/136.0.0.0"
202.62.242.117 - - [27/May/2025:06:51:22 +0000] "GET /assets/css/custom.css?1748328682 HTTP/1.1" 200 1143 "https://tasktrakker.com.au/index.php/admin/main" "Mozilla/5.0 (Windows NT 10.0; Win64; x64) AppleWebKit/537.36 (KHTML, like Gecko) Chrome/136.0.0.0 Safari/537.36 Edg/136.0.0.0"
202.62.242.117 - - [27/May/2025:06:51:22 +0000] "GET /assets/dist/js/pages/dashboard.js?1748328682 HTTP/1.1" 200 4661 "https://tasktrakker.com.au/index.php/admin/main" "Mozilla/5.0 (Windows NT 10.0; Win64; x64) AppleWebKit/537.36 (KHTML, like Gecko) Chrome/136.0.0.0 Safari/537.36 Edg/136.0.0.0"
202.62.242.117 - - [27/May/2025:06:51:22 +0000] "GET /index.php/admin/get_fullcalendar?start=2025-04-27T00%3A00%3A00%2B10%3A00&end=2025-06-08T00%3A00%3A00%2B10%3A00 HTTP/1.1" 200 3821 "https://tasktrakker.com.au/index.php/admin/main" "Mozilla/5.0 (Windows NT 10.0; Win64; x64) AppleWebKit/537.36 (KHTML, like Gecko) Chrome/136.0.0.0 Safari/537.36 Edg/136.0.0.0"
202.62.242.117 - - [27/May/2025:06:51:22 +0000] "GET /index.php/admin/get_fullcalendar?start=2025-04-27T00%3A00%3A00%2B10%3A00&end=2025-06-08T00%3A00%3A00%2B10%3A00 HTTP/1.1" 200 3821 "https://tasktrakker.com.au/index.php/admin/main" "Mozilla/5.0 (Windows NT 10.0; Win64; x64) AppleWebKit/537.36 (KHTML, like Gecko) Chrome/136.0.0.0 Safari/537.36 Edg/136.0.0.0"
124.170.5.32 - - [27/May/2025:06:51:25 +0000] "GET /index.php/admin/autologinPhotographer/1247/20/8390 HTTP/1.1" 302 3856 "-" "Mozilla/5.0 (Windows NT 10.0; Win64; x64) AppleWebKit/537.36 (KHTML, like Gecko) Chrome/136.0.0.0 Safari/537.36"
124.170.5.32 - - [27/May/2025:06:51:25 +0000] "GET /admin/addEditBookingPhotographer/1247/20/8390 HTTP/1.1" 200 4891 "-" "Mozilla/5.0 (Windows NT 10.0; Win64; x64) AppleWebKit/537.36 (KHTML, like Gecko) Chrome/136.0.0.0 Safari/537.36"
124.170.5.32 - - [27/May/2025:06:51:25 +0000] "GET /assets/css/custom.css?1748328685 HTTP/1.1" 200 1143 "https://tasktrakker.com.au/admin/addEditBookingPhotographer/1247/20/8390" "Mozilla/5.0 (Windows NT 10.0; Win64; x64) AppleWebKit/537.36 (KHTML, like Gecko) Chrome/136.0.0.0 Safari/537.36"
124.170.5.32 - - [27/May/2025:06:51:25 +0000] "GET /assets/dist/js/pages/dashboard.js?1748328685 HTTP/1.1" 200 4337 "https://tasktrakker.com.au/admin/addEditBookingPhotographer/1247/20/8390" "Mozilla/5.0 (Windows NT 10.0; Win64; x64) AppleWebKit/537.36 (KHTML, like Gecko) Chrome/136.0.0.0 Safari/537.36"
124.170.5.32 - - [27/May/2025:06:51:27 +0000] "POST /index.php/admin/AcceptDeclineBooking HTTP/1.1" 303 399 "https://tasktrakker.com.au/admin/addEditBookingPhotographer/1247/20/8390" "Mozilla/5.0 (Windows NT 10.0; Win64; x64) AppleWebKit/537.36 (KHTML, like Gecko) Chrome/136.0.0.0 Safari/537.36"
124.170.5.32 - - [27/May/2025:06:51:27 +0000] "GET /admin/addEditBookingPhotographer/1247/20/8390 HTTP/1.1" 200 5036 "https://tasktrakker.com.au/admin/addEditBookingPhotographer/1247/20/8390" "Mozilla/5.0 (Windows NT 10.0; Win64; x64) AppleWebKit/537.36 (KHTML, like Gecko) Chrome/136.0.0.0 Safari/537.36"
124.170.5.32 - - [27/May/2025:06:51:27 +0000] "GET /assets/css/custom.css?1748328687 HTTP/1.1" 200 1143 "https://tasktrakker.com.au/admin/addEditBookingPhotographer/1247/20/8390" "Mozilla/5.0 (Windows NT 10.0; Win64; x64) AppleWebKit/537.36 (KHTML, like Gecko) Chrome/136.0.0.0 Safari/537.36"
124.170.5.32 - - [27/May/2025:06:51:27 +0000] "GET /assets/dist/js/pages/dashboard.js?1748328687 HTTP/1.1" 200 4661 "https://tasktrakker.com.au/admin/addEditBookingPhotographer/1247/20/8390" "Mozilla/5.0 (Windows NT 10.0; Win64; x64) AppleWebKit/537.36 (KHTML, like Gecko) Chrome/136.0.0.0 Safari/537.36"
202.62.242.117 - - [27/May/2025:06:51:29 +0000] "GET /index.php/admin/addcustomersview/6307 HTTP/1.1" 200 10942 "https://tasktrakker.com.au/index.php/admin/main" "Mozilla/5.0 (Windows NT 10.0; Win64; x64) AppleWebKit/537.36 (KHTML, like Gecko) Chrome/136.0.0.0 Safari/537.36 Edg/136.0.0.0"
202.62.242.117 - - [27/May/2025:06:51:29 +0000] "GET /assets/css/custom.css?1748328689 HTTP/1.1" 200 1143 "https://tasktrakker.com.au/index.php/admin/addcustomersview/6307" "Mozilla/5.0 (Windows NT 10.0; Win64; x64) AppleWebKit/537.36 (KHTML, like Gecko) Chrome/136.0.0.0 Safari/537.36 Edg/136.0.0.0"
202.62.242.117 - - [27/May/2025:06:51:29 +0000] "GET /assets/dist/js/pages/dashboard.js?1748328689 HTTP/1.1" 200 4661 "https://tasktrakker.com.au/index.php/admin/addcustomersview/6307" "Mozilla/5.0 (Windows NT 10.0; Win64; x64) AppleWebKit/537.36 (KHTML, like Gecko) Chrome/136.0.0.0 Safari/537.36 Edg/136.0.0.0"
207.46.13.52 - - [27/May/2025:06:51:32 +0000] "GET /index.php/admin/addcustomersview/6205 HTTP/1.1" 500 5045 "-" "Mozilla/5.0 AppleWebKit/537.36 (KHTML, like Gecko; compatible; bingbot/2.0; +http://www.bing.com/bingbot.htm) Chrome/116.0.1938.76 Safari/537.36"
124.170.5.32 - - [27/May/2025:06:51:32 +0000] "GET /index.php/admin/autologinPhotographer/1247/20/8389 HTTP/1.1" 302 1326 "-" "Mozilla/5.0 (Windows NT 10.0; Win64; x64) AppleWebKit/537.36 (KHTML, like Gecko) Chrome/136.0.0.0 Safari/537.36"
124.170.5.32 - - [27/May/2025:06:51:32 +0000] "GET /admin/addEditBookingPhotographer/1247/20/8389 HTTP/1.1" 500 349 "-" "Mozilla/5.0 (Windows NT 10.0; Win64; x64) AppleWebKit/537.36 (KHTML, like Gecko) Chrome/136.0.0.0 Safari/537.36"
207.46.13.52 - - [27/May/2025:06:51:33 +0000] "GET /index.php/admin/addcustomersview/9601 HTTP/1.1" 500 5031 "-" "Mozilla/5.0 AppleWebKit/537.36 (KHTML, like Gecko; compatible; bingbot/2.0; +http://www.bing.com/bingbot.htm) Chrome/116.0.1938.76 Safari/537.36"
