207.46.13.17 - - [30/May/2025:01:11:17 +0000] "GET /index.php/admin/booking_delete/7814/6878 HTTP/1.1" 302 3129 "-" "Mozilla/5.0 AppleWebKit/537.36 (KHTML, like Gecko; compatible; bingbot/2.0; +http://www.bing.com/bingbot.htm) Chrome/116.0.1938.76 Safari/537.36"
207.46.13.17 - - [30/May/2025:01:11:18 +0000] "GET /admin/error_view HTTP/1.1" 302 305 "-" "Mozilla/5.0 AppleWebKit/537.36 (KHTML, like Gecko; compatible; bingbot/2.0; +http://www.bing.com/bingbot.htm) Chrome/116.0.1938.76 Safari/537.36"
207.46.13.17 - - [30/May/2025:01:11:19 +0000] "GET /admin/main HTTP/1.1" 500 2213 "-" "Mozilla/5.0 AppleWebKit/537.36 (KHTML, like Gecko; compatible; bingbot/2.0; +http://www.bing.com/bingbot.htm) Chrome/116.0.1938.76 Safari/537.36"
52.167.144.213 - - [30/May/2025:01:11:45 +0000] "GET /index.php/admin/deleteLeadop/3567 HTTP/1.1" 302 3130 "-" "Mozilla/5.0 AppleWebKit/537.36 (KHTML, like Gecko; compatible; bingbot/2.0; +http://www.bing.com/bingbot.htm) Chrome/116.0.1938.76 Safari/537.36"
52.167.144.213 - - [30/May/2025:01:11:45 +0000] "GET /admin/error_view HTTP/1.1" 302 305 "-" "Mozilla/5.0 AppleWebKit/537.36 (KHTML, like Gecko; compatible; bingbot/2.0; +http://www.bing.com/bingbot.htm) Chrome/116.0.1938.76 Safari/537.36"
52.167.144.213 - - [30/May/2025:01:11:46 +0000] "GET /admin/main HTTP/1.1" 500 2213 "-" "Mozilla/5.0 AppleWebKit/537.36 (KHTML, like Gecko; compatible; bingbot/2.0; +http://www.bing.com/bingbot.htm) Chrome/116.0.1938.76 Safari/537.36"
202.62.242.117 - - [30/May/2025:01:12:10 +0000] "-" 408 323 "-" "-"
202.62.242.117 - - [30/May/2025:01:12:10 +0000] "-" 408 323 "-" "-"
202.62.242.117 - - [30/May/2025:01:13:10 +0000] "-" 408 323 "-" "-"
202.62.242.117 - - [30/May/2025:01:13:10 +0000] "-" 408 323 "-" "-"
49.180.114.88 - - [30/May/2025:01:13:24 +0000] "GET /index.php/admin/autologinPhotographer/931/93/7982 HTTP/1.1" 302 3848 "-" "Mozilla/5.0 (iPhone; CPU iPhone OS 18_5 like Mac OS X) AppleWebKit/605.1.15 (KHTML, like Gecko) Version/18.5 Mobile/15E148 Safari/604.1"
49.180.114.88 - - [30/May/2025:01:13:24 +0000] "GET /admin/addEditBookingPhotographer/931/93/7982 HTTP/1.1" 200 4898 "-" "Mozilla/5.0 (iPhone; CPU iPhone OS 18_5 like Mac OS X) AppleWebKit/605.1.15 (KHTML, like Gecko) Version/18.5 Mobile/15E148 Safari/604.1"
49.180.114.88 - - [30/May/2025:01:13:24 +0000] "GET /assets/css/custom.css?1748567604 HTTP/1.1" 200 1143 "https://tasktrakker.com.au/admin/addEditBookingPhotographer/931/93/7982" "Mozilla/5.0 (iPhone; CPU iPhone OS 18_5 like Mac OS X) AppleWebKit/605.1.15 (KHTML, like Gecko) Version/18.5 Mobile/15E148 Safari/604.1"
49.180.114.88 - - [30/May/2025:01:13:24 +0000] "GET /assets/dist/js/pages/dashboard.js?1748567604 HTTP/1.1" 200 6908 "https://tasktrakker.com.au/admin/addEditBookingPhotographer/931/93/7982" "Mozilla/5.0 (iPhone; CPU iPhone OS 18_5 like Mac OS X) AppleWebKit/605.1.15 (KHTML, like Gecko) Version/18.5 Mobile/15E148 Safari/604.1"
49.180.114.88 - - [30/May/2025:01:13:26 +0000] "GET /index.php/admin/main HTTP/1.1" 200 7872 "https://tasktrakker.com.au/admin/addEditBookingPhotographer/931/93/7982" "Mozilla/5.0 (iPhone; CPU iPhone OS 18_5 like Mac OS X) AppleWebKit/605.1.15 (KHTML, like Gecko) Version/18.5 Mobile/15E148 Safari/604.1"
49.180.114.88 - - [30/May/2025:01:13:26 +0000] "GET /assets/css/custom.css?1748567606 HTTP/1.1" 200 3714 "https://tasktrakker.com.au/index.php/admin/main" "Mozilla/5.0 (iPhone; CPU iPhone OS 18_5 like Mac OS X) AppleWebKit/605.1.15 (KHTML, like Gecko) Version/18.5 Mobile/15E148 Safari/604.1"
49.180.114.88 - - [30/May/2025:01:13:26 +0000] "GET /assets/dist/js/pages/dashboard.js?1748567606 HTTP/1.1" 200 4337 "https://tasktrakker.com.au/index.php/admin/main" "Mozilla/5.0 (iPhone; CPU iPhone OS 18_5 like Mac OS X) AppleWebKit/605.1.15 (KHTML, like Gecko) Version/18.5 Mobile/15E148 Safari/604.1"
49.180.114.88 - - [30/May/2025:01:13:26 +0000] "GET /index.php/admin/get_fullcalendar?start=2025-04-27T00%3A00%3A00%2B10%3A00&end=2025-06-08T00%3A00%3A00%2B10%3A00 HTTP/1.1" 200 1748 "https://tasktrakker.com.au/index.php/admin/main" "Mozilla/5.0 (iPhone; CPU iPhone OS 18_5 like Mac OS X) AppleWebKit/605.1.15 (KHTML, like Gecko) Version/18.5 Mobile/15E148 Safari/604.1"
49.180.114.88 - - [30/May/2025:01:13:33 +0000] "GET /index.php/admin/addcustomersview/9601 HTTP/1.1" 200 7993 "https://tasktrakker.com.au/index.php/admin/main" "Mozilla/5.0 (iPhone; CPU iPhone OS 18_5 like Mac OS X) AppleWebKit/605.1.15 (KHTML, like Gecko) Version/18.5 Mobile/15E148 Safari/604.1"
49.180.114.88 - - [30/May/2025:01:13:33 +0000] "GET /assets/css/custom.css?1748567613 HTTP/1.1" 200 3714 "https://tasktrakker.com.au/index.php/admin/addcustomersview/9601" "Mozilla/5.0 (iPhone; CPU iPhone OS 18_5 like Mac OS X) AppleWebKit/605.1.15 (KHTML, like Gecko) Version/18.5 Mobile/15E148 Safari/604.1"
49.180.114.88 - - [30/May/2025:01:13:33 +0000] "GET /assets/dist/js/pages/dashboard.js?1748567613 HTTP/1.1" 200 4337 "https://tasktrakker.com.au/index.php/admin/addcustomersview/9601" "Mozilla/5.0 (iPhone; CPU iPhone OS 18_5 like Mac OS X) AppleWebKit/605.1.15 (KHTML, like Gecko) Version/18.5 Mobile/15E148 Safari/604.1"
207.46.13.17 - - [30/May/2025:01:13:37 +0000] "GET /index.php/admin/deleteLeadop/6534/CUSTOMER HTTP/1.1" 302 3129 "-" "Mozilla/5.0 AppleWebKit/537.36 (KHTML, like Gecko; compatible; bingbot/2.0; +http://www.bing.com/bingbot.htm) Chrome/116.0.1938.76 Safari/537.36"
207.46.13.17 - - [30/May/2025:01:13:39 +0000] "GET /admin/error_view HTTP/1.1" 302 305 "-" "Mozilla/5.0 AppleWebKit/537.36 (KHTML, like Gecko; compatible; bingbot/2.0; +http://www.bing.com/bingbot.htm) Chrome/116.0.1938.76 Safari/537.36"
207.46.13.17 - - [30/May/2025:01:13:40 +0000] "GET /admin/main HTTP/1.1" 500 2213 "-" "Mozilla/5.0 AppleWebKit/537.36 (KHTML, like Gecko; compatible; bingbot/2.0; +http://www.bing.com/bingbot.htm) Chrome/116.0.1938.76 Safari/537.36"
202.62.242.117 - - [30/May/2025:01:14:05 +0000] "-" 408 323 "-" "-"
202.62.242.117 - - [30/May/2025:01:14:05 +0000] "-" 408 323 "-" "-"
157.55.39.56 - - [30/May/2025:01:15:36 +0000] "GET /index.php/admin/addcustomersview/6508 HTTP/1.1" 500 5045 "-" "Mozilla/5.0 AppleWebKit/537.36 (KHTML, like Gecko; compatible; bingbot/2.0; +http://www.bing.com/bingbot.htm) Chrome/116.0.1938.76 Safari/537.36"
157.55.39.56 - - [30/May/2025:01:15:56 +0000] "GET /index.php/admin/addcustomersview/6508 HTTP/1.1" 500 5044 "-" "Mozilla/5.0 AppleWebKit/537.36 (KHTML, like Gecko; compatible; bingbot/2.0; +http://www.bing.com/bingbot.htm) Chrome/116.0.1938.76 Safari/537.36"
202.62.242.117 - - [30/May/2025:01:16:47 +0000] "GET /index.php/admin/manageCustomers HTTP/1.1" 200 38117 "https://tasktrakker.com.au/index.php/admin/manageLeads" "Mozilla/5.0 (Windows NT 10.0; Win64; x64) AppleWebKit/537.36 (KHTML, like Gecko) Chrome/136.0.0.0 Safari/537.36 Edg/136.0.0.0"
202.62.242.117 - - [30/May/2025:01:16:47 +0000] "GET /assets/css/custom.css?1748567807 HTTP/1.1" 200 1143 "https://tasktrakker.com.au/index.php/admin/manageCustomers" "Mozilla/5.0 (Windows NT 10.0; Win64; x64) AppleWebKit/537.36 (KHTML, like Gecko) Chrome/136.0.0.0 Safari/537.36 Edg/136.0.0.0"
202.62.242.117 - - [30/May/2025:01:16:47 +0000] "GET /assets/dist/js/pages/dashboard.js?1748567807 HTTP/1.1" 200 4661 "https://tasktrakker.com.au/index.php/admin/manageCustomers" "Mozilla/5.0 (Windows NT 10.0; Win64; x64) AppleWebKit/537.36 (KHTML, like Gecko) Chrome/136.0.0.0 Safari/537.36 Edg/136.0.0.0"
202.62.242.117 - - [30/May/2025:01:17:33 +0000] "GET /index.php/admin/main HTTP/1.1" 200 7378 "https://tasktrakker.com.au/index.php/admin/manageCustomers" "Mozilla/5.0 (Windows NT 10.0; Win64; x64) AppleWebKit/537.36 (KHTML, like Gecko) Chrome/136.0.0.0 Safari/537.36 Edg/136.0.0.0"
202.62.242.117 - - [30/May/2025:01:17:33 +0000] "GET /assets/css/custom.css?1748567853 HTTP/1.1" 200 1143 "https://tasktrakker.com.au/index.php/admin/main" "Mozilla/5.0 (Windows NT 10.0; Win64; x64) AppleWebKit/537.36 (KHTML, like Gecko) Chrome/136.0.0.0 Safari/537.36 Edg/136.0.0.0"
202.62.242.117 - - [30/May/2025:01:17:33 +0000] "GET /assets/dist/js/pages/dashboard.js?1748567853 HTTP/1.1" 200 4661 "https://tasktrakker.com.au/index.php/admin/main" "Mozilla/5.0 (Windows NT 10.0; Win64; x64) AppleWebKit/537.36 (KHTML, like Gecko) Chrome/136.0.0.0 Safari/537.36 Edg/136.0.0.0"
202.62.242.117 - - [30/May/2025:01:17:33 +0000] "GET /index.php/admin/get_fullcalendar?start=2025-04-27T00%3A00%3A00%2B10%3A00&end=2025-06-08T00%3A00%3A00%2B10%3A00 HTTP/1.1" 200 3797 "https://tasktrakker.com.au/index.php/admin/main" "Mozilla/5.0 (Windows NT 10.0; Win64; x64) AppleWebKit/537.36 (KHTML, like Gecko) Chrome/136.0.0.0 Safari/537.36 Edg/136.0.0.0"
202.62.242.117 - - [30/May/2025:01:17:33 +0000] "GET /index.php/admin/get_fullcalendar?start=2025-06-29T00%3A00%3A00%2B10%3A00&end=2025-08-10T00%3A00%3A00%2B10%3A00 HTTP/1.1" 200 3118 "https://tasktrakker.com.au/index.php/admin/main" "Mozilla/5.0 (Windows NT 10.0; Win64; x64) AppleWebKit/537.36 (KHTML, like Gecko) Chrome/136.0.0.0 Safari/537.36 Edg/136.0.0.0"
202.62.242.117 - - [30/May/2025:01:17:37 +0000] "GET /index.php/admin/get_fullcalendar?start=2025-06-01T00%3A00%3A00%2B10%3A00&end=2025-07-13T00%3A00%3A00%2B10%3A00 HTTP/1.1" 200 3596 "https://tasktrakker.com.au/index.php/admin/main" "Mozilla/5.0 (Windows NT 10.0; Win64; x64) AppleWebKit/537.36 (KHTML, like Gecko) Chrome/136.0.0.0 Safari/537.36 Edg/136.0.0.0"
157.55.39.56 - - [30/May/2025:01:17:38 +0000] "GET /index.php/admin/deleteLeadop/7892 HTTP/1.1" 302 3130 "-" "Mozilla/5.0 AppleWebKit/537.36 (KHTML, like Gecko; compatible; bingbot/2.0; +http://www.bing.com/bingbot.htm) Chrome/116.0.1938.76 Safari/537.36"
157.55.39.56 - - [30/May/2025:01:17:40 +0000] "GET /admin/error_view HTTP/1.1" 302 305 "-" "Mozilla/5.0 AppleWebKit/537.36 (KHTML, like Gecko; compatible; bingbot/2.0; +http://www.bing.com/bingbot.htm) Chrome/116.0.1938.76 Safari/537.36"
157.55.39.56 - - [30/May/2025:01:17:41 +0000] "GET /admin/main HTTP/1.1" 500 2213 "-" "Mozilla/5.0 AppleWebKit/537.36 (KHTML, like Gecko; compatible; bingbot/2.0; +http://www.bing.com/bingbot.htm) Chrome/116.0.1938.76 Safari/537.36"
202.62.242.117 - - [30/May/2025:01:17:59 +0000] "GET /index.php/admin/main?user-filter=71&state-filter= HTTP/1.1" 200 9814 "https://tasktrakker.com.au/admin/main" "Mozilla/5.0 (Windows NT 10.0; Win64; x64; rv:139.0) Gecko/20100101 Firefox/139.0"
202.62.242.117 - - [30/May/2025:01:17:59 +0000] "GET /assets/css/custom.css?1748567879 HTTP/1.1" 200 1143 "https://tasktrakker.com.au/index.php/admin/main?user-filter=71&state-filter=" "Mozilla/5.0 (Windows NT 10.0; Win64; x64; rv:139.0) Gecko/20100101 Firefox/139.0"
202.62.242.117 - - [30/May/2025:01:17:59 +0000] "GET /assets/dist/js/pages/dashboard.js?1748567879 HTTP/1.1" 200 4337 "https://tasktrakker.com.au/index.php/admin/main?user-filter=71&state-filter=" "Mozilla/5.0 (Windows NT 10.0; Win64; x64; rv:139.0) Gecko/20100101 Firefox/139.0"
202.62.242.117 - - [30/May/2025:01:17:59 +0000] "GET /index.php/admin/get_fullcalendar?user-filter=71&state-filter=&start=2025-04-27T00%3A00%3A00%2B10%3A00&end=2025-06-08T00%3A00%3A00%2B10%3A00 HTTP/1.1" 200 1544 "https://tasktrakker.com.au/index.php/admin/main?user-filter=71&state-filter=" "Mozilla/5.0 (Windows NT 10.0; Win64; x64; rv:139.0) Gecko/20100101 Firefox/139.0"
202.62.242.117 - - [30/May/2025:01:17:59 +0000] "GET /index.php/admin/get_fullcalendar?user-filter=71&state-filter=&start=2025-06-01T00%3A00%3A00%2B10%3A00&end=2025-07-13T00%3A00%3A00%2B10%3A00 HTTP/1.1" 200 4005 "https://tasktrakker.com.au/index.php/admin/main?user-filter=71&state-filter=" "Mozilla/5.0 (Windows NT 10.0; Win64; x64; rv:139.0) Gecko/20100101 Firefox/139.0"
202.62.242.117 - - [30/May/2025:01:18:00 +0000] "GET /index.php/admin/get_fullcalendar?user-filter=71&state-filter=&start=2025-04-27T00%3A00%3A00%2B10%3A00&end=2025-06-08T00%3A00%3A00%2B10%3A00 HTTP/1.1" 200 1544 "https://tasktrakker.com.au/index.php/admin/main?user-filter=71&state-filter=" "Mozilla/5.0 (Windows NT 10.0; Win64; x64; rv:139.0) Gecko/20100101 Firefox/139.0"
202.62.242.117 - - [30/May/2025:01:18:05 +0000] "GET /index.php/admin/main HTTP/1.1" 200 7052 "https://tasktrakker.com.au/index.php/admin/main?user-filter=71&state-filter=" "Mozilla/5.0 (Windows NT 10.0; Win64; x64; rv:139.0) Gecko/20100101 Firefox/139.0"
202.62.242.117 - - [30/May/2025:01:18:05 +0000] "GET /assets/css/custom.css?1748567885 HTTP/1.1" 200 1143 "https://tasktrakker.com.au/index.php/admin/main" "Mozilla/5.0 (Windows NT 10.0; Win64; x64; rv:139.0) Gecko/20100101 Firefox/139.0"
202.62.242.117 - - [30/May/2025:01:18:05 +0000] "GET /assets/dist/js/pages/dashboard.js?1748567885 HTTP/1.1" 200 4337 "https://tasktrakker.com.au/index.php/admin/main" "Mozilla/5.0 (Windows NT 10.0; Win64; x64; rv:139.0) Gecko/20100101 Firefox/139.0"
202.62.242.117 - - [30/May/2025:01:18:05 +0000] "GET /index.php/admin/get_fullcalendar?start=2025-04-27T00%3A00%3A00%2B10%3A00&end=2025-06-08T00%3A00%3A00%2B10%3A00 HTTP/1.1" 200 3797 "https://tasktrakker.com.au/index.php/admin/main" "Mozilla/5.0 (Windows NT 10.0; Win64; x64; rv:139.0) Gecko/20100101 Firefox/139.0"
202.62.242.117 - - [30/May/2025:01:18:05 +0000] "GET /index.php/admin/get_fullcalendar?start=2025-06-01T00%3A00%3A00%2B10%3A00&end=2025-07-13T00%3A00%3A00%2B10%3A00 HTTP/1.1" 200 3920 "https://tasktrakker.com.au/index.php/admin/main" "Mozilla/5.0 (Windows NT 10.0; Win64; x64; rv:139.0) Gecko/20100101 Firefox/139.0"
::1 - - [30/May/2025:01:18:11 +0000] "OPTIONS * HTTP/1.0" 200 126 "-" "Apache/2.4.58 (Ubuntu) OpenSSL/3.0.13 (internal dummy connection)"
202.62.242.117 - - [30/May/2025:01:18:35 +0000] "GET /index.php/admin/addcustomersview/6790 HTTP/1.1" 200 10388 "https://tasktrakker.com.au/index.php/admin/main" "Mozilla/5.0 (Windows NT 10.0; Win64; x64) AppleWebKit/537.36 (KHTML, like Gecko) Chrome/136.0.0.0 Safari/537.36 Edg/136.0.0.0"
202.62.242.117 - - [30/May/2025:01:18:35 +0000] "GET /assets/css/custom.css?1748567915 HTTP/1.1" 200 1143 "https://tasktrakker.com.au/index.php/admin/addcustomersview/6790" "Mozilla/5.0 (Windows NT 10.0; Win64; x64) AppleWebKit/537.36 (KHTML, like Gecko) Chrome/136.0.0.0 Safari/537.36 Edg/136.0.0.0"
202.62.242.117 - - [30/May/2025:01:18:35 +0000] "GET /assets/dist/js/pages/dashboard.js?1748567915 HTTP/1.1" 200 4661 "https://tasktrakker.com.au/index.php/admin/addcustomersview/6790" "Mozilla/5.0 (Windows NT 10.0; Win64; x64) AppleWebKit/537.36 (KHTML, like Gecko) Chrome/136.0.0.0 Safari/537.36 Edg/136.0.0.0"
40.77.167.24 - - [30/May/2025:01:19:04 +0000] "GET /index.php/admin/deleteLeadop/7301 HTTP/1.1" 302 3129 "-" "Mozilla/5.0 AppleWebKit/537.36 (KHTML, like Gecko; compatible; bingbot/2.0; +http://www.bing.com/bingbot.htm) Chrome/116.0.1938.76 Safari/537.36"
40.77.167.24 - - [30/May/2025:01:19:06 +0000] "GET /admin/error_view HTTP/1.1" 302 305 "-" "Mozilla/5.0 AppleWebKit/537.36 (KHTML, like Gecko; compatible; bingbot/2.0; +http://www.bing.com/bingbot.htm) Chrome/116.0.1938.76 Safari/537.36"
40.77.167.24 - - [30/May/2025:01:19:07 +0000] "GET /admin/main HTTP/1.1" 500 2213 "-" "Mozilla/5.0 AppleWebKit/537.36 (KHTML, like Gecko; compatible; bingbot/2.0; +http://www.bing.com/bingbot.htm) Chrome/116.0.1938.76 Safari/537.36"
1.145.109.205 - - [30/May/2025:01:19:10 +0000] "GET /index.php/admin/main HTTP/1.1" 500 3061 "-" "Mozilla/5.0 (Linux; Android 10; K) AppleWebKit/537.36 (KHTML, like Gecko) Chrome/134.0.0.0 Mobile Safari/537.36"
1.145.109.205 - - [30/May/2025:01:19:34 +0000] "GET /index.php/admin/main HTTP/1.1" 500 672 "-" "Mozilla/5.0 (Linux; Android 10; K) AppleWebKit/537.36 (KHTML, like Gecko) Chrome/134.0.0.0 Mobile Safari/537.36"
1.145.109.205 - - [30/May/2025:01:19:54 +0000] "GET / HTTP/1.1" 302 657 "-" "Mozilla/5.0 (Linux; Android 10; K) AppleWebKit/537.36 (KHTML, like Gecko) Chrome/134.0.0.0 Mobile Safari/537.36"
1.145.109.205 - - [30/May/2025:01:19:54 +0000] "GET /index.php/admin/login HTTP/1.1" 200 1782 "-" "Mozilla/5.0 (Linux; Android 10; K) AppleWebKit/537.36 (KHTML, like Gecko) Chrome/134.0.0.0 Mobile Safari/537.36"
1.145.109.205 - - [30/May/2025:01:19:54 +0000] "GET /assets/plugins/jQuery/jquery-2.2.3.min.js HTTP/1.1" 200 30371 "https://tasktrakker.com.au/index.php/admin/login" "Mozilla/5.0 (Linux; Android 10; K) AppleWebKit/537.36 (KHTML, like Gecko) Chrome/134.0.0.0 Mobile Safari/537.36"
1.145.109.205 - - [30/May/2025:01:19:54 +0000] "GET /assets/plugins/iCheck/icheck.min.js HTTP/1.1" 200 2909 "https://tasktrakker.com.au/index.php/admin/login" "Mozilla/5.0 (Linux; Android 10; K) AppleWebKit/537.36 (KHTML, like Gecko) Chrome/134.0.0.0 Mobile Safari/537.36"
202.62.242.117 - - [30/May/2025:01:19:55 +0000] "-" 408 323 "-" "-"
202.62.242.117 - - [30/May/2025:01:19:55 +0000] "-" 408 323 "-" "-"
1.145.109.205 - - [30/May/2025:01:20:00 +0000] "POST /index.php/admin/auth HTTP/1.1" 303 958 "https://tasktrakker.com.au/index.php/admin/login" "Mozilla/5.0 (Linux; Android 10; K) AppleWebKit/537.36 (KHTML, like Gecko) Chrome/134.0.0.0 Mobile Safari/537.36"
1.145.109.205 - - [30/May/2025:01:20:00 +0000] "GET /admin/main HTTP/1.1" 200 5298 "https://tasktrakker.com.au/index.php/admin/login" "Mozilla/5.0 (Linux; Android 10; K) AppleWebKit/537.36 (KHTML, like Gecko) Chrome/134.0.0.0 Mobile Safari/537.36"
1.145.109.205 - - [30/May/2025:01:20:00 +0000] "GET /assets/css/custom.css?1748568000 HTTP/1.1" 200 1143 "https://tasktrakker.com.au/admin/main" "Mozilla/5.0 (Linux; Android 10; K) AppleWebKit/537.36 (KHTML, like Gecko) Chrome/134.0.0.0 Mobile Safari/537.36"
1.145.109.205 - - [30/May/2025:01:20:00 +0000] "GET /assets/dist/js/pages/dashboard.js?1748568000 HTTP/1.1" 200 4337 "https://tasktrakker.com.au/admin/main" "Mozilla/5.0 (Linux; Android 10; K) AppleWebKit/537.36 (KHTML, like Gecko) Chrome/134.0.0.0 Mobile Safari/537.36"
1.145.109.205 - - [30/May/2025:01:20:00 +0000] "GET /assets/plugins/fullcalendar/core/main.js HTTP/1.1" 200 76715 "https://tasktrakker.com.au/admin/main" "Mozilla/5.0 (Linux; Android 10; K) AppleWebKit/537.36 (KHTML, like Gecko) Chrome/134.0.0.0 Mobile Safari/537.36"
1.145.109.205 - - [30/May/2025:01:20:00 +0000] "GET /assets/plugins/fullcalendar/daygrid/main.js HTTP/1.1" 200 17877 "https://tasktrakker.com.au/admin/main" "Mozilla/5.0 (Linux; Android 10; K) AppleWebKit/537.36 (KHTML, like Gecko) Chrome/134.0.0.0 Mobile Safari/537.36"
1.145.109.205 - - [30/May/2025:01:20:00 +0000] "GET /assets/plugins/fullcalendar/interaction/main.js HTTP/1.1" 200 19683 "https://tasktrakker.com.au/admin/main" "Mozilla/5.0 (Linux; Android 10; K) AppleWebKit/537.36 (KHTML, like Gecko) Chrome/134.0.0.0 Mobile Safari/537.36"
1.145.109.205 - - [30/May/2025:01:20:00 +0000] "GET /assets/plugins/fullcalendar/list/main.js HTTP/1.1" 200 7338 "https://tasktrakker.com.au/admin/main" "Mozilla/5.0 (Linux; Android 10; K) AppleWebKit/537.36 (KHTML, like Gecko) Chrome/134.0.0.0 Mobile Safari/537.36"
1.145.109.205 - - [30/May/2025:01:20:00 +0000] "GET /assets/plugins/fullcalendar/timegrid/main.js HTTP/1.1" 200 17895 "https://tasktrakker.com.au/admin/main" "Mozilla/5.0 (Linux; Android 10; K) AppleWebKit/537.36 (KHTML, like Gecko) Chrome/134.0.0.0 Mobile Safari/537.36"
1.145.109.205 - - [30/May/2025:01:20:00 +0000] "GET /index.php/admin/get_fullcalendar?start=2025-04-27T00%3A00%3A00%2B10%3A00&end=2025-06-08T00%3A00%3A00%2B10%3A00 HTTP/1.1" 200 1544 "https://tasktrakker.com.au/admin/main" "Mozilla/5.0 (Linux; Android 10; K) AppleWebKit/537.36 (KHTML, like Gecko) Chrome/134.0.0.0 Mobile Safari/537.36"
1.145.109.205 - - [30/May/2025:01:20:00 +0000] "GET /index.php/admin/get_fullcalendar?start=2025-04-27T00%3A00%3A00%2B10%3A00&end=2025-06-08T00%3A00%3A00%2B10%3A00 HTTP/1.1" 200 1544 "https://tasktrakker.com.au/admin/main" "Mozilla/5.0 (Linux; Android 10; K) AppleWebKit/537.36 (KHTML, like Gecko) Chrome/134.0.0.0 Mobile Safari/537.36"
1.145.109.205 - - [30/May/2025:01:20:10 +0000] "GET /index.php/admin/get_fullcalendar?start=2025-06-01T00%3A00%3A00%2B10%3A00&end=2025-07-13T00%3A00%3A00%2B10%3A00 HTTP/1.1" 200 4005 "https://tasktrakker.com.au/admin/main" "Mozilla/5.0 (Linux; Android 10; K) AppleWebKit/537.36 (KHTML, like Gecko) Chrome/134.0.0.0 Mobile Safari/537.36"
::1 - - [30/May/2025:01:20:18 +0000] "OPTIONS * HTTP/1.0" 200 126 "-" "Apache/2.4.58 (Ubuntu) OpenSSL/3.0.13 (internal dummy connection)"
202.62.242.117 - - [30/May/2025:01:20:55 +0000] "-" 408 323 "-" "-"
202.62.242.117 - - [30/May/2025:01:20:55 +0000] "-" 408 323 "-" "-"
202.62.242.117 - - [30/May/2025:01:21:55 +0000] "-" 408 323 "-" "-"
202.62.242.117 - - [30/May/2025:01:21:55 +0000] "-" 408 323 "-" "-"
202.62.242.117 - - [30/May/2025:01:22:42 +0000] "GET /index.php/admin/searchleads HTTP/1.1" 200 6439 "https://tasktrakker.com.au/index.php/admin/main" "Mozilla/5.0 (Windows NT 10.0; Win64; x64; rv:139.0) Gecko/20100101 Firefox/139.0"
202.62.242.117 - - [30/May/2025:01:22:42 +0000] "GET /assets/css/custom.css?1748568162 HTTP/1.1" 200 1143 "https://tasktrakker.com.au/index.php/admin/searchleads" "Mozilla/5.0 (Windows NT 10.0; Win64; x64; rv:139.0) Gecko/20100101 Firefox/139.0"
202.62.242.117 - - [30/May/2025:01:22:42 +0000] "GET /assets/dist/js/pages/dashboard.js?1748568162 HTTP/1.1" 200 6907 "https://tasktrakker.com.au/index.php/admin/searchleads" "Mozilla/5.0 (Windows NT 10.0; Win64; x64; rv:139.0) Gecko/20100101 Firefox/139.0"
202.62.242.117 - - [30/May/2025:01:22:43 +0000] "GET /index.php/admin/manageCustomers HTTP/1.1" 200 37651 "https://tasktrakker.com.au/index.php/admin/searchleads" "Mozilla/5.0 (Windows NT 10.0; Win64; x64; rv:139.0) Gecko/20100101 Firefox/139.0"
202.62.242.117 - - [30/May/2025:01:22:43 +0000] "GET /assets/css/custom.css?1748568163 HTTP/1.1" 200 1143 "https://tasktrakker.com.au/index.php/admin/manageCustomers" "Mozilla/5.0 (Windows NT 10.0; Win64; x64; rv:139.0) Gecko/20100101 Firefox/139.0"
202.62.242.117 - - [30/May/2025:01:22:43 +0000] "GET /assets/dist/js/pages/dashboard.js?1748568163 HTTP/1.1" 200 4337 "https://tasktrakker.com.au/index.php/admin/manageCustomers" "Mozilla/5.0 (Windows NT 10.0; Win64; x64; rv:139.0) Gecko/20100101 Firefox/139.0"
202.62.242.117 - - [30/May/2025:01:22:47 +0000] "GET /index.php/admin/addcustomersview/9711 HTTP/1.1" 200 8039 "https://tasktrakker.com.au/index.php/admin/manageCustomers" "Mozilla/5.0 (Windows NT 10.0; Win64; x64; rv:139.0) Gecko/20100101 Firefox/139.0"
202.62.242.117 - - [30/May/2025:01:22:47 +0000] "GET /assets/css/custom.css?1748568167 HTTP/1.1" 200 1143 "https://tasktrakker.com.au/index.php/admin/addcustomersview/9711" "Mozilla/5.0 (Windows NT 10.0; Win64; x64; rv:139.0) Gecko/20100101 Firefox/139.0"
202.62.242.117 - - [30/May/2025:01:22:47 +0000] "GET /assets/dist/js/pages/dashboard.js?1748568167 HTTP/1.1" 200 4337 "https://tasktrakker.com.au/index.php/admin/addcustomersview/9711" "Mozilla/5.0 (Windows NT 10.0; Win64; x64; rv:139.0) Gecko/20100101 Firefox/139.0"
202.62.242.117 - - [30/May/2025:01:22:47 +0000] "GET /assets/bootstrap/fonts/glyphicons-halflings-regular.woff2 HTTP/1.1" 200 18382 "https://tasktrakker.com.au/assets/bootstrap/css/bootstrap.min.css" "Mozilla/5.0 (Windows NT 10.0; Win64; x64; rv:139.0) Gecko/20100101 Firefox/139.0"
202.62.242.117 - - [30/May/2025:01:22:49 +0000] "GET /index.php/admin/booking_create_view/9711 HTTP/1.1" 200 7226 "https://tasktrakker.com.au/index.php/admin/addcustomersview/9711" "Mozilla/5.0 (Windows NT 10.0; Win64; x64; rv:139.0) Gecko/20100101 Firefox/139.0"
202.62.242.117 - - [30/May/2025:01:22:49 +0000] "GET /assets/css/custom.css?1748568169 HTTP/1.1" 200 1143 "https://tasktrakker.com.au/index.php/admin/booking_create_view/9711" "Mozilla/5.0 (Windows NT 10.0; Win64; x64; rv:139.0) Gecko/20100101 Firefox/139.0"
202.62.242.117 - - [30/May/2025:01:22:49 +0000] "GET /assets/dist/js/pages/dashboard.js?1748568169 HTTP/1.1" 200 4661 "https://tasktrakker.com.au/index.php/admin/booking_create_view/9711" "Mozilla/5.0 (Windows NT 10.0; Win64; x64; rv:139.0) Gecko/20100101 Firefox/139.0"
1.145.109.205 - - [30/May/2025:01:22:52 +0000] "GET /admin/addcustomersview/6758 HTTP/1.1" 200 5934 "https://tasktrakker.com.au/admin/main" "Mozilla/5.0 (Linux; Android 10; K) AppleWebKit/537.36 (KHTML, like Gecko) Chrome/134.0.0.0 Mobile Safari/537.36"
1.145.109.205 - - [30/May/2025:01:22:52 +0000] "GET /assets/css/custom.css?1748568172 HTTP/1.1" 200 1143 "https://tasktrakker.com.au/admin/addcustomersview/6758" "Mozilla/5.0 (Linux; Android 10; K) AppleWebKit/537.36 (KHTML, like Gecko) Chrome/134.0.0.0 Mobile Safari/537.36"
1.145.109.205 - - [30/May/2025:01:22:52 +0000] "GET /assets/dist/js/pages/dashboard.js?1748568172 HTTP/1.1" 200 4337 "https://tasktrakker.com.au/admin/addcustomersview/6758" "Mozilla/5.0 (Linux; Android 10; K) AppleWebKit/537.36 (KHTML, like Gecko) Chrome/134.0.0.0 Mobile Safari/537.36"
202.62.242.117 - - [30/May/2025:01:22:55 +0000] "-" 408 323 "-" "-"
202.62.242.117 - - [30/May/2025:01:22:55 +0000] "-" 408 323 "-" "-"
::1 - - [30/May/2025:01:22:56 +0000] "OPTIONS * HTTP/1.0" 200 126 "-" "Apache/2.4.58 (Ubuntu) OpenSSL/3.0.13 (internal dummy connection)"
::1 - - [30/May/2025:01:23:00 +0000] "OPTIONS * HTTP/1.0" 200 126 "-" "Apache/2.4.58 (Ubuntu) OpenSSL/3.0.13 (internal dummy connection)"
202.62.242.117 - - [30/May/2025:01:23:03 +0000] "POST /index.php/admin/check_photographers_date HTTP/1.1" 200 816 "https://tasktrakker.com.au/index.php/admin/booking_create_view/9711" "Mozilla/5.0 (Windows NT 10.0; Win64; x64; rv:139.0) Gecko/20100101 Firefox/139.0"
202.62.242.117 - - [30/May/2025:01:23:09 +0000] "POST /index.php/admin/check_photographers_date HTTP/1.1" 200 801 "https://tasktrakker.com.au/index.php/admin/booking_create_view/9711" "Mozilla/5.0 (Windows NT 10.0; Win64; x64; rv:139.0) Gecko/20100101 Firefox/139.0"
202.62.242.117 - - [30/May/2025:01:23:09 +0000] "POST /index.php/admin/check_photographers_date HTTP/1.1" 200 801 "https://tasktrakker.com.au/index.php/admin/booking_create_view/9711" "Mozilla/5.0 (Windows NT 10.0; Win64; x64; rv:139.0) Gecko/20100101 Firefox/139.0"
202.62.242.117 - - [30/May/2025:01:23:10 +0000] "POST /index.php/admin/check_photographers_date HTTP/1.1" 200 477 "https://tasktrakker.com.au/index.php/admin/booking_create_view/9711" "Mozilla/5.0 (Windows NT 10.0; Win64; x64; rv:139.0) Gecko/20100101 Firefox/139.0"
202.62.242.117 - - [30/May/2025:01:23:12 +0000] "POST /index.php/admin/check_photographers_date HTTP/1.1" 200 477 "https://tasktrakker.com.au/index.php/admin/booking_create_view/9711" "Mozilla/5.0 (Windows NT 10.0; Win64; x64; rv:139.0) Gecko/20100101 Firefox/139.0"
1.145.109.205 - - [30/May/2025:01:23:13 +0000] "-" 408 323 "-" "-"
202.62.242.117 - - [30/May/2025:01:23:13 +0000] "POST /index.php/admin/booking_create HTTP/1.1" 303 523 "https://tasktrakker.com.au/index.php/admin/booking_create_view/9711" "Mozilla/5.0 (Windows NT 10.0; Win64; x64; rv:139.0) Gecko/20100101 Firefox/139.0"
202.62.242.117 - - [30/May/2025:01:23:15 +0000] "GET /admin/addcustomersview/9711 HTTP/1.1" 200 9973 "https://tasktrakker.com.au/index.php/admin/booking_create_view/9711" "Mozilla/5.0 (Windows NT 10.0; Win64; x64; rv:139.0) Gecko/20100101 Firefox/139.0"
202.62.242.117 - - [30/May/2025:01:23:15 +0000] "GET /assets/css/custom.css?1748568195 HTTP/1.1" 200 1143 "https://tasktrakker.com.au/admin/addcustomersview/9711" "Mozilla/5.0 (Windows NT 10.0; Win64; x64; rv:139.0) Gecko/20100101 Firefox/139.0"
202.62.242.117 - - [30/May/2025:01:23:15 +0000] "GET /assets/dist/js/pages/dashboard.js?1748568195 HTTP/1.1" 200 4337 "https://tasktrakker.com.au/admin/addcustomersview/9711" "Mozilla/5.0 (Windows NT 10.0; Win64; x64; rv:139.0) Gecko/20100101 Firefox/139.0"
202.62.242.117 - - [30/May/2025:01:23:16 +0000] "GET /index.php/admin/booking_create_view/9711 HTTP/1.1" 200 7228 "https://tasktrakker.com.au/admin/addcustomersview/9711" "Mozilla/5.0 (Windows NT 10.0; Win64; x64; rv:139.0) Gecko/20100101 Firefox/139.0"
202.62.242.117 - - [30/May/2025:01:23:17 +0000] "GET /assets/css/custom.css?1748568196 HTTP/1.1" 200 1143 "https://tasktrakker.com.au/index.php/admin/booking_create_view/9711" "Mozilla/5.0 (Windows NT 10.0; Win64; x64; rv:139.0) Gecko/20100101 Firefox/139.0"
202.62.242.117 - - [30/May/2025:01:23:17 +0000] "GET /assets/dist/js/pages/dashboard.js?1748568196 HTTP/1.1" 200 4337 "https://tasktrakker.com.au/index.php/admin/booking_create_view/9711" "Mozilla/5.0 (Windows NT 10.0; Win64; x64; rv:139.0) Gecko/20100101 Firefox/139.0"
::1 - - [30/May/2025:01:23:22 +0000] "OPTIONS * HTTP/1.0" 200 126 "-" "Apache/2.4.58 (Ubuntu) OpenSSL/3.0.13 (internal dummy connection)"
202.62.242.117 - - [30/May/2025:01:23:24 +0000] "POST /index.php/admin/check_photographers_date HTTP/1.1" 200 801 "https://tasktrakker.com.au/index.php/admin/booking_create_view/9711" "Mozilla/5.0 (Windows NT 10.0; Win64; x64; rv:139.0) Gecko/20100101 Firefox/139.0"
202.62.242.117 - - [30/May/2025:01:23:25 +0000] "POST /index.php/admin/check_photographers_date HTTP/1.1" 200 477 "https://tasktrakker.com.au/index.php/admin/booking_create_view/9711" "Mozilla/5.0 (Windows NT 10.0; Win64; x64; rv:139.0) Gecko/20100101 Firefox/139.0"
202.62.242.117 - - [30/May/2025:01:23:25 +0000] "POST /index.php/admin/booking_create HTTP/1.1" 303 381 "https://tasktrakker.com.au/index.php/admin/booking_create_view/9711" "Mozilla/5.0 (Windows NT 10.0; Win64; x64; rv:139.0) Gecko/20100101 Firefox/139.0"
202.62.242.117 - - [30/May/2025:01:23:27 +0000] "GET /admin/addcustomersview/9711 HTTP/1.1" 200 10442 "https://tasktrakker.com.au/index.php/admin/booking_create_view/9711" "Mozilla/5.0 (Windows NT 10.0; Win64; x64; rv:139.0) Gecko/20100101 Firefox/139.0"
202.62.242.117 - - [30/May/2025:01:23:27 +0000] "GET /assets/css/custom.css?1748568207 HTTP/1.1" 200 1143 "https://tasktrakker.com.au/admin/addcustomersview/9711" "Mozilla/5.0 (Windows NT 10.0; Win64; x64; rv:139.0) Gecko/20100101 Firefox/139.0"
202.62.242.117 - - [30/May/2025:01:23:27 +0000] "GET /assets/dist/js/pages/dashboard.js?1748568207 HTTP/1.1" 200 4337 "https://tasktrakker.com.au/admin/addcustomersview/9711" "Mozilla/5.0 (Windows NT 10.0; Win64; x64; rv:139.0) Gecko/20100101 Firefox/139.0"
207.46.13.154 - - [30/May/2025:01:23:28 +0000] "GET /index.php/admin/production_form/0/5374 HTTP/1.1" 302 3169 "-" "Mozilla/5.0 AppleWebKit/537.36 (KHTML, like Gecko; compatible; bingbot/2.0; +http://www.bing.com/bingbot.htm) Chrome/116.0.1938.76 Safari/537.36"
202.62.242.117 - - [30/May/2025:01:23:29 +0000] "GET /index.php/admin/booking_create_view/9711 HTTP/1.1" 200 7227 "https://tasktrakker.com.au/admin/addcustomersview/9711" "Mozilla/5.0 (Windows NT 10.0; Win64; x64; rv:139.0) Gecko/20100101 Firefox/139.0"
202.62.242.117 - - [30/May/2025:01:23:29 +0000] "GET /assets/css/custom.css?1748568209 HTTP/1.1" 200 1143 "https://tasktrakker.com.au/index.php/admin/booking_create_view/9711" "Mozilla/5.0 (Windows NT 10.0; Win64; x64; rv:139.0) Gecko/20100101 Firefox/139.0"
202.62.242.117 - - [30/May/2025:01:23:29 +0000] "GET /assets/dist/js/pages/dashboard.js?1748568209 HTTP/1.1" 200 4337 "https://tasktrakker.com.au/index.php/admin/booking_create_view/9711" "Mozilla/5.0 (Windows NT 10.0; Win64; x64; rv:139.0) Gecko/20100101 Firefox/139.0"
207.46.13.154 - - [30/May/2025:01:23:30 +0000] "GET /admin/error_view HTTP/1.1" 302 305 "-" "Mozilla/5.0 AppleWebKit/537.36 (KHTML, like Gecko; compatible; bingbot/2.0; +http://www.bing.com/bingbot.htm) Chrome/116.0.1938.76 Safari/537.36"
207.46.13.154 - - [30/May/2025:01:23:31 +0000] "GET /admin/main HTTP/1.1" 500 2213 "-" "Mozilla/5.0 AppleWebKit/537.36 (KHTML, like Gecko; compatible; bingbot/2.0; +http://www.bing.com/bingbot.htm) Chrome/116.0.1938.76 Safari/537.36"
::1 - - [30/May/2025:01:23:34 +0000] "OPTIONS * HTTP/1.0" 200 126 "-" "Apache/2.4.58 (Ubuntu) OpenSSL/3.0.13 (internal dummy connection)"
::1 - - [30/May/2025:01:23:35 +0000] "OPTIONS * HTTP/1.0" 200 126 "-" "Apache/2.4.58 (Ubuntu) OpenSSL/3.0.13 (internal dummy connection)"
::1 - - [30/May/2025:01:23:36 +0000] "OPTIONS * HTTP/1.0" 200 126 "-" "Apache/2.4.58 (Ubuntu) OpenSSL/3.0.13 (internal dummy connection)"
202.62.242.117 - - [30/May/2025:01:23:36 +0000] "POST /index.php/admin/check_photographers_date HTTP/1.1" 200 801 "https://tasktrakker.com.au/index.php/admin/booking_create_view/9711" "Mozilla/5.0 (Windows NT 10.0; Win64; x64; rv:139.0) Gecko/20100101 Firefox/139.0"
202.62.242.117 - - [30/May/2025:01:23:37 +0000] "POST /index.php/admin/check_photographers_date HTTP/1.1" 200 477 "https://tasktrakker.com.au/index.php/admin/booking_create_view/9711" "Mozilla/5.0 (Windows NT 10.0; Win64; x64; rv:139.0) Gecko/20100101 Firefox/139.0"
202.62.242.117 - - [30/May/2025:01:23:37 +0000] "POST /index.php/admin/booking_create HTTP/1.1" 303 381 "https://tasktrakker.com.au/index.php/admin/booking_create_view/9711" "Mozilla/5.0 (Windows NT 10.0; Win64; x64; rv:139.0) Gecko/20100101 Firefox/139.0"
202.62.242.117 - - [30/May/2025:01:23:39 +0000] "GET /admin/addcustomersview/9711 HTTP/1.1" 200 10876 "https://tasktrakker.com.au/index.php/admin/booking_create_view/9711" "Mozilla/5.0 (Windows NT 10.0; Win64; x64; rv:139.0) Gecko/20100101 Firefox/139.0"
202.62.242.117 - - [30/May/2025:01:23:39 +0000] "GET /assets/css/custom.css?1748568219 HTTP/1.1" 200 1143 "https://tasktrakker.com.au/admin/addcustomersview/9711" "Mozilla/5.0 (Windows NT 10.0; Win64; x64; rv:139.0) Gecko/20100101 Firefox/139.0"
202.62.242.117 - - [30/May/2025:01:23:39 +0000] "GET /assets/dist/js/pages/dashboard.js?1748568219 HTTP/1.1" 200 4337 "https://tasktrakker.com.au/admin/addcustomersview/9711" "Mozilla/5.0 (Windows NT 10.0; Win64; x64; rv:139.0) Gecko/20100101 Firefox/139.0"
::1 - - [30/May/2025:01:23:46 +0000] "OPTIONS * HTTP/1.0" 200 126 "-" "Apache/2.4.58 (Ubuntu) OpenSSL/3.0.13 (internal dummy connection)"
202.62.242.117 - - [30/May/2025:01:26:21 +0000] "GET /index.php/admin/main HTTP/1.1" 200 7376 "https://tasktrakker.com.au/admin/addcustomersview/9711" "Mozilla/5.0 (Windows NT 10.0; Win64; x64; rv:139.0) Gecko/20100101 Firefox/139.0"
202.62.242.117 - - [30/May/2025:01:26:21 +0000] "GET /assets/css/custom.css?1748568381 HTTP/1.1" 200 1143 "https://tasktrakker.com.au/index.php/admin/main" "Mozilla/5.0 (Windows NT 10.0; Win64; x64; rv:139.0) Gecko/20100101 Firefox/139.0"
202.62.242.117 - - [30/May/2025:01:26:21 +0000] "GET /assets/dist/js/pages/dashboard.js?1748568381 HTTP/1.1" 200 6907 "https://tasktrakker.com.au/index.php/admin/main" "Mozilla/5.0 (Windows NT 10.0; Win64; x64; rv:139.0) Gecko/20100101 Firefox/139.0"
202.62.242.117 - - [30/May/2025:01:26:21 +0000] "GET /index.php/admin/get_fullcalendar?start=2025-04-27T00%3A00%3A00%2B10%3A00&end=2025-06-08T00%3A00%3A00%2B10%3A00 HTTP/1.1" 200 3823 "https://tasktrakker.com.au/index.php/admin/main" "Mozilla/5.0 (Windows NT 10.0; Win64; x64; rv:139.0) Gecko/20100101 Firefox/139.0"
202.62.242.117 - - [30/May/2025:01:26:21 +0000] "GET /index.php/admin/get_fullcalendar?start=2025-06-01T00%3A00%3A00%2B10%3A00&end=2025-07-13T00%3A00%3A00%2B10%3A00 HTTP/1.1" 200 3943 "https://tasktrakker.com.au/index.php/admin/main" "Mozilla/5.0 (Windows NT 10.0; Win64; x64; rv:139.0) Gecko/20100101 Firefox/139.0"
::1 - - [30/May/2025:01:26:27 +0000] "OPTIONS * HTTP/1.0" 200 126 "-" "Apache/2.4.58 (Ubuntu) OpenSSL/3.0.13 (internal dummy connection)"
202.62.242.117 - - [30/May/2025:01:27:04 +0000] "-" 408 323 "-" "-"
202.62.242.117 - - [30/May/2025:01:27:04 +0000] "-" 408 323 "-" "-"
202.62.242.117 - - [30/May/2025:01:28:14 +0000] "-" 408 323 "-" "-"
202.62.242.117 - - [30/May/2025:01:28:14 +0000] "-" 408 323 "-" "-"
202.62.242.117 - - [30/May/2025:01:28:26 +0000] "GET /index.php/admin/photo_form/6278 HTTP/1.1" 200 10004 "https://tasktrakker.com.au/index.php/admin/photo_view/6313" "Mozilla/5.0 (Windows NT 10.0; Win64; x64; rv:138.0) Gecko/20100101 Firefox/138.0"
202.62.242.117 - - [30/May/2025:01:28:26 +0000] "GET /assets/css/custom.css?1748568506 HTTP/1.1" 200 1143 "https://tasktrakker.com.au/index.php/admin/photo_form/6278" "Mozilla/5.0 (Windows NT 10.0; Win64; x64; rv:138.0) Gecko/20100101 Firefox/138.0"
202.62.242.117 - - [30/May/2025:01:28:26 +0000] "GET /assets/dist/js/pages/dashboard.js?1748568506 HTTP/1.1" 200 4661 "https://tasktrakker.com.au/index.php/admin/photo_form/6278" "Mozilla/5.0 (Windows NT 10.0; Win64; x64; rv:138.0) Gecko/20100101 Firefox/138.0"
202.62.242.117 - - [30/May/2025:01:28:26 +0000] "GET /uploads/photos/6313_250513033800.jpeg HTTP/1.1" 404 610 "https://tasktrakker.com.au/index.php/admin/photo_form/6278" "Mozilla/5.0 (Windows NT 10.0; Win64; x64; rv:138.0) Gecko/20100101 Firefox/138.0"
60.241.4.149 - - [30/May/2025:01:28:40 +0000] "GET /index.php/admin/main HTTP/1.1" 500 3061 "https://tasktrakker.com.au/admin/addcustomersview/9531" "Mozilla/5.0 (Macintosh; Intel Mac OS X 10_15_7) AppleWebKit/605.1.15 (KHTML, like Gecko) Version/18.3.1 Safari/605.1.15"
60.241.4.149 - - [30/May/2025:01:28:42 +0000] "GET / HTTP/1.1" 302 2905 "-" "Mozilla/5.0 (Macintosh; Intel Mac OS X 10_15_7) AppleWebKit/605.1.15 (KHTML, like Gecko) Version/18.3.1 Safari/605.1.15"
60.241.4.149 - - [30/May/2025:01:28:43 +0000] "GET /index.php/admin/login HTTP/1.1" 200 1782 "-" "Mozilla/5.0 (Macintosh; Intel Mac OS X 10_15_7) AppleWebKit/605.1.15 (KHTML, like Gecko) Version/18.3.1 Safari/605.1.15"
60.241.4.149 - - [30/May/2025:01:28:45 +0000] "POST /index.php/admin/auth HTTP/1.1" 303 3195 "https://tasktrakker.com.au/index.php/admin/login" "Mozilla/5.0 (Macintosh; Intel Mac OS X 10_15_7) AppleWebKit/605.1.15 (KHTML, like Gecko) Version/18.3.1 Safari/605.1.15"
60.241.4.149 - - [30/May/2025:01:28:45 +0000] "GET /admin/main HTTP/1.1" 200 5310 "https://tasktrakker.com.au/index.php/admin/login" "Mozilla/5.0 (Macintosh; Intel Mac OS X 10_15_7) AppleWebKit/605.1.15 (KHTML, like Gecko) Version/18.3.1 Safari/605.1.15"
60.241.4.149 - - [30/May/2025:01:28:45 +0000] "GET /assets/css/custom.css?1748568525 HTTP/1.1" 200 1143 "https://tasktrakker.com.au/admin/main" "Mozilla/5.0 (Macintosh; Intel Mac OS X 10_15_7) AppleWebKit/605.1.15 (KHTML, like Gecko) Version/18.3.1 Safari/605.1.15"
60.241.4.149 - - [30/May/2025:01:28:45 +0000] "GET /assets/dist/js/pages/dashboard.js?1748568525 HTTP/1.1" 200 4337 "https://tasktrakker.com.au/admin/main" "Mozilla/5.0 (Macintosh; Intel Mac OS X 10_15_7) AppleWebKit/605.1.15 (KHTML, like Gecko) Version/18.3.1 Safari/605.1.15"
60.241.4.149 - - [30/May/2025:01:28:45 +0000] "GET /index.php/admin/get_fullcalendar?start=2025-04-27T00%3A00%3A00%2B10%3A00&end=2025-06-08T00%3A00%3A00%2B10%3A00 HTTP/1.1" 200 1847 "https://tasktrakker.com.au/admin/main" "Mozilla/5.0 (Macintosh; Intel Mac OS X 10_15_7) AppleWebKit/605.1.15 (KHTML, like Gecko) Version/18.3.1 Safari/605.1.15"
60.241.4.149 - - [30/May/2025:01:28:48 +0000] "GET /admin/addcustomersview/3077 HTTP/1.1" 200 5427 "https://tasktrakker.com.au/admin/main" "Mozilla/5.0 (Macintosh; Intel Mac OS X 10_15_7) AppleWebKit/605.1.15 (KHTML, like Gecko) Version/18.3.1 Safari/605.1.15"
60.241.4.149 - - [30/May/2025:01:28:48 +0000] "GET /assets/css/custom.css?1748568528 HTTP/1.1" 200 1143 "https://tasktrakker.com.au/admin/addcustomersview/3077" "Mozilla/5.0 (Macintosh; Intel Mac OS X 10_15_7) AppleWebKit/605.1.15 (KHTML, like Gecko) Version/18.3.1 Safari/605.1.15"
60.241.4.149 - - [30/May/2025:01:28:48 +0000] "GET /assets/dist/js/pages/dashboard.js?1748568528 HTTP/1.1" 200 4337 "https://tasktrakker.com.au/admin/addcustomersview/3077" "Mozilla/5.0 (Macintosh; Intel Mac OS X 10_15_7) AppleWebKit/605.1.15 (KHTML, like Gecko) Version/18.3.1 Safari/605.1.15"
202.62.242.117 - - [30/May/2025:01:28:52 +0000] "GET /index.php/admin/main HTTP/1.1" 200 7519 "https://tasktrakker.com.au/index.php/admin/addcustomersview/6790" "Mozilla/5.0 (Windows NT 10.0; Win64; x64) AppleWebKit/537.36 (KHTML, like Gecko) Chrome/136.0.0.0 Safari/537.36 Edg/136.0.0.0"
202.62.242.117 - - [30/May/2025:01:28:52 +0000] "GET /assets/css/custom.css?1748568532 HTTP/1.1" 200 1143 "https://tasktrakker.com.au/index.php/admin/main" "Mozilla/5.0 (Windows NT 10.0; Win64; x64) AppleWebKit/537.36 (KHTML, like Gecko) Chrome/136.0.0.0 Safari/537.36 Edg/136.0.0.0"
202.62.242.117 - - [30/May/2025:01:28:52 +0000] "GET /assets/dist/js/pages/dashboard.js?1748568532 HTTP/1.1" 200 4661 "https://tasktrakker.com.au/index.php/admin/main" "Mozilla/5.0 (Windows NT 10.0; Win64; x64) AppleWebKit/537.36 (KHTML, like Gecko) Chrome/136.0.0.0 Safari/537.36 Edg/136.0.0.0"
202.62.242.117 - - [30/May/2025:01:28:52 +0000] "GET /index.php/admin/get_fullcalendar?start=2025-04-27T00%3A00%3A00%2B10%3A00&end=2025-06-08T00%3A00%3A00%2B10%3A00 HTTP/1.1" 200 3823 "https://tasktrakker.com.au/index.php/admin/main" "Mozilla/5.0 (Windows NT 10.0; Win64; x64) AppleWebKit/537.36 (KHTML, like Gecko) Chrome/136.0.0.0 Safari/537.36 Edg/136.0.0.0"
202.62.242.117 - - [30/May/2025:01:28:52 +0000] "GET /index.php/admin/get_fullcalendar?start=2025-06-01T00%3A00%3A00%2B10%3A00&end=2025-07-13T00%3A00%3A00%2B10%3A00 HTTP/1.1" 200 3619 "https://tasktrakker.com.au/index.php/admin/main" "Mozilla/5.0 (Windows NT 10.0; Win64; x64) AppleWebKit/537.36 (KHTML, like Gecko) Chrome/136.0.0.0 Safari/537.36 Edg/136.0.0.0"
202.62.242.117 - - [30/May/2025:01:28:55 +0000] "GET /index.php/admin/addcustomersview/6691 HTTP/1.1" 200 11110 "https://tasktrakker.com.au/index.php/admin/main" "Mozilla/5.0 (Windows NT 10.0; Win64; x64) AppleWebKit/537.36 (KHTML, like Gecko) Chrome/136.0.0.0 Safari/537.36 Edg/136.0.0.0"
202.62.242.117 - - [30/May/2025:01:28:55 +0000] "GET /assets/css/custom.css?1748568535 HTTP/1.1" 200 1143 "https://tasktrakker.com.au/index.php/admin/addcustomersview/6691" "Mozilla/5.0 (Windows NT 10.0; Win64; x64) AppleWebKit/537.36 (KHTML, like Gecko) Chrome/136.0.0.0 Safari/537.36 Edg/136.0.0.0"
202.62.242.117 - - [30/May/2025:01:28:55 +0000] "GET /assets/dist/js/pages/dashboard.js?1748568535 HTTP/1.1" 200 4337 "https://tasktrakker.com.au/index.php/admin/addcustomersview/6691" "Mozilla/5.0 (Windows NT 10.0; Win64; x64) AppleWebKit/537.36 (KHTML, like Gecko) Chrome/136.0.0.0 Safari/537.36 Edg/136.0.0.0"
40.77.167.18 - - [30/May/2025:01:29:04 +0000] "GET /index.php/admin/addleadview/2265 HTTP/1.1" 500 5040 "-" "Mozilla/5.0 AppleWebKit/537.36 (KHTML, like Gecko; compatible; bingbot/2.0; +http://www.bing.com/bingbot.htm) Chrome/116.0.1938.76 Safari/537.36"
207.46.13.150 - - [30/May/2025:01:29:09 +0000] "GET /index.php/admin/photo_view/2339 HTTP/1.1" 500 5080 "-" "Mozilla/5.0 AppleWebKit/537.36 (KHTML, like Gecko; compatible; bingbot/2.0; +http://www.bing.com/bingbot.htm) Chrome/116.0.1938.76 Safari/537.36"
157.55.39.52 - - [30/May/2025:01:29:20 +0000] "GET /index.php/admin/addcustomersview/6543 HTTP/1.1" 500 5046 "-" "Mozilla/5.0 AppleWebKit/537.36 (KHTML, like Gecko; compatible; bingbot/2.0; +http://www.bing.com/bingbot.htm) Chrome/116.0.1938.76 Safari/537.36"
157.55.39.52 - - [30/May/2025:01:29:49 +0000] "GET /index.php/admin/deleteLeadop/2172 HTTP/1.1" 302 3130 "-" "Mozilla/5.0 AppleWebKit/537.36 (KHTML, like Gecko; compatible; bingbot/2.0; +http://www.bing.com/bingbot.htm) Chrome/116.0.1938.76 Safari/537.36"
157.55.39.52 - - [30/May/2025:01:29:51 +0000] "GET /admin/error_view HTTP/1.1" 302 305 "-" "Mozilla/5.0 AppleWebKit/537.36 (KHTML, like Gecko; compatible; bingbot/2.0; +http://www.bing.com/bingbot.htm) Chrome/116.0.1938.76 Safari/537.36"
157.55.39.52 - - [30/May/2025:01:29:52 +0000] "GET /admin/main HTTP/1.1" 500 2213 "-" "Mozilla/5.0 AppleWebKit/537.36 (KHTML, like Gecko; compatible; bingbot/2.0; +http://www.bing.com/bingbot.htm) Chrome/116.0.1938.76 Safari/537.36"
40.77.167.18 - - [30/May/2025:01:31:23 +0000] "GET /index.php/admin/addcustomersview/2698 HTTP/1.1" 500 5045 "-" "Mozilla/5.0 AppleWebKit/537.36 (KHTML, like Gecko; compatible; bingbot/2.0; +http://www.bing.com/bingbot.htm) Chrome/116.0.1938.76 Safari/537.36"
202.62.242.117 - - [30/May/2025:01:31:50 +0000] "GET /index.php/admin/photo_view/6313 HTTP/1.1" 200 7023 "https://tasktrakker.com.au/index.php/admin/photo_form/6278" "Mozilla/5.0 (Windows NT 10.0; Win64; x64; rv:138.0) Gecko/20100101 Firefox/138.0"
202.62.242.117 - - [30/May/2025:01:31:50 +0000] "GET /assets/css/custom.css?1748568710 HTTP/1.1" 200 1143 "https://tasktrakker.com.au/index.php/admin/photo_view/6313" "Mozilla/5.0 (Windows NT 10.0; Win64; x64; rv:138.0) Gecko/20100101 Firefox/138.0"
202.62.242.117 - - [30/May/2025:01:31:50 +0000] "GET /assets/dist/js/pages/dashboard.js?1748568710 HTTP/1.1" 200 4661 "https://tasktrakker.com.au/index.php/admin/photo_view/6313" "Mozilla/5.0 (Windows NT 10.0; Win64; x64; rv:138.0) Gecko/20100101 Firefox/138.0"
202.62.242.117 - - [30/May/2025:01:31:53 +0000] "GET /index.php/admin/photo_form/6277 HTTP/1.1" 200 7351 "https://tasktrakker.com.au/index.php/admin/photo_view/6313" "Mozilla/5.0 (Windows NT 10.0; Win64; x64; rv:138.0) Gecko/20100101 Firefox/138.0"
202.62.242.117 - - [30/May/2025:01:31:54 +0000] "GET /assets/css/custom.css?1748568714 HTTP/1.1" 200 1143 "https://tasktrakker.com.au/index.php/admin/photo_form/6277" "Mozilla/5.0 (Windows NT 10.0; Win64; x64; rv:138.0) Gecko/20100101 Firefox/138.0"
202.62.242.117 - - [30/May/2025:01:31:54 +0000] "GET /uploads/photos/6313_250513033731.jpeg HTTP/1.1" 404 610 "https://tasktrakker.com.au/index.php/admin/photo_form/6277" "Mozilla/5.0 (Windows NT 10.0; Win64; x64; rv:138.0) Gecko/20100101 Firefox/138.0"
202.62.242.117 - - [30/May/2025:01:31:54 +0000] "GET /assets/dist/js/pages/dashboard.js?1748568714 HTTP/1.1" 200 4337 "https://tasktrakker.com.au/index.php/admin/photo_form/6277" "Mozilla/5.0 (Windows NT 10.0; Win64; x64; rv:138.0) Gecko/20100101 Firefox/138.0"
52.167.144.23 - - [30/May/2025:01:32:23 +0000] "GET /index.php/admin/deleteLeadop/8296 HTTP/1.1" 302 3130 "-" "Mozilla/5.0 AppleWebKit/537.36 (KHTML, like Gecko; compatible; bingbot/2.0; +http://www.bing.com/bingbot.htm) Chrome/116.0.1938.76 Safari/537.36"
52.167.144.23 - - [30/May/2025:01:32:25 +0000] "GET /admin/error_view HTTP/1.1" 302 305 "-" "Mozilla/5.0 AppleWebKit/537.36 (KHTML, like Gecko; compatible; bingbot/2.0; +http://www.bing.com/bingbot.htm) Chrome/116.0.1938.76 Safari/537.36"
52.167.144.23 - - [30/May/2025:01:32:26 +0000] "GET /admin/main HTTP/1.1" 500 2213 "-" "Mozilla/5.0 AppleWebKit/537.36 (KHTML, like Gecko; compatible; bingbot/2.0; +http://www.bing.com/bingbot.htm) Chrome/116.0.1938.76 Safari/537.36"
202.62.242.117 - - [30/May/2025:01:35:36 +0000] "GET /index.php/admin/photo_view/6313 HTTP/1.1" 200 7164 "https://tasktrakker.com.au/index.php/admin/photo_form/6277" "Mozilla/5.0 (Windows NT 10.0; Win64; x64; rv:138.0) Gecko/20100101 Firefox/138.0"
202.62.242.117 - - [30/May/2025:01:35:37 +0000] "GET /assets/css/custom.css?1748568936 HTTP/1.1" 200 1143 "https://tasktrakker.com.au/index.php/admin/photo_view/6313" "Mozilla/5.0 (Windows NT 10.0; Win64; x64; rv:138.0) Gecko/20100101 Firefox/138.0"
202.62.242.117 - - [30/May/2025:01:35:37 +0000] "GET /assets/dist/js/pages/dashboard.js?1748568936 HTTP/1.1" 200 4661 "https://tasktrakker.com.au/index.php/admin/photo_view/6313" "Mozilla/5.0 (Windows NT 10.0; Win64; x64; rv:138.0) Gecko/20100101 Firefox/138.0"
202.62.242.117 - - [30/May/2025:01:35:40 +0000] "GET /index.php/admin/photo_used_action/6277 HTTP/1.1" 200 476 "https://tasktrakker.com.au/index.php/admin/photo_view/6313" "Mozilla/5.0 (Windows NT 10.0; Win64; x64; rv:138.0) Gecko/20100101 Firefox/138.0"
202.62.242.117 - - [30/May/2025:01:35:40 +0000] "GET /index.php/admin/photo_used_action/6278 HTTP/1.1" 200 476 "https://tasktrakker.com.au/index.php/admin/photo_view/6313" "Mozilla/5.0 (Windows NT 10.0; Win64; x64; rv:138.0) Gecko/20100101 Firefox/138.0"
202.62.242.117 - - [30/May/2025:01:35:43 +0000] "GET /index.php/admin/photo_form/6315 HTTP/1.1" 200 7252 "https://tasktrakker.com.au/index.php/admin/photo_view/6313" "Mozilla/5.0 (Windows NT 10.0; Win64; x64; rv:138.0) Gecko/20100101 Firefox/138.0"
202.62.242.117 - - [30/May/2025:01:35:43 +0000] "GET /assets/css/custom.css?1748568943 HTTP/1.1" 200 1143 "https://tasktrakker.com.au/index.php/admin/photo_form/6315" "Mozilla/5.0 (Windows NT 10.0; Win64; x64; rv:138.0) Gecko/20100101 Firefox/138.0"
202.62.242.117 - - [30/May/2025:01:35:43 +0000] "GET /assets/dist/js/pages/dashboard.js?1748568943 HTTP/1.1" 200 4661 "https://tasktrakker.com.au/index.php/admin/photo_form/6315" "Mozilla/5.0 (Windows NT 10.0; Win64; x64; rv:138.0) Gecko/20100101 Firefox/138.0"
202.62.242.117 - - [30/May/2025:01:35:43 +0000] "GET /uploads/photos/6313_250522115910.jpeg HTTP/1.1" 200 1045291 "https://tasktrakker.com.au/index.php/admin/photo_form/6315" "Mozilla/5.0 (Windows NT 10.0; Win64; x64; rv:138.0) Gecko/20100101 Firefox/138.0"
::1 - - [30/May/2025:01:35:50 +0000] "OPTIONS * HTTP/1.0" 200 126 "-" "Apache/2.4.58 (Ubuntu) OpenSSL/3.0.13 (internal dummy connection)"
202.62.242.117 - - [30/May/2025:01:37:05 +0000] "GET /index.php/admin/main HTTP/1.1" 200 9766 "https://tasktrakker.com.au/index.php/admin/addcustomersview/6691" "Mozilla/5.0 (Windows NT 10.0; Win64; x64) AppleWebKit/537.36 (KHTML, like Gecko) Chrome/136.0.0.0 Safari/537.36 Edg/136.0.0.0"
202.62.242.117 - - [30/May/2025:01:37:05 +0000] "GET /assets/css/custom.css?1748569025 HTTP/1.1" 200 1143 "https://tasktrakker.com.au/index.php/admin/main" "Mozilla/5.0 (Windows NT 10.0; Win64; x64) AppleWebKit/537.36 (KHTML, like Gecko) Chrome/136.0.0.0 Safari/537.36 Edg/136.0.0.0"
202.62.242.117 - - [30/May/2025:01:37:05 +0000] "GET /assets/dist/js/pages/dashboard.js?1748569025 HTTP/1.1" 200 6908 "https://tasktrakker.com.au/index.php/admin/main" "Mozilla/5.0 (Windows NT 10.0; Win64; x64) AppleWebKit/537.36 (KHTML, like Gecko) Chrome/136.0.0.0 Safari/537.36 Edg/136.0.0.0"
202.62.242.117 - - [30/May/2025:01:37:05 +0000] "GET /index.php/admin/get_fullcalendar?start=2025-04-27T00%3A00%3A00%2B10%3A00&end=2025-06-08T00%3A00%3A00%2B10%3A00 HTTP/1.1" 200 3823 "https://tasktrakker.com.au/index.php/admin/main" "Mozilla/5.0 (Windows NT 10.0; Win64; x64) AppleWebKit/537.36 (KHTML, like Gecko) Chrome/136.0.0.0 Safari/537.36 Edg/136.0.0.0"
