122.150.139.63 - - [01/Jun/2025:03:40:09 +0000] "GET /assets/css/star-rating.css HTTP/1.1" 200 3889 "https://tasktrakker.com.au/admin/main" "Mozilla/5.0 (iPhone; CPU iPhone OS 18_5 like Mac OS X) AppleWebKit/605.1.15 (KHTML, like Gecko) Version/18.5 Mobile/15E148 Safari/604.1"
122.150.139.199 - - [01/Jun/2025:03:40:09 +0000] "GET /assets/dist/js/app.min.js HTTP/1.1" 200 3475 "https://tasktrakker.com.au/admin/main" "Mozilla/5.0 (iPhone; CPU iPhone OS 18_5 like Mac OS X) AppleWebKit/605.1.15 (KHTML, like Gecko) Version/18.5 Mobile/15E148 Safari/604.1"
122.150.139.63 - - [01/Jun/2025:03:40:09 +0000] "GET /assets/plugins/slimScroll/jquery.slimscroll.min.js HTTP/1.1" 200 2309 "https://tasktrakker.com.au/admin/main" "Mozilla/5.0 (iPhone; CPU iPhone OS 18_5 like Mac OS X) AppleWebKit/605.1.15 (KHTML, like Gecko) Version/18.5 Mobile/15E148 Safari/604.1"
122.150.139.63 - - [01/Jun/2025:03:40:09 +0000] "GET /assets/js/archive.js HTTP/1.1" 200 600 "https://tasktrakker.com.au/admin/main" "Mozilla/5.0 (iPhone; CPU iPhone OS 18_5 like Mac OS X) AppleWebKit/605.1.15 (KHTML, like Gecko) Version/18.5 Mobile/15E148 Safari/604.1"
122.150.139.63 - - [01/Jun/2025:03:40:09 +0000] "GET /assets/js/star-rating.js HTTP/1.1" 200 6062 "https://tasktrakker.com.au/admin/main" "Mozilla/5.0 (iPhone; CPU iPhone OS 18_5 like Mac OS X) AppleWebKit/605.1.15 (KHTML, like Gecko) Version/18.5 Mobile/15E148 Safari/604.1"
122.150.139.63 - - [01/Jun/2025:03:40:09 +0000] "GET /assets/dist/js/pages/dashboard.js?1748749208 HTTP/1.1" 200 4337 "https://tasktrakker.com.au/admin/main" "Mozilla/5.0 (iPhone; CPU iPhone OS 18_5 like Mac OS X) AppleWebKit/605.1.15 (KHTML, like Gecko) Version/18.5 Mobile/15E148 Safari/604.1"
122.150.139.199 - - [01/Jun/2025:03:40:09 +0000] "GET /assets/plugins/datepicker/bootstrap-datepicker.js HTTP/1.1" 200 12493 "https://tasktrakker.com.au/admin/main" "Mozilla/5.0 (iPhone; CPU iPhone OS 18_5 like Mac OS X) AppleWebKit/605.1.15 (KHTML, like Gecko) Version/18.5 Mobile/15E148 Safari/604.1"
122.150.139.199 - - [01/Jun/2025:03:40:09 +0000] "GET /assets/plugins/fullcalendar/core/main.css HTTP/1.1" 200 7949 "https://tasktrakker.com.au/admin/main" "Mozilla/5.0 (iPhone; CPU iPhone OS 18_5 like Mac OS X) AppleWebKit/605.1.15 (KHTML, like Gecko) Version/18.5 Mobile/15E148 Safari/604.1"
122.150.139.63 - - [01/Jun/2025:03:40:09 +0000] "GET /assets/plugins/fullcalendar/list/main.css HTTP/1.1" 200 1113 "https://tasktrakker.com.au/admin/main" "Mozilla/5.0 (iPhone; CPU iPhone OS 18_5 like Mac OS X) AppleWebKit/605.1.15 (KHTML, like Gecko) Version/18.5 Mobile/15E148 Safari/604.1"
122.150.139.63 - - [01/Jun/2025:03:40:09 +0000] "GET /assets/plugins/fullcalendar/core/main.js HTTP/1.1" 200 76391 "https://tasktrakker.com.au/admin/main" "Mozilla/5.0 (iPhone; CPU iPhone OS 18_5 like Mac OS X) AppleWebKit/605.1.15 (KHTML, like Gecko) Version/18.5 Mobile/15E148 Safari/604.1"
122.150.139.199 - - [01/Jun/2025:03:40:09 +0000] "GET /assets/plugins/fullcalendar/list/main.js HTTP/1.1" 200 4767 "https://tasktrakker.com.au/admin/main" "Mozilla/5.0 (iPhone; CPU iPhone OS 18_5 like Mac OS X) AppleWebKit/605.1.15 (KHTML, like Gecko) Version/18.5 Mobile/15E148 Safari/604.1"
122.150.139.63 - - [01/Jun/2025:03:40:09 +0000] "GET /index.php/admin/get_fullcalendar?start=2025-06-01T00%3A00%3A00%2B10%3A00&end=2025-07-13T00%3A00%3A00%2B10%3A00 HTTP/1.1" 200 1640 "https://tasktrakker.com.au/admin/main" "Mozilla/5.0 (iPhone; CPU iPhone OS 18_5 like Mac OS X) AppleWebKit/605.1.15 (KHTML, like Gecko) Version/18.5 Mobile/15E148 Safari/604.1"
::1 - - [01/Jun/2025:03:40:10 +0000] "OPTIONS * HTTP/1.0" 200 126 "-" "Apache/2.4.58 (Ubuntu) OpenSSL/3.0.13 (internal dummy connection)"
122.150.139.199 - - [01/Jun/2025:03:40:11 +0000] "GET /admin/addcustomersview/6580 HTTP/1.1" 200 7912 "https://tasktrakker.com.au/admin/main" "Mozilla/5.0 (iPhone; CPU iPhone OS 18_5 like Mac OS X) AppleWebKit/605.1.15 (KHTML, like Gecko) Version/18.5 Mobile/15E148 Safari/604.1"
122.150.139.63 - - [01/Jun/2025:03:40:11 +0000] "GET /assets/css/custom.css?1748749211 HTTP/1.1" 200 3715 "https://tasktrakker.com.au/admin/addcustomersview/6580" "Mozilla/5.0 (iPhone; CPU iPhone OS 18_5 like Mac OS X) AppleWebKit/605.1.15 (KHTML, like Gecko) Version/18.5 Mobile/15E148 Safari/604.1"
122.150.139.199 - - [01/Jun/2025:03:40:11 +0000] "GET /assets/dist/js/pages/dashboard.js?1748749211 HTTP/1.1" 200 4337 "https://tasktrakker.com.au/admin/addcustomersview/6580" "Mozilla/5.0 (iPhone; CPU iPhone OS 18_5 like Mac OS X) AppleWebKit/605.1.15 (KHTML, like Gecko) Version/18.5 Mobile/15E148 Safari/604.1"
20.65.224.144 - - [01/Jun/2025:03:48:43 +0000] "GET /developmentserver/metadatauploader HTTP/1.1" 404 434 "-" "Mozilla/5.0 zgrab/0.x"
52.167.144.139 - - [01/Jun/2025:03:51:04 +0000] "GET /index.php/admin/booking_create_view/9662 HTTP/1.1" 500 5048 "-" "Mozilla/5.0 AppleWebKit/537.36 (KHTML, like Gecko; compatible; bingbot/2.0; +http://www.bing.com/bingbot.htm) Chrome/116.0.1938.76 Safari/537.36"
52.167.144.139 - - [01/Jun/2025:03:55:54 +0000] "GET /index.php/admin/addcustomersview/6173 HTTP/1.1" 500 5045 "-" "Mozilla/5.0 AppleWebKit/537.36 (KHTML, like Gecko; compatible; bingbot/2.0; +http://www.bing.com/bingbot.htm) Chrome/116.0.1938.76 Safari/537.36"
152.53.248.175 - - [01/Jun/2025:03:55:56 +0000] "CONNECT www.google.com:443 HTTP/1.1" 405 505 "-" "Go-http-client/1.1"
40.77.167.151 - - [01/Jun/2025:03:59:22 +0000] "GET /index.php/admin/deleteLeadop/5949 HTTP/1.1" 302 3130 "-" "Mozilla/5.0 AppleWebKit/537.36 (KHTML, like Gecko; compatible; bingbot/2.0; +http://www.bing.com/bingbot.htm) Chrome/116.0.1938.76 Safari/537.36"
40.77.167.151 - - [01/Jun/2025:03:59:23 +0000] "GET /admin/error_view HTTP/1.1" 302 305 "-" "Mozilla/5.0 AppleWebKit/537.36 (KHTML, like Gecko; compatible; bingbot/2.0; +http://www.bing.com/bingbot.htm) Chrome/116.0.1938.76 Safari/537.36"
40.77.167.151 - - [01/Jun/2025:03:59:24 +0000] "GET /admin/main HTTP/1.1" 500 2213 "-" "Mozilla/5.0 AppleWebKit/537.36 (KHTML, like Gecko; compatible; bingbot/2.0; +http://www.bing.com/bingbot.htm) Chrome/116.0.1938.76 Safari/537.36"
40.77.167.27 - - [01/Jun/2025:04:00:27 +0000] "GET /index.php/admin/addleadview/2618 HTTP/1.1" 500 5041 "-" "Mozilla/5.0 AppleWebKit/537.36 (KHTML, like Gecko; compatible; bingbot/2.0; +http://www.bing.com/bingbot.htm) Chrome/116.0.1938.76 Safari/537.36"
206.168.34.56 - - [01/Jun/2025:04:00:47 +0000] "GET / HTTP/1.1" 404 434 "-" "Mozilla/5.0 (compatible; CensysInspect/1.1; +https://about.censys.io/)"
206.168.34.56 - - [01/Jun/2025:04:00:50 +0000] "PRI * HTTP/2.0" 400 497 "-" "-"
206.168.34.56 - - [01/Jun/2025:04:01:00 +0000] "GET /favicon.ico HTTP/1.1" 404 453 "-" "Mozilla/5.0 (compatible; CensysInspect/1.1; +https://about.censys.io/)"
206.168.34.56 - - [01/Jun/2025:04:01:03 +0000] "\x16\x03\x01" 400 497 "-" "-"
52.167.144.199 - - [01/Jun/2025:04:05:37 +0000] "GET /index.php/admin/deleteLeadop/7701 HTTP/1.1" 302 3130 "-" "Mozilla/5.0 AppleWebKit/537.36 (KHTML, like Gecko; compatible; bingbot/2.0; +http://www.bing.com/bingbot.htm) Chrome/116.0.1938.76 Safari/537.36"
52.167.144.199 - - [01/Jun/2025:04:05:38 +0000] "GET /admin/error_view HTTP/1.1" 302 305 "-" "Mozilla/5.0 AppleWebKit/537.36 (KHTML, like Gecko; compatible; bingbot/2.0; +http://www.bing.com/bingbot.htm) Chrome/116.0.1938.76 Safari/537.36"
52.167.144.199 - - [01/Jun/2025:04:05:39 +0000] "GET /admin/main HTTP/1.1" 500 2213 "-" "Mozilla/5.0 AppleWebKit/537.36 (KHTML, like Gecko; compatible; bingbot/2.0; +http://www.bing.com/bingbot.htm) Chrome/116.0.1938.76 Safari/537.36"
207.46.13.102 - - [01/Jun/2025:04:06:10 +0000] "GET /index.php/admin/addcustomersview/2441 HTTP/1.1" 500 5084 "-" "Mozilla/5.0 AppleWebKit/537.36 (KHTML, like Gecko; compatible; bingbot/2.0; +http://www.bing.com/bingbot.htm) Chrome/116.0.1938.76 Safari/537.36"
52.167.144.211 - - [01/Jun/2025:04:06:12 +0000] "GET /index.php/admin/addleadview/4392 HTTP/1.1" 500 5039 "-" "Mozilla/5.0 AppleWebKit/537.36 (KHTML, like Gecko; compatible; bingbot/2.0; +http://www.bing.com/bingbot.htm) Chrome/116.0.1938.76 Safari/537.36"
40.77.167.27 - - [01/Jun/2025:04:06:17 +0000] "GET /index.php/admin/addcustomersview/9526 HTTP/1.1" 500 5046 "-" "Mozilla/5.0 AppleWebKit/537.36 (KHTML, like Gecko; compatible; bingbot/2.0; +http://www.bing.com/bingbot.htm) Chrome/116.0.1938.76 Safari/537.36"
51.222.253.7 - - [01/Jun/2025:04:07:05 +0000] "GET / HTTP/1.1" 302 2863 "-" "Mozilla/5.0 (compatible; AhrefsBot/7.0; +http://ahrefs.com/robot/)"
52.167.144.137 - - [01/Jun/2025:04:12:22 +0000] "GET /index.php/admin/deleteLeadop/7290 HTTP/1.1" 302 3130 "-" "Mozilla/5.0 AppleWebKit/537.36 (KHTML, like Gecko; compatible; bingbot/2.0; +http://www.bing.com/bingbot.htm) Chrome/116.0.1938.76 Safari/537.36"
52.167.144.137 - - [01/Jun/2025:04:12:22 +0000] "GET /admin/error_view HTTP/1.1" 302 305 "-" "Mozilla/5.0 AppleWebKit/537.36 (KHTML, like Gecko; compatible; bingbot/2.0; +http://www.bing.com/bingbot.htm) Chrome/116.0.1938.76 Safari/537.36"
52.167.144.137 - - [01/Jun/2025:04:12:23 +0000] "GET /admin/main HTTP/1.1" 500 2213 "-" "Mozilla/5.0 AppleWebKit/537.36 (KHTML, like Gecko; compatible; bingbot/2.0; +http://www.bing.com/bingbot.htm) Chrome/116.0.1938.76 Safari/537.36"
52.167.144.137 - - [01/Jun/2025:04:17:34 +0000] "GET /index.php/admin/customer_notification_action/6583 HTTP/1.1" 302 3141 "-" "Mozilla/5.0 AppleWebKit/537.36 (KHTML, like Gecko; compatible; bingbot/2.0; +http://www.bing.com/bingbot.htm) Chrome/116.0.1938.76 Safari/537.36"
52.167.144.137 - - [01/Jun/2025:04:17:36 +0000] "GET /admin/addcustomersview/6583 HTTP/1.1" 500 2226 "-" "Mozilla/5.0 AppleWebKit/537.36 (KHTML, like Gecko; compatible; bingbot/2.0; +http://www.bing.com/bingbot.htm) Chrome/116.0.1938.76 Safari/537.36"
157.55.39.11 - - [01/Jun/2025:04:22:51 +0000] "GET /index.php/admin/addcustomersview/9571 HTTP/1.1" 500 5085 "-" "Mozilla/5.0 AppleWebKit/537.36 (KHTML, like Gecko; compatible; bingbot/2.0; +http://www.bing.com/bingbot.htm) Chrome/116.0.1938.76 Safari/537.36"
40.77.167.47 - - [01/Jun/2025:04:23:00 +0000] "GET /index.php/admin/addcustomersview/9553 HTTP/1.1" 500 5045 "-" "Mozilla/5.0 AppleWebKit/537.36 (KHTML, like Gecko; compatible; bingbot/2.0; +http://www.bing.com/bingbot.htm) Chrome/116.0.1938.76 Safari/537.36"
40.77.167.69 - - [01/Jun/2025:04:23:14 +0000] "GET /index.php/admin/deleteLeadop/3605 HTTP/1.1" 302 3130 "-" "Mozilla/5.0 AppleWebKit/537.36 (KHTML, like Gecko; compatible; bingbot/2.0; +http://www.bing.com/bingbot.htm) Chrome/116.0.1938.76 Safari/537.36"
40.77.167.69 - - [01/Jun/2025:04:23:14 +0000] "GET /admin/error_view HTTP/1.1" 302 305 "-" "Mozilla/5.0 AppleWebKit/537.36 (KHTML, like Gecko; compatible; bingbot/2.0; +http://www.bing.com/bingbot.htm) Chrome/116.0.1938.76 Safari/537.36"
40.77.167.69 - - [01/Jun/2025:04:23:15 +0000] "GET /admin/main HTTP/1.1" 500 2213 "-" "Mozilla/5.0 AppleWebKit/537.36 (KHTML, like Gecko; compatible; bingbot/2.0; +http://www.bing.com/bingbot.htm) Chrome/116.0.1938.76 Safari/537.36"
40.77.167.47 - - [01/Jun/2025:04:24:33 +0000] "GET /index.php/admin/production_form/0/6820 HTTP/1.1" 302 3129 "-" "Mozilla/5.0 AppleWebKit/537.36 (KHTML, like Gecko; compatible; bingbot/2.0; +http://www.bing.com/bingbot.htm) Chrome/116.0.1938.76 Safari/537.36"
40.77.167.47 - - [01/Jun/2025:04:24:33 +0000] "GET /admin/error_view HTTP/1.1" 302 305 "-" "Mozilla/5.0 AppleWebKit/537.36 (KHTML, like Gecko; compatible; bingbot/2.0; +http://www.bing.com/bingbot.htm) Chrome/116.0.1938.76 Safari/537.36"
40.77.167.47 - - [01/Jun/2025:04:24:34 +0000] "GET /admin/main HTTP/1.1" 500 2213 "-" "Mozilla/5.0 AppleWebKit/537.36 (KHTML, like Gecko; compatible; bingbot/2.0; +http://www.bing.com/bingbot.htm) Chrome/116.0.1938.76 Safari/537.36"
40.77.167.69 - - [01/Jun/2025:04:25:54 +0000] "GET /index.php/admin/deleteLeadop/7212 HTTP/1.1" 302 3130 "-" "Mozilla/5.0 AppleWebKit/537.36 (KHTML, like Gecko; compatible; bingbot/2.0; +http://www.bing.com/bingbot.htm) Chrome/116.0.1938.76 Safari/537.36"
40.77.167.69 - - [01/Jun/2025:04:25:55 +0000] "GET /admin/error_view HTTP/1.1" 302 305 "-" "Mozilla/5.0 AppleWebKit/537.36 (KHTML, like Gecko; compatible; bingbot/2.0; +http://www.bing.com/bingbot.htm) Chrome/116.0.1938.76 Safari/537.36"
40.77.167.69 - - [01/Jun/2025:04:25:56 +0000] "GET /admin/main HTTP/1.1" 500 2213 "-" "Mozilla/5.0 AppleWebKit/537.36 (KHTML, like Gecko; compatible; bingbot/2.0; +http://www.bing.com/bingbot.htm) Chrome/116.0.1938.76 Safari/537.36"
40.77.167.47 - - [01/Jun/2025:04:26:51 +0000] "GET /index.php/admin/addleadview/3444 HTTP/1.1" 500 5039 "-" "Mozilla/5.0 AppleWebKit/537.36 (KHTML, like Gecko; compatible; bingbot/2.0; +http://www.bing.com/bingbot.htm) Chrome/116.0.1938.76 Safari/537.36"
66.228.53.204 - - [01/Jun/2025:04:27:18 +0000] "GET / HTTP/1.1" 404 434 "-" "Mozilla/5.0 (Macintosh; Intel Mac OS X 13_1) AppleWebKit/537.36 (KHTML, like Gecko) Chrome/108.0.0.0 Safari/537.36"
157.55.39.203 - - [01/Jun/2025:04:27:53 +0000] "GET /index.php/admin/deleteLeadop/8475 HTTP/1.1" 302 3130 "-" "Mozilla/5.0 AppleWebKit/537.36 (KHTML, like Gecko; compatible; bingbot/2.0; +http://www.bing.com/bingbot.htm) Chrome/116.0.1938.76 Safari/537.36"
157.55.39.203 - - [01/Jun/2025:04:27:54 +0000] "GET /admin/error_view HTTP/1.1" 302 305 "-" "Mozilla/5.0 AppleWebKit/537.36 (KHTML, like Gecko; compatible; bingbot/2.0; +http://www.bing.com/bingbot.htm) Chrome/116.0.1938.76 Safari/537.36"
157.55.39.203 - - [01/Jun/2025:04:27:55 +0000] "GET /admin/main HTTP/1.1" 500 2213 "-" "Mozilla/5.0 AppleWebKit/537.36 (KHTML, like Gecko; compatible; bingbot/2.0; +http://www.bing.com/bingbot.htm) Chrome/116.0.1938.76 Safari/537.36"
40.77.167.47 - - [01/Jun/2025:04:30:56 +0000] "GET /index.php/admin/addleadview/9458 HTTP/1.1" 500 5041 "-" "Mozilla/5.0 AppleWebKit/537.36 (KHTML, like Gecko; compatible; bingbot/2.0; +http://www.bing.com/bingbot.htm) Chrome/116.0.1938.76 Safari/537.36"
40.77.167.69 - - [01/Jun/2025:04:33:28 +0000] "GET /index.php/admin/deleteLeadop/2299 HTTP/1.1" 302 3129 "-" "Mozilla/5.0 AppleWebKit/537.36 (KHTML, like Gecko; compatible; bingbot/2.0; +http://www.bing.com/bingbot.htm) Chrome/116.0.1938.76 Safari/537.36"
40.77.167.69 - - [01/Jun/2025:04:33:29 +0000] "GET /admin/error_view HTTP/1.1" 302 305 "-" "Mozilla/5.0 AppleWebKit/537.36 (KHTML, like Gecko; compatible; bingbot/2.0; +http://www.bing.com/bingbot.htm) Chrome/116.0.1938.76 Safari/537.36"
40.77.167.69 - - [01/Jun/2025:04:33:30 +0000] "GET /admin/main HTTP/1.1" 500 2213 "-" "Mozilla/5.0 AppleWebKit/537.36 (KHTML, like Gecko; compatible; bingbot/2.0; +http://www.bing.com/bingbot.htm) Chrome/116.0.1938.76 Safari/537.36"
172.104.11.51 - - [01/Jun/2025:04:33:54 +0000] "GET / HTTP/1.1" 302 2687 "-" "Mozilla/5.0 (Macintosh; Intel Mac OS X 13_1) AppleWebKit/537.36 (KHTML, like Gecko) Chrome/108.0.0.0 Safari/537.36"
172.104.11.51 - - [01/Jun/2025:04:34:01 +0000] "GET /index.php/admin/login HTTP/1.1" 200 4278 "https://54.79.101.3/" "Mozilla/5.0 (Macintosh; Intel Mac OS X 13_1) AppleWebKit/537.36 (KHTML, like Gecko) Chrome/108.0.0.0 Safari/537.36"
172.236.228.222 - - [01/Jun/2025:04:34:26 +0000] "GET / HTTP/1.1" 302 2687 "-" "Mozilla/5.0 (Macintosh; Intel Mac OS X 13_1) AppleWebKit/537.36 (KHTML, like Gecko) Chrome/108.0.0.0 Safari/537.36"
172.236.228.222 - - [01/Jun/2025:04:34:32 +0000] "GET /index.php/admin/login HTTP/1.1" 200 4276 "https://54.79.101.3/" "Mozilla/5.0 (Macintosh; Intel Mac OS X 13_1) AppleWebKit/537.36 (KHTML, like Gecko) Chrome/108.0.0.0 Safari/537.36"
179.43.161.218 - - [01/Jun/2025:04:37:12 +0000] "GET / HTTP/1.1" 404 490 "-" "Mozilla/5.0 (Windows NT 10.0; Win64; x64) AppleWebKit/537.36 (KHTML, like Gecko) Chrome/90.0.4430.85 Safari/537.36 Edg/90.0.818.46"
52.167.144.136 - - [01/Jun/2025:04:40:46 +0000] "GET /index.php/admin/deleteLeadop/2353 HTTP/1.1" 302 3130 "-" "Mozilla/5.0 AppleWebKit/537.36 (KHTML, like Gecko; compatible; bingbot/2.0; +http://www.bing.com/bingbot.htm) Chrome/116.0.1938.76 Safari/537.36"
52.167.144.136 - - [01/Jun/2025:04:40:47 +0000] "GET /admin/error_view HTTP/1.1" 302 305 "-" "Mozilla/5.0 AppleWebKit/537.36 (KHTML, like Gecko; compatible; bingbot/2.0; +http://www.bing.com/bingbot.htm) Chrome/116.0.1938.76 Safari/537.36"
52.167.144.136 - - [01/Jun/2025:04:40:48 +0000] "GET /admin/main HTTP/1.1" 500 2213 "-" "Mozilla/5.0 AppleWebKit/537.36 (KHTML, like Gecko; compatible; bingbot/2.0; +http://www.bing.com/bingbot.htm) Chrome/116.0.1938.76 Safari/537.36"
157.55.39.62 - - [01/Jun/2025:04:42:23 +0000] "GET /index.php/admin/addcustomersview/9493 HTTP/1.1" 500 5045 "-" "Mozilla/5.0 AppleWebKit/537.36 (KHTML, like Gecko; compatible; bingbot/2.0; +http://www.bing.com/bingbot.htm) Chrome/116.0.1938.76 Safari/537.36"
157.55.39.62 - - [01/Jun/2025:04:42:44 +0000] "GET /index.php/admin/booking_create_view/6662 HTTP/1.1" 500 5049 "-" "Mozilla/5.0 AppleWebKit/537.36 (KHTML, like Gecko; compatible; bingbot/2.0; +http://www.bing.com/bingbot.htm) Chrome/116.0.1938.76 Safari/537.36"
192.155.90.118 - - [01/Jun/2025:04:43:28 +0000] "GET / HTTP/1.1" 404 434 "-" "Mozilla/5.0 (Macintosh; Intel Mac OS X 13_1) AppleWebKit/537.36 (KHTML, like Gecko) Chrome/108.0.0.0 Safari/537.36"
122.150.139.199 - - [01/Jun/2025:04:44:00 +0000] "GET /admin/addcustomersview/6580 HTTP/1.1" 200 8053 "https://tasktrakker.com.au/admin/main" "Mozilla/5.0 (iPhone; CPU iPhone OS 18_5 like Mac OS X) AppleWebKit/605.1.15 (KHTML, like Gecko) Version/18.5 Mobile/15E148 Safari/604.1"
122.150.139.199 - - [01/Jun/2025:04:44:00 +0000] "GET /assets/css/custom.css?1748753040 HTTP/1.1" 200 1143 "https://tasktrakker.com.au/admin/addcustomersview/6580" "Mozilla/5.0 (iPhone; CPU iPhone OS 18_5 like Mac OS X) AppleWebKit/605.1.15 (KHTML, like Gecko) Version/18.5 Mobile/15E148 Safari/604.1"
122.150.139.63 - - [01/Jun/2025:04:44:00 +0000] "GET /assets/dist/js/pages/dashboard.js?1748753040 HTTP/1.1" 200 6907 "https://tasktrakker.com.au/admin/addcustomersview/6580" "Mozilla/5.0 (iPhone; CPU iPhone OS 18_5 like Mac OS X) AppleWebKit/605.1.15 (KHTML, like Gecko) Version/18.5 Mobile/15E148 Safari/604.1"
43.157.158.178 - - [01/Jun/2025:04:45:33 +0000] "GET / HTTP/1.1" 404 453 "-" "Mozilla/5.0 (iPhone; CPU iPhone OS 13_2_3 like Mac OS X) AppleWebKit/605.1.15 (KHTML, like Gecko) Version/13.0.3 Mobile/15E148 Safari/604.1"
34.140.130.14 - - [01/Jun/2025:04:45:53 +0000] "GET / HTTP/1.1" 404 490 "-" "python-requests/2.32.3"
157.55.39.201 - - [01/Jun/2025:04:47:34 +0000] "GET /index.php/admin/deleteLeadop/9015 HTTP/1.1" 302 3129 "-" "Mozilla/5.0 AppleWebKit/537.36 (KHTML, like Gecko; compatible; bingbot/2.0; +http://www.bing.com/bingbot.htm) Chrome/116.0.1938.76 Safari/537.36"
157.55.39.201 - - [01/Jun/2025:04:47:35 +0000] "GET /admin/error_view HTTP/1.1" 302 305 "-" "Mozilla/5.0 AppleWebKit/537.36 (KHTML, like Gecko; compatible; bingbot/2.0; +http://www.bing.com/bingbot.htm) Chrome/116.0.1938.76 Safari/537.36"
157.55.39.201 - - [01/Jun/2025:04:47:36 +0000] "GET /admin/main HTTP/1.1" 500 2213 "-" "Mozilla/5.0 AppleWebKit/537.36 (KHTML, like Gecko; compatible; bingbot/2.0; +http://www.bing.com/bingbot.htm) Chrome/116.0.1938.76 Safari/537.36"
87.236.176.212 - - [01/Jun/2025:04:51:50 +0000] "GET / HTTP/1.1" 404 464 "-" "Mozilla/5.0 (compatible; InternetMeasurement/1.0; +https://internet-measurement.com/)"
124.223.193.173 - - [01/Jun/2025:04:53:36 +0000] "GET / HTTP/1.1" 302 2896 "-" "Mozilla/5.0 (Linux; Android 10; LIO-AN00 Build/HUAWEILIO-AN00; wv) MicroMessenger Weixin QQ AppleWebKit/537.36 (KHTML, like Gecko) Version/4.0 Chrome/78.0.3904.62 XWEB/2692 MMWEBSDK/200901 Mobile Safari/537.36"
124.223.193.173 - - [01/Jun/2025:04:53:46 +0000] "GET / HTTP/1.1" 302 2895 "-" "Mozilla/5.0 (Linux; Android 10; LIO-AN00 Build/HUAWEILIO-AN00; wv) MicroMessenger Weixin QQ AppleWebKit/537.36 (KHTML, like Gecko) Version/4.0 Chrome/78.0.3904.62 XWEB/2692 MMWEBSDK/200901 Mobile Safari/537.36"
124.223.193.173 - - [01/Jun/2025:04:53:52 +0000] "GET /index.php/admin/login HTTP/1.1" 200 4444 "https://test.tasktrakker.com.au" "Mozilla/5.0 (Linux; Android 10; LIO-AN00 Build/HUAWEILIO-AN00; wv) MicroMessenger Weixin QQ AppleWebKit/537.36 (KHTML, like Gecko) Version/4.0 Chrome/78.0.3904.62 XWEB/2692 MMWEBSDK/200901 Mobile Safari/537.36"
40.77.167.70 - - [01/Jun/2025:04:54:37 +0000] "GET /index.php/admin/deleteLeadop/3133 HTTP/1.1" 302 3130 "-" "Mozilla/5.0 AppleWebKit/537.36 (KHTML, like Gecko; compatible; bingbot/2.0; +http://www.bing.com/bingbot.htm) Chrome/116.0.1938.76 Safari/537.36"
40.77.167.70 - - [01/Jun/2025:04:54:37 +0000] "GET /admin/error_view HTTP/1.1" 302 305 "-" "Mozilla/5.0 AppleWebKit/537.36 (KHTML, like Gecko; compatible; bingbot/2.0; +http://www.bing.com/bingbot.htm) Chrome/116.0.1938.76 Safari/537.36"
40.77.167.70 - - [01/Jun/2025:04:54:38 +0000] "GET /admin/main HTTP/1.1" 500 2213 "-" "Mozilla/5.0 AppleWebKit/537.36 (KHTML, like Gecko; compatible; bingbot/2.0; +http://www.bing.com/bingbot.htm) Chrome/116.0.1938.76 Safari/537.36"
43.131.36.84 - - [01/Jun/2025:04:56:06 +0000] "GET / HTTP/1.1" 301 546 "-" "Mozilla/5.0 (iPhone; CPU iPhone OS 13_2_3 like Mac OS X) AppleWebKit/605.1.15 (KHTML, like Gecko) Version/13.0.3 Mobile/15E148 Safari/604.1"
43.131.36.84 - - [01/Jun/2025:04:56:07 +0000] "GET / HTTP/1.1" 302 2851 "http://tasktrakker.com.au" "Mozilla/5.0 (iPhone; CPU iPhone OS 13_2_3 like Mac OS X) AppleWebKit/605.1.15 (KHTML, like Gecko) Version/13.0.3 Mobile/15E148 Safari/604.1"
43.131.36.84 - - [01/Jun/2025:04:56:09 +0000] "GET /index.php/admin/login HTTP/1.1" 200 4443 "https://tasktrakker.com.au/" "Mozilla/5.0 (iPhone; CPU iPhone OS 13_2_3 like Mac OS X) AppleWebKit/605.1.15 (KHTML, like Gecko) Version/13.0.3 Mobile/15E148 Safari/604.1"
43.135.186.135 - - [01/Jun/2025:04:56:26 +0000] "GET / HTTP/1.1" 404 453 "-" "Mozilla/5.0 (iPhone; CPU iPhone OS 13_2_3 like Mac OS X) AppleWebKit/605.1.15 (KHTML, like Gecko) Version/13.0.3 Mobile/15E148 Safari/604.1"
180.149.229.9 - - [01/Jun/2025:04:57:10 +0000] "GET /.well-known/acme-challenge/SXXSVM3YZJWO2N_2QK5T73V6YXK8JA0B HTTP/1.1" 301 645 "-" "Cpanel-HTTP-Client/1.0"
180.149.229.9 - - [01/Jun/2025:04:57:10 +0000] "GET /.well-known/acme-challenge/SXXSVM3YZJWO2N_2QK5T73V6YXK8JA0B HTTP/1.1" 404 2801 "-" "Cpanel-HTTP-Client/1.0"
180.149.229.9 - - [01/Jun/2025:04:57:10 +0000] "GET /.well-known/acme-challenge/C-QBLCSABIKHPW4YF7O4SSEG84RCPMAU HTTP/1.1" 404 445 "-" "Cpanel-HTTP-Client/1.0"
180.149.229.9 - - [01/Jun/2025:04:57:10 +0000] "GET /.well-known/acme-challenge/O-U5GUB7T4DCLC9LNL5-SHJP68TTF855 HTTP/1.1" 404 446 "-" "Cpanel-HTTP-Client/1.0"
40.77.167.241 - - [01/Jun/2025:05:02:31 +0000] "GET /index.php/admin/production_form/0/9681 HTTP/1.1" 302 3169 "-" "Mozilla/5.0 AppleWebKit/537.36 (KHTML, like Gecko; compatible; bingbot/2.0; +http://www.bing.com/bingbot.htm) Chrome/116.0.1938.76 Safari/537.36"
40.77.167.241 - - [01/Jun/2025:05:02:31 +0000] "GET /admin/error_view HTTP/1.1" 302 305 "-" "Mozilla/5.0 AppleWebKit/537.36 (KHTML, like Gecko; compatible; bingbot/2.0; +http://www.bing.com/bingbot.htm) Chrome/116.0.1938.76 Safari/537.36"
40.77.167.241 - - [01/Jun/2025:05:02:32 +0000] "GET /admin/main HTTP/1.1" 500 2213 "-" "Mozilla/5.0 AppleWebKit/537.36 (KHTML, like Gecko; compatible; bingbot/2.0; +http://www.bing.com/bingbot.htm) Chrome/116.0.1938.76 Safari/537.36"
52.167.144.168 - - [01/Jun/2025:05:03:15 +0000] "GET /index.php/admin/addcustomersview/9535 HTTP/1.1" 500 5046 "-" "Mozilla/5.0 AppleWebKit/537.36 (KHTML, like Gecko; compatible; bingbot/2.0; +http://www.bing.com/bingbot.htm) Chrome/116.0.1938.76 Safari/537.36"
104.234.115.236 - - [01/Jun/2025:05:04:37 +0000] "GET / HTTP/1.0" 301 561 "-" "'Mozilla/5.0 (compatible; GenomeCrawlerd/1.0; +https://www.nokia.com/genomecrawler)'"
104.234.115.236 - - [01/Jun/2025:05:04:56 +0000] "\x16\x03\x01" 400 497 "-" "-"
104.234.115.236 - - [01/Jun/2025:05:05:58 +0000] "GET / HTTP/1.1" 404 434 "-" "'Mozilla/5.0 (compatible; GenomeCrawlerd/1.0; +https://www.nokia.com/genomecrawler)'"
104.234.115.236 - - [01/Jun/2025:05:07:24 +0000] "GET /manage/account/login HTTP/1.1" 404 434 "-" "'Mozilla/5.0 (compatible; GenomeCrawlerd/1.0; +https://www.nokia.com/genomecrawler)'"
207.46.13.154 - - [01/Jun/2025:05:08:16 +0000] "GET /index.php/admin/ticket/0/9631 HTTP/1.1" 500 5035 "-" "Mozilla/5.0 AppleWebKit/537.36 (KHTML, like Gecko; compatible; bingbot/2.0; +http://www.bing.com/bingbot.htm) Chrome/116.0.1938.76 Safari/537.36"
104.234.115.236 - - [01/Jun/2025:05:08:51 +0000] "GET /admin/index.html HTTP/1.1" 404 434 "-" "'Mozilla/5.0 (compatible; GenomeCrawlerd/1.0; +https://www.nokia.com/genomecrawler)'"
162.243.91.172 - - [01/Jun/2025:05:08:57 +0000] "GET /form.html HTTP/1.1" 404 434 "-" "curl/8.1.2"
162.243.91.172 - - [01/Jun/2025:05:08:58 +0000] "GET /favicon.ico HTTP/1.1" 404 434 "-" "Mozilla/5.0 (Windows NT 10.0; Win64; x64) AppleWebKit/537.36 (KHTML, like Gecko) Chrome/108.0.0.0 Safari/537.36"
162.243.91.172 - - [01/Jun/2025:05:08:58 +0000] "GET /1.php HTTP/1.1" 404 434 "-" "Mozilla/5.0 (Windows NT 10.0; Win64; x64) AppleWebKit/537.36 (KHTML, like Gecko) Chrome/108.0.0.0 Safari/537.36"
162.243.91.172 - - [01/Jun/2025:05:08:59 +0000] "GET /systembc/password.php HTTP/1.1" 404 434 "-" "Mozilla/5.0 (Windows NT 10.0; Win64; x64) AppleWebKit/537.36 (KHTML, like Gecko) Chrome/108.0.0.0 Safari/537.36"
162.243.91.172 - - [01/Jun/2025:05:08:59 +0000] "GET /password.php HTTP/1.1" 404 434 "-" "Mozilla/5.0 (Windows NT 10.0; Win64; x64) AppleWebKit/537.36 (KHTML, like Gecko) Chrome/108.0.0.0 Safari/537.36"
162.243.91.172 - - [01/Jun/2025:05:08:59 +0000] "\x16\x03\x01" 400 497 "-" "-"
162.243.91.172 - - [01/Jun/2025:05:09:00 +0000] "\x16\x03\x01" 400 497 "-" "-"
162.243.91.172 - - [01/Jun/2025:05:09:00 +0000] "\x16\x03\x01" 400 497 "-" "-"
162.243.91.172 - - [01/Jun/2025:05:09:01 +0000] "GET /upl.php HTTP/1.1" 404 434 "-" "Mozilla/5.0"
162.243.91.172 - - [01/Jun/2025:05:09:01 +0000] "GET /t4 HTTP/1.1" 404 434 "-" "Mozilla/5.0"
162.243.91.172 - - [01/Jun/2025:05:09:01 +0000] "GET /geoip/ HTTP/1.1" 404 434 "-" "Mozilla/5.0 (Windows NT 10.0; Win64; x64) AppleWebKit/537.36 (KHTML, like Gecko) Chrome/108.0.0.0 Safari/537.36"
104.234.115.236 - - [01/Jun/2025:05:10:29 +0000] "GET /index.html HTTP/1.1" 404 434 "-" "'Mozilla/5.0 (compatible; GenomeCrawlerd/1.0; +https://www.nokia.com/genomecrawler)'"
104.234.115.236 - - [01/Jun/2025:05:11:43 +0000] "GET /+CSCOE+/logon.html HTTP/1.1" 404 434 "-" "'Mozilla/5.0 (compatible; GenomeCrawlerd/1.0; +https://www.nokia.com/genomecrawler)'"
52.167.144.194 - - [01/Jun/2025:05:12:21 +0000] "GET /index.php/admin/ticket/0/6425 HTTP/1.1" 500 5036 "-" "Mozilla/5.0 AppleWebKit/537.36 (KHTML, like Gecko; compatible; bingbot/2.0; +http://www.bing.com/bingbot.htm) Chrome/116.0.1938.76 Safari/537.36"
52.167.144.194 - - [01/Jun/2025:05:12:40 +0000] "GET /index.php/admin/booking_create_view/9513 HTTP/1.1" 500 5049 "-" "Mozilla/5.0 AppleWebKit/537.36 (KHTML, like Gecko; compatible; bingbot/2.0; +http://www.bing.com/bingbot.htm) Chrome/116.0.1938.76 Safari/537.36"
104.234.115.236 - - [01/Jun/2025:05:13:32 +0000] "GET /cgi-bin/login.cgi HTTP/1.1" 404 434 "-" "'Mozilla/5.0 (compatible; GenomeCrawlerd/1.0; +https://www.nokia.com/genomecrawler)'"
104.234.115.236 - - [01/Jun/2025:05:14:37 +0000] "GET /login.htm HTTP/1.1" 404 434 "-" "'Mozilla/5.0 (compatible; GenomeCrawlerd/1.0; +https://www.nokia.com/genomecrawler)'"
122.150.152.237 - - [01/Jun/2025:05:16:04 +0000] "GET /index.php/admin/main HTTP/1.1" 200 8016 "-" "Mozilla/5.0 (iPhone; CPU iPhone OS 18_3_2 like Mac OS X) AppleWebKit/605.1.15 (KHTML, like Gecko) CriOS/137.0.7151.51 Mobile/15E148 Safari/604.1"
122.150.152.237 - - [01/Jun/2025:05:16:04 +0000] "GET /assets/css/custom.css?1748754964 HTTP/1.1" 200 1143 "https://tasktrakker.com.au/index.php/admin/main" "Mozilla/5.0 (iPhone; CPU iPhone OS 18_3_2 like Mac OS X) AppleWebKit/605.1.15 (KHTML, like Gecko) CriOS/137.0.7151.51 Mobile/15E148 Safari/604.1"
122.150.152.217 - - [01/Jun/2025:05:16:04 +0000] "GET /assets/dist/js/pages/dashboard.js?1748754964 HTTP/1.1" 200 6909 "https://tasktrakker.com.au/index.php/admin/main" "Mozilla/5.0 (iPhone; CPU iPhone OS 18_3_2 like Mac OS X) AppleWebKit/605.1.15 (KHTML, like Gecko) CriOS/137.0.7151.51 Mobile/15E148 Safari/604.1"
122.150.152.237 - - [01/Jun/2025:05:16:05 +0000] "GET /index.php/admin/get_fullcalendar?start=2025-06-01T00%3A00%3A00%2B10%3A00&end=2025-07-13T00%3A00%3A00%2B10%3A00 HTTP/1.1" 200 1468 "https://tasktrakker.com.au/index.php/admin/main" "Mozilla/5.0 (iPhone; CPU iPhone OS 18_3_2 like Mac OS X) AppleWebKit/605.1.15 (KHTML, like Gecko) CriOS/137.0.7151.51 Mobile/15E148 Safari/604.1"
122.150.152.217 - - [01/Jun/2025:05:16:05 +0000] "GET /index.php/admin/get_fullcalendar?start=2025-06-29T00%3A00%3A00%2B10%3A00&end=2025-08-10T00%3A00%3A00%2B10%3A00 HTTP/1.1" 200 956 "https://tasktrakker.com.au/index.php/admin/main" "Mozilla/5.0 (iPhone; CPU iPhone OS 18_3_2 like Mac OS X) AppleWebKit/605.1.15 (KHTML, like Gecko) CriOS/137.0.7151.51 Mobile/15E148 Safari/604.1"
104.234.115.236 - - [01/Jun/2025:05:16:53 +0000] "GET /login.html HTTP/1.1" 404 434 "-" "'Mozilla/5.0 (compatible; GenomeCrawlerd/1.0; +https://www.nokia.com/genomecrawler)'"
40.77.167.30 - - [01/Jun/2025:05:16:54 +0000] "GET /index.php/admin/deleteLeadop/7241 HTTP/1.1" 302 3131 "-" "Mozilla/5.0 AppleWebKit/537.36 (KHTML, like Gecko; compatible; bingbot/2.0; +http://www.bing.com/bingbot.htm) Chrome/116.0.1938.76 Safari/537.36"
40.77.167.30 - - [01/Jun/2025:05:16:55 +0000] "GET /admin/error_view HTTP/1.1" 302 305 "-" "Mozilla/5.0 AppleWebKit/537.36 (KHTML, like Gecko; compatible; bingbot/2.0; +http://www.bing.com/bingbot.htm) Chrome/116.0.1938.76 Safari/537.36"
40.77.167.30 - - [01/Jun/2025:05:16:56 +0000] "GET /admin/main HTTP/1.1" 500 2213 "-" "Mozilla/5.0 AppleWebKit/537.36 (KHTML, like Gecko; compatible; bingbot/2.0; +http://www.bing.com/bingbot.htm) Chrome/116.0.1938.76 Safari/537.36"
157.55.39.6 - - [01/Jun/2025:05:17:06 +0000] "GET /index.php/admin/addcustomersview/9571 HTTP/1.1" 500 5045 "-" "Mozilla/5.0 AppleWebKit/537.36 (KHTML, like Gecko; compatible; bingbot/2.0; +http://www.bing.com/bingbot.htm) Chrome/116.0.1938.76 Safari/537.36"
104.234.115.236 - - [01/Jun/2025:05:18:15 +0000] "GET /login.jsp HTTP/1.1" 404 434 "-" "'Mozilla/5.0 (compatible; GenomeCrawlerd/1.0; +https://www.nokia.com/genomecrawler)'"
157.55.39.6 - - [01/Jun/2025:05:18:38 +0000] "GET /index.php/admin/addleadview/4675 HTTP/1.1" 500 5040 "-" "Mozilla/5.0 AppleWebKit/537.36 (KHTML, like Gecko; compatible; bingbot/2.0; +http://www.bing.com/bingbot.htm) Chrome/116.0.1938.76 Safari/537.36"
120.79.12.7 - - [01/Jun/2025:05:19:30 +0000] "GET / HTTP/1.1" 404 475 "-" "Mozilla/5.0 (iPhone; CPU iPhone OS 18_1 like Mac OS X) AppleWebKit/605.1.15 (KHTML, like Gecko) Version/18.0 Mobile/15E148 Safari/605.1.15"
104.234.115.236 - - [01/Jun/2025:05:21:30 +0000] "GET /doc/index.html HTTP/1.1" 404 434 "-" "'Mozilla/5.0 (compatible; GenomeCrawlerd/1.0; +https://www.nokia.com/genomecrawler)'"
104.234.115.236 - - [01/Jun/2025:05:22:59 +0000] "GET /remote/login HTTP/1.1" 404 434 "-" "'Mozilla/5.0 (compatible; GenomeCrawlerd/1.0; +https://www.nokia.com/genomecrawler)'"
157.55.39.6 - - [01/Jun/2025:05:23:19 +0000] "GET /index.php/admin/booking_delete/7181/6353 HTTP/1.1" 302 3129 "-" "Mozilla/5.0 AppleWebKit/537.36 (KHTML, like Gecko; compatible; bingbot/2.0; +http://www.bing.com/bingbot.htm) Chrome/116.0.1938.76 Safari/537.36"
157.55.39.6 - - [01/Jun/2025:05:23:21 +0000] "GET /admin/error_view HTTP/1.1" 302 305 "-" "Mozilla/5.0 AppleWebKit/537.36 (KHTML, like Gecko; compatible; bingbot/2.0; +http://www.bing.com/bingbot.htm) Chrome/116.0.1938.76 Safari/537.36"
157.55.39.6 - - [01/Jun/2025:05:23:22 +0000] "GET /admin/main HTTP/1.1" 500 2213 "-" "Mozilla/5.0 AppleWebKit/537.36 (KHTML, like Gecko; compatible; bingbot/2.0; +http://www.bing.com/bingbot.htm) Chrome/116.0.1938.76 Safari/537.36"
176.65.148.250 - - [01/Jun/2025:05:24:11 +0000] "POST /boaform/admin/formLogin HTTP/1.1" 404 490 "http://54.79.101.3:80/admin/login.asp" "Mozilla/5.0 (X11; Ubuntu; Linux x86_64; rv:71.0) Gecko/20100101 Firefox/71.0"
104.234.115.236 - - [01/Jun/2025:05:24:36 +0000] "GET //admin/login.asp HTTP/1.1" 404 434 "-" "'Mozilla/5.0 (compatible; GenomeCrawlerd/1.0; +https://www.nokia.com/genomecrawler)'"
104.234.115.236 - - [01/Jun/2025:05:25:50 +0000] "GET /web/ HTTP/1.1" 404 434 "-" "'Mozilla/5.0 (compatible; GenomeCrawlerd/1.0; +https://www.nokia.com/genomecrawler)'"
157.55.39.6 - - [01/Jun/2025:05:26:39 +0000] "GET /index.php/admin/addcustomersview/6180 HTTP/1.1" 500 5046 "-" "Mozilla/5.0 AppleWebKit/537.36 (KHTML, like Gecko; compatible; bingbot/2.0; +http://www.bing.com/bingbot.htm) Chrome/116.0.1938.76 Safari/537.36"
104.234.115.236 - - [01/Jun/2025:05:27:29 +0000] "GET //webpages/login.html HTTP/1.1" 404 434 "-" "'Mozilla/5.0 (compatible; GenomeCrawlerd/1.0; +https://www.nokia.com/genomecrawler)'"
136.0.156.110 - - [01/Jun/2025:05:28:21 +0000] "GET /.env HTTP/1.1" 404 2912 "-" "Mozilla/5.0 (Windows NT 10.0; Win64; x64) AppleWebKit/537.36 (KHTML, like Gecko) Chrome/116.0.5845.140 Safari/537.36"
136.0.156.110 - - [01/Jun/2025:05:28:22 +0000] "POST / HTTP/1.1" 200 8998 "-" "Mozilla/5.0 (Windows NT 10.0; Win64; x64) AppleWebKit/537.36 (KHTML, like Gecko) Chrome/116.0.5845.140 Safari/537.36"
40.77.167.4 - - [01/Jun/2025:05:29:55 +0000] "GET /index.php/admin/booking_create_view/6875 HTTP/1.1" 500 5050 "-" "Mozilla/5.0 AppleWebKit/537.36 (KHTML, like Gecko; compatible; bingbot/2.0; +http://www.bing.com/bingbot.htm) Chrome/116.0.1938.76 Safari/537.36"
157.55.39.6 - - [01/Jun/2025:05:31:19 +0000] "GET /index.php/admin/addcustomersview/9493 HTTP/1.1" 500 5046 "-" "Mozilla/5.0 AppleWebKit/537.36 (KHTML, like Gecko; compatible; bingbot/2.0; +http://www.bing.com/bingbot.htm) Chrome/116.0.1938.76 Safari/537.36"
45.56.79.53 - - [01/Jun/2025:05:31:40 +0000] "GET / HTTP/1.0" 400 633 "-" "-"
157.55.39.6 - - [01/Jun/2025:05:31:59 +0000] "GET /index.php/admin/addcustomersview/9452 HTTP/1.1" 500 5045 "-" "Mozilla/5.0 AppleWebKit/537.36 (KHTML, like Gecko; compatible; bingbot/2.0; +http://www.bing.com/bingbot.htm) Chrome/116.0.1938.76 Safari/537.36"
72.14.178.148 - - [01/Jun/2025:05:32:05 +0000] "GET / HTTP/1.1" 404 434 "-" "Mozilla/5.0 zgrab/0.x"
172.236.127.133 - - [01/Jun/2025:05:32:32 +0000] "GET / HTTP/1.1" 404 434 "-" "Mozilla/5.0 (Macintosh; Intel Mac OS X 13_1) AppleWebKit/537.36 (KHTML, like Gecko) Chrome/108.0.0.0 Safari/537.36"
40.77.167.4 - - [01/Jun/2025:05:36:24 +0000] "GET /index.php/admin/addcustomersview/3717 HTTP/1.1" 500 5045 "-" "Mozilla/5.0 AppleWebKit/537.36 (KHTML, like Gecko; compatible; bingbot/2.0; +http://www.bing.com/bingbot.htm) Chrome/116.0.1938.76 Safari/537.36"
157.55.39.10 - - [01/Jun/2025:05:36:39 +0000] "GET /index.php/admin/addcustomersview/9493 HTTP/1.1" 500 5084 "-" "Mozilla/5.0 AppleWebKit/537.36 (KHTML, like Gecko; compatible; bingbot/2.0; +http://www.bing.com/bingbot.htm) Chrome/116.0.1938.76 Safari/537.36"
104.234.115.236 - - [01/Jun/2025:05:37:56 +0000] "-" 408 2594 "-" "-"
5.75.207.97 - - [01/Jun/2025:05:41:26 +0000] "GET / HTTP/1.0" 404 453 "-" "Mozilla/5.0 (Windows; U; MSIE 9.0; Windows NT 9.1; en-US)"
95.164.63.94 - - [01/Jun/2025:05:41:34 +0000] "GET / HTTP/1.1" 404 453 "-" "Mozilla/5.0 (Windows NT 10.0; Win64; x64) AppleWebKit/537.36 (KHTML, like Gecko) Chrome/77.0.3865.120 Safari/537.36"
95.164.63.94 - - [01/Jun/2025:05:41:35 +0000] "GET / HTTP/1.1" 404 453 "-" "Mozilla/5.0 (Windows NT 10.0; Win64; x64) AppleWebKit/537.36 (KHTML, like Gecko) Chrome/77.0.3865.120 Safari/537.36"
95.164.63.94 - - [01/Jun/2025:05:41:35 +0000] "GET /favicon.ico HTTP/1.1" 404 453 "-" "Mozilla/5.0 (Windows NT 10.0; Win64; x64) AppleWebKit/537.36 (KHTML, like Gecko) Chrome/77.0.3865.120 Safari/537.36"
107.173.122.103 - - [01/Jun/2025:05:41:42 +0000] "GET / HTTP/1.1" 404 453 "-" "Mozilla/5.0 (Windows NT 10.0; Win64; x64) AppleWebKit/537.36 (KHTML, like Gecko) Chrome/77.0.3865.120 Safari/537.36"
107.173.122.103 - - [01/Jun/2025:05:41:43 +0000] "GET /Assets/Telerik.Web.UI.DialogHandler.aspx HTTP/1.1" 404 453 "-" "Mozilla/5.0 (Windows NT 10.0; Win64; x64) AppleWebKit/537.36 (KHTML, like Gecko) Chrome/77.0.3865.120 Safari/537.36"
118.102.81.190 - - [01/Jun/2025:05:41:43 +0000] "GET / HTTP/1.1" 302 2904 "-" "Mozilla/5.0 (Windows NT 10.0; Win64; x64) AppleWebKit/537.36 (KHTML, like Gecko) Chrome/136.0.0.0 Safari/537.36"
107.173.122.103 - - [01/Jun/2025:05:41:43 +0000] "GET /DesktopModules/Admin/RadEditorProvider/DialogHandler.aspx HTTP/1.1" 404 453 "-" "Mozilla/5.0 (Windows NT 10.0; Win64; x64) AppleWebKit/537.36 (KHTML, like Gecko) Chrome/77.0.3865.120 Safari/537.36"
118.102.81.190 - - [01/Jun/2025:05:41:43 +0000] "GET /index.php/admin/login HTTP/1.1" 200 1924 "-" "Mozilla/5.0 (Windows NT 10.0; Win64; x64) AppleWebKit/537.36 (KHTML, like Gecko) Chrome/136.0.0.0 Safari/537.36"
118.102.81.190 - - [01/Jun/2025:05:41:43 +0000] "GET /assets/plugins/jQuery/jquery-2.2.3.min.js HTTP/1.1" 200 30371 "https://tasktrakker.com.au/index.php/admin/login" "Mozilla/5.0 (Windows NT 10.0; Win64; x64) AppleWebKit/537.36 (KHTML, like Gecko) Chrome/136.0.0.0 Safari/537.36"
118.102.81.190 - - [01/Jun/2025:05:41:43 +0000] "GET /assets/plugins/iCheck/icheck.min.js HTTP/1.1" 200 2909 "https://tasktrakker.com.au/index.php/admin/login" "Mozilla/5.0 (Windows NT 10.0; Win64; x64) AppleWebKit/537.36 (KHTML, like Gecko) Chrome/136.0.0.0 Safari/537.36"
107.173.122.103 - - [01/Jun/2025:05:41:43 +0000] "GET /providers/htmleditorproviders/telerik/telerik.web.ui.dialoghandler.aspx HTTP/1.1" 404 453 "-" "Mozilla/5.0 (Windows NT 10.0; Win64; x64) AppleWebKit/537.36 (KHTML, like Gecko) Chrome/77.0.3865.120 Safari/537.36"
107.173.122.103 - - [01/Jun/2025:05:41:44 +0000] "GET /Telerik.Web.UI.DialogHandler.aspx HTTP/1.1" 404 453 "-" "Mozilla/5.0 (Windows NT 10.0; Win64; x64) AppleWebKit/537.36 (KHTML, like Gecko) Chrome/77.0.3865.120 Safari/537.36"
107.173.122.103 - - [01/Jun/2025:05:41:44 +0000] "GET /common/admin/Jobs2/Telerik.Web.UI.DialogHandler.aspx HTTP/1.1" 404 453 "-" "Mozilla/5.0 (Windows NT 10.0; Win64; x64) AppleWebKit/537.36 (KHTML, like Gecko) Chrome/77.0.3865.120 Safari/537.36"
107.173.122.103 - - [01/Jun/2025:05:41:44 +0000] "GET /common/admin/Calendar/Telerik.Web.UI.DialogHandler.aspx HTTP/1.1" 404 453 "-" "Mozilla/5.0 (Windows NT 10.0; Win64; x64) AppleWebKit/537.36 (KHTML, like Gecko) Chrome/77.0.3865.120 Safari/537.36"
118.102.81.190 - - [01/Jun/2025:05:41:45 +0000] "POST /index.php/admin/auth HTTP/1.1" 303 618 "https://tasktrakker.com.au/index.php/admin/login" "Mozilla/5.0 (Windows NT 10.0; Win64; x64) AppleWebKit/537.36 (KHTML, like Gecko) Chrome/136.0.0.0 Safari/537.36"
118.102.81.190 - - [01/Jun/2025:05:41:45 +0000] "GET /admin/main HTTP/1.1" 200 6690 "https://tasktrakker.com.au/index.php/admin/login" "Mozilla/5.0 (Windows NT 10.0; Win64; x64) AppleWebKit/537.36 (KHTML, like Gecko) Chrome/136.0.0.0 Safari/537.36"
118.102.81.190 - - [01/Jun/2025:05:41:45 +0000] "GET /assets/css/custom.css?1748756505 HTTP/1.1" 200 1143 "https://tasktrakker.com.au/admin/main" "Mozilla/5.0 (Windows NT 10.0; Win64; x64) AppleWebKit/537.36 (KHTML, like Gecko) Chrome/136.0.0.0 Safari/537.36"
118.102.81.190 - - [01/Jun/2025:05:41:45 +0000] "GET /assets/dist/js/pages/dashboard.js?1748756505 HTTP/1.1" 200 4337 "https://tasktrakker.com.au/admin/main" "Mozilla/5.0 (Windows NT 10.0; Win64; x64) AppleWebKit/537.36 (KHTML, like Gecko) Chrome/136.0.0.0 Safari/537.36"
107.173.122.103 - - [01/Jun/2025:05:41:45 +0000] "GET /AsiCommon/Controls/ContentManagement/ContentDesigner/Telerik.Web.UI.DialogHandler.aspx HTTP/1.1" 404 453 "-" "Mozilla/5.0 (Windows NT 10.0; Win64; x64) AppleWebKit/537.36 (KHTML, like Gecko) Chrome/77.0.3865.120 Safari/537.36"
118.102.81.190 - - [01/Jun/2025:05:41:45 +0000] "GET /index.php/admin/get_fullcalendar?start=2025-06-01T00%3A00%3A00%2B10%3A00&end=2025-07-13T00%3A00%3A00%2B10%3A00 HTTP/1.1" 200 1499 "https://tasktrakker.com.au/admin/main" "Mozilla/5.0 (Windows NT 10.0; Win64; x64) AppleWebKit/537.36 (KHTML, like Gecko) Chrome/136.0.0.0 Safari/537.36"
118.102.81.190 - - [01/Jun/2025:05:41:45 +0000] "GET /index.php/admin/get_fullcalendar?start=2025-06-01T00%3A00%3A00%2B10%3A00&end=2025-07-13T00%3A00%3A00%2B10%3A00 HTTP/1.1" 200 1499 "https://tasktrakker.com.au/admin/main" "Mozilla/5.0 (Windows NT 10.0; Win64; x64) AppleWebKit/537.36 (KHTML, like Gecko) Chrome/136.0.0.0 Safari/537.36"
107.173.122.103 - - [01/Jun/2025:05:41:45 +0000] "GET /Providers/HtmlEditorProviders/Telerik/Telerik.Web.UI.DialogHandler.aspx HTTP/1.1" 404 453 "-" "Mozilla/5.0 (Windows NT 10.0; Win64; x64) AppleWebKit/537.36 (KHTML, like Gecko) Chrome/77.0.3865.120 Safari/537.36"
107.173.122.103 - - [01/Jun/2025:05:41:45 +0000] "GET /cms/portlets/Telerik.Web.UI.DialogHandler.aspx HTTP/1.1" 404 453 "-" "Mozilla/5.0 (Windows NT 10.0; Win64; x64) AppleWebKit/537.36 (KHTML, like Gecko) Chrome/77.0.3865.120 Safari/537.36"
107.173.122.103 - - [01/Jun/2025:05:41:46 +0000] "GET /sitecore/shell/RadControls/Spell/Telerik.Spell.DialogHandler.aspx HTTP/1.1" 404 453 "-" "Mozilla/5.0 (Windows NT 10.0; Win64; x64) AppleWebKit/537.36 (KHTML, like Gecko) Chrome/77.0.3865.120 Safari/537.36"
107.173.122.103 - - [01/Jun/2025:05:41:46 +0000] "GET /common/admin/PhotoGallery2/Telerik.Web.UI.DialogHandler.aspx HTTP/1.1" 404 453 "-" "Mozilla/5.0 (Windows NT 10.0; Win64; x64) AppleWebKit/537.36 (KHTML, like Gecko) Chrome/77.0.3865.120 Safari/537.36"
107.173.122.103 - - [01/Jun/2025:05:41:47 +0000] "GET /_controls/responsive/Telerik.Web.UI.DialogHandler.aspx HTTP/1.1" 404 453 "-" "Mozilla/5.0 (Windows NT 10.0; Win64; x64) AppleWebKit/537.36 (KHTML, like Gecko) Chrome/77.0.3865.120 Safari/537.36"
107.173.122.103 - - [01/Jun/2025:05:41:47 +0000] "GET /controls/events/v2/Telerik.Web.UI.DialogHandler.aspx HTTP/1.1" 404 453 "-" "Mozilla/5.0 (Windows NT 10.0; Win64; x64) AppleWebKit/537.36 (KHTML, like Gecko) Chrome/77.0.3865.120 Safari/537.36"
118.102.81.190 - - [01/Jun/2025:05:41:47 +0000] "GET /index.php/admin/manageCustomers HTTP/1.1" 200 9202 "https://tasktrakker.com.au/admin/main" "Mozilla/5.0 (Windows NT 10.0; Win64; x64) AppleWebKit/537.36 (KHTML, like Gecko) Chrome/136.0.0.0 Safari/537.36"
118.102.81.190 - - [01/Jun/2025:05:41:47 +0000] "GET /assets/css/custom.css?1748756507 HTTP/1.1" 200 1143 "https://tasktrakker.com.au/index.php/admin/manageCustomers" "Mozilla/5.0 (Windows NT 10.0; Win64; x64) AppleWebKit/537.36 (KHTML, like Gecko) Chrome/136.0.0.0 Safari/537.36"
118.102.81.190 - - [01/Jun/2025:05:41:47 +0000] "GET /assets/dist/js/pages/dashboard.js?1748756507 HTTP/1.1" 200 4337 "https://tasktrakker.com.au/index.php/admin/manageCustomers" "Mozilla/5.0 (Windows NT 10.0; Win64; x64) AppleWebKit/537.36 (KHTML, like Gecko) Chrome/136.0.0.0 Safari/537.36"
107.173.122.103 - - [01/Jun/2025:05:41:47 +0000] "GET /_wpresources/RadEditorSharePoint/6.9.0.0__1f131a624888eeed/Resources/Telerik.Web.UI.DialogHandler.aspx HTTP/1.1" 404 453 "-" "Mozilla/5.0 (Windows NT 10.0; Win64; x64) AppleWebKit/537.36 (KHTML, like Gecko) Chrome/77.0.3865.120 Safari/537.36"
107.173.122.103 - - [01/Jun/2025:05:41:48 +0000] "GET /app_master/telerik.web.ui.dialoghandler.aspx HTTP/1.1" 404 453 "-" "Mozilla/5.0 (Windows NT 10.0; Win64; x64) AppleWebKit/537.36 (KHTML, like Gecko) Chrome/77.0.3865.120 Safari/537.36"
107.173.122.103 - - [01/Jun/2025:05:41:48 +0000] "GET /en/providers/htmleditorproviders/telerik/telerik.web.ui.dialoghandler.aspx HTTP/1.1" 404 453 "-" "Mozilla/5.0 (Windows NT 10.0; Win64; x64) AppleWebKit/537.36 (KHTML, like Gecko) Chrome/77.0.3865.120 Safari/537.36"
118.102.81.190 - - [01/Jun/2025:05:41:48 +0000] "GET /index.php/admin/addcustomersview HTTP/1.1" 200 6769 "https://tasktrakker.com.au/index.php/admin/manageCustomers" "Mozilla/5.0 (Windows NT 10.0; Win64; x64) AppleWebKit/537.36 (KHTML, like Gecko) Chrome/136.0.0.0 Safari/537.36"
118.102.81.190 - - [01/Jun/2025:05:41:48 +0000] "GET /assets/css/custom.css?1748756508 HTTP/1.1" 200 1143 "https://tasktrakker.com.au/index.php/admin/addcustomersview" "Mozilla/5.0 (Windows NT 10.0; Win64; x64) AppleWebKit/537.36 (KHTML, like Gecko) Chrome/136.0.0.0 Safari/537.36"
118.102.81.190 - - [01/Jun/2025:05:41:48 +0000] "GET /assets/dist/js/pages/dashboard.js?1748756508 HTTP/1.1" 200 4337 "https://tasktrakker.com.au/index.php/admin/addcustomersview" "Mozilla/5.0 (Windows NT 10.0; Win64; x64) AppleWebKit/537.36 (KHTML, like Gecko) Chrome/136.0.0.0 Safari/537.36"
107.173.122.103 - - [01/Jun/2025:05:41:48 +0000] "GET /desktopmodules/telerikwebui/radeditorprovider/telerik.web.ui.dialoghandler.aspx HTTP/1.1" 404 453 "-" "Mozilla/5.0 (Windows NT 10.0; Win64; x64) AppleWebKit/537.36 (KHTML, like Gecko) Chrome/77.0.3865.120 Safari/537.36"
107.173.122.103 - - [01/Jun/2025:05:41:49 +0000] "GET /desktopmodules/dnnwerk.radeditorprovider/dialoghandler.aspx HTTP/1.1" 404 453 "-" "Mozilla/5.0 (Windows NT 10.0; Win64; x64) AppleWebKit/537.36 (KHTML, like Gecko) Chrome/77.0.3865.120 Safari/537.36"
107.173.122.103 - - [01/Jun/2025:05:41:49 +0000] "GET /dashboard/UserControl/CMS/Page/Telerik.Web.UI.DialogHandler.aspx HTTP/1.1" 404 453 "-" "Mozilla/5.0 (Windows NT 10.0; Win64; x64) AppleWebKit/537.36 (KHTML, like Gecko) Chrome/77.0.3865.120 Safari/537.36"
107.173.122.103 - - [01/Jun/2025:05:41:49 +0000] "GET /ajaxpro/AjaxPro.Services.ProfileService,AjaxPro.2.ashx HTTP/1.1" 404 453 "-" "Mozilla/5.0 (Windows NT 10.0; Win64; x64) AppleWebKit/537.36 (KHTML, like Gecko) Chrome/77.0.3865.120 Safari/537.36"
118.102.81.190 - - [01/Jun/2025:05:41:52 +0000] "GET /index.php/admin/main HTTP/1.1" 200 6693 "https://tasktrakker.com.au/index.php/admin/addcustomersview" "Mozilla/5.0 (Windows NT 10.0; Win64; x64) AppleWebKit/537.36 (KHTML, like Gecko) Chrome/136.0.0.0 Safari/537.36"
118.102.81.190 - - [01/Jun/2025:05:41:52 +0000] "GET /assets/css/custom.css?1748756512 HTTP/1.1" 200 1143 "https://tasktrakker.com.au/index.php/admin/main" "Mozilla/5.0 (Windows NT 10.0; Win64; x64) AppleWebKit/537.36 (KHTML, like Gecko) Chrome/136.0.0.0 Safari/537.36"
118.102.81.190 - - [01/Jun/2025:05:41:52 +0000] "GET /assets/dist/js/pages/dashboard.js?1748756512 HTTP/1.1" 200 4337 "https://tasktrakker.com.au/index.php/admin/main" "Mozilla/5.0 (Windows NT 10.0; Win64; x64) AppleWebKit/537.36 (KHTML, like Gecko) Chrome/136.0.0.0 Safari/537.36"
118.102.81.190 - - [01/Jun/2025:05:41:52 +0000] "GET /index.php/admin/get_fullcalendar?start=2025-06-01T00%3A00%3A00%2B10%3A00&end=2025-07-13T00%3A00%3A00%2B10%3A00 HTTP/1.1" 200 1499 "https://tasktrakker.com.au/index.php/admin/main" "Mozilla/5.0 (Windows NT 10.0; Win64; x64) AppleWebKit/537.36 (KHTML, like Gecko) Chrome/136.0.0.0 Safari/537.36"
118.102.81.190 - - [01/Jun/2025:05:41:52 +0000] "GET /index.php/admin/get_fullcalendar?start=2025-06-01T00%3A00%3A00%2B10%3A00&end=2025-07-13T00%3A00%3A00%2B10%3A00 HTTP/1.1" 200 1499 "https://tasktrakker.com.au/index.php/admin/main" "Mozilla/5.0 (Windows NT 10.0; Win64; x64) AppleWebKit/537.36 (KHTML, like Gecko) Chrome/136.0.0.0 Safari/537.36"
118.102.81.190 - - [01/Jun/2025:05:41:54 +0000] "GET /index.php/admin/production_form_view HTTP/1.1" 200 11233 "https://tasktrakker.com.au/index.php/admin/main" "Mozilla/5.0 (Windows NT 10.0; Win64; x64) AppleWebKit/537.36 (KHTML, like Gecko) Chrome/136.0.0.0 Safari/537.36"
118.102.81.190 - - [01/Jun/2025:05:41:54 +0000] "GET /assets/css/custom.css?1748756514 HTTP/1.1" 200 1143 "https://tasktrakker.com.au/index.php/admin/production_form_view" "Mozilla/5.0 (Windows NT 10.0; Win64; x64) AppleWebKit/537.36 (KHTML, like Gecko) Chrome/136.0.0.0 Safari/537.36"
118.102.81.190 - - [01/Jun/2025:05:41:54 +0000] "GET /assets/dist/js/pages/dashboard.js?1748756514 HTTP/1.1" 200 4337 "https://tasktrakker.com.au/index.php/admin/production_form_view" "Mozilla/5.0 (Windows NT 10.0; Win64; x64) AppleWebKit/537.36 (KHTML, like Gecko) Chrome/136.0.0.0 Safari/537.36"
118.102.81.190 - - [01/Jun/2025:05:41:55 +0000] "GET /index.php/admin/production_form HTTP/1.1" 200 17108 "https://tasktrakker.com.au/index.php/admin/production_form_view" "Mozilla/5.0 (Windows NT 10.0; Win64; x64) AppleWebKit/537.36 (KHTML, like Gecko) Chrome/136.0.0.0 Safari/537.36"
118.102.81.190 - - [01/Jun/2025:05:41:55 +0000] "GET /assets/css/custom.css?1748756515 HTTP/1.1" 200 1143 "https://tasktrakker.com.au/index.php/admin/production_form" "Mozilla/5.0 (Windows NT 10.0; Win64; x64) AppleWebKit/537.36 (KHTML, like Gecko) Chrome/136.0.0.0 Safari/537.36"
118.102.81.190 - - [01/Jun/2025:05:41:55 +0000] "GET /assets/dist/js/pages/dashboard.js?1748756515 HTTP/1.1" 200 4337 "https://tasktrakker.com.au/index.php/admin/production_form" "Mozilla/5.0 (Windows NT 10.0; Win64; x64) AppleWebKit/537.36 (KHTML, like Gecko) Chrome/136.0.0.0 Safari/537.36"
52.167.144.199 - - [01/Jun/2025:05:41:58 +0000] "GET /index.php/admin/addleadview/8400 HTTP/1.1" 500 5040 "-" "Mozilla/5.0 AppleWebKit/537.36 (KHTML, like Gecko; compatible; bingbot/2.0; +http://www.bing.com/bingbot.htm) Chrome/116.0.1938.76 Safari/537.36"
118.102.81.190 - - [01/Jun/2025:05:43:38 +0000] "POST /index.php/admin/production_form_action/ HTTP/1.1" 301 920 "https://tasktrakker.com.au/index.php/admin/production_form" "Mozilla/5.0 (Windows NT 10.0; Win64; x64) AppleWebKit/537.36 (KHTML, like Gecko) Chrome/136.0.0.0 Safari/537.36"
118.102.81.190 - - [01/Jun/2025:05:43:38 +0000] "GET /index.php/admin/production_form_action HTTP/1.1" 500 349 "https://tasktrakker.com.au/index.php/admin/production_form" "Mozilla/5.0 (Windows NT 10.0; Win64; x64) AppleWebKit/537.36 (KHTML, like Gecko) Chrome/136.0.0.0 Safari/537.36"
20.26.44.162 - - [01/Jun/2025:05:45:32 +0000] "GET /index.php/admin/photo_form/5191 HTTP/1.1" 500 2830 "-" "Mozilla/5.0 (Windows NT 10.0; Win64; x64) AppleWebKit/537.36 (KHTML, like Gecko) Chrome/131.0.0.0 Safari/537.36 Edg/131.0.0.0"
38.180.79.214 - - [01/Jun/2025:05:46:39 +0000] "GET /+CSCOE+/logon.html HTTP/1.1" 404 2845 "-" "Mozilla/5.0 (Windows NT 10.0; Win64; x64) AppleWebKit/537.36 (KHTML, like Gecko) Chrome/115.0.0.0 Safari/537.36 Edg/115.0.1901.203"
