103.192.76.217 - - [30/May/2025:04:18:43 +0000] "GET /mobile/framework7/js/framework7.min.js HTTP/1.1" 200 128112 "https://tasktrakker.com.au/mobile/dashboard.html" "Mozilla/5.0 (X11; Linux x86_64) AppleWebKit/537.36 (KHTML, like Gecko) Chrome/126.0.0.0 Safari/537.36"
103.192.76.217 - - [30/May/2025:04:18:43 +0000] "GET /mobile/fonts/Framework7Icons-Regular.woff2 HTTP/1.1" 200 20874 "https://tasktrakker.com.au/mobile/css/icons.css" "Mozilla/5.0 (X11; Linux x86_64) AppleWebKit/537.36 (KHTML, like Gecko) Chrome/126.0.0.0 Safari/537.36"
103.192.76.217 - - [30/May/2025:04:18:43 +0000] "GET /mobile/fonts/MaterialIcons-Regular.woff2 HTTP/1.1" 200 44720 "https://tasktrakker.com.au/mobile/css/icons.css" "Mozilla/5.0 (X11; Linux x86_64) AppleWebKit/537.36 (KHTML, like Gecko) Chrome/126.0.0.0 Safari/537.36"
103.192.76.217 - - [30/May/2025:04:18:44 +0000] "GET /mobile/js/jquery-3.5.1.min.js HTTP/1.1" 200 31388 "https://tasktrakker.com.au/mobile/dashboard.html" "Mozilla/5.0 (X11; Linux x86_64) AppleWebKit/537.36 (KHTML, like Gecko) Chrome/126.0.0.0 Safari/537.36"
103.192.76.217 - - [30/May/2025:04:18:44 +0000] "GET /mobile/js/routes.js HTTP/1.1" 200 3097 "https://tasktrakker.com.au/mobile/dashboard.html" "Mozilla/5.0 (X11; Linux x86_64) AppleWebKit/537.36 (KHTML, like Gecko) Chrome/126.0.0.0 Safari/537.36"
103.192.76.217 - - [30/May/2025:04:18:44 +0000] "GET /mobile/js/app.js HTTP/1.1" 200 2046 "https://tasktrakker.com.au/mobile/dashboard.html" "Mozilla/5.0 (X11; Linux x86_64) AppleWebKit/537.36 (KHTML, like Gecko) Chrome/126.0.0.0 Safari/537.36"
103.192.76.217 - - [30/May/2025:04:18:45 +0000] "GET /mobile/js/dashboard.js HTTP/1.1" 200 2254 "https://tasktrakker.com.au/mobile/dashboard.html" "Mozilla/5.0 (X11; Linux x86_64) AppleWebKit/537.36 (KHTML, like Gecko) Chrome/126.0.0.0 Safari/537.36"
103.192.76.217 - - [30/May/2025:04:18:45 +0000] "GET /mobile/js/form.js HTTP/1.1" 200 6100 "https://tasktrakker.com.au/mobile/dashboard.html" "Mozilla/5.0 (X11; Linux x86_64) AppleWebKit/537.36 (KHTML, like Gecko) Chrome/126.0.0.0 Safari/537.36"
103.192.76.217 - - [30/May/2025:04:18:45 +0000] "GET /favicon.ico HTTP/1.1" 200 5753 "https://tasktrakker.com.au/mobile/dashboard.html" "Mozilla/5.0 (X11; Linux x86_64) AppleWebKit/537.36 (KHTML, like Gecko) Chrome/126.0.0.0 Safari/537.36"
103.192.76.217 - - [30/May/2025:04:18:46 +0000] "GET /mobile/manifest.webmanifest HTTP/1.1" 200 3634 "https://tasktrakker.com.au/mobile/dashboard.html" "Mozilla/5.0 (X11; Linux x86_64) AppleWebKit/537.36 (KHTML, like Gecko) Chrome/126.0.0.0 Safari/537.36"
103.192.76.217 - - [30/May/2025:04:18:45 +0000] "POST /index.php/cordova/get_booking_statuses/5/PENDING HTTP/1.1" 200 673 "https://tasktrakker.com.au/mobile/dashboard.html" "Mozilla/5.0 (X11; Linux x86_64) AppleWebKit/537.36 (KHTML, like Gecko) Chrome/126.0.0.0 Safari/537.36"
103.192.76.217 - - [30/May/2025:04:18:45 +0000] "POST /index.php/cordova/get_bookings/5 HTTP/1.1" 200 16367 "https://tasktrakker.com.au/mobile/dashboard.html" "Mozilla/5.0 (X11; Linux x86_64) AppleWebKit/537.36 (KHTML, like Gecko) Chrome/126.0.0.0 Safari/537.36"
103.192.76.217 - - [30/May/2025:04:19:03 +0000] "-" 408 2569 "-" "-"
202.62.242.117 - - [30/May/2025:04:19:40 +0000] "-" 408 2571 "-" "-"
202.62.242.117 - - [30/May/2025:04:19:40 +0000] "-" 408 2569 "-" "-"
40.77.167.42 - - [30/May/2025:04:22:02 +0000] "GET /index.php/admin/deleteLeadop/4991 HTTP/1.1" 302 3130 "-" "Mozilla/5.0 AppleWebKit/537.36 (KHTML, like Gecko; compatible; bingbot/2.0; +http://www.bing.com/bingbot.htm) Chrome/116.0.1938.76 Safari/537.36"
202.62.242.117 - - [30/May/2025:04:22:02 +0000] "-" 408 323 "-" "-"
202.62.242.117 - - [30/May/2025:04:22:02 +0000] "-" 408 323 "-" "-"
40.77.167.42 - - [30/May/2025:04:22:02 +0000] "GET /admin/error_view HTTP/1.1" 302 305 "-" "Mozilla/5.0 AppleWebKit/537.36 (KHTML, like Gecko; compatible; bingbot/2.0; +http://www.bing.com/bingbot.htm) Chrome/116.0.1938.76 Safari/537.36"
40.77.167.42 - - [30/May/2025:04:22:03 +0000] "GET /admin/main HTTP/1.1" 500 2213 "-" "Mozilla/5.0 AppleWebKit/537.36 (KHTML, like Gecko; compatible; bingbot/2.0; +http://www.bing.com/bingbot.htm) Chrome/116.0.1938.76 Safari/537.36"
40.77.167.42 - - [30/May/2025:04:22:31 +0000] "GET /index.php/admin/deleteLeadop/3044 HTTP/1.1" 302 3130 "-" "Mozilla/5.0 AppleWebKit/537.36 (KHTML, like Gecko; compatible; bingbot/2.0; +http://www.bing.com/bingbot.htm) Chrome/116.0.1938.76 Safari/537.36"
40.77.167.42 - - [30/May/2025:04:22:31 +0000] "GET /admin/error_view HTTP/1.1" 302 305 "-" "Mozilla/5.0 AppleWebKit/537.36 (KHTML, like Gecko; compatible; bingbot/2.0; +http://www.bing.com/bingbot.htm) Chrome/116.0.1938.76 Safari/537.36"
40.77.167.42 - - [30/May/2025:04:22:32 +0000] "GET /admin/main HTTP/1.1" 500 2213 "-" "Mozilla/5.0 AppleWebKit/537.36 (KHTML, like Gecko; compatible; bingbot/2.0; +http://www.bing.com/bingbot.htm) Chrome/116.0.1938.76 Safari/537.36"
52.167.144.181 - - [30/May/2025:04:23:04 +0000] "GET /index.php/admin/deleteLeadop/2626 HTTP/1.1" 302 3130 "-" "Mozilla/5.0 AppleWebKit/537.36 (KHTML, like Gecko; compatible; bingbot/2.0; +http://www.bing.com/bingbot.htm) Chrome/116.0.1938.76 Safari/537.36"
52.167.144.181 - - [30/May/2025:04:23:06 +0000] "GET /admin/error_view HTTP/1.1" 302 305 "-" "Mozilla/5.0 AppleWebKit/537.36 (KHTML, like Gecko; compatible; bingbot/2.0; +http://www.bing.com/bingbot.htm) Chrome/116.0.1938.76 Safari/537.36"
52.167.144.181 - - [30/May/2025:04:23:07 +0000] "GET /admin/main HTTP/1.1" 500 2213 "-" "Mozilla/5.0 AppleWebKit/537.36 (KHTML, like Gecko; compatible; bingbot/2.0; +http://www.bing.com/bingbot.htm) Chrome/116.0.1938.76 Safari/537.36"
202.62.242.117 - - [30/May/2025:04:31:26 +0000] "GET /index.php/admin/get_fullcalendar?start=2025-04-27T00%3A00%3A00%2B10%3A00&end=2025-06-08T00%3A00%3A00%2B10%3A00 HTTP/1.1" 200 6536 "https://tasktrakker.com.au/index.php/admin/main" "Mozilla/5.0 (Windows NT 10.0; Win64; x64) AppleWebKit/537.36 (KHTML, like Gecko) Chrome/136.0.0.0 Safari/537.36 Edg/136.0.0.0"
202.62.242.117 - - [30/May/2025:04:31:31 +0000] "GET /index.php/admin/get_fullcalendar?start=2025-06-01T00%3A00%3A00%2B10%3A00&end=2025-07-13T00%3A00%3A00%2B10%3A00 HTTP/1.1" 200 6191 "https://tasktrakker.com.au/index.php/admin/main" "Mozilla/5.0 (Windows NT 10.0; Win64; x64) AppleWebKit/537.36 (KHTML, like Gecko) Chrome/136.0.0.0 Safari/537.36 Edg/136.0.0.0"
202.62.242.117 - - [30/May/2025:04:31:33 +0000] "GET /index.php/admin/addcustomersview/6790 HTTP/1.1" 200 10064 "https://tasktrakker.com.au/index.php/admin/main" "Mozilla/5.0 (Windows NT 10.0; Win64; x64) AppleWebKit/537.36 (KHTML, like Gecko) Chrome/136.0.0.0 Safari/537.36 Edg/136.0.0.0"
202.62.242.117 - - [30/May/2025:04:31:33 +0000] "GET /assets/css/custom.css?1748579493 HTTP/1.1" 200 1143 "https://tasktrakker.com.au/index.php/admin/addcustomersview/6790" "Mozilla/5.0 (Windows NT 10.0; Win64; x64) AppleWebKit/537.36 (KHTML, like Gecko) Chrome/136.0.0.0 Safari/537.36 Edg/136.0.0.0"
202.62.242.117 - - [30/May/2025:04:31:33 +0000] "GET /assets/dist/js/pages/dashboard.js?1748579493 HTTP/1.1" 200 4661 "https://tasktrakker.com.au/index.php/admin/addcustomersview/6790" "Mozilla/5.0 (Windows NT 10.0; Win64; x64) AppleWebKit/537.36 (KHTML, like Gecko) Chrome/136.0.0.0 Safari/537.36 Edg/136.0.0.0"
202.62.242.117 - - [30/May/2025:04:32:33 +0000] "-" 408 323 "-" "-"
202.62.242.117 - - [30/May/2025:04:32:33 +0000] "-" 408 323 "-" "-"
150.109.230.210 - - [30/May/2025:04:32:48 +0000] "GET / HTTP/1.1" 404 453 "-" "Mozilla/5.0 (iPhone; CPU iPhone OS 13_2_3 like Mac OS X) AppleWebKit/605.1.15 (KHTML, like Gecko) Version/13.0.3 Mobile/15E148 Safari/604.1"
202.62.242.117 - - [30/May/2025:04:33:14 +0000] "-" 408 323 "-" "-"
202.62.242.117 - - [30/May/2025:04:33:14 +0000] "-" 408 323 "-" "-"
40.77.167.159 - - [30/May/2025:04:33:55 +0000] "GET /index.php/admin/photo_form/1874 HTTP/1.1" 500 5040 "-" "Mozilla/5.0 AppleWebKit/537.36 (KHTML, like Gecko; compatible; bingbot/2.0; +http://www.bing.com/bingbot.htm) Chrome/116.0.1938.76 Safari/537.36"
202.62.242.117 - - [30/May/2025:04:34:14 +0000] "-" 408 323 "-" "-"
202.62.242.117 - - [30/May/2025:04:34:14 +0000] "-" 408 323 "-" "-"
202.62.242.117 - - [30/May/2025:04:34:22 +0000] "POST /index.php/admin/addeditCustomerop HTTP/1.1" 301 713 "https://tasktrakker.com.au/index.php/admin/addcustomersview/6790" "Mozilla/5.0 (Windows NT 10.0; Win64; x64) AppleWebKit/537.36 (KHTML, like Gecko) Chrome/136.0.0.0 Safari/537.36 Edg/136.0.0.0"
202.62.242.117 - - [30/May/2025:04:34:22 +0000] "GET /admin/addcustomersview/6790 HTTP/1.1" 200 10067 "https://tasktrakker.com.au/index.php/admin/addcustomersview/6790" "Mozilla/5.0 (Windows NT 10.0; Win64; x64) AppleWebKit/537.36 (KHTML, like Gecko) Chrome/136.0.0.0 Safari/537.36 Edg/136.0.0.0"
202.62.242.117 - - [30/May/2025:04:34:22 +0000] "GET /assets/css/custom.css?1748579662 HTTP/1.1" 200 1143 "https://tasktrakker.com.au/admin/addcustomersview/6790" "Mozilla/5.0 (Windows NT 10.0; Win64; x64) AppleWebKit/537.36 (KHTML, like Gecko) Chrome/136.0.0.0 Safari/537.36 Edg/136.0.0.0"
202.62.242.117 - - [30/May/2025:04:34:22 +0000] "GET /assets/dist/js/pages/dashboard.js?1748579662 HTTP/1.1" 200 4661 "https://tasktrakker.com.au/admin/addcustomersview/6790" "Mozilla/5.0 (Windows NT 10.0; Win64; x64) AppleWebKit/537.36 (KHTML, like Gecko) Chrome/136.0.0.0 Safari/537.36 Edg/136.0.0.0"
202.62.242.117 - - [30/May/2025:04:35:43 +0000] "-" 408 323 "-" "-"
202.62.242.117 - - [30/May/2025:04:35:43 +0000] "-" 408 323 "-" "-"
202.62.242.117 - - [30/May/2025:04:36:43 +0000] "-" 408 323 "-" "-"
202.62.242.117 - - [30/May/2025:04:36:43 +0000] "-" 408 323 "-" "-"
40.77.167.159 - - [30/May/2025:04:37:17 +0000] "GET /index.php/admin/deleteLeadop/9258 HTTP/1.1" 302 3130 "-" "Mozilla/5.0 AppleWebKit/537.36 (KHTML, like Gecko; compatible; bingbot/2.0; +http://www.bing.com/bingbot.htm) Chrome/116.0.1938.76 Safari/537.36"
40.77.167.159 - - [30/May/2025:04:37:18 +0000] "GET /admin/error_view HTTP/1.1" 302 305 "-" "Mozilla/5.0 AppleWebKit/537.36 (KHTML, like Gecko; compatible; bingbot/2.0; +http://www.bing.com/bingbot.htm) Chrome/116.0.1938.76 Safari/537.36"
40.77.167.159 - - [30/May/2025:04:37:19 +0000] "GET /admin/main HTTP/1.1" 500 2213 "-" "Mozilla/5.0 AppleWebKit/537.36 (KHTML, like Gecko; compatible; bingbot/2.0; +http://www.bing.com/bingbot.htm) Chrome/116.0.1938.76 Safari/537.36"
202.62.242.117 - - [30/May/2025:04:37:43 +0000] "-" 408 323 "-" "-"
202.62.242.117 - - [30/May/2025:04:37:43 +0000] "-" 408 323 "-" "-"
184.105.247.196 - - [30/May/2025:04:38:16 +0000] "GET / HTTP/1.1" 302 2686 "-" "Mozilla/5.0 (Windows NT 10.0; Win64; x64) AppleWebKit/537.36 (KHTML, like Gecko) Chrome/109.0.0.0 Safari/537.36 OPR/95.0.0.0 (Edition Yx 05)"
202.62.242.117 - - [30/May/2025:04:38:43 +0000] "-" 408 323 "-" "-"
202.62.242.117 - - [30/May/2025:04:38:43 +0000] "-" 408 323 "-" "-"
40.77.167.159 - - [30/May/2025:04:40:57 +0000] "GET /index.php/admin/addcustomersview/9702 HTTP/1.1" 500 5045 "-" "Mozilla/5.0 AppleWebKit/537.36 (KHTML, like Gecko; compatible; bingbot/2.0; +http://www.bing.com/bingbot.htm) Chrome/116.0.1938.76 Safari/537.36"
103.192.76.217 - - [30/May/2025:04:41:01 +0000] "GET /mobile HTTP/1.1" 301 3104 "-" "Mozilla/5.0 (iPad; CPU OS 14_0 like Mac OS X) AppleWebKit/604.1.34 (KHTML, like Gecko) Version/17.5 Mobile/15A5341f Safari/604.1"
103.192.76.217 - - [30/May/2025:04:41:02 +0000] "GET /mobile/dashboard.html HTTP/1.1" 200 2853 "https://tasktrakker.com.au/mobile/dashboard.html" "Mozilla/5.0 (iPad; CPU OS 14_0 like Mac OS X) AppleWebKit/604.1.34 (KHTML, like Gecko) Version/17.5 Mobile/15A5341f Safari/604.1"
103.192.76.217 - - [30/May/2025:04:41:02 +0000] "GET /mobile/css/icons.css HTTP/1.1" 200 1300 "https://tasktrakker.com.au/mobile/dashboard.html" "Mozilla/5.0 (iPad; CPU OS 14_0 like Mac OS X) AppleWebKit/604.1.34 (KHTML, like Gecko) Version/17.5 Mobile/15A5341f Safari/604.1"
103.192.76.217 - - [30/May/2025:04:41:02 +0000] "GET /mobile/framework7/css/framework7.min.css HTTP/1.1" 200 90522 "https://tasktrakker.com.au/mobile/dashboard.html" "Mozilla/5.0 (iPad; CPU OS 14_0 like Mac OS X) AppleWebKit/604.1.34 (KHTML, like Gecko) Version/17.5 Mobile/15A5341f Safari/604.1"
103.192.76.217 - - [30/May/2025:04:41:03 +0000] "GET /mobile/css/app.css HTTP/1.1" 200 624 "https://tasktrakker.com.au/mobile/dashboard.html" "Mozilla/5.0 (iPad; CPU OS 14_0 like Mac OS X) AppleWebKit/604.1.34 (KHTML, like Gecko) Version/17.5 Mobile/15A5341f Safari/604.1"
103.192.76.217 - - [30/May/2025:04:41:03 +0000] "GET /mobile/framework7/js/framework7.min.js HTTP/1.1" 200 128112 "https://tasktrakker.com.au/mobile/dashboard.html" "Mozilla/5.0 (iPad; CPU OS 14_0 like Mac OS X) AppleWebKit/604.1.34 (KHTML, like Gecko) Version/17.5 Mobile/15A5341f Safari/604.1"
103.192.76.217 - - [30/May/2025:04:41:03 +0000] "GET /mobile/js/jquery-3.5.1.min.js HTTP/1.1" 200 31388 "https://tasktrakker.com.au/mobile/dashboard.html" "Mozilla/5.0 (iPad; CPU OS 14_0 like Mac OS X) AppleWebKit/604.1.34 (KHTML, like Gecko) Version/17.5 Mobile/15A5341f Safari/604.1"
103.192.76.217 - - [30/May/2025:04:41:04 +0000] "GET /mobile/js/routes.js HTTP/1.1" 200 3097 "https://tasktrakker.com.au/mobile/dashboard.html" "Mozilla/5.0 (iPad; CPU OS 14_0 like Mac OS X) AppleWebKit/604.1.34 (KHTML, like Gecko) Version/17.5 Mobile/15A5341f Safari/604.1"
103.192.76.217 - - [30/May/2025:04:41:04 +0000] "GET /mobile/js/app.js HTTP/1.1" 200 2046 "https://tasktrakker.com.au/mobile/dashboard.html" "Mozilla/5.0 (iPad; CPU OS 14_0 like Mac OS X) AppleWebKit/604.1.34 (KHTML, like Gecko) Version/17.5 Mobile/15A5341f Safari/604.1"
103.192.76.217 - - [30/May/2025:04:41:04 +0000] "GET /mobile/js/dashboard.js HTTP/1.1" 200 2254 "https://tasktrakker.com.au/mobile/dashboard.html" "Mozilla/5.0 (iPad; CPU OS 14_0 like Mac OS X) AppleWebKit/604.1.34 (KHTML, like Gecko) Version/17.5 Mobile/15A5341f Safari/604.1"
103.192.76.217 - - [30/May/2025:04:41:04 +0000] "GET /mobile/js/form.js HTTP/1.1" 200 6100 "https://tasktrakker.com.au/mobile/dashboard.html" "Mozilla/5.0 (iPad; CPU OS 14_0 like Mac OS X) AppleWebKit/604.1.34 (KHTML, like Gecko) Version/17.5 Mobile/15A5341f Safari/604.1"
103.192.76.217 - - [30/May/2025:04:41:04 +0000] "POST /index.php/cordova/get_booking_statuses/5/PENDING HTTP/1.1" 200 673 "https://tasktrakker.com.au/mobile/dashboard.html" "Mozilla/5.0 (iPad; CPU OS 14_0 like Mac OS X) AppleWebKit/604.1.34 (KHTML, like Gecko) Version/17.5 Mobile/15A5341f Safari/604.1"
103.192.76.217 - - [30/May/2025:04:41:04 +0000] "POST /index.php/cordova/get_bookings/5 HTTP/1.1" 200 16509 "https://tasktrakker.com.au/mobile/dashboard.html" "Mozilla/5.0 (iPad; CPU OS 14_0 like Mac OS X) AppleWebKit/604.1.34 (KHTML, like Gecko) Version/17.5 Mobile/15A5341f Safari/604.1"
103.192.76.217 - - [30/May/2025:04:41:07 +0000] "POST /index.php/cordova/get_customers_for_photographer/5 HTTP/1.1" 200 3097 "https://tasktrakker.com.au/mobile/dashboard.html" "Mozilla/5.0 (iPad; CPU OS 14_0 like Mac OS X) AppleWebKit/604.1.34 (KHTML, like Gecko) Version/17.5 Mobile/15A5341f Safari/604.1"
103.192.76.217 - - [30/May/2025:04:41:07 +0000] "POST /index.php/cordova/get_all_customers/ HTTP/1.1" 301 590 "https://tasktrakker.com.au/mobile/dashboard.html" "Mozilla/5.0 (iPad; CPU OS 14_0 like Mac OS X) AppleWebKit/604.1.34 (KHTML, like Gecko) Version/17.5 Mobile/15A5341f Safari/604.1"
103.192.76.217 - - [30/May/2025:04:41:07 +0000] "GET /index.php/cordova/get_all_customers HTTP/1.1" 200 55581 "https://tasktrakker.com.au/mobile/dashboard.html" "Mozilla/5.0 (iPad; CPU OS 14_0 like Mac OS X) AppleWebKit/604.1.34 (KHTML, like Gecko) Version/17.5 Mobile/15A5341f Safari/604.1"
103.192.76.217 - - [30/May/2025:04:41:08 +0000] "GET /mobile/pages/photo-upload.html HTTP/1.1" 200 1990 "https://tasktrakker.com.au/mobile/dashboard.html" "Mozilla/5.0 (iPad; CPU OS 14_0 like Mac OS X) AppleWebKit/604.1.34 (KHTML, like Gecko) Version/17.5 Mobile/15A5341f Safari/604.1"
103.192.76.217 - - [30/May/2025:04:41:08 +0000] "GET / HTTP/1.1" 302 333 "https://tasktrakker.com.au/mobile/dashboard.html" "Mozilla/5.0 (iPad; CPU OS 14_0 like Mac OS X) AppleWebKit/604.1.34 (KHTML, like Gecko) Version/17.5 Mobile/15A5341f Safari/604.1"
103.192.76.217 - - [30/May/2025:04:41:08 +0000] "GET /index.php/admin/login HTTP/1.1" 200 1924 "https://tasktrakker.com.au/mobile/dashboard.html" "Mozilla/5.0 (iPad; CPU OS 14_0 like Mac OS X) AppleWebKit/604.1.34 (KHTML, like Gecko) Version/17.5 Mobile/15A5341f Safari/604.1"
103.192.76.217 - - [30/May/2025:04:41:09 +0000] "POST /index.php/cordova/check_uploaded HTTP/1.1" 200 510 "https://tasktrakker.com.au/mobile/dashboard.html" "Mozilla/5.0 (iPad; CPU OS 14_0 like Mac OS X) AppleWebKit/604.1.34 (KHTML, like Gecko) Version/17.5 Mobile/15A5341f Safari/604.1"
66.249.68.129 - - [30/May/2025:04:41:11 +0000] "GET /robots.txt HTTP/1.1" 200 2886 "-" "Mozilla/5.0 (compatible; Googlebot/2.1; +http://www.google.com/bot.html)"
74.125.150.129 - - [30/May/2025:04:41:12 +0000] "GET / HTTP/1.1" 302 2889 "-" "Mediapartners-Google"
74.125.150.129 - - [30/May/2025:04:41:13 +0000] "GET /index.php/admin/login HTTP/1.1" 200 1924 "-" "Mediapartners-Google"
103.192.76.217 - - [30/May/2025:04:41:23 +0000] "-" 408 323 "-" "-"
202.62.242.117 - - [30/May/2025:04:41:30 +0000] "GET /index.php/admin/manageCustomers HTTP/1.1" 200 38116 "https://tasktrakker.com.au/admin/addcustomersview/6790" "Mozilla/5.0 (Windows NT 10.0; Win64; x64) AppleWebKit/537.36 (KHTML, like Gecko) Chrome/136.0.0.0 Safari/537.36 Edg/136.0.0.0"
202.62.242.117 - - [30/May/2025:04:41:30 +0000] "GET /assets/css/custom.css?1748580090 HTTP/1.1" 200 1143 "https://tasktrakker.com.au/index.php/admin/manageCustomers" "Mozilla/5.0 (Windows NT 10.0; Win64; x64) AppleWebKit/537.36 (KHTML, like Gecko) Chrome/136.0.0.0 Safari/537.36 Edg/136.0.0.0"
202.62.242.117 - - [30/May/2025:04:41:30 +0000] "GET /assets/dist/js/pages/dashboard.js?1748580090 HTTP/1.1" 200 4661 "https://tasktrakker.com.au/index.php/admin/manageCustomers" "Mozilla/5.0 (Windows NT 10.0; Win64; x64) AppleWebKit/537.36 (KHTML, like Gecko) Chrome/136.0.0.0 Safari/537.36 Edg/136.0.0.0"
70.39.75.144 - - [30/May/2025:04:42:03 +0000] "\x16\x03\x01" 400 497 "-" "-"
70.39.75.144 - - [30/May/2025:04:42:03 +0000] "\x16\x03\x01" 400 497 "-" "-"
70.39.75.144 - - [30/May/2025:04:42:04 +0000] "GET /t4 HTTP/1.1" 404 434 "-" "Mozilla/5.0"
70.39.75.144 - - [30/May/2025:04:42:04 +0000] "GET /geoip/ HTTP/1.1" 404 434 "-" "Mozilla/5.0 (Windows NT 10.0; Win64; x64) AppleWebKit/537.36 (KHTML, like Gecko) Chrome/108.0.0.0 Safari/537.36"
70.39.75.144 - - [30/May/2025:04:42:04 +0000] "GET /1.php HTTP/1.1" 404 434 "-" "Mozilla/5.0 (Windows NT 10.0; Win64; x64) AppleWebKit/537.36 (KHTML, like Gecko) Chrome/108.0.0.0 Safari/537.36"
70.39.75.144 - - [30/May/2025:04:42:05 +0000] "GET /password.php HTTP/1.1" 404 434 "-" "Mozilla/5.0 (Windows NT 10.0; Win64; x64) AppleWebKit/537.36 (KHTML, like Gecko) Chrome/108.0.0.0 Safari/537.36"
70.39.75.144 - - [30/May/2025:04:42:05 +0000] "\x16\x03\x01" 400 497 "-" "-"
70.39.75.144 - - [30/May/2025:04:42:05 +0000] "GET /form.html HTTP/1.1" 404 434 "-" "curl/8.1.2"
70.39.75.144 - - [30/May/2025:04:42:06 +0000] "GET /upl.php HTTP/1.1" 404 434 "-" "Mozilla/5.0"
52.167.144.174 - - [30/May/2025:04:42:06 +0000] "GET /index.php/admin/booking_archive/6927 HTTP/1.1" 500 5084 "-" "Mozilla/5.0 AppleWebKit/537.36 (KHTML, like Gecko; compatible; bingbot/2.0; +http://www.bing.com/bingbot.htm) Chrome/116.0.1938.76 Safari/537.36"
70.39.75.144 - - [30/May/2025:04:42:06 +0000] "GET /favicon.ico HTTP/1.1" 404 434 "-" "Mozilla/5.0 (Windows NT 10.0; Win64; x64) AppleWebKit/537.36 (KHTML, like Gecko) Chrome/108.0.0.0 Safari/537.36"
157.55.39.52 - - [30/May/2025:04:42:06 +0000] "GET /index.php/admin/addcustomersview/9493 HTTP/1.1" 500 5045 "-" "Mozilla/5.0 AppleWebKit/537.36 (KHTML, like Gecko; compatible; bingbot/2.0; +http://www.bing.com/bingbot.htm) Chrome/116.0.1938.76 Safari/537.36"
70.39.75.144 - - [30/May/2025:04:42:06 +0000] "GET /systembc/password.php HTTP/1.1" 404 434 "-" "Mozilla/5.0 (Windows NT 10.0; Win64; x64) AppleWebKit/537.36 (KHTML, like Gecko) Chrome/108.0.0.0 Safari/537.36"
43.166.251.233 - - [30/May/2025:04:44:50 +0000] "GET / HTTP/1.1" 301 546 "-" "Mozilla/5.0 (iPhone; CPU iPhone OS 13_2_3 like Mac OS X) AppleWebKit/605.1.15 (KHTML, like Gecko) Version/13.0.3 Mobile/15E148 Safari/604.1"
43.166.251.233 - - [30/May/2025:04:44:52 +0000] "GET / HTTP/1.1" 302 2852 "http://tasktrakker.com.au" "Mozilla/5.0 (iPhone; CPU iPhone OS 13_2_3 like Mac OS X) AppleWebKit/605.1.15 (KHTML, like Gecko) Version/13.0.3 Mobile/15E148 Safari/604.1"
43.166.251.233 - - [30/May/2025:04:44:53 +0000] "GET /index.php/admin/login HTTP/1.1" 200 4443 "https://tasktrakker.com.au/" "Mozilla/5.0 (iPhone; CPU iPhone OS 13_2_3 like Mac OS X) AppleWebKit/605.1.15 (KHTML, like Gecko) Version/13.0.3 Mobile/15E148 Safari/604.1"
202.62.242.117 - - [30/May/2025:04:44:54 +0000] "GET /index.php/admin/addcustomersview/9526 HTTP/1.1" 200 8369 "https://tasktrakker.com.au/index.php/admin/manageCustomers" "Mozilla/5.0 (Windows NT 10.0; Win64; x64) AppleWebKit/537.36 (KHTML, like Gecko) Chrome/136.0.0.0 Safari/537.36 Edg/136.0.0.0"
202.62.242.117 - - [30/May/2025:04:44:54 +0000] "GET /assets/css/custom.css?1748580294 HTTP/1.1" 200 1143 "https://tasktrakker.com.au/index.php/admin/addcustomersview/9526" "Mozilla/5.0 (Windows NT 10.0; Win64; x64) AppleWebKit/537.36 (KHTML, like Gecko) Chrome/136.0.0.0 Safari/537.36 Edg/136.0.0.0"
202.62.242.117 - - [30/May/2025:04:44:54 +0000] "GET /assets/dist/js/pages/dashboard.js?1748580294 HTTP/1.1" 200 6908 "https://tasktrakker.com.au/index.php/admin/addcustomersview/9526" "Mozilla/5.0 (Windows NT 10.0; Win64; x64) AppleWebKit/537.36 (KHTML, like Gecko) Chrome/136.0.0.0 Safari/537.36 Edg/136.0.0.0"
43.130.47.33 - - [30/May/2025:04:44:58 +0000] "GET / HTTP/1.1" 404 453 "-" "Mozilla/5.0 (iPhone; CPU iPhone OS 13_2_3 like Mac OS X) AppleWebKit/605.1.15 (KHTML, like Gecko) Version/13.0.3 Mobile/15E148 Safari/604.1"
103.192.76.217 - - [30/May/2025:04:45:04 +0000] "GET /mobile/manifest.webmanifest HTTP/1.1" 200 3634 "https://tasktrakker.com.au/mobile/dashboard.html" "Mozilla/5.0 (iPad; CPU OS 14_0 like Mac OS X) AppleWebKit/604.1.34 (KHTML, like Gecko) Version/17.5 Mobile/15A5341f Safari/604.1"
103.192.76.217 - - [30/May/2025:04:45:04 +0000] "GET /mobile/framework7/js/framework7.min.js.map HTTP/1.1" 200 401604 "-" "Mozilla/5.0 (X11; Linux x86_64) AppleWebKit/537.36 (KHTML, like Gecko) Chrome/126.0.0.0 Safari/537.36"
103.192.76.217 - - [30/May/2025:04:45:06 +0000] "GET /mobile/dashboard.html HTTP/1.1" 200 2853 "https://tasktrakker.com.au/mobile/" "Mozilla/5.0 (X11; Linux x86_64) AppleWebKit/537.36 (KHTML, like Gecko) Chrome/126.0.0.0 Safari/537.36"
108.165.180.193 - - [30/May/2025:04:45:21 +0000] "GET /.env HTTP/1.1" 404 453 "-" "Mozilla/5.0 (Windows NT 10.0; Win64; x64) AppleWebKit/537.36 (KHTML, like Gecko) Chrome/116.0.5845.140 Safari/537.36"
108.165.180.193 - - [30/May/2025:04:45:22 +0000] "POST / HTTP/1.1" 404 453 "-" "Mozilla/5.0 (Windows NT 10.0; Win64; x64) AppleWebKit/537.36 (KHTML, like Gecko) Chrome/116.0.5845.140 Safari/537.36"
103.192.76.217 - - [30/May/2025:04:45:27 +0000] "-" 408 323 "-" "-"
202.62.242.117 - - [30/May/2025:04:45:49 +0000] "GET /index.php/admin/booking_archive/9526 HTTP/1.1" 200 6224 "https://tasktrakker.com.au/index.php/admin/addcustomersview/9526" "Mozilla/5.0 (Windows NT 10.0; Win64; x64) AppleWebKit/537.36 (KHTML, like Gecko) Chrome/136.0.0.0 Safari/537.36 Edg/136.0.0.0"
202.62.242.117 - - [30/May/2025:04:45:49 +0000] "GET /assets/css/custom.css?1748580349 HTTP/1.1" 200 1143 "https://tasktrakker.com.au/index.php/admin/booking_archive/9526" "Mozilla/5.0 (Windows NT 10.0; Win64; x64) AppleWebKit/537.36 (KHTML, like Gecko) Chrome/136.0.0.0 Safari/537.36 Edg/136.0.0.0"
202.62.242.117 - - [30/May/2025:04:45:49 +0000] "GET /assets/dist/js/pages/dashboard.js?1748580349 HTTP/1.1" 200 4661 "https://tasktrakker.com.au/index.php/admin/booking_archive/9526" "Mozilla/5.0 (Windows NT 10.0; Win64; x64) AppleWebKit/537.36 (KHTML, like Gecko) Chrome/136.0.0.0 Safari/537.36 Edg/136.0.0.0"
202.62.242.117 - - [30/May/2025:04:46:30 +0000] "GET /index.php/admin/addcustomersview/9526 HTTP/1.1" 200 8369 "https://tasktrakker.com.au/index.php/admin/booking_archive/9526" "Mozilla/5.0 (Windows NT 10.0; Win64; x64) AppleWebKit/537.36 (KHTML, like Gecko) Chrome/136.0.0.0 Safari/537.36 Edg/136.0.0.0"
202.62.242.117 - - [30/May/2025:04:46:30 +0000] "GET /assets/css/custom.css?1748580390 HTTP/1.1" 200 1143 "https://tasktrakker.com.au/index.php/admin/addcustomersview/9526" "Mozilla/5.0 (Windows NT 10.0; Win64; x64) AppleWebKit/537.36 (KHTML, like Gecko) Chrome/136.0.0.0 Safari/537.36 Edg/136.0.0.0"
202.62.242.117 - - [30/May/2025:04:46:30 +0000] "GET /assets/dist/js/pages/dashboard.js?1748580390 HTTP/1.1" 200 4661 "https://tasktrakker.com.au/index.php/admin/addcustomersview/9526" "Mozilla/5.0 (Windows NT 10.0; Win64; x64) AppleWebKit/537.36 (KHTML, like Gecko) Chrome/136.0.0.0 Safari/537.36 Edg/136.0.0.0"
202.62.242.117 - - [30/May/2025:04:47:40 +0000] "GET /index.php/admin/manageCustomers HTTP/1.1" 200 38116 "https://tasktrakker.com.au/index.php/admin/addcustomersview/9526" "Mozilla/5.0 (Windows NT 10.0; Win64; x64) AppleWebKit/537.36 (KHTML, like Gecko) Chrome/136.0.0.0 Safari/537.36 Edg/136.0.0.0"
202.62.242.117 - - [30/May/2025:04:47:40 +0000] "GET /assets/css/custom.css?1748580460 HTTP/1.1" 200 1143 "https://tasktrakker.com.au/index.php/admin/manageCustomers" "Mozilla/5.0 (Windows NT 10.0; Win64; x64) AppleWebKit/537.36 (KHTML, like Gecko) Chrome/136.0.0.0 Safari/537.36 Edg/136.0.0.0"
202.62.242.117 - - [30/May/2025:04:47:40 +0000] "GET /assets/dist/js/pages/dashboard.js?1748580460 HTTP/1.1" 200 4661 "https://tasktrakker.com.au/index.php/admin/manageCustomers" "Mozilla/5.0 (Windows NT 10.0; Win64; x64) AppleWebKit/537.36 (KHTML, like Gecko) Chrome/136.0.0.0 Safari/537.36 Edg/136.0.0.0"
202.62.242.117 - - [30/May/2025:04:47:45 +0000] "GET /index.php/admin/addcustomersview/9571 HTTP/1.1" 200 9857 "https://tasktrakker.com.au/index.php/admin/manageCustomers" "Mozilla/5.0 (Windows NT 10.0; Win64; x64) AppleWebKit/537.36 (KHTML, like Gecko) Chrome/136.0.0.0 Safari/537.36 Edg/136.0.0.0"
202.62.242.117 - - [30/May/2025:04:47:45 +0000] "GET /assets/css/custom.css?1748580465 HTTP/1.1" 200 1143 "https://tasktrakker.com.au/index.php/admin/addcustomersview/9571" "Mozilla/5.0 (Windows NT 10.0; Win64; x64) AppleWebKit/537.36 (KHTML, like Gecko) Chrome/136.0.0.0 Safari/537.36 Edg/136.0.0.0"
202.62.242.117 - - [30/May/2025:04:47:45 +0000] "GET /assets/dist/js/pages/dashboard.js?1748580465 HTTP/1.1" 200 4337 "https://tasktrakker.com.au/index.php/admin/addcustomersview/9571" "Mozilla/5.0 (Windows NT 10.0; Win64; x64) AppleWebKit/537.36 (KHTML, like Gecko) Chrome/136.0.0.0 Safari/537.36 Edg/136.0.0.0"
103.192.76.217 - - [30/May/2025:04:48:19 +0000] "GET /mobile/dashboard.html HTTP/1.1" 200 3177 "https://tasktrakker.com.au/mobile/" "Mozilla/5.0 (X11; Linux x86_64) AppleWebKit/537.36 (KHTML, like Gecko) Chrome/126.0.0.0 Safari/537.36"
103.192.76.217 - - [30/May/2025:04:48:21 +0000] "GET /mobile/dashboard.html HTTP/1.1" 200 2853 "https://tasktrakker.com.au/mobile/index.html" "Mozilla/5.0 (X11; Linux x86_64) AppleWebKit/537.36 (KHTML, like Gecko) Chrome/126.0.0.0 Safari/537.36"
103.192.76.217 - - [30/May/2025:04:48:22 +0000] "POST /index.php/cordova/get_booking_statuses/5/PENDING HTTP/1.1" 200 3386 "https://tasktrakker.com.au/mobile/dashboard.html" "Mozilla/5.0 (X11; Linux x86_64) AppleWebKit/537.36 (KHTML, like Gecko) Chrome/126.0.0.0 Safari/537.36"
103.192.76.217 - - [30/May/2025:04:48:22 +0000] "POST /index.php/cordova/get_bookings/5 HTTP/1.1" 200 16367 "https://tasktrakker.com.au/mobile/dashboard.html" "Mozilla/5.0 (X11; Linux x86_64) AppleWebKit/537.36 (KHTML, like Gecko) Chrome/126.0.0.0 Safari/537.36"
103.192.76.217 - - [30/May/2025:04:48:26 +0000] "GET /mobile/dashboard.html HTTP/1.1" 200 2853 "https://tasktrakker.com.au/mobile/" "Mozilla/5.0 (X11; Linux x86_64) AppleWebKit/537.36 (KHTML, like Gecko) Chrome/126.0.0.0 Safari/537.36"
184.105.247.196 - - [30/May/2025:04:48:39 +0000] "GET /favicon.ico HTTP/1.1" 200 8106 "-" "Mozilla/5.0 (Macintosh; Intel Mac OS X 10_15_7) AppleWebKit/605.1.15 (KHTML, like Gecko)"
202.62.242.117 - - [30/May/2025:04:48:40 +0000] "GET /index.php/admin/main HTTP/1.1" 200 7377 "https://tasktrakker.com.au/index.php/admin/addcustomersview/9571" "Mozilla/5.0 (Windows NT 10.0; Win64; x64) AppleWebKit/537.36 (KHTML, like Gecko) Chrome/136.0.0.0 Safari/537.36 Edg/136.0.0.0"
202.62.242.117 - - [30/May/2025:04:48:40 +0000] "GET /assets/css/custom.css?1748580520 HTTP/1.1" 200 1143 "https://tasktrakker.com.au/index.php/admin/main" "Mozilla/5.0 (Windows NT 10.0; Win64; x64) AppleWebKit/537.36 (KHTML, like Gecko) Chrome/136.0.0.0 Safari/537.36 Edg/136.0.0.0"
202.62.242.117 - - [30/May/2025:04:48:40 +0000] "GET /assets/dist/js/pages/dashboard.js?1748580520 HTTP/1.1" 200 4661 "https://tasktrakker.com.au/index.php/admin/main" "Mozilla/5.0 (Windows NT 10.0; Win64; x64) AppleWebKit/537.36 (KHTML, like Gecko) Chrome/136.0.0.0 Safari/537.36 Edg/136.0.0.0"
202.62.242.117 - - [30/May/2025:04:48:40 +0000] "GET /index.php/admin/get_fullcalendar?start=2025-04-27T00%3A00%3A00%2B10%3A00&end=2025-06-08T00%3A00%3A00%2B10%3A00 HTTP/1.1" 200 3823 "https://tasktrakker.com.au/index.php/admin/main" "Mozilla/5.0 (Windows NT 10.0; Win64; x64) AppleWebKit/537.36 (KHTML, like Gecko) Chrome/136.0.0.0 Safari/537.36 Edg/136.0.0.0"
202.62.242.117 - - [30/May/2025:04:48:40 +0000] "GET /index.php/admin/get_fullcalendar?start=2025-06-01T00%3A00%3A00%2B10%3A00&end=2025-07-13T00%3A00%3A00%2B10%3A00 HTTP/1.1" 200 3619 "https://tasktrakker.com.au/index.php/admin/main" "Mozilla/5.0 (Windows NT 10.0; Win64; x64) AppleWebKit/537.36 (KHTML, like Gecko) Chrome/136.0.0.0 Safari/537.36 Edg/136.0.0.0"
202.62.242.117 - - [30/May/2025:04:48:42 +0000] "GET /index.php/admin/get_fullcalendar?start=2025-06-29T00%3A00%3A00%2B10%3A00&end=2025-08-10T00%3A00%3A00%2B10%3A00 HTTP/1.1" 200 3118 "https://tasktrakker.com.au/index.php/admin/main" "Mozilla/5.0 (Windows NT 10.0; Win64; x64) AppleWebKit/537.36 (KHTML, like Gecko) Chrome/136.0.0.0 Safari/537.36 Edg/136.0.0.0"
202.62.242.117 - - [30/May/2025:04:48:43 +0000] "GET /index.php/admin/get_fullcalendar?start=2025-07-27T00%3A00%3A00%2B10%3A00&end=2025-09-07T00%3A00%3A00%2B10%3A00 HTTP/1.1" 200 3746 "https://tasktrakker.com.au/index.php/admin/main" "Mozilla/5.0 (Windows NT 10.0; Win64; x64) AppleWebKit/537.36 (KHTML, like Gecko) Chrome/136.0.0.0 Safari/537.36 Edg/136.0.0.0"
202.62.242.117 - - [30/May/2025:04:48:46 +0000] "GET /index.php/admin/get_fullcalendar?start=2025-08-31T00%3A00%3A00%2B10%3A00&end=2025-10-12T00%3A00%3A00%2B11%3A00 HTTP/1.1" 200 2646 "https://tasktrakker.com.au/index.php/admin/main" "Mozilla/5.0 (Windows NT 10.0; Win64; x64) AppleWebKit/537.36 (KHTML, like Gecko) Chrome/136.0.0.0 Safari/537.36 Edg/136.0.0.0"
103.192.76.217 - - [30/May/2025:04:48:57 +0000] "GET /mobile/sw.js HTTP/1.1" 200 1584 "https://tasktrakker.com.au/mobile/sw.js" "Mozilla/5.0 (X11; Linux x86_64) AppleWebKit/537.36 (KHTML, like Gecko) Chrome/126.0.0.0 Safari/537.36"
202.62.242.117 - - [30/May/2025:04:49:34 +0000] "GET /index.php/admin/get_fullcalendar?start=2025-07-27T00%3A00%3A00%2B10%3A00&end=2025-09-07T00%3A00%3A00%2B10%3A00 HTTP/1.1" 200 4070 "https://tasktrakker.com.au/index.php/admin/main" "Mozilla/5.0 (Windows NT 10.0; Win64; x64) AppleWebKit/537.36 (KHTML, like Gecko) Chrome/136.0.0.0 Safari/537.36 Edg/136.0.0.0"
202.62.242.117 - - [30/May/2025:04:49:43 +0000] "GET /index.php/admin/get_fullcalendar?start=2025-06-29T00%3A00%3A00%2B10%3A00&end=2025-08-10T00%3A00%3A00%2B10%3A00 HTTP/1.1" 200 3442 "https://tasktrakker.com.au/index.php/admin/main" "Mozilla/5.0 (Windows NT 10.0; Win64; x64) AppleWebKit/537.36 (KHTML, like Gecko) Chrome/136.0.0.0 Safari/537.36 Edg/136.0.0.0"
202.62.242.117 - - [30/May/2025:04:50:01 +0000] "-" 408 323 "-" "-"
157.55.39.52 - - [30/May/2025:04:50:08 +0000] "GET /index.php/admin/deleteLeadop/2888 HTTP/1.1" 302 3130 "-" "Mozilla/5.0 AppleWebKit/537.36 (KHTML, like Gecko; compatible; bingbot/2.0; +http://www.bing.com/bingbot.htm) Chrome/116.0.1938.76 Safari/537.36"
157.55.39.52 - - [30/May/2025:04:50:08 +0000] "GET /admin/error_view HTTP/1.1" 302 305 "-" "Mozilla/5.0 AppleWebKit/537.36 (KHTML, like Gecko; compatible; bingbot/2.0; +http://www.bing.com/bingbot.htm) Chrome/116.0.1938.76 Safari/537.36"
157.55.39.52 - - [30/May/2025:04:50:09 +0000] "GET /admin/main HTTP/1.1" 500 2213 "-" "Mozilla/5.0 AppleWebKit/537.36 (KHTML, like Gecko; compatible; bingbot/2.0; +http://www.bing.com/bingbot.htm) Chrome/116.0.1938.76 Safari/537.36"
184.105.247.196 - - [30/May/2025:04:50:32 +0000] "GET / HTTP/1.1" 302 2873 "-" "Mozilla/5.0 (Windows NT 10.0; Win64; x64) AppleWebKit/537.36 (KHTML, like Gecko) Chrome/109.0.0.0 Safari/537.36 OPR/95.0.0.0 (Edition Yx 05)"
202.62.242.117 - - [30/May/2025:04:50:33 +0000] "GET /index.php/admin/get_fullcalendar?start=2025-07-27T00%3A00%3A00%2B10%3A00&end=2025-09-07T00%3A00%3A00%2B10%3A00 HTTP/1.1" 200 4070 "https://tasktrakker.com.au/index.php/admin/main" "Mozilla/5.0 (Windows NT 10.0; Win64; x64) AppleWebKit/537.36 (KHTML, like Gecko) Chrome/136.0.0.0 Safari/537.36 Edg/136.0.0.0"
202.62.242.117 - - [30/May/2025:04:50:49 +0000] "GET /index.php/admin/get_fullcalendar?start=2025-08-31T00%3A00%3A00%2B10%3A00&end=2025-10-12T00%3A00%3A00%2B11%3A00 HTTP/1.1" 200 2970 "https://tasktrakker.com.au/index.php/admin/main" "Mozilla/5.0 (Windows NT 10.0; Win64; x64) AppleWebKit/537.36 (KHTML, like Gecko) Chrome/136.0.0.0 Safari/537.36 Edg/136.0.0.0"
202.62.242.117 - - [30/May/2025:04:51:01 +0000] "-" 408 323 "-" "-"
198.235.24.246 - - [30/May/2025:04:51:30 +0000] "GET / HTTP/1.1" 404 446 "-" "Expanse, a Palo Alto Networks company, searches across the global IPv4 space multiple times per day to identify customers&#39; presences on the Internet. If you would like to be excluded from our scans, please send IP addresses/domains to: scaninfo@paloaltonetworks.com"
202.62.242.117 - - [30/May/2025:04:52:01 +0000] "-" 408 323 "-" "-"
202.62.242.117 - - [30/May/2025:04:52:01 +0000] "-" 408 323 "-" "-"
202.62.242.117 - - [30/May/2025:04:52:18 +0000] "GET /index.php/admin/manageCustomers HTTP/1.1" 200 37974 "https://tasktrakker.com.au/index.php/admin/main" "Mozilla/5.0 (Windows NT 10.0; Win64; x64) AppleWebKit/537.36 (KHTML, like Gecko) Chrome/136.0.0.0 Safari/537.36 Edg/136.0.0.0"
202.62.242.117 - - [30/May/2025:04:52:18 +0000] "GET /assets/css/custom.css?1748580738 HTTP/1.1" 200 1143 "https://tasktrakker.com.au/index.php/admin/manageCustomers" "Mozilla/5.0 (Windows NT 10.0; Win64; x64) AppleWebKit/537.36 (KHTML, like Gecko) Chrome/136.0.0.0 Safari/537.36 Edg/136.0.0.0"
202.62.242.117 - - [30/May/2025:04:52:18 +0000] "GET /assets/dist/js/pages/dashboard.js?1748580738 HTTP/1.1" 200 4661 "https://tasktrakker.com.au/index.php/admin/manageCustomers" "Mozilla/5.0 (Windows NT 10.0; Win64; x64) AppleWebKit/537.36 (KHTML, like Gecko) Chrome/136.0.0.0 Safari/537.36 Edg/136.0.0.0"
184.105.247.196 - - [30/May/2025:04:52:22 +0000] "GET / HTTP/1.1" 302 2687 "-" "Mozilla/5.0 (Macintosh; Intel Mac OS X 10_15_7) AppleWebKit/537.36 (KHTML, like Gecko) Chrome/124.0.0.0 Safari/537.36"
202.62.242.117 - - [30/May/2025:04:52:27 +0000] "GET /index.php/admin/searchleads HTTP/1.1" 200 6438 "https://tasktrakker.com.au/index.php/admin/manageCustomers" "Mozilla/5.0 (Windows NT 10.0; Win64; x64) AppleWebKit/537.36 (KHTML, like Gecko) Chrome/136.0.0.0 Safari/537.36 Edg/136.0.0.0"
202.62.242.117 - - [30/May/2025:04:52:27 +0000] "GET /assets/css/custom.css?1748580747 HTTP/1.1" 200 1143 "https://tasktrakker.com.au/index.php/admin/searchleads" "Mozilla/5.0 (Windows NT 10.0; Win64; x64) AppleWebKit/537.36 (KHTML, like Gecko) Chrome/136.0.0.0 Safari/537.36 Edg/136.0.0.0"
202.62.242.117 - - [30/May/2025:04:52:27 +0000] "GET /assets/dist/js/pages/dashboard.js?1748580747 HTTP/1.1" 200 4661 "https://tasktrakker.com.au/index.php/admin/searchleads" "Mozilla/5.0 (Windows NT 10.0; Win64; x64) AppleWebKit/537.36 (KHTML, like Gecko) Chrome/136.0.0.0 Safari/537.36 Edg/136.0.0.0"
202.62.242.117 - - [30/May/2025:04:52:32 +0000] "POST /index.php/admin/manageLeads/ HTTP/1.1" 301 574 "https://tasktrakker.com.au/index.php/admin/searchleads" "Mozilla/5.0 (Windows NT 10.0; Win64; x64) AppleWebKit/537.36 (KHTML, like Gecko) Chrome/136.0.0.0 Safari/537.36 Edg/136.0.0.0"
202.62.242.117 - - [30/May/2025:04:52:33 +0000] "GET /assets/css/custom.css?1748580753 HTTP/1.1" 200 1467 "https://tasktrakker.com.au/index.php/admin/manageLeads" "Mozilla/5.0 (Windows NT 10.0; Win64; x64) AppleWebKit/537.36 (KHTML, like Gecko) Chrome/136.0.0.0 Safari/537.36 Edg/136.0.0.0"
202.62.242.117 - - [30/May/2025:04:52:33 +0000] "GET /index.php/admin/manageLeads HTTP/1.1" 200 312803 "https://tasktrakker.com.au/index.php/admin/searchleads" "Mozilla/5.0 (Windows NT 10.0; Win64; x64) AppleWebKit/537.36 (KHTML, like Gecko) Chrome/136.0.0.0 Safari/537.36 Edg/136.0.0.0"
202.62.242.117 - - [30/May/2025:04:52:35 +0000] "GET /assets/dist/js/pages/dashboard.js?1748580753 HTTP/1.1" 200 4337 "https://tasktrakker.com.au/index.php/admin/manageLeads" "Mozilla/5.0 (Windows NT 10.0; Win64; x64) AppleWebKit/537.36 (KHTML, like Gecko) Chrome/136.0.0.0 Safari/537.36 Edg/136.0.0.0"
202.62.242.117 - - [30/May/2025:04:52:51 +0000] "GET /index.php/admin/addleadview/3444 HTTP/1.1" 200 9900 "https://tasktrakker.com.au/index.php/admin/manageLeads" "Mozilla/5.0 (Windows NT 10.0; Win64; x64) AppleWebKit/537.36 (KHTML, like Gecko) Chrome/136.0.0.0 Safari/537.36 Edg/136.0.0.0"
202.62.242.117 - - [30/May/2025:04:52:51 +0000] "GET /assets/css/custom.css?1748580771 HTTP/1.1" 200 1143 "https://tasktrakker.com.au/index.php/admin/addleadview/3444" "Mozilla/5.0 (Windows NT 10.0; Win64; x64) AppleWebKit/537.36 (KHTML, like Gecko) Chrome/136.0.0.0 Safari/537.36 Edg/136.0.0.0"
202.62.242.117 - - [30/May/2025:04:52:51 +0000] "GET /assets/dist/js/pages/dashboard.js?1748580771 HTTP/1.1" 200 4661 "https://tasktrakker.com.au/index.php/admin/addleadview/3444" "Mozilla/5.0 (Windows NT 10.0; Win64; x64) AppleWebKit/537.36 (KHTML, like Gecko) Chrome/136.0.0.0 Safari/537.36 Edg/136.0.0.0"
202.62.242.117 - - [30/May/2025:04:52:54 +0000] "GET /index.php/admin/manageCustomers HTTP/1.1" 200 37650 "https://tasktrakker.com.au/index.php/admin/addleadview/3444" "Mozilla/5.0 (Windows NT 10.0; Win64; x64) AppleWebKit/537.36 (KHTML, like Gecko) Chrome/136.0.0.0 Safari/537.36 Edg/136.0.0.0"
202.62.242.117 - - [30/May/2025:04:52:54 +0000] "GET /assets/css/custom.css?1748580774 HTTP/1.1" 200 1143 "https://tasktrakker.com.au/index.php/admin/manageCustomers" "Mozilla/5.0 (Windows NT 10.0; Win64; x64) AppleWebKit/537.36 (KHTML, like Gecko) Chrome/136.0.0.0 Safari/537.36 Edg/136.0.0.0"
202.62.242.117 - - [30/May/2025:04:52:54 +0000] "GET /assets/dist/js/pages/dashboard.js?1748580774 HTTP/1.1" 200 4337 "https://tasktrakker.com.au/index.php/admin/manageCustomers" "Mozilla/5.0 (Windows NT 10.0; Win64; x64) AppleWebKit/537.36 (KHTML, like Gecko) Chrome/136.0.0.0 Safari/537.36 Edg/136.0.0.0"
202.62.242.117 - - [30/May/2025:04:52:57 +0000] "GET /index.php/admin/addcustomersview HTTP/1.1" 200 7134 "https://tasktrakker.com.au/index.php/admin/manageCustomers" "Mozilla/5.0 (Windows NT 10.0; Win64; x64) AppleWebKit/537.36 (KHTML, like Gecko) Chrome/136.0.0.0 Safari/537.36 Edg/136.0.0.0"
202.62.242.117 - - [30/May/2025:04:52:57 +0000] "GET /assets/css/custom.css?1748580777 HTTP/1.1" 200 1143 "https://tasktrakker.com.au/index.php/admin/addcustomersview" "Mozilla/5.0 (Windows NT 10.0; Win64; x64) AppleWebKit/537.36 (KHTML, like Gecko) Chrome/136.0.0.0 Safari/537.36 Edg/136.0.0.0"
202.62.242.117 - - [30/May/2025:04:52:57 +0000] "GET /assets/dist/js/pages/dashboard.js?1748580777 HTTP/1.1" 200 4337 "https://tasktrakker.com.au/index.php/admin/addcustomersview" "Mozilla/5.0 (Windows NT 10.0; Win64; x64) AppleWebKit/537.36 (KHTML, like Gecko) Chrome/136.0.0.0 Safari/537.36 Edg/136.0.0.0"
202.62.242.117 - - [30/May/2025:04:53:50 +0000] "GET /index.php/admin/main HTTP/1.1" 200 7377 "-" "Mozilla/5.0 (Windows NT 10.0; Win64; x64) AppleWebKit/537.36 (KHTML, like Gecko) Chrome/136.0.0.0 Safari/537.36 Edg/136.0.0.0"
202.62.242.117 - - [30/May/2025:04:53:50 +0000] "GET /assets/css/custom.css?1748580830 HTTP/1.1" 200 1143 "https://tasktrakker.com.au/index.php/admin/main" "Mozilla/5.0 (Windows NT 10.0; Win64; x64) AppleWebKit/537.36 (KHTML, like Gecko) Chrome/136.0.0.0 Safari/537.36 Edg/136.0.0.0"
202.62.242.117 - - [30/May/2025:04:53:50 +0000] "GET /assets/dist/js/pages/dashboard.js?1748580830 HTTP/1.1" 200 4661 "https://tasktrakker.com.au/index.php/admin/main" "Mozilla/5.0 (Windows NT 10.0; Win64; x64) AppleWebKit/537.36 (KHTML, like Gecko) Chrome/136.0.0.0 Safari/537.36 Edg/136.0.0.0"
202.62.242.117 - - [30/May/2025:04:53:51 +0000] "GET /index.php/admin/get_fullcalendar?start=2025-04-27T00%3A00%3A00%2B10%3A00&end=2025-06-08T00%3A00%3A00%2B10%3A00 HTTP/1.1" 200 3823 "https://tasktrakker.com.au/index.php/admin/main" "Mozilla/5.0 (Windows NT 10.0; Win64; x64) AppleWebKit/537.36 (KHTML, like Gecko) Chrome/136.0.0.0 Safari/537.36 Edg/136.0.0.0"
202.62.242.117 - - [30/May/2025:04:53:51 +0000] "GET /index.php/admin/get_fullcalendar?start=2025-08-31T00%3A00%3A00%2B10%3A00&end=2025-10-12T00%3A00%3A00%2B11%3A00 HTTP/1.1" 200 2646 "https://tasktrakker.com.au/index.php/admin/main" "Mozilla/5.0 (Windows NT 10.0; Win64; x64) AppleWebKit/537.36 (KHTML, like Gecko) Chrome/136.0.0.0 Safari/537.36 Edg/136.0.0.0"
202.62.242.117 - - [30/May/2025:04:53:54 +0000] "GET /index.php/admin/manageCustomers HTTP/1.1" 200 37650 "https://tasktrakker.com.au/index.php/admin/main" "Mozilla/5.0 (Windows NT 10.0; Win64; x64) AppleWebKit/537.36 (KHTML, like Gecko) Chrome/136.0.0.0 Safari/537.36 Edg/136.0.0.0"
202.62.242.117 - - [30/May/2025:04:53:54 +0000] "GET /assets/css/custom.css?1748580834 HTTP/1.1" 200 1143 "https://tasktrakker.com.au/index.php/admin/manageCustomers" "Mozilla/5.0 (Windows NT 10.0; Win64; x64) AppleWebKit/537.36 (KHTML, like Gecko) Chrome/136.0.0.0 Safari/537.36 Edg/136.0.0.0"
202.62.242.117 - - [30/May/2025:04:53:54 +0000] "GET /assets/dist/js/pages/dashboard.js?1748580834 HTTP/1.1" 200 4337 "https://tasktrakker.com.au/index.php/admin/manageCustomers" "Mozilla/5.0 (Windows NT 10.0; Win64; x64) AppleWebKit/537.36 (KHTML, like Gecko) Chrome/136.0.0.0 Safari/537.36 Edg/136.0.0.0"
202.62.242.117 - - [30/May/2025:04:54:14 +0000] "GET /index.php/admin/check_customer_code/N18G01 HTTP/1.1" 200 809 "https://tasktrakker.com.au/index.php/admin/addcustomersview" "Mozilla/5.0 (Windows NT 10.0; Win64; x64) AppleWebKit/537.36 (KHTML, like Gecko) Chrome/136.0.0.0 Safari/537.36 Edg/136.0.0.0"
202.62.242.117 - - [30/May/2025:04:54:20 +0000] "-" 408 323 "-" "-"
202.62.242.117 - - [30/May/2025:04:54:51 +0000] "GET /index.php/admin/main HTTP/1.1" 200 7377 "https://tasktrakker.com.au/index.php/admin/manageCustomers" "Mozilla/5.0 (Windows NT 10.0; Win64; x64) AppleWebKit/537.36 (KHTML, like Gecko) Chrome/136.0.0.0 Safari/537.36 Edg/136.0.0.0"
202.62.242.117 - - [30/May/2025:04:54:51 +0000] "GET /assets/css/custom.css?1748580891 HTTP/1.1" 200 1143 "https://tasktrakker.com.au/index.php/admin/main" "Mozilla/5.0 (Windows NT 10.0; Win64; x64) AppleWebKit/537.36 (KHTML, like Gecko) Chrome/136.0.0.0 Safari/537.36 Edg/136.0.0.0"
202.62.242.117 - - [30/May/2025:04:54:51 +0000] "GET /assets/dist/js/pages/dashboard.js?1748580891 HTTP/1.1" 200 4661 "https://tasktrakker.com.au/index.php/admin/main" "Mozilla/5.0 (Windows NT 10.0; Win64; x64) AppleWebKit/537.36 (KHTML, like Gecko) Chrome/136.0.0.0 Safari/537.36 Edg/136.0.0.0"
202.62.242.117 - - [30/May/2025:04:54:51 +0000] "GET /index.php/admin/get_fullcalendar?start=2025-04-27T00%3A00%3A00%2B10%3A00&end=2025-06-08T00%3A00%3A00%2B10%3A00 HTTP/1.1" 200 3823 "https://tasktrakker.com.au/index.php/admin/main" "Mozilla/5.0 (Windows NT 10.0; Win64; x64) AppleWebKit/537.36 (KHTML, like Gecko) Chrome/136.0.0.0 Safari/537.36 Edg/136.0.0.0"
202.62.242.117 - - [30/May/2025:04:54:51 +0000] "GET /index.php/admin/get_fullcalendar?start=2025-08-31T00%3A00%3A00%2B10%3A00&end=2025-10-12T00%3A00%3A00%2B11%3A00 HTTP/1.1" 200 2646 "https://tasktrakker.com.au/index.php/admin/main" "Mozilla/5.0 (Windows NT 10.0; Win64; x64) AppleWebKit/537.36 (KHTML, like Gecko) Chrome/136.0.0.0 Safari/537.36 Edg/136.0.0.0"
202.62.242.117 - - [30/May/2025:04:54:55 +0000] "GET /index.php/admin/get_fullcalendar?start=2025-07-27T00%3A00%3A00%2B10%3A00&end=2025-09-07T00%3A00%3A00%2B10%3A00 HTTP/1.1" 200 3746 "https://tasktrakker.com.au/index.php/admin/main" "Mozilla/5.0 (Windows NT 10.0; Win64; x64) AppleWebKit/537.36 (KHTML, like Gecko) Chrome/136.0.0.0 Safari/537.36 Edg/136.0.0.0"
202.62.242.117 - - [30/May/2025:04:54:55 +0000] "GET /index.php/admin/get_fullcalendar?start=2025-06-29T00%3A00%3A00%2B10%3A00&end=2025-08-10T00%3A00%3A00%2B10%3A00 HTTP/1.1" 200 3118 "https://tasktrakker.com.au/index.php/admin/main" "Mozilla/5.0 (Windows NT 10.0; Win64; x64) AppleWebKit/537.36 (KHTML, like Gecko) Chrome/136.0.0.0 Safari/537.36 Edg/136.0.0.0"
202.62.242.117 - - [30/May/2025:04:54:56 +0000] "GET /index.php/admin/get_fullcalendar?start=2025-06-01T00%3A00%3A00%2B10%3A00&end=2025-07-13T00%3A00%3A00%2B10%3A00 HTTP/1.1" 200 3619 "https://tasktrakker.com.au/index.php/admin/main" "Mozilla/5.0 (Windows NT 10.0; Win64; x64) AppleWebKit/537.36 (KHTML, like Gecko) Chrome/136.0.0.0 Safari/537.36 Edg/136.0.0.0"
202.62.242.117 - - [30/May/2025:04:54:57 +0000] "GET /index.php/admin/get_fullcalendar?start=2025-04-27T00%3A00%3A00%2B10%3A00&end=2025-06-08T00%3A00%3A00%2B10%3A00 HTTP/1.1" 200 3823 "https://tasktrakker.com.au/index.php/admin/main" "Mozilla/5.0 (Windows NT 10.0; Win64; x64) AppleWebKit/537.36 (KHTML, like Gecko) Chrome/136.0.0.0 Safari/537.36 Edg/136.0.0.0"
202.62.242.117 - - [30/May/2025:04:54:58 +0000] "GET /index.php/admin/get_fullcalendar?start=2025-03-30T00%3A00%3A00%2B11%3A00&end=2025-05-11T00%3A00%3A00%2B10%3A00 HTTP/1.1" 200 2938 "https://tasktrakker.com.au/index.php/admin/main" "Mozilla/5.0 (Windows NT 10.0; Win64; x64) AppleWebKit/537.36 (KHTML, like Gecko) Chrome/136.0.0.0 Safari/537.36 Edg/136.0.0.0"
202.62.242.117 - - [30/May/2025:04:54:59 +0000] "GET /index.php/admin/get_fullcalendar?start=2025-04-27T00%3A00%3A00%2B10%3A00&end=2025-06-08T00%3A00%3A00%2B10%3A00 HTTP/1.1" 200 3823 "https://tasktrakker.com.au/index.php/admin/main" "Mozilla/5.0 (Windows NT 10.0; Win64; x64) AppleWebKit/537.36 (KHTML, like Gecko) Chrome/136.0.0.0 Safari/537.36 Edg/136.0.0.0"
202.62.242.117 - - [30/May/2025:04:55:00 +0000] "GET /index.php/admin/get_fullcalendar?start=2025-06-01T00%3A00%3A00%2B10%3A00&end=2025-07-13T00%3A00%3A00%2B10%3A00 HTTP/1.1" 200 3619 "https://tasktrakker.com.au/index.php/admin/main" "Mozilla/5.0 (Windows NT 10.0; Win64; x64) AppleWebKit/537.36 (KHTML, like Gecko) Chrome/136.0.0.0 Safari/537.36 Edg/136.0.0.0"
202.62.242.117 - - [30/May/2025:04:55:01 +0000] "GET /index.php/admin/addcustomersview/6192 HTTP/1.1" 200 11032 "https://tasktrakker.com.au/index.php/admin/main" "Mozilla/5.0 (Windows NT 10.0; Win64; x64) AppleWebKit/537.36 (KHTML, like Gecko) Chrome/136.0.0.0 Safari/537.36 Edg/136.0.0.0"
202.62.242.117 - - [30/May/2025:04:55:01 +0000] "GET /assets/css/custom.css?1748580901 HTTP/1.1" 200 1143 "https://tasktrakker.com.au/index.php/admin/addcustomersview/6192" "Mozilla/5.0 (Windows NT 10.0; Win64; x64) AppleWebKit/537.36 (KHTML, like Gecko) Chrome/136.0.0.0 Safari/537.36 Edg/136.0.0.0"
202.62.242.117 - - [30/May/2025:04:55:01 +0000] "GET /assets/dist/js/pages/dashboard.js?1748580901 HTTP/1.1" 200 4661 "https://tasktrakker.com.au/index.php/admin/addcustomersview/6192" "Mozilla/5.0 (Windows NT 10.0; Win64; x64) AppleWebKit/537.36 (KHTML, like Gecko) Chrome/136.0.0.0 Safari/537.36 Edg/136.0.0.0"
207.46.13.127 - - [30/May/2025:04:55:18 +0000] "GET /index.php/admin/addcustomersview/9571 HTTP/1.1" 500 5084 "-" "Mozilla/5.0 AppleWebKit/537.36 (KHTML, like Gecko; compatible; bingbot/2.0; +http://www.bing.com/bingbot.htm) Chrome/116.0.1938.76 Safari/537.36"
40.77.167.14 - - [30/May/2025:04:55:22 +0000] "GET /index.php/admin/booking_archive/9526 HTTP/1.1" 500 5084 "-" "Mozilla/5.0 AppleWebKit/537.36 (KHTML, like Gecko; compatible; bingbot/2.0; +http://www.bing.com/bingbot.htm) Chrome/116.0.1938.76 Safari/537.36"
207.46.13.127 - - [30/May/2025:04:55:48 +0000] "GET /index.php/admin/addcustomersview/9571 HTTP/1.1" 500 5084 "-" "Mozilla/5.0 AppleWebKit/537.36 (KHTML, like Gecko; compatible; bingbot/2.0; +http://www.bing.com/bingbot.htm) Chrome/116.0.1938.76 Safari/537.36"
40.77.167.14 - - [30/May/2025:04:55:52 +0000] "GET /index.php/admin/booking_archive/9526 HTTP/1.1" 500 5083 "-" "Mozilla/5.0 AppleWebKit/537.36 (KHTML, like Gecko; compatible; bingbot/2.0; +http://www.bing.com/bingbot.htm) Chrome/116.0.1938.76 Safari/537.36"
202.62.242.117 - - [30/May/2025:04:56:21 +0000] "-" 408 323 "-" "-"
202.62.242.117 - - [30/May/2025:04:56:21 +0000] "-" 408 323 "-" "-"
202.62.242.117 - - [30/May/2025:04:57:04 +0000] "-" 408 323 "-" "-"
202.62.242.117 - - [30/May/2025:04:57:04 +0000] "-" 408 323 "-" "-"
180.149.229.9 - - [30/May/2025:04:57:17 +0000] "GET /.well-known/acme-challenge/GSE5RB8IV-RKYY-ZY3-J0AK6R8C-4UZ0 HTTP/1.1" 301 645 "-" "Cpanel-HTTP-Client/1.0"
180.149.229.9 - - [30/May/2025:04:57:17 +0000] "GET /.well-known/acme-challenge/GSE5RB8IV-RKYY-ZY3-J0AK6R8C-4UZ0 HTTP/1.1" 404 2801 "-" "Cpanel-HTTP-Client/1.0"
180.149.229.9 - - [30/May/2025:04:57:17 +0000] "GET /.well-known/acme-challenge/MN-W95CN8OTCPNYZ128GUFVD5SBS3KSH HTTP/1.1" 404 445 "-" "Cpanel-HTTP-Client/1.0"
180.149.229.9 - - [30/May/2025:04:57:17 +0000] "GET /.well-known/acme-challenge/HY5B0X8V2N9GHB4SO94YSWHNL0ZT3I27 HTTP/1.1" 404 446 "-" "Cpanel-HTTP-Client/1.0"
202.62.242.117 - - [30/May/2025:04:58:25 +0000] "-" 408 323 "-" "-"
202.62.242.117 - - [30/May/2025:04:58:25 +0000] "-" 408 323 "-" "-"
