40.77.167.154 - - [06/Jun/2025:01:08:07 +0000] "GET /admin/main HTTP/1.1" 500 2213 "-" "Mozilla/5.0 AppleWebKit/537.36 (KHTML, like Gecko; compatible; bingbot/2.0; +http://www.bing.com/bingbot.htm) Chrome/116.0.1938.76 Safari/537.36"
202.62.242.117 - - [06/Jun/2025:01:08:08 +0000] "-" 408 323 "-" "-"
202.62.242.117 - - [06/Jun/2025:01:08:08 +0000] "-" 408 323 "-" "-"
202.62.242.117 - - [06/Jun/2025:01:09:08 +0000] "-" 408 323 "-" "-"
202.62.242.117 - - [06/Jun/2025:01:09:08 +0000] "-" 408 323 "-" "-"
207.46.13.150 - - [06/Jun/2025:01:10:13 +0000] "GET /index.php/admin/addcustomersview/9613 HTTP/1.1" 500 5067 "-" "Mozilla/5.0 AppleWebKit/537.36 (KHTML, like Gecko; compatible; bingbot/2.0; +http://www.bing.com/bingbot.htm) Chrome/116.0.1938.76 Safari/537.36"
202.62.242.117 - - [06/Jun/2025:01:10:23 +0000] "GET /index.php/admin/main HTTP/1.1" 200 7528 "https://tasktrakker.com.au/index.php/admin/addcustomersview/9603" "Mozilla/5.0 (Windows NT 10.0; Win64; x64) AppleWebKit/537.36 (KHTML, like Gecko) Chrome/136.0.0.0 Safari/537.36 Edg/136.0.0.0"
202.62.242.117 - - [06/Jun/2025:01:10:23 +0000] "GET /assets/css/custom.css?1749172223 HTTP/1.1" 200 1143 "https://tasktrakker.com.au/index.php/admin/main" "Mozilla/5.0 (Windows NT 10.0; Win64; x64) AppleWebKit/537.36 (KHTML, like Gecko) Chrome/136.0.0.0 Safari/537.36 Edg/136.0.0.0"
202.62.242.117 - - [06/Jun/2025:01:10:23 +0000] "GET /assets/dist/js/pages/dashboard.js?1749172223 HTTP/1.1" 200 4661 "https://tasktrakker.com.au/index.php/admin/main" "Mozilla/5.0 (Windows NT 10.0; Win64; x64) AppleWebKit/537.36 (KHTML, like Gecko) Chrome/136.0.0.0 Safari/537.36 Edg/136.0.0.0"
202.62.242.117 - - [06/Jun/2025:01:10:23 +0000] "GET /index.php/admin/get_fullcalendar?start=2025-06-01T00%3A00%3A00%2B10%3A00&end=2025-07-13T00%3A00%3A00%2B10%3A00 HTTP/1.1" 200 3646 "https://tasktrakker.com.au/index.php/admin/main" "Mozilla/5.0 (Windows NT 10.0; Win64; x64) AppleWebKit/537.36 (KHTML, like Gecko) Chrome/136.0.0.0 Safari/537.36 Edg/136.0.0.0"
202.62.242.117 - - [06/Jun/2025:01:10:23 +0000] "GET /index.php/admin/get_fullcalendar?start=2025-06-01T00%3A00%3A00%2B10%3A00&end=2025-07-13T00%3A00%3A00%2B10%3A00 HTTP/1.1" 200 3646 "https://tasktrakker.com.au/index.php/admin/main" "Mozilla/5.0 (Windows NT 10.0; Win64; x64) AppleWebKit/537.36 (KHTML, like Gecko) Chrome/136.0.0.0 Safari/537.36 Edg/136.0.0.0"
202.62.242.117 - - [06/Jun/2025:01:10:25 +0000] "GET /index.php/admin/get_fullcalendar?start=2025-06-29T00%3A00%3A00%2B10%3A00&end=2025-08-10T00%3A00%3A00%2B10%3A00 HTTP/1.1" 200 3240 "https://tasktrakker.com.au/index.php/admin/main" "Mozilla/5.0 (Windows NT 10.0; Win64; x64) AppleWebKit/537.36 (KHTML, like Gecko) Chrome/136.0.0.0 Safari/537.36 Edg/136.0.0.0"
207.46.13.150 - - [06/Jun/2025:01:10:32 +0000] "GET /index.php/admin/deleteLeadop/7165 HTTP/1.1" 302 3154 "-" "Mozilla/5.0 AppleWebKit/537.36 (KHTML, like Gecko; compatible; bingbot/2.0; +http://www.bing.com/bingbot.htm) Chrome/116.0.1938.76 Safari/537.36"
207.46.13.150 - - [06/Jun/2025:01:10:34 +0000] "GET /admin/error_view HTTP/1.1" 302 305 "-" "Mozilla/5.0 AppleWebKit/537.36 (KHTML, like Gecko; compatible; bingbot/2.0; +http://www.bing.com/bingbot.htm) Chrome/116.0.1938.76 Safari/537.36"
207.46.13.150 - - [06/Jun/2025:01:10:35 +0000] "GET /admin/main HTTP/1.1" 500 2213 "-" "Mozilla/5.0 AppleWebKit/537.36 (KHTML, like Gecko; compatible; bingbot/2.0; +http://www.bing.com/bingbot.htm) Chrome/116.0.1938.76 Safari/537.36"
202.62.242.117 - - [06/Jun/2025:01:11:02 +0000] "-" 408 323 "-" "-"
202.62.242.117 - - [06/Jun/2025:01:11:02 +0000] "-" 408 323 "-" "-"
207.46.13.156 - - [06/Jun/2025:01:11:31 +0000] "GET /index.php/admin/addcustomersview/6543 HTTP/1.1" 500 5068 "-" "Mozilla/5.0 AppleWebKit/537.36 (KHTML, like Gecko; compatible; bingbot/2.0; +http://www.bing.com/bingbot.htm) Chrome/116.0.1938.76 Safari/537.36"
40.77.167.65 - - [06/Jun/2025:01:11:32 +0000] "GET /index.php/admin/addcustomersview/2610 HTTP/1.1" 500 5067 "-" "Mozilla/5.0 AppleWebKit/537.36 (KHTML, like Gecko; compatible; bingbot/2.0; +http://www.bing.com/bingbot.htm) Chrome/116.0.1938.76 Safari/537.36"
40.77.167.65 - - [06/Jun/2025:01:11:33 +0000] "GET /index.php/admin/addcustomersview/9603 HTTP/1.1" 500 2783 "-" "Mozilla/5.0 AppleWebKit/537.36 (KHTML, like Gecko; compatible; bingbot/2.0; +http://www.bing.com/bingbot.htm) Chrome/116.0.1938.76 Safari/537.36"
52.167.144.163 - - [06/Jun/2025:01:11:35 +0000] "GET /index.php/admin/addcustomersview/6524 HTTP/1.1" 500 5067 "-" "Mozilla/5.0 AppleWebKit/537.36 (KHTML, like Gecko; compatible; bingbot/2.0; +http://www.bing.com/bingbot.htm) Chrome/116.0.1938.76 Safari/537.36"
40.77.167.65 - - [06/Jun/2025:01:11:44 +0000] "GET /index.php/admin/addleadview/3468 HTTP/1.1" 500 5063 "-" "Mozilla/5.0 AppleWebKit/537.36 (KHTML, like Gecko; compatible; bingbot/2.0; +http://www.bing.com/bingbot.htm) Chrome/116.0.1938.76 Safari/537.36"
40.77.167.65 - - [06/Jun/2025:01:11:52 +0000] "GET /index.php/admin/addcustomersview/2610 HTTP/1.1" 500 5069 "-" "Mozilla/5.0 AppleWebKit/537.36 (KHTML, like Gecko; compatible; bingbot/2.0; +http://www.bing.com/bingbot.htm) Chrome/116.0.1938.76 Safari/537.36"
40.77.167.65 - - [06/Jun/2025:01:11:53 +0000] "GET /index.php/admin/addcustomersview/9603 HTTP/1.1" 500 2783 "-" "Mozilla/5.0 AppleWebKit/537.36 (KHTML, like Gecko; compatible; bingbot/2.0; +http://www.bing.com/bingbot.htm) Chrome/116.0.1938.76 Safari/537.36"
207.46.13.156 - - [06/Jun/2025:01:12:02 +0000] "GET /index.php/admin/addcustomersview/6543 HTTP/1.1" 500 5067 "-" "Mozilla/5.0 AppleWebKit/537.36 (KHTML, like Gecko; compatible; bingbot/2.0; +http://www.bing.com/bingbot.htm) Chrome/116.0.1938.76 Safari/537.36"
52.167.144.163 - - [06/Jun/2025:01:12:07 +0000] "GET /index.php/admin/addcustomersview/6524 HTTP/1.1" 500 5068 "-" "Mozilla/5.0 AppleWebKit/537.36 (KHTML, like Gecko; compatible; bingbot/2.0; +http://www.bing.com/bingbot.htm) Chrome/116.0.1938.76 Safari/537.36"
202.62.242.117 - - [06/Jun/2025:01:12:15 +0000] "-" 408 323 "-" "-"
202.62.242.117 - - [06/Jun/2025:01:12:15 +0000] "-" 408 323 "-" "-"
202.62.242.117 - - [06/Jun/2025:01:12:19 +0000] "GET /index.php/admin/addcustomersview/9703 HTTP/1.1" 200 10690 "https://tasktrakker.com.au/index.php/admin/main" "Mozilla/5.0 (Windows NT 10.0; Win64; x64) AppleWebKit/537.36 (KHTML, like Gecko) Chrome/136.0.0.0 Safari/537.36 Edg/136.0.0.0"
202.62.242.117 - - [06/Jun/2025:01:12:19 +0000] "GET /assets/css/custom.css?1749172339 HTTP/1.1" 200 1143 "https://tasktrakker.com.au/index.php/admin/addcustomersview/9703" "Mozilla/5.0 (Windows NT 10.0; Win64; x64) AppleWebKit/537.36 (KHTML, like Gecko) Chrome/136.0.0.0 Safari/537.36 Edg/136.0.0.0"
202.62.242.117 - - [06/Jun/2025:01:12:19 +0000] "GET /assets/dist/js/pages/dashboard.js?1749172339 HTTP/1.1" 200 4661 "https://tasktrakker.com.au/index.php/admin/addcustomersview/9703" "Mozilla/5.0 (Windows NT 10.0; Win64; x64) AppleWebKit/537.36 (KHTML, like Gecko) Chrome/136.0.0.0 Safari/537.36 Edg/136.0.0.0"
202.62.242.117 - - [06/Jun/2025:01:13:39 +0000] "-" 408 323 "-" "-"
202.62.242.117 - - [06/Jun/2025:01:13:39 +0000] "-" 408 323 "-" "-"
202.62.242.117 - - [06/Jun/2025:01:14:39 +0000] "-" 408 323 "-" "-"
202.62.242.117 - - [06/Jun/2025:01:14:39 +0000] "-" 408 323 "-" "-"
52.167.144.238 - - [06/Jun/2025:01:14:56 +0000] "GET /index.php/admin/addcustomersview/9708 HTTP/1.1" 500 5069 "-" "Mozilla/5.0 AppleWebKit/537.36 (KHTML, like Gecko; compatible; bingbot/2.0; +http://www.bing.com/bingbot.htm) Chrome/116.0.1938.76 Safari/537.36"
202.62.242.117 - - [06/Jun/2025:01:14:58 +0000] "GET /index.php/admin/main HTTP/1.1" 200 7386 "https://tasktrakker.com.au/index.php/admin/addcustomersview/9703" "Mozilla/5.0 (Windows NT 10.0; Win64; x64) AppleWebKit/537.36 (KHTML, like Gecko) Chrome/136.0.0.0 Safari/537.36 Edg/136.0.0.0"
202.62.242.117 - - [06/Jun/2025:01:14:58 +0000] "GET /assets/css/custom.css?1749172498 HTTP/1.1" 200 1143 "https://tasktrakker.com.au/index.php/admin/main" "Mozilla/5.0 (Windows NT 10.0; Win64; x64) AppleWebKit/537.36 (KHTML, like Gecko) Chrome/136.0.0.0 Safari/537.36 Edg/136.0.0.0"
202.62.242.117 - - [06/Jun/2025:01:14:58 +0000] "GET /assets/dist/js/pages/dashboard.js?1749172498 HTTP/1.1" 200 4661 "https://tasktrakker.com.au/index.php/admin/main" "Mozilla/5.0 (Windows NT 10.0; Win64; x64) AppleWebKit/537.36 (KHTML, like Gecko) Chrome/136.0.0.0 Safari/537.36 Edg/136.0.0.0"
202.62.242.117 - - [06/Jun/2025:01:14:58 +0000] "GET /index.php/admin/get_fullcalendar?start=2025-06-01T00%3A00%3A00%2B10%3A00&end=2025-07-13T00%3A00%3A00%2B10%3A00 HTTP/1.1" 200 3646 "https://tasktrakker.com.au/index.php/admin/main" "Mozilla/5.0 (Windows NT 10.0; Win64; x64) AppleWebKit/537.36 (KHTML, like Gecko) Chrome/136.0.0.0 Safari/537.36 Edg/136.0.0.0"
202.62.242.117 - - [06/Jun/2025:01:14:58 +0000] "GET /index.php/admin/get_fullcalendar?start=2025-06-29T00%3A00%3A00%2B10%3A00&end=2025-08-10T00%3A00%3A00%2B10%3A00 HTTP/1.1" 200 3240 "https://tasktrakker.com.au/index.php/admin/main" "Mozilla/5.0 (Windows NT 10.0; Win64; x64) AppleWebKit/537.36 (KHTML, like Gecko) Chrome/136.0.0.0 Safari/537.36 Edg/136.0.0.0"
202.62.242.117 - - [06/Jun/2025:01:15:01 +0000] "GET /index.php/admin/addcustomersview/9689 HTTP/1.1" 200 10759 "https://tasktrakker.com.au/index.php/admin/main" "Mozilla/5.0 (Windows NT 10.0; Win64; x64) AppleWebKit/537.36 (KHTML, like Gecko) Chrome/136.0.0.0 Safari/537.36 Edg/136.0.0.0"
202.62.242.117 - - [06/Jun/2025:01:15:01 +0000] "GET /assets/dist/js/pages/dashboard.js?1749172501 HTTP/1.1" 200 4337 "https://tasktrakker.com.au/index.php/admin/addcustomersview/9689" "Mozilla/5.0 (Windows NT 10.0; Win64; x64) AppleWebKit/537.36 (KHTML, like Gecko) Chrome/136.0.0.0 Safari/537.36 Edg/136.0.0.0"
202.62.242.117 - - [06/Jun/2025:01:15:01 +0000] "GET /assets/css/custom.css?1749172501 HTTP/1.1" 200 1143 "https://tasktrakker.com.au/index.php/admin/addcustomersview/9689" "Mozilla/5.0 (Windows NT 10.0; Win64; x64) AppleWebKit/537.36 (KHTML, like Gecko) Chrome/136.0.0.0 Safari/537.36 Edg/136.0.0.0"
154.216.238.95 - - [06/Jun/2025:01:15:13 +0000] "GET /index.php/admin/booking_create_view/9526 HTTP/1.1" 500 2854 "-" "Mozilla/5.0 (Windows NT 10.0; Win64; x64) AppleWebKit/537.36 (KHTML, like Gecko) Chrome/131.0.0.0 Safari/537.36 Edg/131.0.0.0"
154.216.238.95 - - [06/Jun/2025:01:15:13 +0000] "GET /index.php/admin/booking_create_view/9526 HTTP/1.1" 500 2855 "-" "Mozilla/5.0 (Windows NT 10.0; Win64; x64) AppleWebKit/537.36 (KHTML, like Gecko) Chrome/131.0.0.0 Safari/537.36 Edg/131.0.0.0"
202.62.242.117 - - [06/Jun/2025:01:15:55 +0000] "GET /index.php/admin/main HTTP/1.1" 200 7528 "https://tasktrakker.com.au/index.php/admin/addcustomersview/9689" "Mozilla/5.0 (Windows NT 10.0; Win64; x64) AppleWebKit/537.36 (KHTML, like Gecko) Chrome/136.0.0.0 Safari/537.36 Edg/136.0.0.0"
202.62.242.117 - - [06/Jun/2025:01:15:56 +0000] "GET /assets/css/custom.css?1749172556 HTTP/1.1" 200 1143 "https://tasktrakker.com.au/index.php/admin/main" "Mozilla/5.0 (Windows NT 10.0; Win64; x64) AppleWebKit/537.36 (KHTML, like Gecko) Chrome/136.0.0.0 Safari/537.36 Edg/136.0.0.0"
202.62.242.117 - - [06/Jun/2025:01:15:56 +0000] "GET /assets/dist/js/pages/dashboard.js?1749172556 HTTP/1.1" 200 4661 "https://tasktrakker.com.au/index.php/admin/main" "Mozilla/5.0 (Windows NT 10.0; Win64; x64) AppleWebKit/537.36 (KHTML, like Gecko) Chrome/136.0.0.0 Safari/537.36 Edg/136.0.0.0"
202.62.242.117 - - [06/Jun/2025:01:15:56 +0000] "GET /index.php/admin/get_fullcalendar?start=2025-06-01T00%3A00%3A00%2B10%3A00&end=2025-07-13T00%3A00%3A00%2B10%3A00 HTTP/1.1" 200 3646 "https://tasktrakker.com.au/index.php/admin/main" "Mozilla/5.0 (Windows NT 10.0; Win64; x64) AppleWebKit/537.36 (KHTML, like Gecko) Chrome/136.0.0.0 Safari/537.36 Edg/136.0.0.0"
202.62.242.117 - - [06/Jun/2025:01:15:56 +0000] "GET /index.php/admin/get_fullcalendar?start=2025-06-29T00%3A00%3A00%2B10%3A00&end=2025-08-10T00%3A00%3A00%2B10%3A00 HTTP/1.1" 200 3240 "https://tasktrakker.com.au/index.php/admin/main" "Mozilla/5.0 (Windows NT 10.0; Win64; x64) AppleWebKit/537.36 (KHTML, like Gecko) Chrome/136.0.0.0 Safari/537.36 Edg/136.0.0.0"
202.62.242.117 - - [06/Jun/2025:01:15:59 +0000] "GET /index.php/admin/addcustomersview/9703 HTTP/1.1" 200 10366 "https://tasktrakker.com.au/index.php/admin/main" "Mozilla/5.0 (Windows NT 10.0; Win64; x64) AppleWebKit/537.36 (KHTML, like Gecko) Chrome/136.0.0.0 Safari/537.36 Edg/136.0.0.0"
202.62.242.117 - - [06/Jun/2025:01:15:59 +0000] "GET /assets/css/custom.css?1749172559 HTTP/1.1" 200 1143 "https://tasktrakker.com.au/index.php/admin/addcustomersview/9703" "Mozilla/5.0 (Windows NT 10.0; Win64; x64) AppleWebKit/537.36 (KHTML, like Gecko) Chrome/136.0.0.0 Safari/537.36 Edg/136.0.0.0"
202.62.242.117 - - [06/Jun/2025:01:15:59 +0000] "GET /assets/dist/js/pages/dashboard.js?1749172559 HTTP/1.1" 200 4337 "https://tasktrakker.com.au/index.php/admin/addcustomersview/9703" "Mozilla/5.0 (Windows NT 10.0; Win64; x64) AppleWebKit/537.36 (KHTML, like Gecko) Chrome/136.0.0.0 Safari/537.36 Edg/136.0.0.0"
202.62.242.117 - - [06/Jun/2025:01:16:41 +0000] "-" 408 323 "-" "-"
202.62.242.117 - - [06/Jun/2025:01:16:41 +0000] "-" 408 323 "-" "-"
202.62.242.117 - - [06/Jun/2025:01:17:02 +0000] "-" 408 323 "-" "-"
202.62.242.117 - - [06/Jun/2025:01:17:02 +0000] "-" 408 323 "-" "-"
202.62.242.117 - - [06/Jun/2025:01:18:02 +0000] "-" 408 323 "-" "-"
202.62.242.117 - - [06/Jun/2025:01:18:02 +0000] "-" 408 323 "-" "-"
202.62.242.117 - - [06/Jun/2025:01:19:01 +0000] "GET /index.php/admin/main HTTP/1.1" 200 7386 "https://tasktrakker.com.au/index.php/admin/addcustomersview/9703" "Mozilla/5.0 (Windows NT 10.0; Win64; x64) AppleWebKit/537.36 (KHTML, like Gecko) Chrome/136.0.0.0 Safari/537.36 Edg/136.0.0.0"
202.62.242.117 - - [06/Jun/2025:01:19:01 +0000] "GET /assets/css/custom.css?1749172741 HTTP/1.1" 200 1143 "https://tasktrakker.com.au/index.php/admin/main" "Mozilla/5.0 (Windows NT 10.0; Win64; x64) AppleWebKit/537.36 (KHTML, like Gecko) Chrome/136.0.0.0 Safari/537.36 Edg/136.0.0.0"
202.62.242.117 - - [06/Jun/2025:01:19:01 +0000] "GET /assets/dist/js/pages/dashboard.js?1749172741 HTTP/1.1" 200 4661 "https://tasktrakker.com.au/index.php/admin/main" "Mozilla/5.0 (Windows NT 10.0; Win64; x64) AppleWebKit/537.36 (KHTML, like Gecko) Chrome/136.0.0.0 Safari/537.36 Edg/136.0.0.0"
202.62.242.117 - - [06/Jun/2025:01:19:01 +0000] "GET /index.php/admin/get_fullcalendar?start=2025-06-01T00%3A00%3A00%2B10%3A00&end=2025-07-13T00%3A00%3A00%2B10%3A00 HTTP/1.1" 200 3646 "https://tasktrakker.com.au/index.php/admin/main" "Mozilla/5.0 (Windows NT 10.0; Win64; x64) AppleWebKit/537.36 (KHTML, like Gecko) Chrome/136.0.0.0 Safari/537.36 Edg/136.0.0.0"
202.62.242.117 - - [06/Jun/2025:01:19:01 +0000] "GET /index.php/admin/get_fullcalendar?start=2025-06-29T00%3A00%3A00%2B10%3A00&end=2025-08-10T00%3A00%3A00%2B10%3A00 HTTP/1.1" 200 3240 "https://tasktrakker.com.au/index.php/admin/main" "Mozilla/5.0 (Windows NT 10.0; Win64; x64) AppleWebKit/537.36 (KHTML, like Gecko) Chrome/136.0.0.0 Safari/537.36 Edg/136.0.0.0"
202.62.242.117 - - [06/Jun/2025:01:19:03 +0000] "GET /index.php/admin/addcustomersview/9689 HTTP/1.1" 200 10758 "https://tasktrakker.com.au/index.php/admin/main" "Mozilla/5.0 (Windows NT 10.0; Win64; x64) AppleWebKit/537.36 (KHTML, like Gecko) Chrome/136.0.0.0 Safari/537.36 Edg/136.0.0.0"
202.62.242.117 - - [06/Jun/2025:01:19:03 +0000] "GET /assets/css/custom.css?1749172743 HTTP/1.1" 200 1143 "https://tasktrakker.com.au/index.php/admin/addcustomersview/9689" "Mozilla/5.0 (Windows NT 10.0; Win64; x64) AppleWebKit/537.36 (KHTML, like Gecko) Chrome/136.0.0.0 Safari/537.36 Edg/136.0.0.0"
202.62.242.117 - - [06/Jun/2025:01:19:03 +0000] "GET /assets/dist/js/pages/dashboard.js?1749172743 HTTP/1.1" 200 4337 "https://tasktrakker.com.au/index.php/admin/addcustomersview/9689" "Mozilla/5.0 (Windows NT 10.0; Win64; x64) AppleWebKit/537.36 (KHTML, like Gecko) Chrome/136.0.0.0 Safari/537.36 Edg/136.0.0.0"
52.167.144.238 - - [06/Jun/2025:01:19:35 +0000] "GET /index.php/admin/deleteLeadop/3041 HTTP/1.1" 302 3153 "-" "Mozilla/5.0 AppleWebKit/537.36 (KHTML, like Gecko; compatible; bingbot/2.0; +http://www.bing.com/bingbot.htm) Chrome/116.0.1938.76 Safari/537.36"
52.167.144.238 - - [06/Jun/2025:01:19:36 +0000] "GET /admin/error_view HTTP/1.1" 302 305 "-" "Mozilla/5.0 AppleWebKit/537.36 (KHTML, like Gecko; compatible; bingbot/2.0; +http://www.bing.com/bingbot.htm) Chrome/116.0.1938.76 Safari/537.36"
52.167.144.238 - - [06/Jun/2025:01:19:37 +0000] "GET /admin/main HTTP/1.1" 500 2213 "-" "Mozilla/5.0 AppleWebKit/537.36 (KHTML, like Gecko; compatible; bingbot/2.0; +http://www.bing.com/bingbot.htm) Chrome/116.0.1938.76 Safari/537.36"
202.62.242.117 - - [06/Jun/2025:01:19:52 +0000] "-" 408 323 "-" "-"
202.62.242.117 - - [06/Jun/2025:01:19:52 +0000] "-" 408 323 "-" "-"
202.62.242.117 - - [06/Jun/2025:01:20:34 +0000] "-" 408 323 "-" "-"
202.62.242.117 - - [06/Jun/2025:01:20:34 +0000] "-" 408 323 "-" "-"
203.27.70.236 - - [06/Jun/2025:01:21:11 +0000] "GET /index.php/admin/addcustomersview/6524 HTTP/1.1" 500 2853 "-" "Mozilla/5.0 (Windows NT 10.0; Win64; x64) AppleWebKit/537.36 (KHTML, like Gecko) Chrome/131.0.0.0 Safari/537.36 Edg/131.0.0.0"
103.152.16.157 - - [06/Jun/2025:01:21:18 +0000] "GET /index.php/admin/addcustomersview/9603 HTTP/1.1" 500 2853 "-" "Mozilla/5.0 (Windows NT 10.0; Win64; x64) AppleWebKit/537.36 (KHTML, like Gecko) Chrome/131.0.0.0 Safari/537.36 Edg/131.0.0.0"
202.62.242.117 - - [06/Jun/2025:01:21:18 +0000] "GET /index.php/admin/main HTTP/1.1" 200 7528 "https://tasktrakker.com.au/index.php/admin/addcustomersview/9689" "Mozilla/5.0 (Windows NT 10.0; Win64; x64) AppleWebKit/537.36 (KHTML, like Gecko) Chrome/136.0.0.0 Safari/537.36 Edg/136.0.0.0"
202.62.242.117 - - [06/Jun/2025:01:21:18 +0000] "GET /assets/css/custom.css?1749172878 HTTP/1.1" 200 1143 "https://tasktrakker.com.au/index.php/admin/main" "Mozilla/5.0 (Windows NT 10.0; Win64; x64) AppleWebKit/537.36 (KHTML, like Gecko) Chrome/136.0.0.0 Safari/537.36 Edg/136.0.0.0"
202.62.242.117 - - [06/Jun/2025:01:21:18 +0000] "GET /assets/dist/js/pages/dashboard.js?1749172878 HTTP/1.1" 200 4661 "https://tasktrakker.com.au/index.php/admin/main" "Mozilla/5.0 (Windows NT 10.0; Win64; x64) AppleWebKit/537.36 (KHTML, like Gecko) Chrome/136.0.0.0 Safari/537.36 Edg/136.0.0.0"
202.62.242.117 - - [06/Jun/2025:01:21:18 +0000] "GET /index.php/admin/get_fullcalendar?start=2025-06-01T00%3A00%3A00%2B10%3A00&end=2025-07-13T00%3A00%3A00%2B10%3A00 HTTP/1.1" 200 3646 "https://tasktrakker.com.au/index.php/admin/main" "Mozilla/5.0 (Windows NT 10.0; Win64; x64) AppleWebKit/537.36 (KHTML, like Gecko) Chrome/136.0.0.0 Safari/537.36 Edg/136.0.0.0"
202.62.242.117 - - [06/Jun/2025:01:21:18 +0000] "GET /index.php/admin/get_fullcalendar?start=2025-06-29T00%3A00%3A00%2B10%3A00&end=2025-08-10T00%3A00%3A00%2B10%3A00 HTTP/1.1" 200 3240 "https://tasktrakker.com.au/index.php/admin/main" "Mozilla/5.0 (Windows NT 10.0; Win64; x64) AppleWebKit/537.36 (KHTML, like Gecko) Chrome/136.0.0.0 Safari/537.36 Edg/136.0.0.0"
202.62.242.117 - - [06/Jun/2025:01:21:20 +0000] "GET /index.php/admin/addcustomersview/6471 HTTP/1.1" 200 10431 "https://tasktrakker.com.au/index.php/admin/main" "Mozilla/5.0 (Windows NT 10.0; Win64; x64) AppleWebKit/537.36 (KHTML, like Gecko) Chrome/136.0.0.0 Safari/537.36 Edg/136.0.0.0"
202.62.242.117 - - [06/Jun/2025:01:21:20 +0000] "GET /assets/css/custom.css?1749172880 HTTP/1.1" 200 1143 "https://tasktrakker.com.au/index.php/admin/addcustomersview/6471" "Mozilla/5.0 (Windows NT 10.0; Win64; x64) AppleWebKit/537.36 (KHTML, like Gecko) Chrome/136.0.0.0 Safari/537.36 Edg/136.0.0.0"
202.62.242.117 - - [06/Jun/2025:01:21:21 +0000] "GET /assets/dist/js/pages/dashboard.js?1749172880 HTTP/1.1" 200 4337 "https://tasktrakker.com.au/index.php/admin/addcustomersview/6471" "Mozilla/5.0 (Windows NT 10.0; Win64; x64) AppleWebKit/537.36 (KHTML, like Gecko) Chrome/136.0.0.0 Safari/537.36 Edg/136.0.0.0"
202.62.242.117 - - [06/Jun/2025:01:22:41 +0000] "-" 408 323 "-" "-"
202.62.242.117 - - [06/Jun/2025:01:22:41 +0000] "-" 408 323 "-" "-"
202.62.242.117 - - [06/Jun/2025:01:23:03 +0000] "GET /index.php/admin/main HTTP/1.1" 200 7386 "https://tasktrakker.com.au/index.php/admin/addcustomersview/6471" "Mozilla/5.0 (Windows NT 10.0; Win64; x64) AppleWebKit/537.36 (KHTML, like Gecko) Chrome/136.0.0.0 Safari/537.36 Edg/136.0.0.0"
202.62.242.117 - - [06/Jun/2025:01:23:03 +0000] "GET /assets/css/custom.css?1749172983 HTTP/1.1" 200 1143 "https://tasktrakker.com.au/index.php/admin/main" "Mozilla/5.0 (Windows NT 10.0; Win64; x64) AppleWebKit/537.36 (KHTML, like Gecko) Chrome/136.0.0.0 Safari/537.36 Edg/136.0.0.0"
202.62.242.117 - - [06/Jun/2025:01:23:03 +0000] "GET /assets/dist/js/pages/dashboard.js?1749172983 HTTP/1.1" 200 4661 "https://tasktrakker.com.au/index.php/admin/main" "Mozilla/5.0 (Windows NT 10.0; Win64; x64) AppleWebKit/537.36 (KHTML, like Gecko) Chrome/136.0.0.0 Safari/537.36 Edg/136.0.0.0"
202.62.242.117 - - [06/Jun/2025:01:23:03 +0000] "GET /index.php/admin/get_fullcalendar?start=2025-06-01T00%3A00%3A00%2B10%3A00&end=2025-07-13T00%3A00%3A00%2B10%3A00 HTTP/1.1" 200 3646 "https://tasktrakker.com.au/index.php/admin/main" "Mozilla/5.0 (Windows NT 10.0; Win64; x64) AppleWebKit/537.36 (KHTML, like Gecko) Chrome/136.0.0.0 Safari/537.36 Edg/136.0.0.0"
202.62.242.117 - - [06/Jun/2025:01:23:03 +0000] "GET /index.php/admin/get_fullcalendar?start=2025-06-29T00%3A00%3A00%2B10%3A00&end=2025-08-10T00%3A00%3A00%2B10%3A00 HTTP/1.1" 200 3240 "https://tasktrakker.com.au/index.php/admin/main" "Mozilla/5.0 (Windows NT 10.0; Win64; x64) AppleWebKit/537.36 (KHTML, like Gecko) Chrome/136.0.0.0 Safari/537.36 Edg/136.0.0.0"
202.62.242.117 - - [06/Jun/2025:01:23:05 +0000] "GET /index.php/admin/addcustomersview/6871 HTTP/1.1" 200 10309 "https://tasktrakker.com.au/index.php/admin/main" "Mozilla/5.0 (Windows NT 10.0; Win64; x64) AppleWebKit/537.36 (KHTML, like Gecko) Chrome/136.0.0.0 Safari/537.36 Edg/136.0.0.0"
202.62.242.117 - - [06/Jun/2025:01:23:05 +0000] "GET /assets/css/custom.css?1749172985 HTTP/1.1" 200 1143 "https://tasktrakker.com.au/index.php/admin/addcustomersview/6871" "Mozilla/5.0 (Windows NT 10.0; Win64; x64) AppleWebKit/537.36 (KHTML, like Gecko) Chrome/136.0.0.0 Safari/537.36 Edg/136.0.0.0"
202.62.242.117 - - [06/Jun/2025:01:23:05 +0000] "GET /assets/dist/js/pages/dashboard.js?1749172985 HTTP/1.1" 200 4337 "https://tasktrakker.com.au/index.php/admin/addcustomersview/6871" "Mozilla/5.0 (Windows NT 10.0; Win64; x64) AppleWebKit/537.36 (KHTML, like Gecko) Chrome/136.0.0.0 Safari/537.36 Edg/136.0.0.0"
45.135.232.205 - - [06/Jun/2025:01:23:54 +0000] "GET /.svn HTTP/1.1" 301 593 "-" "python-requests/2.32.3"
45.135.232.205 - - [06/Jun/2025:01:23:55 +0000] "GET /.svn HTTP/1.1" 404 2896 "-" "python-requests/2.32.3"
202.62.242.117 - - [06/Jun/2025:01:24:25 +0000] "GET /index.php/admin/main HTTP/1.1" 200 7386 "https://tasktrakker.com.au/index.php/admin/addcustomersview/6871" "Mozilla/5.0 (Windows NT 10.0; Win64; x64) AppleWebKit/537.36 (KHTML, like Gecko) Chrome/136.0.0.0 Safari/537.36 Edg/136.0.0.0"
202.62.242.117 - - [06/Jun/2025:01:24:25 +0000] "GET /assets/css/custom.css?1749173065 HTTP/1.1" 200 1143 "https://tasktrakker.com.au/index.php/admin/main" "Mozilla/5.0 (Windows NT 10.0; Win64; x64) AppleWebKit/537.36 (KHTML, like Gecko) Chrome/136.0.0.0 Safari/537.36 Edg/136.0.0.0"
202.62.242.117 - - [06/Jun/2025:01:24:25 +0000] "GET /assets/dist/js/pages/dashboard.js?1749173065 HTTP/1.1" 200 4661 "https://tasktrakker.com.au/index.php/admin/main" "Mozilla/5.0 (Windows NT 10.0; Win64; x64) AppleWebKit/537.36 (KHTML, like Gecko) Chrome/136.0.0.0 Safari/537.36 Edg/136.0.0.0"
202.62.242.117 - - [06/Jun/2025:01:24:25 +0000] "GET /index.php/admin/get_fullcalendar?start=2025-06-01T00%3A00%3A00%2B10%3A00&end=2025-07-13T00%3A00%3A00%2B10%3A00 HTTP/1.1" 200 3646 "https://tasktrakker.com.au/index.php/admin/main" "Mozilla/5.0 (Windows NT 10.0; Win64; x64) AppleWebKit/537.36 (KHTML, like Gecko) Chrome/136.0.0.0 Safari/537.36 Edg/136.0.0.0"
202.62.242.117 - - [06/Jun/2025:01:24:25 +0000] "GET /index.php/admin/get_fullcalendar?start=2025-06-29T00%3A00%3A00%2B10%3A00&end=2025-08-10T00%3A00%3A00%2B10%3A00 HTTP/1.1" 200 3240 "https://tasktrakker.com.au/index.php/admin/main" "Mozilla/5.0 (Windows NT 10.0; Win64; x64) AppleWebKit/537.36 (KHTML, like Gecko) Chrome/136.0.0.0 Safari/537.36 Edg/136.0.0.0"
202.62.242.117 - - [06/Jun/2025:01:24:27 +0000] "GET /index.php/admin/manageCustomers HTTP/1.1" 200 37792 "https://tasktrakker.com.au/index.php/admin/main" "Mozilla/5.0 (Windows NT 10.0; Win64; x64) AppleWebKit/537.36 (KHTML, like Gecko) Chrome/136.0.0.0 Safari/537.36 Edg/136.0.0.0"
202.62.242.117 - - [06/Jun/2025:01:24:27 +0000] "GET /assets/css/custom.css?1749173067 HTTP/1.1" 200 1143 "https://tasktrakker.com.au/index.php/admin/manageCustomers" "Mozilla/5.0 (Windows NT 10.0; Win64; x64) AppleWebKit/537.36 (KHTML, like Gecko) Chrome/136.0.0.0 Safari/537.36 Edg/136.0.0.0"
202.62.242.117 - - [06/Jun/2025:01:24:27 +0000] "GET /assets/dist/js/pages/dashboard.js?1749173067 HTTP/1.1" 200 4337 "https://tasktrakker.com.au/index.php/admin/manageCustomers" "Mozilla/5.0 (Windows NT 10.0; Win64; x64) AppleWebKit/537.36 (KHTML, like Gecko) Chrome/136.0.0.0 Safari/537.36 Edg/136.0.0.0"
40.77.167.70 - - [06/Jun/2025:01:24:27 +0000] "GET /index.php/admin/deleteLeadop/3381 HTTP/1.1" 302 3153 "-" "Mozilla/5.0 AppleWebKit/537.36 (KHTML, like Gecko; compatible; bingbot/2.0; +http://www.bing.com/bingbot.htm) Chrome/116.0.1938.76 Safari/537.36"
40.77.167.70 - - [06/Jun/2025:01:24:28 +0000] "GET /admin/error_view HTTP/1.1" 302 305 "-" "Mozilla/5.0 AppleWebKit/537.36 (KHTML, like Gecko; compatible; bingbot/2.0; +http://www.bing.com/bingbot.htm) Chrome/116.0.1938.76 Safari/537.36"
40.77.167.70 - - [06/Jun/2025:01:24:29 +0000] "GET /admin/main HTTP/1.1" 500 2213 "-" "Mozilla/5.0 AppleWebKit/537.36 (KHTML, like Gecko; compatible; bingbot/2.0; +http://www.bing.com/bingbot.htm) Chrome/116.0.1938.76 Safari/537.36"
202.62.242.117 - - [06/Jun/2025:01:24:34 +0000] "GET /index.php/admin/addcustomersview/4319 HTTP/1.1" 200 11046 "https://tasktrakker.com.au/index.php/admin/manageCustomers" "Mozilla/5.0 (Windows NT 10.0; Win64; x64) AppleWebKit/537.36 (KHTML, like Gecko) Chrome/136.0.0.0 Safari/537.36 Edg/136.0.0.0"
202.62.242.117 - - [06/Jun/2025:01:24:34 +0000] "GET /assets/css/custom.css?1749173074 HTTP/1.1" 200 1143 "https://tasktrakker.com.au/index.php/admin/addcustomersview/4319" "Mozilla/5.0 (Windows NT 10.0; Win64; x64) AppleWebKit/537.36 (KHTML, like Gecko) Chrome/136.0.0.0 Safari/537.36 Edg/136.0.0.0"
202.62.242.117 - - [06/Jun/2025:01:24:34 +0000] "GET /assets/dist/js/pages/dashboard.js?1749173074 HTTP/1.1" 200 4661 "https://tasktrakker.com.au/index.php/admin/addcustomersview/4319" "Mozilla/5.0 (Windows NT 10.0; Win64; x64) AppleWebKit/537.36 (KHTML, like Gecko) Chrome/136.0.0.0 Safari/537.36 Edg/136.0.0.0"
202.62.242.117 - - [06/Jun/2025:01:24:52 +0000] "GET /index.php/admin/main HTTP/1.1" 200 9796 "https://tasktrakker.com.au/index.php/admin/photo_view" "Mozilla/5.0 (Windows NT 10.0; Win64; x64; rv:138.0) Gecko/20100101 Firefox/138.0"
202.62.242.117 - - [06/Jun/2025:01:24:52 +0000] "GET /assets/css/custom.css?1749173092 HTTP/1.1" 200 1143 "https://tasktrakker.com.au/index.php/admin/main" "Mozilla/5.0 (Windows NT 10.0; Win64; x64; rv:138.0) Gecko/20100101 Firefox/138.0"
202.62.242.117 - - [06/Jun/2025:01:24:52 +0000] "GET /assets/dist/js/pages/dashboard.js?1749173092 HTTP/1.1" 200 4661 "https://tasktrakker.com.au/index.php/admin/main" "Mozilla/5.0 (Windows NT 10.0; Win64; x64; rv:138.0) Gecko/20100101 Firefox/138.0"
202.62.242.117 - - [06/Jun/2025:01:24:52 +0000] "GET /index.php/admin/get_fullcalendar?start=2025-06-01T00%3A00%3A00%2B10%3A00&end=2025-07-13T00%3A00%3A00%2B10%3A00 HTTP/1.1" 200 3646 "https://tasktrakker.com.au/index.php/admin/main" "Mozilla/5.0 (Windows NT 10.0; Win64; x64; rv:138.0) Gecko/20100101 Firefox/138.0"
202.62.242.117 - - [06/Jun/2025:01:24:52 +0000] "GET /index.php/admin/get_fullcalendar?start=2025-06-01T00%3A00%3A00%2B10%3A00&end=2025-07-13T00%3A00%3A00%2B10%3A00 HTTP/1.1" 200 6241 "https://tasktrakker.com.au/index.php/admin/main" "Mozilla/5.0 (Windows NT 10.0; Win64; x64; rv:138.0) Gecko/20100101 Firefox/138.0"
202.62.242.117 - - [06/Jun/2025:01:24:53 +0000] "GET /index.php/admin/manageCustomers HTTP/1.1" 200 37790 "https://tasktrakker.com.au/index.php/admin/main" "Mozilla/5.0 (Windows NT 10.0; Win64; x64; rv:138.0) Gecko/20100101 Firefox/138.0"
202.62.242.117 - - [06/Jun/2025:01:24:53 +0000] "GET /assets/css/custom.css?1749173093 HTTP/1.1" 200 1143 "https://tasktrakker.com.au/index.php/admin/manageCustomers" "Mozilla/5.0 (Windows NT 10.0; Win64; x64; rv:138.0) Gecko/20100101 Firefox/138.0"
202.62.242.117 - - [06/Jun/2025:01:24:53 +0000] "GET /assets/dist/js/pages/dashboard.js?1749173093 HTTP/1.1" 200 4337 "https://tasktrakker.com.au/index.php/admin/manageCustomers" "Mozilla/5.0 (Windows NT 10.0; Win64; x64; rv:138.0) Gecko/20100101 Firefox/138.0"
202.62.242.117 - - [06/Jun/2025:01:25:05 +0000] "GET /index.php/admin/main HTTP/1.1" 200 7386 "https://tasktrakker.com.au/index.php/admin/addcustomersview/4319" "Mozilla/5.0 (Windows NT 10.0; Win64; x64) AppleWebKit/537.36 (KHTML, like Gecko) Chrome/136.0.0.0 Safari/537.36 Edg/136.0.0.0"
202.62.242.117 - - [06/Jun/2025:01:25:05 +0000] "GET /assets/css/custom.css?1749173105 HTTP/1.1" 200 1143 "https://tasktrakker.com.au/index.php/admin/main" "Mozilla/5.0 (Windows NT 10.0; Win64; x64) AppleWebKit/537.36 (KHTML, like Gecko) Chrome/136.0.0.0 Safari/537.36 Edg/136.0.0.0"
202.62.242.117 - - [06/Jun/2025:01:25:05 +0000] "GET /assets/dist/js/pages/dashboard.js?1749173105 HTTP/1.1" 200 4661 "https://tasktrakker.com.au/index.php/admin/main" "Mozilla/5.0 (Windows NT 10.0; Win64; x64) AppleWebKit/537.36 (KHTML, like Gecko) Chrome/136.0.0.0 Safari/537.36 Edg/136.0.0.0"
202.62.242.117 - - [06/Jun/2025:01:25:05 +0000] "GET /index.php/admin/get_fullcalendar?start=2025-06-01T00%3A00%3A00%2B10%3A00&end=2025-07-13T00%3A00%3A00%2B10%3A00 HTTP/1.1" 200 3646 "https://tasktrakker.com.au/index.php/admin/main" "Mozilla/5.0 (Windows NT 10.0; Win64; x64) AppleWebKit/537.36 (KHTML, like Gecko) Chrome/136.0.0.0 Safari/537.36 Edg/136.0.0.0"
202.62.242.117 - - [06/Jun/2025:01:25:05 +0000] "GET /index.php/admin/get_fullcalendar?start=2025-06-29T00%3A00%3A00%2B10%3A00&end=2025-08-10T00%3A00%3A00%2B10%3A00 HTTP/1.1" 200 3240 "https://tasktrakker.com.au/index.php/admin/main" "Mozilla/5.0 (Windows NT 10.0; Win64; x64) AppleWebKit/537.36 (KHTML, like Gecko) Chrome/136.0.0.0 Safari/537.36 Edg/136.0.0.0"
202.62.242.117 - - [06/Jun/2025:01:25:09 +0000] "GET /index.php/admin/addcustomersview/6871 HTTP/1.1" 200 10308 "https://tasktrakker.com.au/index.php/admin/main" "Mozilla/5.0 (Windows NT 10.0; Win64; x64) AppleWebKit/537.36 (KHTML, like Gecko) Chrome/136.0.0.0 Safari/537.36 Edg/136.0.0.0"
202.62.242.117 - - [06/Jun/2025:01:25:09 +0000] "GET /assets/css/custom.css?1749173109 HTTP/1.1" 200 1143 "https://tasktrakker.com.au/index.php/admin/addcustomersview/6871" "Mozilla/5.0 (Windows NT 10.0; Win64; x64) AppleWebKit/537.36 (KHTML, like Gecko) Chrome/136.0.0.0 Safari/537.36 Edg/136.0.0.0"
202.62.242.117 - - [06/Jun/2025:01:25:09 +0000] "GET /assets/dist/js/pages/dashboard.js?1749173109 HTTP/1.1" 200 4337 "https://tasktrakker.com.au/index.php/admin/addcustomersview/6871" "Mozilla/5.0 (Windows NT 10.0; Win64; x64) AppleWebKit/537.36 (KHTML, like Gecko) Chrome/136.0.0.0 Safari/537.36 Edg/136.0.0.0"
103.152.16.157 - - [06/Jun/2025:01:25:35 +0000] "GET /index.php/admin/addcustomersview/6543 HTTP/1.1" 500 2854 "-" "Mozilla/5.0 (Windows NT 10.0; Win64; x64) AppleWebKit/537.36 (KHTML, like Gecko) Chrome/131.0.0.0 Safari/537.36 Edg/131.0.0.0"
40.77.167.15 - - [06/Jun/2025:01:25:44 +0000] "GET /index.php/admin/addcustomersview/9689 HTTP/1.1" 500 5069 "-" "Mozilla/5.0 AppleWebKit/537.36 (KHTML, like Gecko; compatible; bingbot/2.0; +http://www.bing.com/bingbot.htm) Chrome/116.0.1938.76 Safari/537.36"
40.77.167.15 - - [06/Jun/2025:01:25:44 +0000] "GET /index.php/admin/addcustomersview/6871 HTTP/1.1" 500 2783 "-" "Mozilla/5.0 AppleWebKit/537.36 (KHTML, like Gecko; compatible; bingbot/2.0; +http://www.bing.com/bingbot.htm) Chrome/116.0.1938.76 Safari/537.36"
202.62.242.117 - - [06/Jun/2025:01:25:45 +0000] "-" 408 323 "-" "-"
202.62.242.117 - - [06/Jun/2025:01:25:45 +0000] "-" 408 323 "-" "-"
40.77.167.15 - - [06/Jun/2025:01:25:45 +0000] "GET /index.php/admin/addleadview/7709 HTTP/1.1" 500 5048 "-" "Mozilla/5.0 AppleWebKit/537.36 (KHTML, like Gecko; compatible; bingbot/2.0; +http://www.bing.com/bingbot.htm) Chrome/116.0.1938.76 Safari/537.36"
40.77.167.70 - - [06/Jun/2025:01:25:56 +0000] "GET /index.php/admin/addleadview/7234 HTTP/1.1" 500 5064 "-" "Mozilla/5.0 AppleWebKit/537.36 (KHTML, like Gecko; compatible; bingbot/2.0; +http://www.bing.com/bingbot.htm) Chrome/116.0.1938.76 Safari/537.36"
40.77.167.15 - - [06/Jun/2025:01:26:14 +0000] "GET /index.php/admin/addcustomersview/9689 HTTP/1.1" 500 5068 "-" "Mozilla/5.0 AppleWebKit/537.36 (KHTML, like Gecko; compatible; bingbot/2.0; +http://www.bing.com/bingbot.htm) Chrome/116.0.1938.76 Safari/537.36"
40.77.167.15 - - [06/Jun/2025:01:26:14 +0000] "GET /index.php/admin/addcustomersview/6871 HTTP/1.1" 500 2783 "-" "Mozilla/5.0 AppleWebKit/537.36 (KHTML, like Gecko; compatible; bingbot/2.0; +http://www.bing.com/bingbot.htm) Chrome/116.0.1938.76 Safari/537.36"
202.62.242.117 - - [06/Jun/2025:01:26:55 +0000] "-" 408 323 "-" "-"
202.62.242.117 - - [06/Jun/2025:01:26:55 +0000] "-" 408 323 "-" "-"
202.62.242.117 - - [06/Jun/2025:01:27:55 +0000] "-" 408 323 "-" "-"
202.62.242.117 - - [06/Jun/2025:01:27:55 +0000] "-" 408 323 "-" "-"
202.62.242.117 - - [06/Jun/2025:01:28:55 +0000] "-" 408 323 "-" "-"
202.62.242.117 - - [06/Jun/2025:01:28:55 +0000] "-" 408 323 "-" "-"
202.62.242.117 - - [06/Jun/2025:01:29:55 +0000] "-" 408 323 "-" "-"
202.62.242.117 - - [06/Jun/2025:01:29:55 +0000] "-" 408 323 "-" "-"
202.62.242.117 - - [06/Jun/2025:01:32:34 +0000] "GET /index.php/admin/main HTTP/1.1" 200 7528 "https://tasktrakker.com.au/index.php/admin/addcustomersview/6871" "Mozilla/5.0 (Windows NT 10.0; Win64; x64) AppleWebKit/537.36 (KHTML, like Gecko) Chrome/136.0.0.0 Safari/537.36 Edg/136.0.0.0"
202.62.242.117 - - [06/Jun/2025:01:32:34 +0000] "GET /assets/css/custom.css?1749173554 HTTP/1.1" 200 1143 "https://tasktrakker.com.au/index.php/admin/main" "Mozilla/5.0 (Windows NT 10.0; Win64; x64) AppleWebKit/537.36 (KHTML, like Gecko) Chrome/136.0.0.0 Safari/537.36 Edg/136.0.0.0"
202.62.242.117 - - [06/Jun/2025:01:32:34 +0000] "GET /assets/dist/js/pages/dashboard.js?1749173554 HTTP/1.1" 200 4661 "https://tasktrakker.com.au/index.php/admin/main" "Mozilla/5.0 (Windows NT 10.0; Win64; x64) AppleWebKit/537.36 (KHTML, like Gecko) Chrome/136.0.0.0 Safari/537.36 Edg/136.0.0.0"
202.62.242.117 - - [06/Jun/2025:01:32:34 +0000] "GET /index.php/admin/get_fullcalendar?start=2025-06-01T00%3A00%3A00%2B10%3A00&end=2025-07-13T00%3A00%3A00%2B10%3A00 HTTP/1.1" 200 3646 "https://tasktrakker.com.au/index.php/admin/main" "Mozilla/5.0 (Windows NT 10.0; Win64; x64) AppleWebKit/537.36 (KHTML, like Gecko) Chrome/136.0.0.0 Safari/537.36 Edg/136.0.0.0"
202.62.242.117 - - [06/Jun/2025:01:32:34 +0000] "GET /index.php/admin/get_fullcalendar?start=2025-06-29T00%3A00%3A00%2B10%3A00&end=2025-08-10T00%3A00%3A00%2B10%3A00 HTTP/1.1" 200 3240 "https://tasktrakker.com.au/index.php/admin/main" "Mozilla/5.0 (Windows NT 10.0; Win64; x64) AppleWebKit/537.36 (KHTML, like Gecko) Chrome/136.0.0.0 Safari/537.36 Edg/136.0.0.0"
202.62.242.117 - - [06/Jun/2025:01:32:36 +0000] "GET /index.php/admin/addcustomersview/6271 HTTP/1.1" 200 10569 "https://tasktrakker.com.au/index.php/admin/main" "Mozilla/5.0 (Windows NT 10.0; Win64; x64) AppleWebKit/537.36 (KHTML, like Gecko) Chrome/136.0.0.0 Safari/537.36 Edg/136.0.0.0"
202.62.242.117 - - [06/Jun/2025:01:32:36 +0000] "GET /assets/css/custom.css?1749173556 HTTP/1.1" 200 1143 "https://tasktrakker.com.au/index.php/admin/addcustomersview/6271" "Mozilla/5.0 (Windows NT 10.0; Win64; x64) AppleWebKit/537.36 (KHTML, like Gecko) Chrome/136.0.0.0 Safari/537.36 Edg/136.0.0.0"
202.62.242.117 - - [06/Jun/2025:01:32:36 +0000] "GET /assets/dist/js/pages/dashboard.js?1749173556 HTTP/1.1" 200 4337 "https://tasktrakker.com.au/index.php/admin/addcustomersview/6271" "Mozilla/5.0 (Windows NT 10.0; Win64; x64) AppleWebKit/537.36 (KHTML, like Gecko) Chrome/136.0.0.0 Safari/537.36 Edg/136.0.0.0"
40.77.167.27 - - [06/Jun/2025:01:33:14 +0000] "GET /index.php/admin/addcustomersview/9526 HTTP/1.1" 500 5069 "-" "Mozilla/5.0 AppleWebKit/537.36 (KHTML, like Gecko; compatible; bingbot/2.0; +http://www.bing.com/bingbot.htm) Chrome/116.0.1938.76 Safari/537.36"
202.62.242.117 - - [06/Jun/2025:01:33:16 +0000] "GET /index.php/admin/main HTTP/1.1" 200 7386 "https://tasktrakker.com.au/index.php/admin/addcustomersview/6271" "Mozilla/5.0 (Windows NT 10.0; Win64; x64) AppleWebKit/537.36 (KHTML, like Gecko) Chrome/136.0.0.0 Safari/537.36 Edg/136.0.0.0"
202.62.242.117 - - [06/Jun/2025:01:33:16 +0000] "GET /assets/css/custom.css?1749173596 HTTP/1.1" 200 1143 "https://tasktrakker.com.au/index.php/admin/main" "Mozilla/5.0 (Windows NT 10.0; Win64; x64) AppleWebKit/537.36 (KHTML, like Gecko) Chrome/136.0.0.0 Safari/537.36 Edg/136.0.0.0"
202.62.242.117 - - [06/Jun/2025:01:33:16 +0000] "GET /assets/dist/js/pages/dashboard.js?1749173596 HTTP/1.1" 200 4661 "https://tasktrakker.com.au/index.php/admin/main" "Mozilla/5.0 (Windows NT 10.0; Win64; x64) AppleWebKit/537.36 (KHTML, like Gecko) Chrome/136.0.0.0 Safari/537.36 Edg/136.0.0.0"
202.62.242.117 - - [06/Jun/2025:01:33:16 +0000] "GET /index.php/admin/get_fullcalendar?start=2025-06-01T00%3A00%3A00%2B10%3A00&end=2025-07-13T00%3A00%3A00%2B10%3A00 HTTP/1.1" 200 3646 "https://tasktrakker.com.au/index.php/admin/main" "Mozilla/5.0 (Windows NT 10.0; Win64; x64) AppleWebKit/537.36 (KHTML, like Gecko) Chrome/136.0.0.0 Safari/537.36 Edg/136.0.0.0"
202.62.242.117 - - [06/Jun/2025:01:33:16 +0000] "GET /index.php/admin/get_fullcalendar?start=2025-06-29T00%3A00%3A00%2B10%3A00&end=2025-08-10T00%3A00%3A00%2B10%3A00 HTTP/1.1" 200 3240 "https://tasktrakker.com.au/index.php/admin/main" "Mozilla/5.0 (Windows NT 10.0; Win64; x64) AppleWebKit/537.36 (KHTML, like Gecko) Chrome/136.0.0.0 Safari/537.36 Edg/136.0.0.0"
202.62.242.117 - - [06/Jun/2025:01:33:19 +0000] "GET /index.php/admin/addcustomersview/6271 HTTP/1.1" 200 10569 "https://tasktrakker.com.au/index.php/admin/main" "Mozilla/5.0 (Windows NT 10.0; Win64; x64) AppleWebKit/537.36 (KHTML, like Gecko) Chrome/136.0.0.0 Safari/537.36 Edg/136.0.0.0"
202.62.242.117 - - [06/Jun/2025:01:33:19 +0000] "GET /assets/css/custom.css?1749173599 HTTP/1.1" 200 1143 "https://tasktrakker.com.au/index.php/admin/addcustomersview/6271" "Mozilla/5.0 (Windows NT 10.0; Win64; x64) AppleWebKit/537.36 (KHTML, like Gecko) Chrome/136.0.0.0 Safari/537.36 Edg/136.0.0.0"
202.62.242.117 - - [06/Jun/2025:01:33:19 +0000] "GET /assets/dist/js/pages/dashboard.js?1749173599 HTTP/1.1" 200 4337 "https://tasktrakker.com.au/index.php/admin/addcustomersview/6271" "Mozilla/5.0 (Windows NT 10.0; Win64; x64) AppleWebKit/537.36 (KHTML, like Gecko) Chrome/136.0.0.0 Safari/537.36 Edg/136.0.0.0"
20.26.80.129 - - [06/Jun/2025:01:33:31 +0000] "GET /index.php/admin/ticket/0/2355 HTTP/1.1" 500 2854 "-" "Mozilla/5.0 (Windows NT 10.0; Win64; x64) AppleWebKit/537.36 (KHTML, like Gecko) Chrome/131.0.0.0 Safari/537.36 Edg/131.0.0.0"
157.55.39.62 - - [06/Jun/2025:01:33:39 +0000] "GET /index.php/admin/ticket/0/2874 HTTP/1.1" 500 5058 "-" "Mozilla/5.0 AppleWebKit/537.36 (KHTML, like Gecko; compatible; bingbot/2.0; +http://www.bing.com/bingbot.htm) Chrome/116.0.1938.76 Safari/537.36"
202.62.242.117 - - [06/Jun/2025:01:34:39 +0000] "-" 408 323 "-" "-"
202.62.242.117 - - [06/Jun/2025:01:34:39 +0000] "-" 408 323 "-" "-"
202.62.242.117 - - [06/Jun/2025:01:35:39 +0000] "-" 408 323 "-" "-"
202.62.242.117 - - [06/Jun/2025:01:35:39 +0000] "-" 408 323 "-" "-"
202.62.242.117 - - [06/Jun/2025:01:35:46 +0000] "POST /index.php/admin/addeditCustomerop HTTP/1.1" 301 713 "https://tasktrakker.com.au/index.php/admin/addcustomersview/6271" "Mozilla/5.0 (Windows NT 10.0; Win64; x64) AppleWebKit/537.36 (KHTML, like Gecko) Chrome/136.0.0.0 Safari/537.36 Edg/136.0.0.0"
202.62.242.117 - - [06/Jun/2025:01:35:46 +0000] "GET /admin/addcustomersview/6271 HTTP/1.1" 200 10568 "https://tasktrakker.com.au/index.php/admin/addcustomersview/6271" "Mozilla/5.0 (Windows NT 10.0; Win64; x64) AppleWebKit/537.36 (KHTML, like Gecko) Chrome/136.0.0.0 Safari/537.36 Edg/136.0.0.0"
202.62.242.117 - - [06/Jun/2025:01:35:46 +0000] "GET /assets/css/custom.css?1749173746 HTTP/1.1" 200 1143 "https://tasktrakker.com.au/admin/addcustomersview/6271" "Mozilla/5.0 (Windows NT 10.0; Win64; x64) AppleWebKit/537.36 (KHTML, like Gecko) Chrome/136.0.0.0 Safari/537.36 Edg/136.0.0.0"
202.62.242.117 - - [06/Jun/2025:01:35:46 +0000] "GET /assets/dist/js/pages/dashboard.js?1749173746 HTTP/1.1" 200 4661 "https://tasktrakker.com.au/admin/addcustomersview/6271" "Mozilla/5.0 (Windows NT 10.0; Win64; x64) AppleWebKit/537.36 (KHTML, like Gecko) Chrome/136.0.0.0 Safari/537.36 Edg/136.0.0.0"
207.46.13.54 - - [06/Jun/2025:01:36:20 +0000] "GET /index.php/admin/addleadview/2415 HTTP/1.1" 500 5063 "-" "Mozilla/5.0 AppleWebKit/537.36 (KHTML, like Gecko; compatible; bingbot/2.0; +http://www.bing.com/bingbot.htm) Chrome/116.0.1938.76 Safari/537.36"
202.62.242.117 - - [06/Jun/2025:01:37:07 +0000] "-" 408 323 "-" "-"
202.62.242.117 - - [06/Jun/2025:01:37:07 +0000] "-" 408 323 "-" "-"
202.62.242.117 - - [06/Jun/2025:01:38:18 +0000] "-" 408 323 "-" "-"
202.62.242.117 - - [06/Jun/2025:01:38:18 +0000] "-" 408 323 "-" "-"
202.62.242.117 - - [06/Jun/2025:01:38:47 +0000] "GET /index.php/admin/main HTTP/1.1" 200 7528 "https://tasktrakker.com.au/admin/addcustomersview/6271" "Mozilla/5.0 (Windows NT 10.0; Win64; x64) AppleWebKit/537.36 (KHTML, like Gecko) Chrome/136.0.0.0 Safari/537.36 Edg/136.0.0.0"
202.62.242.117 - - [06/Jun/2025:01:38:47 +0000] "GET /assets/css/custom.css?1749173927 HTTP/1.1" 200 1143 "https://tasktrakker.com.au/index.php/admin/main" "Mozilla/5.0 (Windows NT 10.0; Win64; x64) AppleWebKit/537.36 (KHTML, like Gecko) Chrome/136.0.0.0 Safari/537.36 Edg/136.0.0.0"
202.62.242.117 - - [06/Jun/2025:01:38:47 +0000] "GET /assets/dist/js/pages/dashboard.js?1749173927 HTTP/1.1" 200 4661 "https://tasktrakker.com.au/index.php/admin/main" "Mozilla/5.0 (Windows NT 10.0; Win64; x64) AppleWebKit/537.36 (KHTML, like Gecko) Chrome/136.0.0.0 Safari/537.36 Edg/136.0.0.0"
202.62.242.117 - - [06/Jun/2025:01:38:47 +0000] "GET /index.php/admin/get_fullcalendar?start=2025-06-01T00%3A00%3A00%2B10%3A00&end=2025-07-13T00%3A00%3A00%2B10%3A00 HTTP/1.1" 200 3646 "https://tasktrakker.com.au/index.php/admin/main" "Mozilla/5.0 (Windows NT 10.0; Win64; x64) AppleWebKit/537.36 (KHTML, like Gecko) Chrome/136.0.0.0 Safari/537.36 Edg/136.0.0.0"
202.62.242.117 - - [06/Jun/2025:01:38:47 +0000] "GET /index.php/admin/get_fullcalendar?start=2025-06-29T00%3A00%3A00%2B10%3A00&end=2025-08-10T00%3A00%3A00%2B10%3A00 HTTP/1.1" 200 3240 "https://tasktrakker.com.au/index.php/admin/main" "Mozilla/5.0 (Windows NT 10.0; Win64; x64) AppleWebKit/537.36 (KHTML, like Gecko) Chrome/136.0.0.0 Safari/537.36 Edg/136.0.0.0"
202.62.242.117 - - [06/Jun/2025:01:38:49 +0000] "GET /index.php/admin/addcustomersview/9523 HTTP/1.1" 200 10909 "https://tasktrakker.com.au/index.php/admin/main" "Mozilla/5.0 (Windows NT 10.0; Win64; x64) AppleWebKit/537.36 (KHTML, like Gecko) Chrome/136.0.0.0 Safari/537.36 Edg/136.0.0.0"
202.62.242.117 - - [06/Jun/2025:01:38:49 +0000] "GET /assets/css/custom.css?1749173929 HTTP/1.1" 200 1143 "https://tasktrakker.com.au/index.php/admin/addcustomersview/9523" "Mozilla/5.0 (Windows NT 10.0; Win64; x64) AppleWebKit/537.36 (KHTML, like Gecko) Chrome/136.0.0.0 Safari/537.36 Edg/136.0.0.0"
202.62.242.117 - - [06/Jun/2025:01:38:49 +0000] "GET /assets/dist/js/pages/dashboard.js?1749173929 HTTP/1.1" 200 4337 "https://tasktrakker.com.au/index.php/admin/addcustomersview/9523" "Mozilla/5.0 (Windows NT 10.0; Win64; x64) AppleWebKit/537.36 (KHTML, like Gecko) Chrome/136.0.0.0 Safari/537.36 Edg/136.0.0.0"
207.46.13.54 - - [06/Jun/2025:01:39:30 +0000] "GET /index.php/admin/deleteLeadop/4641 HTTP/1.1" 302 3153 "-" "Mozilla/5.0 AppleWebKit/537.36 (KHTML, like Gecko; compatible; bingbot/2.0; +http://www.bing.com/bingbot.htm) Chrome/116.0.1938.76 Safari/537.36"
207.46.13.54 - - [06/Jun/2025:01:39:32 +0000] "GET /admin/error_view HTTP/1.1" 302 305 "-" "Mozilla/5.0 AppleWebKit/537.36 (KHTML, like Gecko; compatible; bingbot/2.0; +http://www.bing.com/bingbot.htm) Chrome/116.0.1938.76 Safari/537.36"
207.46.13.54 - - [06/Jun/2025:01:39:33 +0000] "GET /admin/main HTTP/1.1" 500 2213 "-" "Mozilla/5.0 AppleWebKit/537.36 (KHTML, like Gecko; compatible; bingbot/2.0; +http://www.bing.com/bingbot.htm) Chrome/116.0.1938.76 Safari/537.36"
20.171.8.42 - - [06/Jun/2025:01:39:54 +0000] "GET /manager/html HTTP/1.1" 404 434 "-" "Mozilla/5.0 zgrab/0.x"
167.94.138.174 - - [06/Jun/2025:01:39:55 +0000] "GET / HTTP/1.1" 302 2871 "-" "Mozilla/5.0 (compatible; CensysInspect/1.1; +https://about.censys.io/)"
202.62.242.117 - - [06/Jun/2025:01:40:10 +0000] "-" 408 323 "-" "-"
202.62.242.117 - - [06/Jun/2025:01:40:10 +0000] "-" 408 323 "-" "-"
157.55.39.62 - - [06/Jun/2025:01:40:30 +0000] "GET /index.php/admin/addcustomersview/6271 HTTP/1.1" 500 5069 "-" "Mozilla/5.0 AppleWebKit/537.36 (KHTML, like Gecko; compatible; bingbot/2.0; +http://www.bing.com/bingbot.htm) Chrome/116.0.1938.76 Safari/537.36"
202.62.242.117 - - [06/Jun/2025:01:40:42 +0000] "GET /index.php/admin/main HTTP/1.1" 200 7385 "https://tasktrakker.com.au/index.php/admin/addcustomersview/9523" "Mozilla/5.0 (Windows NT 10.0; Win64; x64) AppleWebKit/537.36 (KHTML, like Gecko) Chrome/136.0.0.0 Safari/537.36 Edg/136.0.0.0"
202.62.242.117 - - [06/Jun/2025:01:40:42 +0000] "GET /assets/css/custom.css?1749174042 HTTP/1.1" 200 1143 "https://tasktrakker.com.au/index.php/admin/main" "Mozilla/5.0 (Windows NT 10.0; Win64; x64) AppleWebKit/537.36 (KHTML, like Gecko) Chrome/136.0.0.0 Safari/537.36 Edg/136.0.0.0"
202.62.242.117 - - [06/Jun/2025:01:40:42 +0000] "GET /assets/dist/js/pages/dashboard.js?1749174042 HTTP/1.1" 200 4661 "https://tasktrakker.com.au/index.php/admin/main" "Mozilla/5.0 (Windows NT 10.0; Win64; x64) AppleWebKit/537.36 (KHTML, like Gecko) Chrome/136.0.0.0 Safari/537.36 Edg/136.0.0.0"
202.62.242.117 - - [06/Jun/2025:01:40:42 +0000] "GET /index.php/admin/get_fullcalendar?start=2025-06-01T00%3A00%3A00%2B10%3A00&end=2025-07-13T00%3A00%3A00%2B10%3A00 HTTP/1.1" 200 3646 "https://tasktrakker.com.au/index.php/admin/main" "Mozilla/5.0 (Windows NT 10.0; Win64; x64) AppleWebKit/537.36 (KHTML, like Gecko) Chrome/136.0.0.0 Safari/537.36 Edg/136.0.0.0"
202.62.242.117 - - [06/Jun/2025:01:40:42 +0000] "GET /index.php/admin/get_fullcalendar?start=2025-06-29T00%3A00%3A00%2B10%3A00&end=2025-08-10T00%3A00%3A00%2B10%3A00 HTTP/1.1" 200 3240 "https://tasktrakker.com.au/index.php/admin/main" "Mozilla/5.0 (Windows NT 10.0; Win64; x64) AppleWebKit/537.36 (KHTML, like Gecko) Chrome/136.0.0.0 Safari/537.36 Edg/136.0.0.0"
167.94.138.174 - - [06/Jun/2025:01:40:44 +0000] "GET /index.php/admin/login HTTP/1.1" 200 4447 "-" "Mozilla/5.0 (compatible; CensysInspect/1.1; +https://about.censys.io/)"
202.62.242.117 - - [06/Jun/2025:01:40:45 +0000] "GET /index.php/admin/addcustomersview/6575 HTTP/1.1" 200 10331 "https://tasktrakker.com.au/index.php/admin/main" "Mozilla/5.0 (Windows NT 10.0; Win64; x64) AppleWebKit/537.36 (KHTML, like Gecko) Chrome/136.0.0.0 Safari/537.36 Edg/136.0.0.0"
202.62.242.117 - - [06/Jun/2025:01:40:46 +0000] "GET /assets/css/custom.css?1749174045 HTTP/1.1" 200 1143 "https://tasktrakker.com.au/index.php/admin/addcustomersview/6575" "Mozilla/5.0 (Windows NT 10.0; Win64; x64) AppleWebKit/537.36 (KHTML, like Gecko) Chrome/136.0.0.0 Safari/537.36 Edg/136.0.0.0"
202.62.242.117 - - [06/Jun/2025:01:40:46 +0000] "GET /assets/dist/js/pages/dashboard.js?1749174046 HTTP/1.1" 200 4337 "https://tasktrakker.com.au/index.php/admin/addcustomersview/6575" "Mozilla/5.0 (Windows NT 10.0; Win64; x64) AppleWebKit/537.36 (KHTML, like Gecko) Chrome/136.0.0.0 Safari/537.36 Edg/136.0.0.0"
157.55.39.62 - - [06/Jun/2025:01:40:49 +0000] "GET /index.php/admin/addcustomersview/6271 HTTP/1.1" 500 5068 "-" "Mozilla/5.0 AppleWebKit/537.36 (KHTML, like Gecko; compatible; bingbot/2.0; +http://www.bing.com/bingbot.htm) Chrome/116.0.1938.76 Safari/537.36"
167.94.138.174 - - [06/Jun/2025:01:40:51 +0000] "GET /favicon.ico HTTP/1.1" 200 8295 "-" "Mozilla/5.0 (compatible; CensysInspect/1.1; +https://about.censys.io/)"
202.62.242.117 - - [06/Jun/2025:01:41:26 +0000] "-" 408 323 "-" "-"
202.62.242.117 - - [06/Jun/2025:01:41:26 +0000] "-" 408 323 "-" "-"
1.145.109.254 - - [06/Jun/2025:01:41:47 +0000] "GET /index.php/admin/main HTTP/1.1" 500 3083 "-" "Mozilla/5.0 (Linux; Android 10; K) AppleWebKit/537.36 (KHTML, like Gecko) Chrome/134.0.0.0 Mobile Safari/537.36"
167.94.138.174 - - [06/Jun/2025:01:41:55 +0000] "GET /sitemap.xml HTTP/1.1" 404 2808 "-" "Mozilla/5.0 (compatible; CensysInspect/1.1; +https://about.censys.io/)"
202.62.242.117 - - [06/Jun/2025:01:42:00 +0000] "-" 408 323 "-" "-"
202.62.242.117 - - [06/Jun/2025:01:42:00 +0000] "-" 408 323 "-" "-"
1.145.109.254 - - [06/Jun/2025:01:42:22 +0000] "GET / HTTP/1.1" 302 657 "https://www.google.com/" "Mozilla/5.0 (Linux; Android 10; K) AppleWebKit/537.36 (KHTML, like Gecko) Chrome/134.0.0.0 Mobile Safari/537.36"
1.145.109.254 - - [06/Jun/2025:01:42:22 +0000] "GET /index.php/admin/login HTTP/1.1" 200 1782 "https://www.google.com/" "Mozilla/5.0 (Linux; Android 10; K) AppleWebKit/537.36 (KHTML, like Gecko) Chrome/134.0.0.0 Mobile Safari/537.36"
1.145.109.254 - - [06/Jun/2025:01:42:27 +0000] "POST /index.php/admin/auth HTTP/1.1" 303 634 "https://tasktrakker.com.au/index.php/admin/login" "Mozilla/5.0 (Linux; Android 10; K) AppleWebKit/537.36 (KHTML, like Gecko) Chrome/134.0.0.0 Mobile Safari/537.36"
