52.167.144.194 - - [09/Jun/2025:04:59:08 +0000] "GET /admin/main HTTP/1.1" 500 2213 "-" "Mozilla/5.0 AppleWebKit/537.36 (KHTML, like Gecko; compatible; bingbot/2.0; +http://www.bing.com/bingbot.htm) Chrome/116.0.1938.76 Safari/537.36"
52.167.144.169 - - [09/Jun/2025:05:00:06 +0000] "GET /index.php/admin/deleteLeadop/7133/LEAD HTTP/1.1" 302 3152 "-" "Mozilla/5.0 AppleWebKit/537.36 (KHTML, like Gecko; compatible; bingbot/2.0; +http://www.bing.com/bingbot.htm) Chrome/116.0.1938.76 Safari/537.36"
52.167.144.169 - - [09/Jun/2025:05:00:08 +0000] "GET /admin/error_view HTTP/1.1" 302 305 "-" "Mozilla/5.0 AppleWebKit/537.36 (KHTML, like Gecko; compatible; bingbot/2.0; +http://www.bing.com/bingbot.htm) Chrome/116.0.1938.76 Safari/537.36"
52.167.144.169 - - [09/Jun/2025:05:00:09 +0000] "GET /admin/main HTTP/1.1" 500 2213 "-" "Mozilla/5.0 AppleWebKit/537.36 (KHTML, like Gecko; compatible; bingbot/2.0; +http://www.bing.com/bingbot.htm) Chrome/116.0.1938.76 Safari/537.36"
157.55.39.56 - - [09/Jun/2025:05:01:15 +0000] "GET /index.php/admin/booking_create_view/3077 HTTP/1.1" 500 5072 "-" "Mozilla/5.0 AppleWebKit/537.36 (KHTML, like Gecko; compatible; bingbot/2.0; +http://www.bing.com/bingbot.htm) Chrome/116.0.1938.76 Safari/537.36"
60.241.4.149 - - [09/Jun/2025:05:02:54 +0000] "GET / HTTP/1.1" 302 2927 "-" "Mozilla/5.0 (iPad; CPU OS 18_5 like Mac OS X) AppleWebKit/605.1.15 (KHTML, like Gecko) Version/18.5 Mobile/15E148 Safari/604.1"
60.241.4.149 - - [09/Jun/2025:05:02:54 +0000] "GET /index.php/admin/login HTTP/1.1" 200 4517 "-" "Mozilla/5.0 (iPad; CPU OS 18_5 like Mac OS X) AppleWebKit/605.1.15 (KHTML, like Gecko) Version/18.5 Mobile/15E148 Safari/604.1"
60.241.4.149 - - [09/Jun/2025:05:02:58 +0000] "POST /index.php/admin/auth HTTP/1.1" 303 624 "https://tasktrakker.com.au/index.php/admin/login" "Mozilla/5.0 (iPad; CPU OS 18_5 like Mac OS X) AppleWebKit/605.1.15 (KHTML, like Gecko) Version/18.5 Mobile/15E148 Safari/604.1"
60.241.4.149 - - [09/Jun/2025:05:02:58 +0000] "GET /admin/main HTTP/1.1" 200 5310 "https://tasktrakker.com.au/index.php/admin/login" "Mozilla/5.0 (iPad; CPU OS 18_5 like Mac OS X) AppleWebKit/605.1.15 (KHTML, like Gecko) Version/18.5 Mobile/15E148 Safari/604.1"
60.241.4.149 - - [09/Jun/2025:05:02:58 +0000] "GET /assets/css/custom.css?1749445378 HTTP/1.1" 200 1143 "https://tasktrakker.com.au/admin/main" "Mozilla/5.0 (iPad; CPU OS 18_5 like Mac OS X) AppleWebKit/605.1.15 (KHTML, like Gecko) Version/18.5 Mobile/15E148 Safari/604.1"
60.241.4.149 - - [09/Jun/2025:05:02:58 +0000] "GET /assets/dist/js/pages/dashboard.js?1749445378 HTTP/1.1" 200 4337 "https://tasktrakker.com.au/admin/main" "Mozilla/5.0 (iPad; CPU OS 18_5 like Mac OS X) AppleWebKit/605.1.15 (KHTML, like Gecko) Version/18.5 Mobile/15E148 Safari/604.1"
60.241.4.149 - - [09/Jun/2025:05:02:58 +0000] "GET /index.php/admin/get_fullcalendar?start=2025-06-01T00%3A00%3A00%2B10%3A00&end=2025-07-13T00%3A00%3A00%2B10%3A00 HTTP/1.1" 200 1702 "https://tasktrakker.com.au/admin/main" "Mozilla/5.0 (iPad; CPU OS 18_5 like Mac OS X) AppleWebKit/605.1.15 (KHTML, like Gecko) Version/18.5 Mobile/15E148 Safari/604.1"
60.241.4.149 - - [09/Jun/2025:05:03:00 +0000] "GET /admin/addcustomersview/9530 HTTP/1.1" 200 5285 "https://tasktrakker.com.au/admin/main" "Mozilla/5.0 (iPad; CPU OS 18_5 like Mac OS X) AppleWebKit/605.1.15 (KHTML, like Gecko) Version/18.5 Mobile/15E148 Safari/604.1"
60.241.4.149 - - [09/Jun/2025:05:03:00 +0000] "GET /assets/css/custom.css?1749445380 HTTP/1.1" 200 1143 "https://tasktrakker.com.au/admin/addcustomersview/9530" "Mozilla/5.0 (iPad; CPU OS 18_5 like Mac OS X) AppleWebKit/605.1.15 (KHTML, like Gecko) Version/18.5 Mobile/15E148 Safari/604.1"
60.241.4.149 - - [09/Jun/2025:05:03:00 +0000] "GET /assets/dist/js/pages/dashboard.js?1749445380 HTTP/1.1" 200 4337 "https://tasktrakker.com.au/admin/addcustomersview/9530" "Mozilla/5.0 (iPad; CPU OS 18_5 like Mac OS X) AppleWebKit/605.1.15 (KHTML, like Gecko) Version/18.5 Mobile/15E148 Safari/604.1"
66.249.66.66 - - [09/Jun/2025:05:03:50 +0000] "GET /163421/1067789.htm HTTP/1.1" 301 621 "-" "Mozilla/5.0 (Linux; Android 6.0.1; Nexus 5X Build/MMB29P) AppleWebKit/537.36 (KHTML, like Gecko) Chrome/136.0.7103.113 Mobile Safari/537.36 (compatible; Googlebot/2.1; +http://www.google.com/bot.html)"
66.249.66.42 - - [09/Jun/2025:05:03:55 +0000] "GET /robots.txt HTTP/1.1" 200 2910 "-" "Mozilla/5.0 (compatible; Googlebot/2.1; +http://www.google.com/bot.html)"
124.222.209.139 - - [09/Jun/2025:05:03:58 +0000] "GET / HTTP/1.1" 302 2895 "-" "Mozilla/5.0 (Linux; Android 10; LIO-AN00 Build/HUAWEILIO-AN00; wv) MicroMessenger Weixin QQ AppleWebKit/537.36 (KHTML, like Gecko) Version/4.0 Chrome/78.0.3904.62 XWEB/2692 MMWEBSDK/200901 Mobile Safari/537.36"
66.249.66.43 - - [09/Jun/2025:05:03:59 +0000] "GET //163421/1067789.htm HTTP/1.1" 404 2842 "-" "Mozilla/5.0 (Linux; Android 6.0.1; Nexus 5X Build/MMB29P) AppleWebKit/537.36 (KHTML, like Gecko) Chrome/136.0.7103.113 Mobile Safari/537.36 (compatible; Googlebot/2.1; +http://www.google.com/bot.html)"
124.222.209.139 - - [09/Jun/2025:05:04:00 +0000] "GET /index.php/admin/login HTTP/1.1" 200 4466 "https://test.tasktrakker.com.au" "Mozilla/5.0 (Linux; Android 10; LIO-AN00 Build/HUAWEILIO-AN00; wv) MicroMessenger Weixin QQ AppleWebKit/537.36 (KHTML, like Gecko) Version/4.0 Chrome/78.0.3904.62 XWEB/2692 MMWEBSDK/200901 Mobile Safari/537.36"
52.167.144.169 - - [09/Jun/2025:05:04:48 +0000] "GET /index.php/admin/deleteLeadop/6064 HTTP/1.1" 302 3152 "-" "Mozilla/5.0 AppleWebKit/537.36 (KHTML, like Gecko; compatible; bingbot/2.0; +http://www.bing.com/bingbot.htm) Chrome/116.0.1938.76 Safari/537.36"
52.167.144.169 - - [09/Jun/2025:05:04:48 +0000] "GET /admin/error_view HTTP/1.1" 302 305 "-" "Mozilla/5.0 AppleWebKit/537.36 (KHTML, like Gecko; compatible; bingbot/2.0; +http://www.bing.com/bingbot.htm) Chrome/116.0.1938.76 Safari/537.36"
52.167.144.169 - - [09/Jun/2025:05:04:49 +0000] "GET /admin/main HTTP/1.1" 500 2213 "-" "Mozilla/5.0 AppleWebKit/537.36 (KHTML, like Gecko; compatible; bingbot/2.0; +http://www.bing.com/bingbot.htm) Chrome/116.0.1938.76 Safari/537.36"
157.55.39.10 - - [09/Jun/2025:05:10:12 +0000] "GET /index.php/admin/addcustomersview/6508 HTTP/1.1" 500 5068 "-" "Mozilla/5.0 AppleWebKit/537.36 (KHTML, like Gecko; compatible; bingbot/2.0; +http://www.bing.com/bingbot.htm) Chrome/116.0.1938.76 Safari/537.36"
40.77.167.138 - - [09/Jun/2025:05:19:23 +0000] "GET /robots.txt HTTP/1.1" 200 3031 "-" "Mozilla/5.0 AppleWebKit/537.36 (KHTML, like Gecko; compatible; bingbot/2.0; +http://www.bing.com/bingbot.htm) Chrome/116.0.1938.76 Safari/537.36"
104.234.115.127 - - [09/Jun/2025:05:20:53 +0000] "GET / HTTP/1.0" 301 561 "-" "'Mozilla/5.0 (compatible; GenomeCrawlerd/1.0; +https://www.nokia.com/genomecrawler)'"
20.120.134.32 - - [09/Jun/2025:05:21:16 +0000] "GET /index.php/admin/addcustomersview/4565 HTTP/1.1" 500 2855 "-" "Mozilla/5.0 (Windows NT 10.0; Win64; x64) AppleWebKit/537.36 (KHTML, like Gecko) Chrome/131.0.0.0 Safari/537.36 Edg/131.0.0.0"
104.234.115.127 - - [09/Jun/2025:05:21:39 +0000] "\x16\x03\x01" 400 497 "-" "-"
104.234.115.127 - - [09/Jun/2025:05:22:29 +0000] "GET / HTTP/1.1" 404 434 "-" "'Mozilla/5.0 (compatible; GenomeCrawlerd/1.0; +https://www.nokia.com/genomecrawler)'"
157.55.39.203 - - [09/Jun/2025:05:25:17 +0000] "GET /index.php/admin/addcustomersview/6648 HTTP/1.1" 500 5068 "-" "Mozilla/5.0 AppleWebKit/537.36 (KHTML, like Gecko; compatible; bingbot/2.0; +http://www.bing.com/bingbot.htm) Chrome/116.0.1938.76 Safari/537.36"
157.55.39.203 - - [09/Jun/2025:05:25:20 +0000] "GET /index.php/admin/addleadview/5476 HTTP/1.1" 500 5048 "-" "Mozilla/5.0 AppleWebKit/537.36 (KHTML, like Gecko; compatible; bingbot/2.0; +http://www.bing.com/bingbot.htm) Chrome/116.0.1938.76 Safari/537.36"
104.234.115.127 - - [09/Jun/2025:05:27:17 +0000] "GET /manage/account/login HTTP/1.1" 404 434 "-" "'Mozilla/5.0 (compatible; GenomeCrawlerd/1.0; +https://www.nokia.com/genomecrawler)'"
104.234.115.127 - - [09/Jun/2025:05:29:50 +0000] "GET /admin/index.html HTTP/1.1" 404 434 "-" "'Mozilla/5.0 (compatible; GenomeCrawlerd/1.0; +https://www.nokia.com/genomecrawler)'"
104.234.115.127 - - [09/Jun/2025:05:31:59 +0000] "GET /index.html HTTP/1.1" 404 434 "-" "'Mozilla/5.0 (compatible; GenomeCrawlerd/1.0; +https://www.nokia.com/genomecrawler)'"
104.234.115.127 - - [09/Jun/2025:05:34:19 +0000] "GET /+CSCOE+/logon.html HTTP/1.1" 404 434 "-" "'Mozilla/5.0 (compatible; GenomeCrawlerd/1.0; +https://www.nokia.com/genomecrawler)'"
52.167.144.17 - - [09/Jun/2025:05:35:57 +0000] "GET /index.php/admin/addcustomersview/9546 HTTP/1.1" 500 5068 "-" "Mozilla/5.0 AppleWebKit/537.36 (KHTML, like Gecko; compatible; bingbot/2.0; +http://www.bing.com/bingbot.htm) Chrome/116.0.1938.76 Safari/537.36"
104.234.115.127 - - [09/Jun/2025:05:36:36 +0000] "GET /cgi-bin/login.cgi HTTP/1.1" 404 434 "-" "'Mozilla/5.0 (compatible; GenomeCrawlerd/1.0; +https://www.nokia.com/genomecrawler)'"
104.234.115.127 - - [09/Jun/2025:05:38:24 +0000] "GET /login.htm HTTP/1.1" 404 434 "-" "'Mozilla/5.0 (compatible; GenomeCrawlerd/1.0; +https://www.nokia.com/genomecrawler)'"
71.6.232.25 - - [09/Jun/2025:05:38:28 +0000] "GET / HTTP/1.1" 404 434 "-" "Mozilla/5.0 (Windows NT 10.0; Win64; x64) AppleWebKit/537.36 (KHTML, like Gecko) Chrome/134.0.0.0 Safari/537.36"
47.121.202.65 - - [09/Jun/2025:05:39:56 +0000] "-" 408 0 "-" "-"
52.167.144.219 - - [09/Jun/2025:05:40:11 +0000] "GET /index.php/admin/deleteLeadop/2939 HTTP/1.1" 302 3154 "-" "Mozilla/5.0 AppleWebKit/537.36 (KHTML, like Gecko; compatible; bingbot/2.0; +http://www.bing.com/bingbot.htm) Chrome/116.0.1938.76 Safari/537.36"
52.167.144.219 - - [09/Jun/2025:05:40:13 +0000] "GET /admin/error_view HTTP/1.1" 302 305 "-" "Mozilla/5.0 AppleWebKit/537.36 (KHTML, like Gecko; compatible; bingbot/2.0; +http://www.bing.com/bingbot.htm) Chrome/116.0.1938.76 Safari/537.36"
52.167.144.219 - - [09/Jun/2025:05:40:15 +0000] "GET /admin/main HTTP/1.1" 500 2213 "-" "Mozilla/5.0 AppleWebKit/537.36 (KHTML, like Gecko; compatible; bingbot/2.0; +http://www.bing.com/bingbot.htm) Chrome/116.0.1938.76 Safari/537.36"
175.35.124.10 - - [09/Jun/2025:05:40:40 +0000] "GET / HTTP/1.1" 404 490 "-" "Hello-World/1.0"
104.234.115.127 - - [09/Jun/2025:05:40:53 +0000] "GET /login.html HTTP/1.1" 404 434 "-" "'Mozilla/5.0 (compatible; GenomeCrawlerd/1.0; +https://www.nokia.com/genomecrawler)'"
157.55.39.196 - - [09/Jun/2025:05:41:03 +0000] "GET /index.php/admin/ticket/0/2608 HTTP/1.1" 500 5060 "-" "Mozilla/5.0 AppleWebKit/537.36 (KHTML, like Gecko; compatible; bingbot/2.0; +http://www.bing.com/bingbot.htm) Chrome/116.0.1938.76 Safari/537.36"
157.55.39.196 - - [09/Jun/2025:05:42:03 +0000] "GET /index.php/admin/deleteLeadop/6877 HTTP/1.1" 302 3154 "-" "Mozilla/5.0 AppleWebKit/537.36 (KHTML, like Gecko; compatible; bingbot/2.0; +http://www.bing.com/bingbot.htm) Chrome/116.0.1938.76 Safari/537.36"
157.55.39.196 - - [09/Jun/2025:05:42:05 +0000] "GET /admin/error_view HTTP/1.1" 302 305 "-" "Mozilla/5.0 AppleWebKit/537.36 (KHTML, like Gecko; compatible; bingbot/2.0; +http://www.bing.com/bingbot.htm) Chrome/116.0.1938.76 Safari/537.36"
157.55.39.196 - - [09/Jun/2025:05:42:06 +0000] "GET /admin/main HTTP/1.1" 500 2213 "-" "Mozilla/5.0 AppleWebKit/537.36 (KHTML, like Gecko; compatible; bingbot/2.0; +http://www.bing.com/bingbot.htm) Chrome/116.0.1938.76 Safari/537.36"
115.52.26.6 - - [09/Jun/2025:05:43:06 +0000] "GET /boaform/admin/formLogin?username=user&psd=user HTTP/1.0" 301 657 "-" "-"
104.234.115.127 - - [09/Jun/2025:05:43:08 +0000] "GET /login.jsp HTTP/1.1" 404 434 "-" "'Mozilla/5.0 (compatible; GenomeCrawlerd/1.0; +https://www.nokia.com/genomecrawler)'"
157.55.39.196 - - [09/Jun/2025:05:44:23 +0000] "GET /index.php/admin/addcustomersview/6205 HTTP/1.1" 500 5068 "-" "Mozilla/5.0 AppleWebKit/537.36 (KHTML, like Gecko; compatible; bingbot/2.0; +http://www.bing.com/bingbot.htm) Chrome/116.0.1938.76 Safari/537.36"
104.234.115.127 - - [09/Jun/2025:05:45:35 +0000] "GET /login HTTP/1.1" 404 434 "-" "'Mozilla/5.0 (compatible; GenomeCrawlerd/1.0; +https://www.nokia.com/genomecrawler)'"
52.167.144.219 - - [09/Jun/2025:05:47:32 +0000] "GET /index.php/admin/addleadview/2177 HTTP/1.1" 500 5063 "-" "Mozilla/5.0 AppleWebKit/537.36 (KHTML, like Gecko; compatible; bingbot/2.0; +http://www.bing.com/bingbot.htm) Chrome/116.0.1938.76 Safari/537.36"
104.234.115.127 - - [09/Jun/2025:05:47:42 +0000] "GET /doc/index.html HTTP/1.1" 404 434 "-" "'Mozilla/5.0 (compatible; GenomeCrawlerd/1.0; +https://www.nokia.com/genomecrawler)'"
5.231.230.153 - - [09/Jun/2025:05:47:44 +0000] "CONNECT google.com:443 HTTP/1.1" 405 501 "-" "Go-http-client/1.1"
207.46.13.160 - - [09/Jun/2025:05:49:54 +0000] "GET /index.php/admin/addcustomersview/9713 HTTP/1.1" 500 5069 "-" "Mozilla/5.0 AppleWebKit/537.36 (KHTML, like Gecko; compatible; bingbot/2.0; +http://www.bing.com/bingbot.htm) Chrome/116.0.1938.76 Safari/537.36"
104.234.115.127 - - [09/Jun/2025:05:50:14 +0000] "GET /remote/login HTTP/1.1" 404 434 "-" "'Mozilla/5.0 (compatible; GenomeCrawlerd/1.0; +https://www.nokia.com/genomecrawler)'"
144.76.33.36 - - [09/Jun/2025:05:51:43 +0000] "GET /robots.txt HTTP/1.1" 301 605 "-" "Mozilla/5.0 (compatible; BLEXBot/1.0; +https://help.seranking.com/en/blex-crawler)"
144.76.33.36 - - [09/Jun/2025:05:51:43 +0000] "GET /robots.txt HTTP/1.1" 200 2925 "-" "Mozilla/5.0 (compatible; BLEXBot/1.0; +https://help.seranking.com/en/blex-crawler)"
144.76.33.36 - - [09/Jun/2025:05:51:54 +0000] "GET / HTTP/1.1" 301 585 "-" "Mozilla/5.0 (compatible; BLEXBot/1.0; +https://help.seranking.com/en/blex-crawler)"
144.76.33.36 - - [09/Jun/2025:05:51:55 +0000] "GET /robots.txt HTTP/1.1" 200 655 "-" "Mozilla/5.0 (compatible; BLEXBot/1.0; +https://help.seranking.com/en/blex-crawler)"
144.76.33.36 - - [09/Jun/2025:05:51:56 +0000] "GET / HTTP/1.1" 302 2927 "-" "Mozilla/5.0 (compatible; BLEXBot/1.0; +https://help.seranking.com/en/blex-crawler)"
144.76.33.36 - - [09/Jun/2025:05:51:56 +0000] "GET /robots.txt HTTP/1.1" 200 330 "-" "Mozilla/5.0 (compatible; BLEXBot/1.0; +https://help.seranking.com/en/blex-crawler)"
144.76.33.36 - - [09/Jun/2025:05:51:57 +0000] "GET /index.php/admin/login HTTP/1.1" 200 1924 "-" "Mozilla/5.0 (compatible; BLEXBot/1.0; +https://help.seranking.com/en/blex-crawler)"
104.234.115.127 - - [09/Jun/2025:05:52:23 +0000] "GET //admin/login.asp HTTP/1.1" 404 434 "-" "'Mozilla/5.0 (compatible; GenomeCrawlerd/1.0; +https://www.nokia.com/genomecrawler)'"
52.167.144.138 - - [09/Jun/2025:05:53:18 +0000] "GET /index.php/admin/addcustomersview/9710 HTTP/1.1" 500 5067 "-" "Mozilla/5.0 AppleWebKit/537.36 (KHTML, like Gecko; compatible; bingbot/2.0; +http://www.bing.com/bingbot.htm) Chrome/116.0.1938.76 Safari/537.36"
104.234.115.127 - - [09/Jun/2025:05:54:00 +0000] "GET /web/ HTTP/1.1" 404 434 "-" "'Mozilla/5.0 (compatible; GenomeCrawlerd/1.0; +https://www.nokia.com/genomecrawler)'"
104.234.115.127 - - [09/Jun/2025:05:56:08 +0000] "GET //webpages/login.html HTTP/1.1" 404 434 "-" "'Mozilla/5.0 (compatible; GenomeCrawlerd/1.0; +https://www.nokia.com/genomecrawler)'"
40.77.167.154 - - [09/Jun/2025:05:57:30 +0000] "GET /index.php/admin/addleadview/9247 HTTP/1.1" 500 5062 "-" "Mozilla/5.0 AppleWebKit/537.36 (KHTML, like Gecko; compatible; bingbot/2.0; +http://www.bing.com/bingbot.htm) Chrome/116.0.1938.76 Safari/537.36"
207.46.13.150 - - [09/Jun/2025:05:57:35 +0000] "GET /index.php/admin/booking_delete/6766/6811 HTTP/1.1" 302 3153 "-" "Mozilla/5.0 AppleWebKit/537.36 (KHTML, like Gecko; compatible; bingbot/2.0; +http://www.bing.com/bingbot.htm) Chrome/116.0.1938.76 Safari/537.36"
207.46.13.150 - - [09/Jun/2025:05:57:36 +0000] "GET /admin/error_view HTTP/1.1" 302 305 "-" "Mozilla/5.0 AppleWebKit/537.36 (KHTML, like Gecko; compatible; bingbot/2.0; +http://www.bing.com/bingbot.htm) Chrome/116.0.1938.76 Safari/537.36"
207.46.13.150 - - [09/Jun/2025:05:57:37 +0000] "GET /admin/main HTTP/1.1" 500 2213 "-" "Mozilla/5.0 AppleWebKit/537.36 (KHTML, like Gecko; compatible; bingbot/2.0; +http://www.bing.com/bingbot.htm) Chrome/116.0.1938.76 Safari/537.36"
40.77.167.154 - - [09/Jun/2025:05:59:31 +0000] "GET /index.php/admin/deleteLeadop/4933 HTTP/1.1" 302 3152 "-" "Mozilla/5.0 AppleWebKit/537.36 (KHTML, like Gecko; compatible; bingbot/2.0; +http://www.bing.com/bingbot.htm) Chrome/116.0.1938.76 Safari/537.36"
40.77.167.154 - - [09/Jun/2025:05:59:32 +0000] "GET /admin/error_view HTTP/1.1" 302 305 "-" "Mozilla/5.0 AppleWebKit/537.36 (KHTML, like Gecko; compatible; bingbot/2.0; +http://www.bing.com/bingbot.htm) Chrome/116.0.1938.76 Safari/537.36"
40.77.167.154 - - [09/Jun/2025:05:59:33 +0000] "GET /admin/main HTTP/1.1" 500 2213 "-" "Mozilla/5.0 AppleWebKit/537.36 (KHTML, like Gecko; compatible; bingbot/2.0; +http://www.bing.com/bingbot.htm) Chrome/116.0.1938.76 Safari/537.36"
207.46.13.64 - - [09/Jun/2025:06:00:16 +0000] "GET /index.php/admin/addleadview/6008 HTTP/1.1" 500 5063 "-" "Mozilla/5.0 AppleWebKit/537.36 (KHTML, like Gecko; compatible; bingbot/2.0; +http://www.bing.com/bingbot.htm) Chrome/116.0.1938.76 Safari/537.36"
66.249.66.44 - - [09/Jun/2025:06:03:48 +0000] "GET /index.php/admin/forgot_password HTTP/1.1" 200 4312 "-" "Mozilla/5.0 (Linux; Android 6.0.1; Nexus 5X Build/MMB29P) AppleWebKit/537.36 (KHTML, like Gecko) Chrome/136.0.7103.113 Mobile Safari/537.36 (compatible; Googlebot/2.1; +http://www.google.com/bot.html)"
52.167.144.169 - - [09/Jun/2025:06:05:12 +0000] "GET /index.php/admin/deleteLeadop/6095 HTTP/1.1" 302 3152 "-" "Mozilla/5.0 AppleWebKit/537.36 (KHTML, like Gecko; compatible; bingbot/2.0; +http://www.bing.com/bingbot.htm) Chrome/116.0.1938.76 Safari/537.36"
52.167.144.169 - - [09/Jun/2025:06:05:13 +0000] "GET /admin/error_view HTTP/1.1" 302 305 "-" "Mozilla/5.0 AppleWebKit/537.36 (KHTML, like Gecko; compatible; bingbot/2.0; +http://www.bing.com/bingbot.htm) Chrome/116.0.1938.76 Safari/537.36"
52.167.144.169 - - [09/Jun/2025:06:05:14 +0000] "GET /admin/main HTTP/1.1" 500 2213 "-" "Mozilla/5.0 AppleWebKit/537.36 (KHTML, like Gecko; compatible; bingbot/2.0; +http://www.bing.com/bingbot.htm) Chrome/116.0.1938.76 Safari/537.36"
157.55.39.202 - - [09/Jun/2025:06:05:56 +0000] "GET /index.php/admin/addleadview/8439 HTTP/1.1" 500 5063 "-" "Mozilla/5.0 AppleWebKit/537.36 (KHTML, like Gecko; compatible; bingbot/2.0; +http://www.bing.com/bingbot.htm) Chrome/116.0.1938.76 Safari/537.36"
52.167.144.169 - - [09/Jun/2025:06:06:54 +0000] "GET /index.php/admin/booking_delete/8209/2754 HTTP/1.1" 302 3152 "-" "Mozilla/5.0 AppleWebKit/537.36 (KHTML, like Gecko; compatible; bingbot/2.0; +http://www.bing.com/bingbot.htm) Chrome/116.0.1938.76 Safari/537.36"
52.167.144.169 - - [09/Jun/2025:06:06:54 +0000] "GET /admin/error_view HTTP/1.1" 302 305 "-" "Mozilla/5.0 AppleWebKit/537.36 (KHTML, like Gecko; compatible; bingbot/2.0; +http://www.bing.com/bingbot.htm) Chrome/116.0.1938.76 Safari/537.36"
52.167.144.169 - - [09/Jun/2025:06:06:56 +0000] "GET /admin/main HTTP/1.1" 500 2213 "-" "Mozilla/5.0 AppleWebKit/537.36 (KHTML, like Gecko; compatible; bingbot/2.0; +http://www.bing.com/bingbot.htm) Chrome/116.0.1938.76 Safari/537.36"
52.167.144.230 - - [09/Jun/2025:06:08:40 +0000] "GET /index.php/admin/addcustomersview/9526 HTTP/1.1" 500 5069 "-" "Mozilla/5.0 AppleWebKit/537.36 (KHTML, like Gecko; compatible; bingbot/2.0; +http://www.bing.com/bingbot.htm) Chrome/116.0.1938.76 Safari/537.36"
40.77.167.70 - - [09/Jun/2025:06:10:29 +0000] "GET /index.php/admin/addcustomersview/6313 HTTP/1.1" 500 5067 "-" "Mozilla/5.0 AppleWebKit/537.36 (KHTML, like Gecko; compatible; bingbot/2.0; +http://www.bing.com/bingbot.htm) Chrome/116.0.1938.76 Safari/537.36"
198.235.24.2 - - [09/Jun/2025:06:11:28 +0000] "GET / HTTP/1.0" 301 561 "-" "Expanse, a Palo Alto Networks company, searches across the global IPv4 space multiple times per day to identify customers&#39; presences on the Internet. If you would like to be excluded from our scans, please send IP addresses/domains to: scaninfo@paloaltonetworks.com"
52.167.144.230 - - [09/Jun/2025:06:12:25 +0000] "GET /index.php/admin/addleadview/2910 HTTP/1.1" 500 5064 "-" "Mozilla/5.0 AppleWebKit/537.36 (KHTML, like Gecko; compatible; bingbot/2.0; +http://www.bing.com/bingbot.htm) Chrome/116.0.1938.76 Safari/537.36"
58.106.147.252 - - [09/Jun/2025:06:13:07 +0000] "POST /index.php/cordova/get_user HTTP/1.1" 200 3654 "https://tasktrakker.com.au/mobile/dashboard.html" "Mozilla/5.0 (iPad; CPU OS 12_5_7 like Mac OS X) AppleWebKit/605.1.15 (KHTML, like Gecko) Version/12.1.2 Mobile/15E148 Safari/604.1"
58.106.147.252 - - [09/Jun/2025:06:13:07 +0000] "GET /mobile/pages/user-info.html HTTP/1.1" 200 836 "https://tasktrakker.com.au/mobile/dashboard.html" "Mozilla/5.0 (iPad; CPU OS 12_5_7 like Mac OS X) AppleWebKit/605.1.15 (KHTML, like Gecko) Version/12.1.2 Mobile/15E148 Safari/604.1"
58.106.147.252 - - [09/Jun/2025:06:13:07 +0000] "GET / HTTP/1.1" 302 333 "https://tasktrakker.com.au/mobile/dashboard.html" "Mozilla/5.0 (iPad; CPU OS 12_5_7 like Mac OS X) AppleWebKit/605.1.15 (KHTML, like Gecko) Version/12.1.2 Mobile/15E148 Safari/604.1"
58.106.147.252 - - [09/Jun/2025:06:13:07 +0000] "GET /index.php/admin/login HTTP/1.1" 200 1924 "https://tasktrakker.com.au/mobile/dashboard.html" "Mozilla/5.0 (iPad; CPU OS 12_5_7 like Mac OS X) AppleWebKit/605.1.15 (KHTML, like Gecko) Version/12.1.2 Mobile/15E148 Safari/604.1"
58.106.147.252 - - [09/Jun/2025:06:13:08 +0000] "GET /mobile/sw.js HTTP/1.1" 200 1260 "https://tasktrakker.com.au/mobile/sw.js" "Mozilla/5.0 (iPad; CPU OS 12_5_7 like Mac OS X) AppleWebKit/605.1.15 (KHTML, like Gecko) Version/12.1.2 Mobile/15E148 Safari/604.1"
58.106.147.252 - - [09/Jun/2025:06:13:10 +0000] "POST /index.php/cordova/check_uploaded HTTP/1.1" 200 543 "https://tasktrakker.com.au/mobile/dashboard.html" "Mozilla/5.0 (iPad; CPU OS 12_5_7 like Mac OS X) AppleWebKit/605.1.15 (KHTML, like Gecko) Version/12.1.2 Mobile/15E148 Safari/604.1"
58.106.147.252 - - [09/Jun/2025:06:13:16 +0000] "POST /index.php/cordova/get_booking_statuses/48/PENDING HTTP/1.1" 200 1006 "https://tasktrakker.com.au/mobile/dashboard.html" "Mozilla/5.0 (iPad; CPU OS 12_5_7 like Mac OS X) AppleWebKit/605.1.15 (KHTML, like Gecko) Version/12.1.2 Mobile/15E148 Safari/604.1"
58.106.147.252 - - [09/Jun/2025:06:13:16 +0000] "GET /mobile/pages/booking-info.html HTTP/1.1" 200 969 "https://tasktrakker.com.au/mobile/dashboard.html" "Mozilla/5.0 (iPad; CPU OS 12_5_7 like Mac OS X) AppleWebKit/605.1.15 (KHTML, like Gecko) Version/12.1.2 Mobile/15E148 Safari/604.1"
58.106.147.252 - - [09/Jun/2025:06:13:16 +0000] "GET / HTTP/1.1" 302 333 "https://tasktrakker.com.au/mobile/dashboard.html" "Mozilla/5.0 (iPad; CPU OS 12_5_7 like Mac OS X) AppleWebKit/605.1.15 (KHTML, like Gecko) Version/12.1.2 Mobile/15E148 Safari/604.1"
58.106.147.252 - - [09/Jun/2025:06:13:16 +0000] "GET /index.php/admin/login HTTP/1.1" 200 1924 "https://tasktrakker.com.au/mobile/dashboard.html" "Mozilla/5.0 (iPad; CPU OS 12_5_7 like Mac OS X) AppleWebKit/605.1.15 (KHTML, like Gecko) Version/12.1.2 Mobile/15E148 Safari/604.1"
58.106.147.252 - - [09/Jun/2025:06:13:19 +0000] "POST /index.php/cordova/check_uploaded HTTP/1.1" 200 543 "https://tasktrakker.com.au/mobile/dashboard.html" "Mozilla/5.0 (iPad; CPU OS 12_5_7 like Mac OS X) AppleWebKit/605.1.15 (KHTML, like Gecko) Version/12.1.2 Mobile/15E148 Safari/604.1"
157.55.39.7 - - [09/Jun/2025:06:13:26 +0000] "GET /index.php/admin/deleteLeadop/7320 HTTP/1.1" 302 3154 "-" "Mozilla/5.0 AppleWebKit/537.36 (KHTML, like Gecko; compatible; bingbot/2.0; +http://www.bing.com/bingbot.htm) Chrome/116.0.1938.76 Safari/537.36"
157.55.39.7 - - [09/Jun/2025:06:13:27 +0000] "GET /admin/error_view HTTP/1.1" 302 305 "-" "Mozilla/5.0 AppleWebKit/537.36 (KHTML, like Gecko; compatible; bingbot/2.0; +http://www.bing.com/bingbot.htm) Chrome/116.0.1938.76 Safari/537.36"
58.106.147.252 - - [09/Jun/2025:06:13:27 +0000] "POST /index.php/cordova/get_user HTTP/1.1" 200 1242 "https://tasktrakker.com.au/mobile/dashboard.html" "Mozilla/5.0 (iPad; CPU OS 12_5_7 like Mac OS X) AppleWebKit/605.1.15 (KHTML, like Gecko) Version/12.1.2 Mobile/15E148 Safari/604.1"
58.106.147.252 - - [09/Jun/2025:06:13:27 +0000] "GET / HTTP/1.1" 302 333 "https://tasktrakker.com.au/mobile/dashboard.html" "Mozilla/5.0 (iPad; CPU OS 12_5_7 like Mac OS X) AppleWebKit/605.1.15 (KHTML, like Gecko) Version/12.1.2 Mobile/15E148 Safari/604.1"
58.106.147.252 - - [09/Jun/2025:06:13:27 +0000] "GET /index.php/admin/login HTTP/1.1" 200 1924 "https://tasktrakker.com.au/mobile/dashboard.html" "Mozilla/5.0 (iPad; CPU OS 12_5_7 like Mac OS X) AppleWebKit/605.1.15 (KHTML, like Gecko) Version/12.1.2 Mobile/15E148 Safari/604.1"
157.55.39.7 - - [09/Jun/2025:06:13:28 +0000] "GET /admin/main HTTP/1.1" 500 2213 "-" "Mozilla/5.0 AppleWebKit/537.36 (KHTML, like Gecko; compatible; bingbot/2.0; +http://www.bing.com/bingbot.htm) Chrome/116.0.1938.76 Safari/537.36"
58.106.147.252 - - [09/Jun/2025:06:13:28 +0000] "POST /index.php/cordova/check_uploaded HTTP/1.1" 200 543 "https://tasktrakker.com.au/mobile/dashboard.html" "Mozilla/5.0 (iPad; CPU OS 12_5_7 like Mac OS X) AppleWebKit/605.1.15 (KHTML, like Gecko) Version/12.1.2 Mobile/15E148 Safari/604.1"
58.106.147.252 - - [09/Jun/2025:06:13:30 +0000] "POST /index.php/cordova/get_customers_for_photographer/48 HTTP/1.1" 200 4510 "https://tasktrakker.com.au/mobile/dashboard.html" "Mozilla/5.0 (iPad; CPU OS 12_5_7 like Mac OS X) AppleWebKit/605.1.15 (KHTML, like Gecko) Version/12.1.2 Mobile/15E148 Safari/604.1"
58.106.147.252 - - [09/Jun/2025:06:13:30 +0000] "POST /index.php/cordova/get_all_customers/ HTTP/1.1" 301 590 "https://tasktrakker.com.au/mobile/dashboard.html" "Mozilla/5.0 (iPad; CPU OS 12_5_7 like Mac OS X) AppleWebKit/605.1.15 (KHTML, like Gecko) Version/12.1.2 Mobile/15E148 Safari/604.1"
58.106.147.252 - - [09/Jun/2025:06:13:30 +0000] "GET /index.php/cordova/get_all_customers HTTP/1.1" 200 55970 "https://tasktrakker.com.au/mobile/dashboard.html" "Mozilla/5.0 (iPad; CPU OS 12_5_7 like Mac OS X) AppleWebKit/605.1.15 (KHTML, like Gecko) Version/12.1.2 Mobile/15E148 Safari/604.1"
58.106.147.252 - - [09/Jun/2025:06:13:30 +0000] "GET /mobile/pages/photo-upload.html HTTP/1.1" 200 1990 "https://tasktrakker.com.au/mobile/dashboard.html" "Mozilla/5.0 (iPad; CPU OS 12_5_7 like Mac OS X) AppleWebKit/605.1.15 (KHTML, like Gecko) Version/12.1.2 Mobile/15E148 Safari/604.1"
58.106.147.252 - - [09/Jun/2025:06:13:31 +0000] "GET / HTTP/1.1" 302 333 "https://tasktrakker.com.au/mobile/dashboard.html" "Mozilla/5.0 (iPad; CPU OS 12_5_7 like Mac OS X) AppleWebKit/605.1.15 (KHTML, like Gecko) Version/12.1.2 Mobile/15E148 Safari/604.1"
58.106.147.252 - - [09/Jun/2025:06:13:31 +0000] "GET /index.php/admin/login HTTP/1.1" 200 1924 "https://tasktrakker.com.au/mobile/dashboard.html" "Mozilla/5.0 (iPad; CPU OS 12_5_7 like Mac OS X) AppleWebKit/605.1.15 (KHTML, like Gecko) Version/12.1.2 Mobile/15E148 Safari/604.1"
58.106.147.252 - - [09/Jun/2025:06:13:32 +0000] "POST /index.php/cordova/check_uploaded HTTP/1.1" 200 543 "https://tasktrakker.com.au/mobile/dashboard.html" "Mozilla/5.0 (iPad; CPU OS 12_5_7 like Mac OS X) AppleWebKit/605.1.15 (KHTML, like Gecko) Version/12.1.2 Mobile/15E148 Safari/604.1"
52.167.144.230 - - [09/Jun/2025:06:13:50 +0000] "GET /index.php/admin/addcustomersview/6167 HTTP/1.1" 500 5069 "-" "Mozilla/5.0 AppleWebKit/537.36 (KHTML, like Gecko; compatible; bingbot/2.0; +http://www.bing.com/bingbot.htm) Chrome/116.0.1938.76 Safari/537.36"
58.106.147.252 - - [09/Jun/2025:06:13:56 +0000] "GET / HTTP/1.1" 302 2927 "-" "Mozilla/5.0 (Windows NT 10.0; Win64; x64; rv:139.0) Gecko/20100101 Firefox/139.0"
58.106.147.252 - - [09/Jun/2025:06:13:56 +0000] "GET /index.php/admin/login HTTP/1.1" 200 1924 "-" "Mozilla/5.0 (Windows NT 10.0; Win64; x64; rv:139.0) Gecko/20100101 Firefox/139.0"
58.106.147.252 - - [09/Jun/2025:06:13:56 +0000] "GET //assets/img/logo.png HTTP/1.1" 200 95153 "https://tasktrakker.com.au/index.php/admin/login" "Mozilla/5.0 (Windows NT 10.0; Win64; x64; rv:139.0) Gecko/20100101 Firefox/139.0"
58.106.147.252 - - [09/Jun/2025:06:13:56 +0000] "GET /assets/plugins/jQuery/jquery-2.2.3.min.js HTTP/1.1" 200 30695 "https://tasktrakker.com.au/index.php/admin/login" "Mozilla/5.0 (Windows NT 10.0; Win64; x64; rv:139.0) Gecko/20100101 Firefox/139.0"
58.106.147.252 - - [09/Jun/2025:06:13:56 +0000] "GET /assets/plugins/iCheck/icheck.min.js HTTP/1.1" 200 2909 "https://tasktrakker.com.au/index.php/admin/login" "Mozilla/5.0 (Windows NT 10.0; Win64; x64; rv:139.0) Gecko/20100101 Firefox/139.0"
58.106.147.252 - - [09/Jun/2025:06:13:56 +0000] "GET /assets/bootstrap/css/bootstrap.min.css HTTP/1.1" 200 22788 "https://tasktrakker.com.au/index.php/admin/login" "Mozilla/5.0 (Windows NT 10.0; Win64; x64; rv:139.0) Gecko/20100101 Firefox/139.0"
58.106.147.252 - - [09/Jun/2025:06:13:56 +0000] "GET /assets/dist/css/AdminLTE.min.css HTTP/1.1" 200 15258 "https://tasktrakker.com.au/index.php/admin/login" "Mozilla/5.0 (Windows NT 10.0; Win64; x64; rv:139.0) Gecko/20100101 Firefox/139.0"
58.106.147.252 - - [09/Jun/2025:06:13:56 +0000] "GET /assets/plugins/iCheck/square/blue.css HTTP/1.1" 200 819 "https://tasktrakker.com.au/index.php/admin/login" "Mozilla/5.0 (Windows NT 10.0; Win64; x64; rv:139.0) Gecko/20100101 Firefox/139.0"
58.106.147.252 - - [09/Jun/2025:06:13:56 +0000] "GET /assets/bootstrap/fonts/glyphicons-halflings-regular.woff2 HTTP/1.1" 200 18382 "https://tasktrakker.com.au/assets/bootstrap/css/bootstrap.min.css" "Mozilla/5.0 (Windows NT 10.0; Win64; x64; rv:139.0) Gecko/20100101 Firefox/139.0"
58.106.147.252 - - [09/Jun/2025:06:13:57 +0000] "GET /assets/bootstrap/js/bootstrap.min.js HTTP/1.1" 200 10325 "https://tasktrakker.com.au/index.php/admin/login" "Mozilla/5.0 (Windows NT 10.0; Win64; x64; rv:139.0) Gecko/20100101 Firefox/139.0"
58.106.147.252 - - [09/Jun/2025:06:13:57 +0000] "GET /favicon.ico HTTP/1.1" 200 5753 "https://tasktrakker.com.au/index.php/admin/login" "Mozilla/5.0 (Windows NT 10.0; Win64; x64; rv:139.0) Gecko/20100101 Firefox/139.0"
58.106.147.252 - - [09/Jun/2025:06:13:57 +0000] "GET /assets/plugins/iCheck/square/blue.png HTTP/1.1" 200 2492 "https://tasktrakker.com.au/assets/plugins/iCheck/square/blue.css" "Mozilla/5.0 (Windows NT 10.0; Win64; x64; rv:139.0) Gecko/20100101 Firefox/139.0"
58.106.147.252 - - [09/Jun/2025:06:14:09 +0000] "POST /index.php/admin/auth HTTP/1.1" 303 946 "https://tasktrakker.com.au/index.php/admin/login" "Mozilla/5.0 (Windows NT 10.0; Win64; x64; rv:139.0) Gecko/20100101 Firefox/139.0"
58.106.147.252 - - [09/Jun/2025:06:14:09 +0000] "GET /admin/main HTTP/1.1" 200 5623 "https://tasktrakker.com.au/index.php/admin/login" "Mozilla/5.0 (Windows NT 10.0; Win64; x64; rv:139.0) Gecko/20100101 Firefox/139.0"
58.106.147.252 - - [09/Jun/2025:06:14:09 +0000] "GET /assets/dist/css/skins/_all-skins.min.css HTTP/1.1" 200 3682 "https://tasktrakker.com.au/admin/main" "Mozilla/5.0 (Windows NT 10.0; Win64; x64; rv:139.0) Gecko/20100101 Firefox/139.0"
58.106.147.252 - - [09/Jun/2025:06:14:09 +0000] "GET /assets/plugins/iCheck/flat/blue.css HTTP/1.1" 200 801 "https://tasktrakker.com.au/admin/main" "Mozilla/5.0 (Windows NT 10.0; Win64; x64; rv:139.0) Gecko/20100101 Firefox/139.0"
58.106.147.252 - - [09/Jun/2025:06:14:09 +0000] "GET /assets/plugins/bootstrap-wysihtml5/bootstrap3-wysihtml5.min.css HTTP/1.1" 200 1023 "https://tasktrakker.com.au/admin/main" "Mozilla/5.0 (Windows NT 10.0; Win64; x64; rv:139.0) Gecko/20100101 Firefox/139.0"
58.106.147.252 - - [09/Jun/2025:06:14:09 +0000] "GET /assets/css/star-rating.css HTTP/1.1" 200 1318 "https://tasktrakker.com.au/admin/main" "Mozilla/5.0 (Windows NT 10.0; Win64; x64; rv:139.0) Gecko/20100101 Firefox/139.0"
58.106.147.252 - - [09/Jun/2025:06:14:09 +0000] "GET /assets/plugins/morris/morris.css HTTP/1.1" 200 926 "https://tasktrakker.com.au/admin/main" "Mozilla/5.0 (Windows NT 10.0; Win64; x64; rv:139.0) Gecko/20100101 Firefox/139.0"
58.106.147.252 - - [09/Jun/2025:06:14:09 +0000] "GET /assets/plugins/jvectormap/jquery-jvectormap-1.2.2.css HTTP/1.1" 200 1032 "https://tasktrakker.com.au/admin/main" "Mozilla/5.0 (Windows NT 10.0; Win64; x64; rv:139.0) Gecko/20100101 Firefox/139.0"
58.106.147.252 - - [09/Jun/2025:06:14:09 +0000] "GET /assets/plugins/daterangepicker/daterangepicker.css HTTP/1.1" 200 1799 "https://tasktrakker.com.au/admin/main" "Mozilla/5.0 (Windows NT 10.0; Win64; x64; rv:139.0) Gecko/20100101 Firefox/139.0"
58.106.147.252 - - [09/Jun/2025:06:14:09 +0000] "GET /assets/plugins/datepicker/datepicker3.css HTTP/1.1" 200 5947 "https://tasktrakker.com.au/admin/main" "Mozilla/5.0 (Windows NT 10.0; Win64; x64; rv:139.0) Gecko/20100101 Firefox/139.0"
58.106.147.252 - - [09/Jun/2025:06:14:09 +0000] "GET /assets/css/custom.css?1749449649 HTTP/1.1" 200 3738 "https://tasktrakker.com.au/admin/main" "Mozilla/5.0 (Windows NT 10.0; Win64; x64; rv:139.0) Gecko/20100101 Firefox/139.0"
58.106.147.252 - - [09/Jun/2025:06:14:09 +0000] "GET /assets/dist/js/pages/dashboard.js?1749449649 HTTP/1.1" 200 4337 "https://tasktrakker.com.au/admin/main" "Mozilla/5.0 (Windows NT 10.0; Win64; x64; rv:139.0) Gecko/20100101 Firefox/139.0"
58.106.147.252 - - [09/Jun/2025:06:14:09 +0000] "GET /assets/dist/js/demo.js HTTP/1.1" 200 3087 "https://tasktrakker.com.au/admin/main" "Mozilla/5.0 (Windows NT 10.0; Win64; x64; rv:139.0) Gecko/20100101 Firefox/139.0"
58.106.147.252 - - [09/Jun/2025:06:14:09 +0000] "GET /assets/js/map.js HTTP/1.1" 200 479 "https://tasktrakker.com.au/admin/main" "Mozilla/5.0 (Windows NT 10.0; Win64; x64; rv:139.0) Gecko/20100101 Firefox/139.0"
58.106.147.252 - - [09/Jun/2025:06:14:09 +0000] "GET /assets/js/archive.js HTTP/1.1" 200 600 "https://tasktrakker.com.au/admin/main" "Mozilla/5.0 (Windows NT 10.0; Win64; x64; rv:139.0) Gecko/20100101 Firefox/139.0"
58.106.147.252 - - [09/Jun/2025:06:14:09 +0000] "GET /assets/js/booking-unavailability.js HTTP/1.1" 200 1320 "https://tasktrakker.com.au/admin/main" "Mozilla/5.0 (Windows NT 10.0; Win64; x64; rv:139.0) Gecko/20100101 Firefox/139.0"
58.106.147.252 - - [09/Jun/2025:06:14:09 +0000] "GET /assets/plugins/fullcalendar/core/main.css HTTP/1.1" 200 7949 "https://tasktrakker.com.au/admin/main" "Mozilla/5.0 (Windows NT 10.0; Win64; x64; rv:139.0) Gecko/20100101 Firefox/139.0"
58.106.147.252 - - [09/Jun/2025:06:14:10 +0000] "GET /assets/plugins/fullcalendar/daygrid/main.css HTTP/1.1" 200 1027 "https://tasktrakker.com.au/admin/main" "Mozilla/5.0 (Windows NT 10.0; Win64; x64; rv:139.0) Gecko/20100101 Firefox/139.0"
58.106.147.252 - - [09/Jun/2025:06:14:10 +0000] "GET /assets/plugins/fullcalendar/list/main.css HTTP/1.1" 200 1113 "https://tasktrakker.com.au/admin/main" "Mozilla/5.0 (Windows NT 10.0; Win64; x64; rv:139.0) Gecko/20100101 Firefox/139.0"
58.106.147.252 - - [09/Jun/2025:06:14:10 +0000] "GET /assets/plugins/fullcalendar/timegrid/main.css HTTP/1.1" 200 2369 "https://tasktrakker.com.au/admin/main" "Mozilla/5.0 (Windows NT 10.0; Win64; x64; rv:139.0) Gecko/20100101 Firefox/139.0"
58.106.147.252 - - [09/Jun/2025:06:14:10 +0000] "GET /assets/plugins/fullcalendar/daygrid/main.js HTTP/1.1" 200 17877 "https://tasktrakker.com.au/admin/main" "Mozilla/5.0 (Windows NT 10.0; Win64; x64; rv:139.0) Gecko/20100101 Firefox/139.0"
58.106.147.252 - - [09/Jun/2025:06:14:10 +0000] "GET /assets/plugins/fullcalendar/interaction/main.js HTTP/1.1" 200 19359 "https://tasktrakker.com.au/admin/main" "Mozilla/5.0 (Windows NT 10.0; Win64; x64; rv:139.0) Gecko/20100101 Firefox/139.0"
58.106.147.252 - - [09/Jun/2025:06:14:10 +0000] "GET /assets/plugins/fullcalendar/list/main.js HTTP/1.1" 200 4767 "https://tasktrakker.com.au/admin/main" "Mozilla/5.0 (Windows NT 10.0; Win64; x64; rv:139.0) Gecko/20100101 Firefox/139.0"
58.106.147.252 - - [09/Jun/2025:06:14:10 +0000] "GET /assets/plugins/fullcalendar/timegrid/main.js HTTP/1.1" 200 15323 "https://tasktrakker.com.au/admin/main" "Mozilla/5.0 (Windows NT 10.0; Win64; x64; rv:139.0) Gecko/20100101 Firefox/139.0"
58.106.147.252 - - [09/Jun/2025:06:14:10 +0000] "GET /assets/plugins/jQuery/jquery-2.2.3.js HTTP/1.1" 200 77858 "https://tasktrakker.com.au/admin/main" "Mozilla/5.0 (Windows NT 10.0; Win64; x64; rv:139.0) Gecko/20100101 Firefox/139.0"
58.106.147.252 - - [09/Jun/2025:06:14:11 +0000] "GET /assets/plugins/sparkline/jquery.sparkline.min.js HTTP/1.1" 200 13513 "https://tasktrakker.com.au/admin/main" "Mozilla/5.0 (Windows NT 10.0; Win64; x64; rv:139.0) Gecko/20100101 Firefox/139.0"
58.106.147.252 - - [09/Jun/2025:06:14:11 +0000] "GET /assets/plugins/jvectormap/jquery-jvectormap-1.2.2.min.js HTTP/1.1" 200 9372 "https://tasktrakker.com.au/admin/main" "Mozilla/5.0 (Windows NT 10.0; Win64; x64; rv:139.0) Gecko/20100101 Firefox/139.0"
58.106.147.252 - - [09/Jun/2025:06:14:11 +0000] "GET /assets/plugins/knob/jquery.knob.js HTTP/1.1" 200 6445 "https://tasktrakker.com.au/admin/main" "Mozilla/5.0 (Windows NT 10.0; Win64; x64; rv:139.0) Gecko/20100101 Firefox/139.0"
58.106.147.252 - - [09/Jun/2025:06:14:11 +0000] "GET /assets/plugins/jvectormap/jquery-jvectormap-world-mill-en.js HTTP/1.1" 200 51174 "https://tasktrakker.com.au/admin/main" "Mozilla/5.0 (Windows NT 10.0; Win64; x64; rv:139.0) Gecko/20100101 Firefox/139.0"
58.106.147.252 - - [09/Jun/2025:06:14:11 +0000] "GET /assets/plugins/daterangepicker/daterangepicker.js HTTP/1.1" 200 11641 "https://tasktrakker.com.au/admin/main" "Mozilla/5.0 (Windows NT 10.0; Win64; x64; rv:139.0) Gecko/20100101 Firefox/139.0"
58.106.147.252 - - [09/Jun/2025:06:14:11 +0000] "GET /assets/plugins/datepicker/bootstrap-datepicker.js HTTP/1.1" 200 12493 "https://tasktrakker.com.au/admin/main" "Mozilla/5.0 (Windows NT 10.0; Win64; x64; rv:139.0) Gecko/20100101 Firefox/139.0"
58.106.147.252 - - [09/Jun/2025:06:14:11 +0000] "GET /assets/plugins/bootstrap-wysihtml5/bootstrap3-wysihtml5.all.min.js HTTP/1.1" 200 57334 "https://tasktrakker.com.au/admin/main" "Mozilla/5.0 (Windows NT 10.0; Win64; x64; rv:139.0) Gecko/20100101 Firefox/139.0"
58.106.147.252 - - [09/Jun/2025:06:14:11 +0000] "GET /assets/plugins/slimScroll/jquery.slimscroll.min.js HTTP/1.1" 200 2309 "https://tasktrakker.com.au/admin/main" "Mozilla/5.0 (Windows NT 10.0; Win64; x64; rv:139.0) Gecko/20100101 Firefox/139.0"
58.106.147.252 - - [09/Jun/2025:06:14:11 +0000] "GET /assets/plugins/fastclick/fastclick.js HTTP/1.1" 200 8024 "https://tasktrakker.com.au/admin/main" "Mozilla/5.0 (Windows NT 10.0; Win64; x64; rv:139.0) Gecko/20100101 Firefox/139.0"
58.106.147.252 - - [09/Jun/2025:06:14:11 +0000] "GET /assets/dist/js/app.min.js HTTP/1.1" 200 3475 "https://tasktrakker.com.au/admin/main" "Mozilla/5.0 (Windows NT 10.0; Win64; x64; rv:139.0) Gecko/20100101 Firefox/139.0"
58.106.147.252 - - [09/Jun/2025:06:14:11 +0000] "GET /assets/plugins/datatables/dataTables.bootstrap.min.js HTTP/1.1" 200 1466 "https://tasktrakker.com.au/admin/main" "Mozilla/5.0 (Windows NT 10.0; Win64; x64; rv:139.0) Gecko/20100101 Firefox/139.0"
58.106.147.252 - - [09/Jun/2025:06:14:11 +0000] "GET /assets/js/star-rating.js HTTP/1.1" 200 6062 "https://tasktrakker.com.au/admin/main" "Mozilla/5.0 (Windows NT 10.0; Win64; x64; rv:139.0) Gecko/20100101 Firefox/139.0"
58.106.147.252 - - [09/Jun/2025:06:14:11 +0000] "GET /assets/plugins/fullcalendar/core/main.js HTTP/1.1" 200 76391 "https://tasktrakker.com.au/admin/main" "Mozilla/5.0 (Windows NT 10.0; Win64; x64; rv:139.0) Gecko/20100101 Firefox/139.0"
58.106.147.252 - - [09/Jun/2025:06:14:11 +0000] "GET /index.php/admin/get_fullcalendar?start=2025-06-01T00%3A00%3A00%2B10%3A00&end=2025-07-13T00%3A00%3A00%2B10%3A00 HTTP/1.1" 200 1630 "https://tasktrakker.com.au/admin/main" "Mozilla/5.0 (Windows NT 10.0; Win64; x64; rv:139.0) Gecko/20100101 Firefox/139.0"
58.106.147.252 - - [09/Jun/2025:06:14:11 +0000] "GET /index.php/admin/get_fullcalendar?start=2025-06-01T00%3A00%3A00%2B10%3A00&end=2025-07-13T00%3A00%3A00%2B10%3A00 HTTP/1.1" 200 1630 "https://tasktrakker.com.au/admin/main" "Mozilla/5.0 (Windows NT 10.0; Win64; x64; rv:139.0) Gecko/20100101 Firefox/139.0"
::1 - - [09/Jun/2025:06:14:17 +0000] "OPTIONS * HTTP/1.0" 200 126 "-" "Apache/2.4.58 (Ubuntu) OpenSSL/3.0.13 (internal dummy connection)"
58.106.147.252 - - [09/Jun/2025:06:14:19 +0000] "GET /admin/addcustomersview/6691 HTTP/1.1" 200 5755 "https://tasktrakker.com.au/admin/main" "Mozilla/5.0 (Windows NT 10.0; Win64; x64; rv:139.0) Gecko/20100101 Firefox/139.0"
58.106.147.252 - - [09/Jun/2025:06:14:19 +0000] "GET /assets/css/custom.css?1749449659 HTTP/1.1" 200 1143 "https://tasktrakker.com.au/admin/addcustomersview/6691" "Mozilla/5.0 (Windows NT 10.0; Win64; x64; rv:139.0) Gecko/20100101 Firefox/139.0"
58.106.147.252 - - [09/Jun/2025:06:14:19 +0000] "GET /assets/dist/js/pages/dashboard.js?1749449659 HTTP/1.1" 200 4337 "https://tasktrakker.com.au/admin/addcustomersview/6691" "Mozilla/5.0 (Windows NT 10.0; Win64; x64; rv:139.0) Gecko/20100101 Firefox/139.0"
58.106.147.252 - - [09/Jun/2025:06:14:29 +0000] "GET /index.php/admin/manageCustomers HTTP/1.1" 200 7829 "https://tasktrakker.com.au/admin/addcustomersview/6691" "Mozilla/5.0 (Windows NT 10.0; Win64; x64; rv:139.0) Gecko/20100101 Firefox/139.0"
58.106.147.252 - - [09/Jun/2025:06:14:29 +0000] "GET /assets/css/custom.css?1749449669 HTTP/1.1" 200 1143 "https://tasktrakker.com.au/index.php/admin/manageCustomers" "Mozilla/5.0 (Windows NT 10.0; Win64; x64; rv:139.0) Gecko/20100101 Firefox/139.0"
58.106.147.252 - - [09/Jun/2025:06:14:29 +0000] "GET /assets/dist/js/pages/dashboard.js?1749449669 HTTP/1.1" 200 4337 "https://tasktrakker.com.au/index.php/admin/manageCustomers" "Mozilla/5.0 (Windows NT 10.0; Win64; x64; rv:139.0) Gecko/20100101 Firefox/139.0"
154.216.88.28 - - [09/Jun/2025:06:15:15 +0000] "POST /?s=captcha HTTP/1.1" 200 9002 "-" "python-requests/2.32.3"
154.216.88.28 - - [09/Jun/2025:06:15:15 +0000] "POST /?s=captcha HTTP/1.1" 200 9001 "-" "python-requests/2.32.3"
58.106.147.252 - - [09/Jun/2025:06:18:50 +0000] "GET / HTTP/1.1" 302 2927 "-" "Mozilla/5.0 (Windows NT 10.0; Win64; x64; rv:139.0) Gecko/20100101 Firefox/139.0"
58.106.147.252 - - [09/Jun/2025:06:18:50 +0000] "GET /index.php/admin/login HTTP/1.1" 200 1924 "-" "Mozilla/5.0 (Windows NT 10.0; Win64; x64; rv:139.0) Gecko/20100101 Firefox/139.0"
58.106.147.252 - - [09/Jun/2025:06:18:50 +0000] "GET /assets/bootstrap/css/bootstrap.min.css HTTP/1.1" 200 20193 "https://tasktrakker.com.au/index.php/admin/login" "Mozilla/5.0 (Windows NT 10.0; Win64; x64; rv:139.0) Gecko/20100101 Firefox/139.0"
58.106.147.252 - - [09/Jun/2025:06:18:50 +0000] "GET /assets/plugins/iCheck/square/blue.css HTTP/1.1" 200 1143 "https://tasktrakker.com.au/index.php/admin/login" "Mozilla/5.0 (Windows NT 10.0; Win64; x64; rv:139.0) Gecko/20100101 Firefox/139.0"
58.106.147.252 - - [09/Jun/2025:06:18:50 +0000] "GET /assets/plugins/jQuery/jquery-2.2.3.min.js HTTP/1.1" 200 30371 "https://tasktrakker.com.au/index.php/admin/login" "Mozilla/5.0 (Windows NT 10.0; Win64; x64; rv:139.0) Gecko/20100101 Firefox/139.0"
58.106.147.252 - - [09/Jun/2025:06:18:50 +0000] "GET /assets/dist/css/AdminLTE.min.css HTTP/1.1" 200 15582 "https://tasktrakker.com.au/index.php/admin/login" "Mozilla/5.0 (Windows NT 10.0; Win64; x64; rv:139.0) Gecko/20100101 Firefox/139.0"
58.106.147.252 - - [09/Jun/2025:06:18:50 +0000] "GET /assets/bootstrap/js/bootstrap.min.js HTTP/1.1" 200 12918 "https://tasktrakker.com.au/index.php/admin/login" "Mozilla/5.0 (Windows NT 10.0; Win64; x64; rv:139.0) Gecko/20100101 Firefox/139.0"
58.106.147.252 - - [09/Jun/2025:06:18:50 +0000] "GET //assets/img/logo.png HTTP/1.1" 200 95153 "https://tasktrakker.com.au/index.php/admin/login" "Mozilla/5.0 (Windows NT 10.0; Win64; x64; rv:139.0) Gecko/20100101 Firefox/139.0"
58.106.147.252 - - [09/Jun/2025:06:18:50 +0000] "GET /assets/plugins/iCheck/icheck.min.js HTTP/1.1" 200 2585 "https://tasktrakker.com.au/index.php/admin/login" "Mozilla/5.0 (Windows NT 10.0; Win64; x64; rv:139.0) Gecko/20100101 Firefox/139.0"
58.106.147.252 - - [09/Jun/2025:06:18:51 +0000] "GET /assets/bootstrap/fonts/glyphicons-halflings-regular.woff2 HTTP/1.1" 200 18382 "https://tasktrakker.com.au/assets/bootstrap/css/bootstrap.min.css" "Mozilla/5.0 (Windows NT 10.0; Win64; x64; rv:139.0) Gecko/20100101 Firefox/139.0"
58.106.147.252 - - [09/Jun/2025:06:18:51 +0000] "GET /assets/plugins/iCheck/square/blue.png HTTP/1.1" 200 2492 "https://tasktrakker.com.au/assets/plugins/iCheck/square/blue.css" "Mozilla/5.0 (Windows NT 10.0; Win64; x64; rv:139.0) Gecko/20100101 Firefox/139.0"
40.77.167.4 - - [09/Jun/2025:06:21:12 +0000] "GET /index.php/admin/addcustomersview/6523 HTTP/1.1" 500 5068 "-" "Mozilla/5.0 AppleWebKit/537.36 (KHTML, like Gecko; compatible; bingbot/2.0; +http://www.bing.com/bingbot.htm) Chrome/116.0.1938.76 Safari/537.36"
20.98.137.225 - - [09/Jun/2025:06:21:28 +0000] "GET /manager/text/list HTTP/1.1" 404 434 "-" "Mozilla/5.0 zgrab/0.x"
157.55.39.7 - - [09/Jun/2025:06:22:27 +0000] "GET /index.php/admin/production_form/0/6646 HTTP/1.1" 302 3153 "-" "Mozilla/5.0 AppleWebKit/537.36 (KHTML, like Gecko; compatible; bingbot/2.0; +http://www.bing.com/bingbot.htm) Chrome/116.0.1938.76 Safari/537.36"
157.55.39.7 - - [09/Jun/2025:06:22:29 +0000] "GET /admin/error_view HTTP/1.1" 302 305 "-" "Mozilla/5.0 AppleWebKit/537.36 (KHTML, like Gecko; compatible; bingbot/2.0; +http://www.bing.com/bingbot.htm) Chrome/116.0.1938.76 Safari/537.36"
157.55.39.7 - - [09/Jun/2025:06:22:30 +0000] "GET /admin/main HTTP/1.1" 500 2213 "-" "Mozilla/5.0 AppleWebKit/537.36 (KHTML, like Gecko; compatible; bingbot/2.0; +http://www.bing.com/bingbot.htm) Chrome/116.0.1938.76 Safari/537.36"
40.77.167.62 - - [09/Jun/2025:06:23:39 +0000] "GET /index.php/admin/deleteLeadop/7559 HTTP/1.1" 302 3153 "-" "Mozilla/5.0 AppleWebKit/537.36 (KHTML, like Gecko; compatible; bingbot/2.0; +http://www.bing.com/bingbot.htm) Chrome/116.0.1938.76 Safari/537.36"
40.77.167.62 - - [09/Jun/2025:06:23:40 +0000] "GET /admin/error_view HTTP/1.1" 302 305 "-" "Mozilla/5.0 AppleWebKit/537.36 (KHTML, like Gecko; compatible; bingbot/2.0; +http://www.bing.com/bingbot.htm) Chrome/116.0.1938.76 Safari/537.36"
40.77.167.62 - - [09/Jun/2025:06:23:41 +0000] "GET /admin/main HTTP/1.1" 500 2213 "-" "Mozilla/5.0 AppleWebKit/537.36 (KHTML, like Gecko; compatible; bingbot/2.0; +http://www.bing.com/bingbot.htm) Chrome/116.0.1938.76 Safari/537.36"
40.77.167.62 - - [09/Jun/2025:06:26:22 +0000] "GET /index.php/admin/deleteLeadop/6967 HTTP/1.1" 302 3153 "-" "Mozilla/5.0 AppleWebKit/537.36 (KHTML, like Gecko; compatible; bingbot/2.0; +http://www.bing.com/bingbot.htm) Chrome/116.0.1938.76 Safari/537.36"
40.77.167.62 - - [09/Jun/2025:06:26:23 +0000] "GET /admin/error_view HTTP/1.1" 302 305 "-" "Mozilla/5.0 AppleWebKit/537.36 (KHTML, like Gecko; compatible; bingbot/2.0; +http://www.bing.com/bingbot.htm) Chrome/116.0.1938.76 Safari/537.36"
40.77.167.62 - - [09/Jun/2025:06:26:24 +0000] "GET /admin/main HTTP/1.1" 500 2213 "-" "Mozilla/5.0 AppleWebKit/537.36 (KHTML, like Gecko; compatible; bingbot/2.0; +http://www.bing.com/bingbot.htm) Chrome/116.0.1938.76 Safari/537.36"
40.77.167.254 - - [09/Jun/2025:06:29:14 +0000] "GET /index.php/admin/convert_customer_to_lead/6330 HTTP/1.1" 302 3152 "-" "Mozilla/5.0 AppleWebKit/537.36 (KHTML, like Gecko; compatible; bingbot/2.0; +http://www.bing.com/bingbot.htm) Chrome/116.0.1938.76 Safari/537.36"
40.77.167.254 - - [09/Jun/2025:06:29:16 +0000] "GET /admin/error_view HTTP/1.1" 302 305 "-" "Mozilla/5.0 AppleWebKit/537.36 (KHTML, like Gecko; compatible; bingbot/2.0; +http://www.bing.com/bingbot.htm) Chrome/116.0.1938.76 Safari/537.36"
40.77.167.254 - - [09/Jun/2025:06:29:17 +0000] "GET /admin/main HTTP/1.1" 500 2213 "-" "Mozilla/5.0 AppleWebKit/537.36 (KHTML, like Gecko; compatible; bingbot/2.0; +http://www.bing.com/bingbot.htm) Chrome/116.0.1938.76 Safari/537.36"
40.77.167.26 - - [09/Jun/2025:06:30:12 +0000] "GET /index.php/admin/addcustomersview/9546 HTTP/1.1" 500 5068 "-" "Mozilla/5.0 AppleWebKit/537.36 (KHTML, like Gecko; compatible; bingbot/2.0; +http://www.bing.com/bingbot.htm) Chrome/116.0.1938.76 Safari/537.36"
40.77.167.254 - - [09/Jun/2025:06:32:23 +0000] "GET /index.php/admin/deleteLeadop/7233 HTTP/1.1" 302 3153 "-" "Mozilla/5.0 AppleWebKit/537.36 (KHTML, like Gecko; compatible; bingbot/2.0; +http://www.bing.com/bingbot.htm) Chrome/116.0.1938.76 Safari/537.36"
40.77.167.254 - - [09/Jun/2025:06:32:25 +0000] "GET /admin/error_view HTTP/1.1" 302 305 "-" "Mozilla/5.0 AppleWebKit/537.36 (KHTML, like Gecko; compatible; bingbot/2.0; +http://www.bing.com/bingbot.htm) Chrome/116.0.1938.76 Safari/537.36"
40.77.167.254 - - [09/Jun/2025:06:32:26 +0000] "GET /admin/main HTTP/1.1" 500 2213 "-" "Mozilla/5.0 AppleWebKit/537.36 (KHTML, like Gecko; compatible; bingbot/2.0; +http://www.bing.com/bingbot.htm) Chrome/116.0.1938.76 Safari/537.36"
104.210.140.136 - - [09/Jun/2025:06:33:23 +0000] "GET /robots.txt HTTP/1.1" 200 2867 "-" "Mozilla/5.0 (Macintosh; Intel Mac OS X 10_15_7) AppleWebKit/537.36 (KHTML, like Gecko) Chrome/131.0.0.0 Safari/537.36; compatible; OAI-SearchBot/1.0; +https://openai.com/searchbot"
40.77.167.78 - - [09/Jun/2025:06:34:25 +0000] "GET /index.php/admin/deleteLeadop/6065 HTTP/1.1" 302 3154 "-" "Mozilla/5.0 AppleWebKit/537.36 (KHTML, like Gecko; compatible; bingbot/2.0; +http://www.bing.com/bingbot.htm) Chrome/116.0.1938.76 Safari/537.36"
40.77.167.78 - - [09/Jun/2025:06:34:26 +0000] "GET /admin/error_view HTTP/1.1" 302 305 "-" "Mozilla/5.0 AppleWebKit/537.36 (KHTML, like Gecko; compatible; bingbot/2.0; +http://www.bing.com/bingbot.htm) Chrome/116.0.1938.76 Safari/537.36"
40.77.167.78 - - [09/Jun/2025:06:34:27 +0000] "GET /admin/main HTTP/1.1" 500 2213 "-" "Mozilla/5.0 AppleWebKit/537.36 (KHTML, like Gecko; compatible; bingbot/2.0; +http://www.bing.com/bingbot.htm) Chrome/116.0.1938.76 Safari/537.36"
54.36.148.52 - - [09/Jun/2025:06:35:28 +0000] "GET /robots.txt HTTP/1.1" 200 2883 "-" "Mozilla/5.0 (compatible; AhrefsBot/7.0; +http://ahrefs.com/robot/)"
207.46.13.54 - - [09/Jun/2025:06:36:09 +0000] "GET /index.php/admin/customer_notification_action/2094 HTTP/1.1" 302 3164 "-" "Mozilla/5.0 AppleWebKit/537.36 (KHTML, like Gecko; compatible; bingbot/2.0; +http://www.bing.com/bingbot.htm) Chrome/116.0.1938.76 Safari/537.36"
