122.150.158.102 - - [02/Jun/2025:04:54:28 +0000] "GET /assets/css/custom.css?1748840068 HTTP/1.1" 200 1143 "https://tasktrakker.com.au/admin/addEditBookingPhotographer/989/101/7541" "Mozilla/5.0 (iPhone; CPU iPhone OS 18_5 like Mac OS X) AppleWebKit/605.1.15 (KHTML, like Gecko) Version/18.5 Mobile/15E148 Safari/604.1"
122.150.158.38 - - [02/Jun/2025:04:54:28 +0000] "GET /assets/dist/js/pages/dashboard.js?1748840068 HTTP/1.1" 200 6909 "https://tasktrakker.com.au/admin/addEditBookingPhotographer/989/101/7541" "Mozilla/5.0 (iPhone; CPU iPhone OS 18_5 like Mac OS X) AppleWebKit/605.1.15 (KHTML, like Gecko) Version/18.5 Mobile/15E148 Safari/604.1"
202.62.242.117 - - [02/Jun/2025:04:54:28 +0000] "GET /index.php/admin/main HTTP/1.1" 200 7375 "https://tasktrakker.com.au/index.php/admin/addcustomersview/9535" "Mozilla/5.0 (Windows NT 10.0; Win64; x64) AppleWebKit/537.36 (KHTML, like Gecko) Chrome/136.0.0.0 Safari/537.36 Edg/136.0.0.0"
202.62.242.117 - - [02/Jun/2025:04:54:29 +0000] "GET /assets/css/custom.css?1748840069 HTTP/1.1" 200 1143 "https://tasktrakker.com.au/index.php/admin/main" "Mozilla/5.0 (Windows NT 10.0; Win64; x64) AppleWebKit/537.36 (KHTML, like Gecko) Chrome/136.0.0.0 Safari/537.36 Edg/136.0.0.0"
202.62.242.117 - - [02/Jun/2025:04:54:29 +0000] "GET /assets/dist/js/pages/dashboard.js?1748840069 HTTP/1.1" 200 4661 "https://tasktrakker.com.au/index.php/admin/main" "Mozilla/5.0 (Windows NT 10.0; Win64; x64) AppleWebKit/537.36 (KHTML, like Gecko) Chrome/136.0.0.0 Safari/537.36 Edg/136.0.0.0"
202.62.242.117 - - [02/Jun/2025:04:54:29 +0000] "GET /index.php/admin/get_fullcalendar?start=2025-06-01T00%3A00%3A00%2B10%3A00&end=2025-07-13T00%3A00%3A00%2B10%3A00 HTTP/1.1" 200 3608 "https://tasktrakker.com.au/index.php/admin/main" "Mozilla/5.0 (Windows NT 10.0; Win64; x64) AppleWebKit/537.36 (KHTML, like Gecko) Chrome/136.0.0.0 Safari/537.36 Edg/136.0.0.0"
202.62.242.117 - - [02/Jun/2025:04:54:29 +0000] "GET /index.php/admin/get_fullcalendar?start=2025-06-29T00%3A00%3A00%2B10%3A00&end=2025-08-10T00%3A00%3A00%2B10%3A00 HTTP/1.1" 200 3190 "https://tasktrakker.com.au/index.php/admin/main" "Mozilla/5.0 (Windows NT 10.0; Win64; x64) AppleWebKit/537.36 (KHTML, like Gecko) Chrome/136.0.0.0 Safari/537.36 Edg/136.0.0.0"
202.62.242.117 - - [02/Jun/2025:04:54:33 +0000] "GET /index.php/admin/addcustomersview/6240 HTTP/1.1" 200 10297 "https://tasktrakker.com.au/index.php/admin/main" "Mozilla/5.0 (Windows NT 10.0; Win64; x64) AppleWebKit/537.36 (KHTML, like Gecko) Chrome/136.0.0.0 Safari/537.36 Edg/136.0.0.0"
202.62.242.117 - - [02/Jun/2025:04:54:33 +0000] "GET /assets/css/custom.css?1748840073 HTTP/1.1" 200 1143 "https://tasktrakker.com.au/index.php/admin/addcustomersview/6240" "Mozilla/5.0 (Windows NT 10.0; Win64; x64) AppleWebKit/537.36 (KHTML, like Gecko) Chrome/136.0.0.0 Safari/537.36 Edg/136.0.0.0"
202.62.242.117 - - [02/Jun/2025:04:54:33 +0000] "GET /assets/dist/js/pages/dashboard.js?1748840073 HTTP/1.1" 200 4337 "https://tasktrakker.com.au/index.php/admin/addcustomersview/6240" "Mozilla/5.0 (Windows NT 10.0; Win64; x64) AppleWebKit/537.36 (KHTML, like Gecko) Chrome/136.0.0.0 Safari/537.36 Edg/136.0.0.0"
202.62.242.117 - - [02/Jun/2025:04:55:12 +0000] "-" 408 323 "-" "-"
202.62.242.117 - - [02/Jun/2025:04:55:12 +0000] "-" 408 323 "-" "-"
202.62.242.117 - - [02/Jun/2025:04:56:24 +0000] "-" 408 323 "-" "-"
202.62.242.117 - - [02/Jun/2025:04:56:24 +0000] "-" 408 323 "-" "-"
180.149.229.9 - - [02/Jun/2025:04:57:15 +0000] "GET /.well-known/acme-challenge/KN5RFN9MUB2T_49S-TTEFXYOR3ES6A-S HTTP/1.1" 301 645 "-" "Cpanel-HTTP-Client/1.0"
180.149.229.9 - - [02/Jun/2025:04:57:15 +0000] "GET /.well-known/acme-challenge/KN5RFN9MUB2T_49S-TTEFXYOR3ES6A-S HTTP/1.1" 404 2802 "-" "Cpanel-HTTP-Client/1.0"
180.149.229.9 - - [02/Jun/2025:04:57:15 +0000] "GET /.well-known/acme-challenge/6IMTWW8Z2U8-5JUZZEP6BNETSAXEV2T5 HTTP/1.1" 404 445 "-" "Cpanel-HTTP-Client/1.0"
180.149.229.9 - - [02/Jun/2025:04:57:15 +0000] "GET /.well-known/acme-challenge/RI5XRJD29SO14Z70XJPKG4-1R6YLA79Y HTTP/1.1" 404 446 "-" "Cpanel-HTTP-Client/1.0"
82.23.17.218 - - [02/Jun/2025:04:57:17 +0000] "GET /.env HTTP/1.1" 404 2913 "-" "Mozilla/5.0 (Windows NT 10.0; Win64; x64) AppleWebKit/537.36 (KHTML, like Gecko) Chrome/116.0.5845.140 Safari/537.36"
82.23.17.218 - - [02/Jun/2025:04:57:18 +0000] "POST / HTTP/1.1" 200 8998 "-" "Mozilla/5.0 (Windows NT 10.0; Win64; x64) AppleWebKit/537.36 (KHTML, like Gecko) Chrome/116.0.5845.140 Safari/537.36"
202.62.242.117 - - [02/Jun/2025:04:57:24 +0000] "-" 408 323 "-" "-"
202.62.242.117 - - [02/Jun/2025:04:57:24 +0000] "-" 408 323 "-" "-"
52.167.144.175 - - [02/Jun/2025:04:57:33 +0000] "GET /index.php/admin/addcustomersview/6240 HTTP/1.1" 500 5045 "-" "Mozilla/5.0 AppleWebKit/537.36 (KHTML, like Gecko; compatible; bingbot/2.0; +http://www.bing.com/bingbot.htm) Chrome/116.0.1938.76 Safari/537.36"
52.167.144.175 - - [02/Jun/2025:04:58:04 +0000] "GET /index.php/admin/addcustomersview/6240 HTTP/1.1" 500 5045 "-" "Mozilla/5.0 AppleWebKit/537.36 (KHTML, like Gecko; compatible; bingbot/2.0; +http://www.bing.com/bingbot.htm) Chrome/116.0.1938.76 Safari/537.36"
202.62.242.117 - - [02/Jun/2025:04:58:11 +0000] "POST /index.php/admin/addeditCustomerop HTTP/1.1" 301 855 "https://tasktrakker.com.au/index.php/admin/addcustomersview/6240" "Mozilla/5.0 (Windows NT 10.0; Win64; x64) AppleWebKit/537.36 (KHTML, like Gecko) Chrome/136.0.0.0 Safari/537.36 Edg/136.0.0.0"
202.62.242.117 - - [02/Jun/2025:04:58:12 +0000] "GET /admin/addcustomersview/6240 HTTP/1.1" 200 10296 "https://tasktrakker.com.au/index.php/admin/addcustomersview/6240" "Mozilla/5.0 (Windows NT 10.0; Win64; x64) AppleWebKit/537.36 (KHTML, like Gecko) Chrome/136.0.0.0 Safari/537.36 Edg/136.0.0.0"
202.62.242.117 - - [02/Jun/2025:04:58:12 +0000] "GET /assets/css/custom.css?1748840292 HTTP/1.1" 200 1143 "https://tasktrakker.com.au/admin/addcustomersview/6240" "Mozilla/5.0 (Windows NT 10.0; Win64; x64) AppleWebKit/537.36 (KHTML, like Gecko) Chrome/136.0.0.0 Safari/537.36 Edg/136.0.0.0"
202.62.242.117 - - [02/Jun/2025:04:58:12 +0000] "GET /assets/dist/js/pages/dashboard.js?1748840292 HTTP/1.1" 200 4661 "https://tasktrakker.com.au/admin/addcustomersview/6240" "Mozilla/5.0 (Windows NT 10.0; Win64; x64) AppleWebKit/537.36 (KHTML, like Gecko) Chrome/136.0.0.0 Safari/537.36 Edg/136.0.0.0"
202.62.242.117 - - [02/Jun/2025:04:59:20 +0000] "POST /index.php/admin/addeditCustomerop HTTP/1.1" 301 713 "https://tasktrakker.com.au/admin/addcustomersview/6240" "Mozilla/5.0 (Windows NT 10.0; Win64; x64) AppleWebKit/537.36 (KHTML, like Gecko) Chrome/136.0.0.0 Safari/537.36 Edg/136.0.0.0"
202.62.242.117 - - [02/Jun/2025:04:59:20 +0000] "GET /admin/addcustomersview/6240 HTTP/1.1" 200 10297 "https://tasktrakker.com.au/admin/addcustomersview/6240" "Mozilla/5.0 (Windows NT 10.0; Win64; x64) AppleWebKit/537.36 (KHTML, like Gecko) Chrome/136.0.0.0 Safari/537.36 Edg/136.0.0.0"
202.62.242.117 - - [02/Jun/2025:04:59:21 +0000] "GET /assets/css/custom.css?1748840360 HTTP/1.1" 200 1143 "https://tasktrakker.com.au/admin/addcustomersview/6240" "Mozilla/5.0 (Windows NT 10.0; Win64; x64) AppleWebKit/537.36 (KHTML, like Gecko) Chrome/136.0.0.0 Safari/537.36 Edg/136.0.0.0"
202.62.242.117 - - [02/Jun/2025:04:59:21 +0000] "GET /assets/dist/js/pages/dashboard.js?1748840360 HTTP/1.1" 200 4661 "https://tasktrakker.com.au/admin/addcustomersview/6240" "Mozilla/5.0 (Windows NT 10.0; Win64; x64) AppleWebKit/537.36 (KHTML, like Gecko) Chrome/136.0.0.0 Safari/537.36 Edg/136.0.0.0"
122.150.158.38 - - [02/Jun/2025:04:59:29 +0000] "GET /admin/addEditBookingPhotographer/990/101/7543 HTTP/1.1" 200 7600 "https://tasktrakker.com.au/admin/addEditBookingPhotographer/990/101/7543" "Mozilla/5.0 (iPhone; CPU iPhone OS 18_5 like Mac OS X) AppleWebKit/605.1.15 (KHTML, like Gecko) Version/18.5 Mobile/15E148 Safari/604.1"
122.150.158.38 - - [02/Jun/2025:04:59:29 +0000] "GET /assets/css/custom.css?1748840369 HTTP/1.1" 200 1143 "https://tasktrakker.com.au/admin/addEditBookingPhotographer/990/101/7543" "Mozilla/5.0 (iPhone; CPU iPhone OS 18_5 like Mac OS X) AppleWebKit/605.1.15 (KHTML, like Gecko) Version/18.5 Mobile/15E148 Safari/604.1"
122.150.158.38 - - [02/Jun/2025:04:59:29 +0000] "GET /assets/dist/js/pages/dashboard.js?1748840369 HTTP/1.1" 200 6907 "https://tasktrakker.com.au/admin/addEditBookingPhotographer/990/101/7543" "Mozilla/5.0 (iPhone; CPU iPhone OS 18_5 like Mac OS X) AppleWebKit/605.1.15 (KHTML, like Gecko) Version/18.5 Mobile/15E148 Safari/604.1"
40.77.167.20 - - [02/Jun/2025:04:59:29 +0000] "GET /index.php/admin/deleteLeadop/8308 HTTP/1.1" 302 3129 "-" "Mozilla/5.0 AppleWebKit/537.36 (KHTML, like Gecko; compatible; bingbot/2.0; +http://www.bing.com/bingbot.htm) Chrome/116.0.1938.76 Safari/537.36"
40.77.167.20 - - [02/Jun/2025:04:59:32 +0000] "GET /admin/error_view HTTP/1.1" 302 305 "-" "Mozilla/5.0 AppleWebKit/537.36 (KHTML, like Gecko; compatible; bingbot/2.0; +http://www.bing.com/bingbot.htm) Chrome/116.0.1938.76 Safari/537.36"
40.77.167.20 - - [02/Jun/2025:04:59:33 +0000] "GET /admin/main HTTP/1.1" 500 2213 "-" "Mozilla/5.0 AppleWebKit/537.36 (KHTML, like Gecko; compatible; bingbot/2.0; +http://www.bing.com/bingbot.htm) Chrome/116.0.1938.76 Safari/537.36"
202.62.242.117 - - [02/Jun/2025:05:00:41 +0000] "-" 408 323 "-" "-"
202.62.242.117 - - [02/Jun/2025:05:00:41 +0000] "-" 408 323 "-" "-"
202.62.242.117 - - [02/Jun/2025:05:00:42 +0000] "GET /index.php/admin/main HTTP/1.1" 200 7375 "https://tasktrakker.com.au/admin/addcustomersview/6240" "Mozilla/5.0 (Windows NT 10.0; Win64; x64) AppleWebKit/537.36 (KHTML, like Gecko) Chrome/136.0.0.0 Safari/537.36 Edg/136.0.0.0"
202.62.242.117 - - [02/Jun/2025:05:00:42 +0000] "GET /assets/css/custom.css?1748840442 HTTP/1.1" 200 1143 "https://tasktrakker.com.au/index.php/admin/main" "Mozilla/5.0 (Windows NT 10.0; Win64; x64) AppleWebKit/537.36 (KHTML, like Gecko) Chrome/136.0.0.0 Safari/537.36 Edg/136.0.0.0"
202.62.242.117 - - [02/Jun/2025:05:00:42 +0000] "GET /assets/dist/js/pages/dashboard.js?1748840442 HTTP/1.1" 200 4661 "https://tasktrakker.com.au/index.php/admin/main" "Mozilla/5.0 (Windows NT 10.0; Win64; x64) AppleWebKit/537.36 (KHTML, like Gecko) Chrome/136.0.0.0 Safari/537.36 Edg/136.0.0.0"
202.62.242.117 - - [02/Jun/2025:05:00:42 +0000] "GET /index.php/admin/get_fullcalendar?start=2025-06-01T00%3A00%3A00%2B10%3A00&end=2025-07-13T00%3A00%3A00%2B10%3A00 HTTP/1.1" 200 3608 "https://tasktrakker.com.au/index.php/admin/main" "Mozilla/5.0 (Windows NT 10.0; Win64; x64) AppleWebKit/537.36 (KHTML, like Gecko) Chrome/136.0.0.0 Safari/537.36 Edg/136.0.0.0"
202.62.242.117 - - [02/Jun/2025:05:00:42 +0000] "GET /index.php/admin/get_fullcalendar?start=2025-06-29T00%3A00%3A00%2B10%3A00&end=2025-08-10T00%3A00%3A00%2B10%3A00 HTTP/1.1" 200 3190 "https://tasktrakker.com.au/index.php/admin/main" "Mozilla/5.0 (Windows NT 10.0; Win64; x64) AppleWebKit/537.36 (KHTML, like Gecko) Chrome/136.0.0.0 Safari/537.36 Edg/136.0.0.0"
202.62.242.117 - - [02/Jun/2025:05:00:48 +0000] "GET /index.php/admin/addcustomersview/3266 HTTP/1.1" 200 10189 "https://tasktrakker.com.au/index.php/admin/main" "Mozilla/5.0 (Windows NT 10.0; Win64; x64) AppleWebKit/537.36 (KHTML, like Gecko) Chrome/136.0.0.0 Safari/537.36 Edg/136.0.0.0"
202.62.242.117 - - [02/Jun/2025:05:00:48 +0000] "GET /assets/dist/js/pages/dashboard.js?1748840448 HTTP/1.1" 200 4661 "https://tasktrakker.com.au/index.php/admin/addcustomersview/3266" "Mozilla/5.0 (Windows NT 10.0; Win64; x64) AppleWebKit/537.36 (KHTML, like Gecko) Chrome/136.0.0.0 Safari/537.36 Edg/136.0.0.0"
202.62.242.117 - - [02/Jun/2025:05:00:48 +0000] "GET /assets/css/custom.css?1748840448 HTTP/1.1" 200 1143 "https://tasktrakker.com.au/index.php/admin/addcustomersview/3266" "Mozilla/5.0 (Windows NT 10.0; Win64; x64) AppleWebKit/537.36 (KHTML, like Gecko) Chrome/136.0.0.0 Safari/537.36 Edg/136.0.0.0"
202.62.242.117 - - [02/Jun/2025:05:02:01 +0000] "-" 408 323 "-" "-"
202.62.242.117 - - [02/Jun/2025:05:02:01 +0000] "-" 408 323 "-" "-"
52.167.144.175 - - [02/Jun/2025:05:02:17 +0000] "GET /index.php/admin/deleteLeadop/4221 HTTP/1.1" 302 3131 "-" "Mozilla/5.0 AppleWebKit/537.36 (KHTML, like Gecko; compatible; bingbot/2.0; +http://www.bing.com/bingbot.htm) Chrome/116.0.1938.76 Safari/537.36"
52.167.144.175 - - [02/Jun/2025:05:02:18 +0000] "GET /admin/error_view HTTP/1.1" 302 305 "-" "Mozilla/5.0 AppleWebKit/537.36 (KHTML, like Gecko; compatible; bingbot/2.0; +http://www.bing.com/bingbot.htm) Chrome/116.0.1938.76 Safari/537.36"
52.167.144.175 - - [02/Jun/2025:05:02:20 +0000] "GET /admin/main HTTP/1.1" 500 2213 "-" "Mozilla/5.0 AppleWebKit/537.36 (KHTML, like Gecko; compatible; bingbot/2.0; +http://www.bing.com/bingbot.htm) Chrome/116.0.1938.76 Safari/537.36"
52.167.144.175 - - [02/Jun/2025:05:03:04 +0000] "GET /index.php/admin/addcustomersview/9535 HTTP/1.1" 500 5045 "-" "Mozilla/5.0 AppleWebKit/537.36 (KHTML, like Gecko; compatible; bingbot/2.0; +http://www.bing.com/bingbot.htm) Chrome/116.0.1938.76 Safari/537.36"
157.55.39.192 - - [02/Jun/2025:05:06:44 +0000] "GET /index.php/admin/deleteLeadop/3204 HTTP/1.1" 302 3129 "-" "Mozilla/5.0 AppleWebKit/537.36 (KHTML, like Gecko; compatible; bingbot/2.0; +http://www.bing.com/bingbot.htm) Chrome/116.0.1938.76 Safari/537.36"
157.55.39.192 - - [02/Jun/2025:05:06:45 +0000] "GET /admin/error_view HTTP/1.1" 302 305 "-" "Mozilla/5.0 AppleWebKit/537.36 (KHTML, like Gecko; compatible; bingbot/2.0; +http://www.bing.com/bingbot.htm) Chrome/116.0.1938.76 Safari/537.36"
157.55.39.192 - - [02/Jun/2025:05:06:46 +0000] "GET /admin/main HTTP/1.1" 500 2213 "-" "Mozilla/5.0 AppleWebKit/537.36 (KHTML, like Gecko; compatible; bingbot/2.0; +http://www.bing.com/bingbot.htm) Chrome/116.0.1938.76 Safari/537.36"
157.55.39.192 - - [02/Jun/2025:05:07:45 +0000] "GET /index.php/admin/deleteLeadop/3174 HTTP/1.1" 302 3130 "-" "Mozilla/5.0 AppleWebKit/537.36 (KHTML, like Gecko; compatible; bingbot/2.0; +http://www.bing.com/bingbot.htm) Chrome/116.0.1938.76 Safari/537.36"
157.55.39.192 - - [02/Jun/2025:05:07:46 +0000] "GET /admin/error_view HTTP/1.1" 302 305 "-" "Mozilla/5.0 AppleWebKit/537.36 (KHTML, like Gecko; compatible; bingbot/2.0; +http://www.bing.com/bingbot.htm) Chrome/116.0.1938.76 Safari/537.36"
157.55.39.192 - - [02/Jun/2025:05:07:47 +0000] "GET /admin/main HTTP/1.1" 500 2213 "-" "Mozilla/5.0 AppleWebKit/537.36 (KHTML, like Gecko; compatible; bingbot/2.0; +http://www.bing.com/bingbot.htm) Chrome/116.0.1938.76 Safari/537.36"
157.55.39.192 - - [02/Jun/2025:05:09:05 +0000] "GET /index.php/admin/addcustomersview/6205 HTTP/1.1" 500 5044 "-" "Mozilla/5.0 AppleWebKit/537.36 (KHTML, like Gecko; compatible; bingbot/2.0; +http://www.bing.com/bingbot.htm) Chrome/116.0.1938.76 Safari/537.36"
104.234.115.1 - - [02/Jun/2025:05:11:40 +0000] "GET / HTTP/1.0" 301 561 "-" "'Mozilla/5.0 (compatible; GenomeCrawlerd/1.0; +https://www.nokia.com/genomecrawler)'"
104.234.115.1 - - [02/Jun/2025:05:11:58 +0000] "\x16\x03\x01" 400 497 "-" "-"
52.167.144.180 - - [02/Jun/2025:05:12:31 +0000] "GET /index.php/admin/deleteLeadop/4656/CUSTOMER HTTP/1.1" 302 3130 "-" "Mozilla/5.0 AppleWebKit/537.36 (KHTML, like Gecko; compatible; bingbot/2.0; +http://www.bing.com/bingbot.htm) Chrome/116.0.1938.76 Safari/537.36"
52.167.144.180 - - [02/Jun/2025:05:12:34 +0000] "GET /admin/error_view HTTP/1.1" 302 305 "-" "Mozilla/5.0 AppleWebKit/537.36 (KHTML, like Gecko; compatible; bingbot/2.0; +http://www.bing.com/bingbot.htm) Chrome/116.0.1938.76 Safari/537.36"
52.167.144.180 - - [02/Jun/2025:05:12:35 +0000] "GET /admin/main HTTP/1.1" 500 2213 "-" "Mozilla/5.0 AppleWebKit/537.36 (KHTML, like Gecko; compatible; bingbot/2.0; +http://www.bing.com/bingbot.htm) Chrome/116.0.1938.76 Safari/537.36"
104.234.115.1 - - [02/Jun/2025:05:13:52 +0000] "GET / HTTP/1.1" 404 434 "-" "'Mozilla/5.0 (compatible; GenomeCrawlerd/1.0; +https://www.nokia.com/genomecrawler)'"
142.111.1.2 - - [02/Jun/2025:05:14:12 +0000] "GET /.env HTTP/1.1" 404 453 "-" "Mozilla/5.0 (Windows NT 10.0; Win64; x64) AppleWebKit/537.36 (KHTML, like Gecko) Chrome/116.0.5845.140 Safari/537.36"
142.111.1.2 - - [02/Jun/2025:05:14:13 +0000] "POST / HTTP/1.1" 404 453 "-" "Mozilla/5.0 (Windows NT 10.0; Win64; x64) AppleWebKit/537.36 (KHTML, like Gecko) Chrome/116.0.5845.140 Safari/537.36"
202.62.242.117 - - [02/Jun/2025:05:14:38 +0000] "-" 408 2571 "-" "-"
202.62.242.117 - - [02/Jun/2025:05:14:38 +0000] "-" 408 2570 "-" "-"
52.167.144.219 - - [02/Jun/2025:05:14:39 +0000] "GET /index.php/admin/customer_archive_view/9486 HTTP/1.1" 302 3131 "-" "Mozilla/5.0 AppleWebKit/537.36 (KHTML, like Gecko; compatible; bingbot/2.0; +http://www.bing.com/bingbot.htm) Chrome/116.0.1938.76 Safari/537.36"
52.167.144.219 - - [02/Jun/2025:05:14:40 +0000] "GET /admin/error_view HTTP/1.1" 302 305 "-" "Mozilla/5.0 AppleWebKit/537.36 (KHTML, like Gecko; compatible; bingbot/2.0; +http://www.bing.com/bingbot.htm) Chrome/116.0.1938.76 Safari/537.36"
52.167.144.219 - - [02/Jun/2025:05:14:41 +0000] "GET /admin/main HTTP/1.1" 500 2213 "-" "Mozilla/5.0 AppleWebKit/537.36 (KHTML, like Gecko; compatible; bingbot/2.0; +http://www.bing.com/bingbot.htm) Chrome/116.0.1938.76 Safari/537.36"
104.234.115.1 - - [02/Jun/2025:05:15:04 +0000] "GET /manage/account/login HTTP/1.1" 404 434 "-" "'Mozilla/5.0 (compatible; GenomeCrawlerd/1.0; +https://www.nokia.com/genomecrawler)'"
202.62.242.117 - - [02/Jun/2025:05:15:39 +0000] "-" 408 323 "-" "-"
202.62.242.117 - - [02/Jun/2025:05:15:39 +0000] "-" 408 323 "-" "-"
104.234.115.1 - - [02/Jun/2025:05:16:15 +0000] "GET /admin/index.html HTTP/1.1" 404 434 "-" "'Mozilla/5.0 (compatible; GenomeCrawlerd/1.0; +https://www.nokia.com/genomecrawler)'"
202.62.242.117 - - [02/Jun/2025:05:16:39 +0000] "-" 408 323 "-" "-"
202.62.242.117 - - [02/Jun/2025:05:16:39 +0000] "-" 408 323 "-" "-"
104.234.115.1 - - [02/Jun/2025:05:17:30 +0000] "GET /index.html HTTP/1.1" 404 434 "-" "'Mozilla/5.0 (compatible; GenomeCrawlerd/1.0; +https://www.nokia.com/genomecrawler)'"
202.62.242.117 - - [02/Jun/2025:05:17:39 +0000] "-" 408 323 "-" "-"
202.62.242.117 - - [02/Jun/2025:05:17:39 +0000] "-" 408 323 "-" "-"
202.62.242.117 - - [02/Jun/2025:05:17:59 +0000] "POST /index.php/admin/addeditCustomerop HTTP/1.1" 301 855 "https://tasktrakker.com.au/index.php/admin/addcustomersview/3266" "Mozilla/5.0 (Windows NT 10.0; Win64; x64) AppleWebKit/537.36 (KHTML, like Gecko) Chrome/136.0.0.0 Safari/537.36 Edg/136.0.0.0"
202.62.242.117 - - [02/Jun/2025:05:18:00 +0000] "GET /admin/addcustomersview/3266 HTTP/1.1" 200 9864 "https://tasktrakker.com.au/index.php/admin/addcustomersview/3266" "Mozilla/5.0 (Windows NT 10.0; Win64; x64) AppleWebKit/537.36 (KHTML, like Gecko) Chrome/136.0.0.0 Safari/537.36 Edg/136.0.0.0"
202.62.242.117 - - [02/Jun/2025:05:18:00 +0000] "GET /assets/css/custom.css?1748841480 HTTP/1.1" 200 1143 "https://tasktrakker.com.au/admin/addcustomersview/3266" "Mozilla/5.0 (Windows NT 10.0; Win64; x64) AppleWebKit/537.36 (KHTML, like Gecko) Chrome/136.0.0.0 Safari/537.36 Edg/136.0.0.0"
202.62.242.117 - - [02/Jun/2025:05:18:00 +0000] "GET /assets/dist/js/pages/dashboard.js?1748841480 HTTP/1.1" 200 4661 "https://tasktrakker.com.au/admin/addcustomersview/3266" "Mozilla/5.0 (Windows NT 10.0; Win64; x64) AppleWebKit/537.36 (KHTML, like Gecko) Chrome/136.0.0.0 Safari/537.36 Edg/136.0.0.0"
44.248.177.211 - - [02/Jun/2025:05:18:49 +0000] "GET / HTTP/1.1" 302 2905 "-" "Mozilla/5.0 (X11; Linux x86_64) AppleWebKit/537.36 (KHTML, like Gecko) Chrome/135.0.0.0 Safari/537.36"
44.248.177.211 - - [02/Jun/2025:05:18:49 +0000] "GET /index.php/admin/login HTTP/1.1" 200 1924 "-" "Mozilla/5.0 (X11; Linux x86_64) AppleWebKit/537.36 (KHTML, like Gecko) Chrome/135.0.0.0 Safari/537.36"
44.248.177.211 - - [02/Jun/2025:05:18:49 +0000] "GET /assets/bootstrap/css/bootstrap.min.css HTTP/1.1" 200 20193 "https://tasktrakker.com.au/index.php/admin/login" "Mozilla/5.0 (X11; Linux x86_64) AppleWebKit/537.36 (KHTML, like Gecko) Chrome/135.0.0.0 Safari/537.36"
44.248.177.211 - - [02/Jun/2025:05:18:50 +0000] "GET /assets/dist/css/AdminLTE.min.css HTTP/1.1" 200 15258 "https://tasktrakker.com.au/index.php/admin/login" "Mozilla/5.0 (X11; Linux x86_64) AppleWebKit/537.36 (KHTML, like Gecko) Chrome/135.0.0.0 Safari/537.36"
44.248.177.211 - - [02/Jun/2025:05:18:50 +0000] "GET //assets/img/logo.png HTTP/1.1" 200 95477 "https://tasktrakker.com.au/index.php/admin/login" "Mozilla/5.0 (X11; Linux x86_64) AppleWebKit/537.36 (KHTML, like Gecko) Chrome/135.0.0.0 Safari/537.36"
44.248.177.211 - - [02/Jun/2025:05:18:50 +0000] "GET /assets/plugins/iCheck/square/blue.css HTTP/1.1" 200 1143 "https://tasktrakker.com.au/index.php/admin/login" "Mozilla/5.0 (X11; Linux x86_64) AppleWebKit/537.36 (KHTML, like Gecko) Chrome/135.0.0.0 Safari/537.36"
44.248.177.211 - - [02/Jun/2025:05:18:50 +0000] "GET /assets/plugins/jQuery/jquery-2.2.3.min.js HTTP/1.1" 200 32942 "https://tasktrakker.com.au/index.php/admin/login" "Mozilla/5.0 (X11; Linux x86_64) AppleWebKit/537.36 (KHTML, like Gecko) Chrome/135.0.0.0 Safari/537.36"
44.248.177.211 - - [02/Jun/2025:05:18:50 +0000] "GET /assets/bootstrap/js/bootstrap.min.js HTTP/1.1" 200 12896 "https://tasktrakker.com.au/index.php/admin/login" "Mozilla/5.0 (X11; Linux x86_64) AppleWebKit/537.36 (KHTML, like Gecko) Chrome/135.0.0.0 Safari/537.36"
44.248.177.211 - - [02/Jun/2025:05:18:50 +0000] "GET /assets/plugins/iCheck/icheck.min.js HTTP/1.1" 200 5156 "https://tasktrakker.com.au/index.php/admin/login" "Mozilla/5.0 (X11; Linux x86_64) AppleWebKit/537.36 (KHTML, like Gecko) Chrome/135.0.0.0 Safari/537.36"
44.248.177.211 - - [02/Jun/2025:05:18:50 +0000] "GET /assets/bootstrap/fonts/glyphicons-halflings-regular.woff2 HTTP/1.1" 200 18382 "https://tasktrakker.com.au/assets/bootstrap/css/bootstrap.min.css" "Mozilla/5.0 (X11; Linux x86_64) AppleWebKit/537.36 (KHTML, like Gecko) Chrome/135.0.0.0 Safari/537.36"
44.248.177.211 - - [02/Jun/2025:05:18:50 +0000] "GET /assets/plugins/iCheck/square/blue.png HTTP/1.1" 200 2492 "https://tasktrakker.com.au/assets/plugins/iCheck/square/blue.css" "Mozilla/5.0 (X11; Linux x86_64) AppleWebKit/537.36 (KHTML, like Gecko) Chrome/135.0.0.0 Safari/537.36"
44.248.177.211 - - [02/Jun/2025:05:18:50 +0000] "GET /favicon.ico HTTP/1.1" 200 5753 "https://tasktrakker.com.au/index.php/admin/login" "Mozilla/5.0 (X11; Linux x86_64) AppleWebKit/537.36 (KHTML, like Gecko) Chrome/135.0.0.0 Safari/537.36"
44.248.177.211 - - [02/Jun/2025:05:18:52 +0000] "GET /robots.txt HTTP/1.1" 301 547 "-" "Mozilla/5.0 (Macintosh; Intel Mac OS X 10_15_7) AppleWebKit/537.36 (KHTML, like Gecko) Chrome/133.0.0.0 Safari/537.36"
44.248.177.211 - - [02/Jun/2025:05:18:53 +0000] "GET /robots.txt HTTP/1.1" 200 2845 "http://tasktrakker.com.au/robots.txt" "Mozilla/5.0 (Macintosh; Intel Mac OS X 10_15_7) AppleWebKit/537.36 (KHTML, like Gecko) Chrome/133.0.0.0 Safari/537.36"
52.167.144.219 - - [02/Jun/2025:05:18:55 +0000] "GET /index.php/admin/addcustomersview/9603 HTTP/1.1" 500 5045 "-" "Mozilla/5.0 AppleWebKit/537.36 (KHTML, like Gecko; compatible; bingbot/2.0; +http://www.bing.com/bingbot.htm) Chrome/116.0.1938.76 Safari/537.36"
::1 - - [02/Jun/2025:05:18:58 +0000] "OPTIONS * HTTP/1.0" 200 126 "-" "Apache/2.4.58 (Ubuntu) OpenSSL/3.0.13 (internal dummy connection)"
202.62.242.117 - - [02/Jun/2025:05:19:20 +0000] "-" 408 323 "-" "-"
202.62.242.117 - - [02/Jun/2025:05:19:20 +0000] "-" 408 323 "-" "-"
104.234.115.1 - - [02/Jun/2025:05:19:43 +0000] "GET /+CSCOE+/logon.html HTTP/1.1" 404 434 "-" "'Mozilla/5.0 (compatible; GenomeCrawlerd/1.0; +https://www.nokia.com/genomecrawler)'"
202.62.242.117 - - [02/Jun/2025:05:20:20 +0000] "-" 408 323 "-" "-"
202.62.242.117 - - [02/Jun/2025:05:20:20 +0000] "-" 408 323 "-" "-"
206.189.107.149 - - [02/Jun/2025:05:20:32 +0000] "\x16\x03\x01" 400 497 "-" "-"
206.189.107.149 - - [02/Jun/2025:05:20:33 +0000] "\x16\x03\x01" 400 497 "-" "-"
206.189.107.149 - - [02/Jun/2025:05:20:34 +0000] "\x16\x03\x01" 400 497 "-" "-"
206.189.107.149 - - [02/Jun/2025:05:20:34 +0000] "GET /form.html HTTP/1.1" 404 434 "-" "curl/8.1.2"
206.189.107.149 - - [02/Jun/2025:05:20:35 +0000] "GET /favicon.ico HTTP/1.1" 404 434 "-" "Mozilla/5.0 (Windows NT 10.0; Win64; x64) AppleWebKit/537.36 (KHTML, like Gecko) Chrome/108.0.0.0 Safari/537.36"
206.189.107.149 - - [02/Jun/2025:05:20:35 +0000] "GET /1.php HTTP/1.1" 404 434 "-" "Mozilla/5.0 (Windows NT 10.0; Win64; x64) AppleWebKit/537.36 (KHTML, like Gecko) Chrome/108.0.0.0 Safari/537.36"
206.189.107.149 - - [02/Jun/2025:05:20:36 +0000] "GET /systembc/password.php HTTP/1.1" 404 434 "-" "Mozilla/5.0 (Windows NT 10.0; Win64; x64) AppleWebKit/537.36 (KHTML, like Gecko) Chrome/108.0.0.0 Safari/537.36"
206.189.107.149 - - [02/Jun/2025:05:20:37 +0000] "GET /upl.php HTTP/1.1" 404 434 "-" "Mozilla/5.0"
206.189.107.149 - - [02/Jun/2025:05:20:37 +0000] "GET /t4 HTTP/1.1" 404 434 "-" "Mozilla/5.0"
206.189.107.149 - - [02/Jun/2025:05:20:38 +0000] "GET /geoip/ HTTP/1.1" 404 434 "-" "Mozilla/5.0 (Windows NT 10.0; Win64; x64) AppleWebKit/537.36 (KHTML, like Gecko) Chrome/108.0.0.0 Safari/537.36"
206.189.107.149 - - [02/Jun/2025:05:20:38 +0000] "GET /password.php HTTP/1.1" 404 434 "-" "Mozilla/5.0 (Windows NT 10.0; Win64; x64) AppleWebKit/537.36 (KHTML, like Gecko) Chrome/108.0.0.0 Safari/537.36"
202.62.242.117 - - [02/Jun/2025:05:21:20 +0000] "-" 408 323 "-" "-"
202.62.242.117 - - [02/Jun/2025:05:21:20 +0000] "-" 408 323 "-" "-"
104.234.115.1 - - [02/Jun/2025:05:21:54 +0000] "GET /cgi-bin/login.cgi HTTP/1.1" 404 434 "-" "'Mozilla/5.0 (compatible; GenomeCrawlerd/1.0; +https://www.nokia.com/genomecrawler)'"
202.62.242.117 - - [02/Jun/2025:05:22:20 +0000] "-" 408 323 "-" "-"
202.62.242.117 - - [02/Jun/2025:05:22:20 +0000] "-" 408 323 "-" "-"
202.62.242.117 - - [02/Jun/2025:05:23:26 +0000] "GET /index.php/admin/main HTTP/1.1" 200 7517 "https://tasktrakker.com.au/admin/addcustomersview/3266" "Mozilla/5.0 (Windows NT 10.0; Win64; x64) AppleWebKit/537.36 (KHTML, like Gecko) Chrome/136.0.0.0 Safari/537.36 Edg/136.0.0.0"
202.62.242.117 - - [02/Jun/2025:05:23:26 +0000] "GET /assets/css/custom.css?1748841806 HTTP/1.1" 200 1143 "https://tasktrakker.com.au/index.php/admin/main" "Mozilla/5.0 (Windows NT 10.0; Win64; x64) AppleWebKit/537.36 (KHTML, like Gecko) Chrome/136.0.0.0 Safari/537.36 Edg/136.0.0.0"
202.62.242.117 - - [02/Jun/2025:05:23:26 +0000] "GET /assets/dist/js/pages/dashboard.js?1748841806 HTTP/1.1" 200 4337 "https://tasktrakker.com.au/index.php/admin/main" "Mozilla/5.0 (Windows NT 10.0; Win64; x64) AppleWebKit/537.36 (KHTML, like Gecko) Chrome/136.0.0.0 Safari/537.36 Edg/136.0.0.0"
202.62.242.117 - - [02/Jun/2025:05:23:26 +0000] "GET /index.php/admin/get_fullcalendar?start=2025-06-01T00%3A00%3A00%2B10%3A00&end=2025-07-13T00%3A00%3A00%2B10%3A00 HTTP/1.1" 200 3608 "https://tasktrakker.com.au/index.php/admin/main" "Mozilla/5.0 (Windows NT 10.0; Win64; x64) AppleWebKit/537.36 (KHTML, like Gecko) Chrome/136.0.0.0 Safari/537.36 Edg/136.0.0.0"
202.62.242.117 - - [02/Jun/2025:05:23:26 +0000] "GET /index.php/admin/get_fullcalendar?start=2025-06-29T00%3A00%3A00%2B10%3A00&end=2025-08-10T00%3A00%3A00%2B10%3A00 HTTP/1.1" 200 3514 "https://tasktrakker.com.au/index.php/admin/main" "Mozilla/5.0 (Windows NT 10.0; Win64; x64) AppleWebKit/537.36 (KHTML, like Gecko) Chrome/136.0.0.0 Safari/537.36 Edg/136.0.0.0"
202.62.242.117 - - [02/Jun/2025:05:23:30 +0000] "GET /index.php/admin/addcustomersview/2355 HTTP/1.1" 200 10413 "https://tasktrakker.com.au/index.php/admin/main" "Mozilla/5.0 (Windows NT 10.0; Win64; x64) AppleWebKit/537.36 (KHTML, like Gecko) Chrome/136.0.0.0 Safari/537.36 Edg/136.0.0.0"
202.62.242.117 - - [02/Jun/2025:05:23:30 +0000] "GET /assets/css/custom.css?1748841810 HTTP/1.1" 200 1143 "https://tasktrakker.com.au/index.php/admin/addcustomersview/2355" "Mozilla/5.0 (Windows NT 10.0; Win64; x64) AppleWebKit/537.36 (KHTML, like Gecko) Chrome/136.0.0.0 Safari/537.36 Edg/136.0.0.0"
202.62.242.117 - - [02/Jun/2025:05:23:30 +0000] "GET /assets/dist/js/pages/dashboard.js?1748841810 HTTP/1.1" 200 4337 "https://tasktrakker.com.au/index.php/admin/addcustomersview/2355" "Mozilla/5.0 (Windows NT 10.0; Win64; x64) AppleWebKit/537.36 (KHTML, like Gecko) Chrome/136.0.0.0 Safari/537.36 Edg/136.0.0.0"
52.167.144.209 - - [02/Jun/2025:05:23:30 +0000] "GET /index.php/admin/addleadview/3968 HTTP/1.1" 500 5039 "-" "Mozilla/5.0 AppleWebKit/537.36 (KHTML, like Gecko; compatible; bingbot/2.0; +http://www.bing.com/bingbot.htm) Chrome/116.0.1938.76 Safari/537.36"
104.234.115.1 - - [02/Jun/2025:05:23:45 +0000] "GET /login.htm HTTP/1.1" 404 434 "-" "'Mozilla/5.0 (compatible; GenomeCrawlerd/1.0; +https://www.nokia.com/genomecrawler)'"
202.62.242.117 - - [02/Jun/2025:05:23:49 +0000] "POST /index.php/admin/addeditCustomerop HTTP/1.1" 301 713 "https://tasktrakker.com.au/index.php/admin/addcustomersview/2355" "Mozilla/5.0 (Windows NT 10.0; Win64; x64) AppleWebKit/537.36 (KHTML, like Gecko) Chrome/136.0.0.0 Safari/537.36 Edg/136.0.0.0"
202.62.242.117 - - [02/Jun/2025:05:23:50 +0000] "GET /admin/addcustomersview/2355 HTTP/1.1" 200 10398 "https://tasktrakker.com.au/index.php/admin/addcustomersview/2355" "Mozilla/5.0 (Windows NT 10.0; Win64; x64) AppleWebKit/537.36 (KHTML, like Gecko) Chrome/136.0.0.0 Safari/537.36 Edg/136.0.0.0"
202.62.242.117 - - [02/Jun/2025:05:23:50 +0000] "GET /assets/css/custom.css?1748841830 HTTP/1.1" 200 1143 "https://tasktrakker.com.au/admin/addcustomersview/2355" "Mozilla/5.0 (Windows NT 10.0; Win64; x64) AppleWebKit/537.36 (KHTML, like Gecko) Chrome/136.0.0.0 Safari/537.36 Edg/136.0.0.0"
202.62.242.117 - - [02/Jun/2025:05:23:50 +0000] "GET /assets/dist/js/pages/dashboard.js?1748841830 HTTP/1.1" 200 4337 "https://tasktrakker.com.au/admin/addcustomersview/2355" "Mozilla/5.0 (Windows NT 10.0; Win64; x64) AppleWebKit/537.36 (KHTML, like Gecko) Chrome/136.0.0.0 Safari/537.36 Edg/136.0.0.0"
202.62.242.117 - - [02/Jun/2025:05:24:10 +0000] "-" 408 323 "-" "-"
152.53.248.175 - - [02/Jun/2025:05:24:16 +0000] "CONNECT www.google.com:443 HTTP/1.1" 405 505 "-" "Go-http-client/1.1"
52.167.144.212 - - [02/Jun/2025:05:24:44 +0000] "GET /index.php/admin/addcustomersview/6371 HTTP/1.1" 500 5045 "-" "Mozilla/5.0 AppleWebKit/537.36 (KHTML, like Gecko; compatible; bingbot/2.0; +http://www.bing.com/bingbot.htm) Chrome/116.0.1938.76 Safari/537.36"
202.62.242.117 - - [02/Jun/2025:05:25:10 +0000] "-" 408 323 "-" "-"
202.62.242.117 - - [02/Jun/2025:05:25:10 +0000] "-" 408 323 "-" "-"
52.167.144.209 - - [02/Jun/2025:05:25:27 +0000] "GET /index.php/admin/addleadview/6035 HTTP/1.1" 500 5041 "-" "Mozilla/5.0 AppleWebKit/537.36 (KHTML, like Gecko; compatible; bingbot/2.0; +http://www.bing.com/bingbot.htm) Chrome/116.0.1938.76 Safari/537.36"
104.234.115.1 - - [02/Jun/2025:05:25:43 +0000] "GET /login.html HTTP/1.1" 404 434 "-" "'Mozilla/5.0 (compatible; GenomeCrawlerd/1.0; +https://www.nokia.com/genomecrawler)'"
202.62.242.117 - - [02/Jun/2025:05:26:10 +0000] "-" 408 323 "-" "-"
202.62.242.117 - - [02/Jun/2025:05:26:10 +0000] "-" 408 323 "-" "-"
202.62.242.117 - - [02/Jun/2025:05:27:10 +0000] "-" 408 323 "-" "-"
202.62.242.117 - - [02/Jun/2025:05:27:10 +0000] "-" 408 323 "-" "-"
202.62.242.117 - - [02/Jun/2025:05:27:22 +0000] "GET /index.php/admin/main HTTP/1.1" 200 7375 "https://tasktrakker.com.au/admin/addcustomersview/2355" "Mozilla/5.0 (Windows NT 10.0; Win64; x64) AppleWebKit/537.36 (KHTML, like Gecko) Chrome/136.0.0.0 Safari/537.36 Edg/136.0.0.0"
202.62.242.117 - - [02/Jun/2025:05:27:22 +0000] "GET /assets/css/custom.css?1748842042 HTTP/1.1" 200 1143 "https://tasktrakker.com.au/index.php/admin/main" "Mozilla/5.0 (Windows NT 10.0; Win64; x64) AppleWebKit/537.36 (KHTML, like Gecko) Chrome/136.0.0.0 Safari/537.36 Edg/136.0.0.0"
202.62.242.117 - - [02/Jun/2025:05:27:22 +0000] "GET /assets/dist/js/pages/dashboard.js?1748842042 HTTP/1.1" 200 4661 "https://tasktrakker.com.au/index.php/admin/main" "Mozilla/5.0 (Windows NT 10.0; Win64; x64) AppleWebKit/537.36 (KHTML, like Gecko) Chrome/136.0.0.0 Safari/537.36 Edg/136.0.0.0"
202.62.242.117 - - [02/Jun/2025:05:27:22 +0000] "GET /index.php/admin/get_fullcalendar?start=2025-06-01T00%3A00%3A00%2B10%3A00&end=2025-07-13T00%3A00%3A00%2B10%3A00 HTTP/1.1" 200 3608 "https://tasktrakker.com.au/index.php/admin/main" "Mozilla/5.0 (Windows NT 10.0; Win64; x64) AppleWebKit/537.36 (KHTML, like Gecko) Chrome/136.0.0.0 Safari/537.36 Edg/136.0.0.0"
202.62.242.117 - - [02/Jun/2025:05:27:22 +0000] "GET /index.php/admin/get_fullcalendar?start=2025-06-29T00%3A00%3A00%2B10%3A00&end=2025-08-10T00%3A00%3A00%2B10%3A00 HTTP/1.1" 200 3190 "https://tasktrakker.com.au/index.php/admin/main" "Mozilla/5.0 (Windows NT 10.0; Win64; x64) AppleWebKit/537.36 (KHTML, like Gecko) Chrome/136.0.0.0 Safari/537.36 Edg/136.0.0.0"
202.62.242.117 - - [02/Jun/2025:05:27:29 +0000] "GET /index.php/admin/get_fullcalendar?start=2025-06-01T00%3A00%3A00%2B10%3A00&end=2025-07-13T00%3A00%3A00%2B10%3A00 HTTP/1.1" 200 3932 "https://tasktrakker.com.au/index.php/admin/main" "Mozilla/5.0 (Windows NT 10.0; Win64; x64) AppleWebKit/537.36 (KHTML, like Gecko) Chrome/136.0.0.0 Safari/537.36 Edg/136.0.0.0"
202.62.242.117 - - [02/Jun/2025:05:27:32 +0000] "GET /index.php/admin/addcustomersview/6691 HTTP/1.1" 200 11109 "https://tasktrakker.com.au/index.php/admin/main" "Mozilla/5.0 (Windows NT 10.0; Win64; x64) AppleWebKit/537.36 (KHTML, like Gecko) Chrome/136.0.0.0 Safari/537.36 Edg/136.0.0.0"
202.62.242.117 - - [02/Jun/2025:05:27:32 +0000] "GET /assets/css/custom.css?1748842052 HTTP/1.1" 200 1143 "https://tasktrakker.com.au/index.php/admin/addcustomersview/6691" "Mozilla/5.0 (Windows NT 10.0; Win64; x64) AppleWebKit/537.36 (KHTML, like Gecko) Chrome/136.0.0.0 Safari/537.36 Edg/136.0.0.0"
202.62.242.117 - - [02/Jun/2025:05:27:32 +0000] "GET /assets/dist/js/pages/dashboard.js?1748842052 HTTP/1.1" 200 4661 "https://tasktrakker.com.au/index.php/admin/addcustomersview/6691" "Mozilla/5.0 (Windows NT 10.0; Win64; x64) AppleWebKit/537.36 (KHTML, like Gecko) Chrome/136.0.0.0 Safari/537.36 Edg/136.0.0.0"
104.234.115.1 - - [02/Jun/2025:05:27:37 +0000] "GET /login.jsp HTTP/1.1" 404 434 "-" "'Mozilla/5.0 (compatible; GenomeCrawlerd/1.0; +https://www.nokia.com/genomecrawler)'"
202.62.242.117 - - [02/Jun/2025:05:27:57 +0000] "POST /index.php/admin/addeditCustomerop HTTP/1.1" 301 713 "https://tasktrakker.com.au/index.php/admin/addcustomersview/6691" "Mozilla/5.0 (Windows NT 10.0; Win64; x64) AppleWebKit/537.36 (KHTML, like Gecko) Chrome/136.0.0.0 Safari/537.36 Edg/136.0.0.0"
202.62.242.117 - - [02/Jun/2025:05:27:58 +0000] "GET /admin/addcustomersview/6691 HTTP/1.1" 200 11108 "https://tasktrakker.com.au/index.php/admin/addcustomersview/6691" "Mozilla/5.0 (Windows NT 10.0; Win64; x64) AppleWebKit/537.36 (KHTML, like Gecko) Chrome/136.0.0.0 Safari/537.36 Edg/136.0.0.0"
202.62.242.117 - - [02/Jun/2025:05:27:58 +0000] "GET /assets/css/custom.css?1748842078 HTTP/1.1" 200 1143 "https://tasktrakker.com.au/admin/addcustomersview/6691" "Mozilla/5.0 (Windows NT 10.0; Win64; x64) AppleWebKit/537.36 (KHTML, like Gecko) Chrome/136.0.0.0 Safari/537.36 Edg/136.0.0.0"
202.62.242.117 - - [02/Jun/2025:05:27:58 +0000] "GET /assets/dist/js/pages/dashboard.js?1748842078 HTTP/1.1" 200 4337 "https://tasktrakker.com.au/admin/addcustomersview/6691" "Mozilla/5.0 (Windows NT 10.0; Win64; x64) AppleWebKit/537.36 (KHTML, like Gecko) Chrome/136.0.0.0 Safari/537.36 Edg/136.0.0.0"
202.62.242.117 - - [02/Jun/2025:05:28:18 +0000] "-" 408 323 "-" "-"
52.167.144.20 - - [02/Jun/2025:05:28:51 +0000] "GET /index.php/admin/addleadview/6494 HTTP/1.1" 500 5040 "-" "Mozilla/5.0 AppleWebKit/537.36 (KHTML, like Gecko; compatible; bingbot/2.0; +http://www.bing.com/bingbot.htm) Chrome/116.0.1938.76 Safari/537.36"
202.62.242.117 - - [02/Jun/2025:05:29:18 +0000] "-" 408 323 "-" "-"
202.62.242.117 - - [02/Jun/2025:05:29:18 +0000] "-" 408 323 "-" "-"
104.234.115.1 - - [02/Jun/2025:05:29:27 +0000] "GET /login HTTP/1.1" 404 434 "-" "'Mozilla/5.0 (compatible; GenomeCrawlerd/1.0; +https://www.nokia.com/genomecrawler)'"
20.65.195.25 - - [02/Jun/2025:05:29:30 +0000] "GET /developmentserver/metadatauploader HTTP/1.1" 404 434 "-" "Mozilla/5.0 zgrab/0.x"
207.46.13.154 - - [02/Jun/2025:05:30:47 +0000] "GET /index.php/admin/booking_delete/7707/6431 HTTP/1.1" 302 3170 "-" "Mozilla/5.0 AppleWebKit/537.36 (KHTML, like Gecko; compatible; bingbot/2.0; +http://www.bing.com/bingbot.htm) Chrome/116.0.1938.76 Safari/537.36"
207.46.13.154 - - [02/Jun/2025:05:30:49 +0000] "GET /admin/error_view HTTP/1.1" 302 305 "-" "Mozilla/5.0 AppleWebKit/537.36 (KHTML, like Gecko; compatible; bingbot/2.0; +http://www.bing.com/bingbot.htm) Chrome/116.0.1938.76 Safari/537.36"
207.46.13.154 - - [02/Jun/2025:05:30:50 +0000] "GET /admin/main HTTP/1.1" 500 2213 "-" "Mozilla/5.0 AppleWebKit/537.36 (KHTML, like Gecko; compatible; bingbot/2.0; +http://www.bing.com/bingbot.htm) Chrome/116.0.1938.76 Safari/537.36"
207.46.13.154 - - [02/Jun/2025:05:31:06 +0000] "GET /index.php/admin/addcustomersview/9619 HTTP/1.1" 500 5084 "-" "Mozilla/5.0 AppleWebKit/537.36 (KHTML, like Gecko; compatible; bingbot/2.0; +http://www.bing.com/bingbot.htm) Chrome/116.0.1938.76 Safari/537.36"
52.167.144.20 - - [02/Jun/2025:05:31:15 +0000] "GET /index.php/admin/login HTTP/1.1" 200 4545 "-" "Mozilla/5.0 AppleWebKit/537.36 (KHTML, like Gecko; compatible; bingbot/2.0; +http://www.bing.com/bingbot.htm) Chrome/116.0.1938.76 Safari/537.36"
104.234.115.1 - - [02/Jun/2025:05:31:18 +0000] "GET /doc/index.html HTTP/1.1" 404 434 "-" "'Mozilla/5.0 (compatible; GenomeCrawlerd/1.0; +https://www.nokia.com/genomecrawler)'"
207.46.13.154 - - [02/Jun/2025:05:31:26 +0000] "GET /index.php/admin/addcustomersview/9619 HTTP/1.1" 500 5084 "-" "Mozilla/5.0 AppleWebKit/537.36 (KHTML, like Gecko; compatible; bingbot/2.0; +http://www.bing.com/bingbot.htm) Chrome/116.0.1938.76 Safari/537.36"
43.135.144.126 - - [02/Jun/2025:05:32:46 +0000] "GET / HTTP/1.0" 400 633 "-" "-"
162.216.150.214 - - [02/Jun/2025:05:32:57 +0000] "GET / HTTP/1.1" 404 434 "-" "Expanse, a Palo Alto Networks company, searches across the global IPv4 space multiple times per day to identify customers&#39; presences on the Internet. If you would like to be excluded from our scans, please send IP addresses/domains to: scaninfo@paloaltonetworks.com"
104.234.115.1 - - [02/Jun/2025:05:32:59 +0000] "GET /remote/login HTTP/1.1" 404 434 "-" "'Mozilla/5.0 (compatible; GenomeCrawlerd/1.0; +https://www.nokia.com/genomecrawler)'"
52.167.144.20 - - [02/Jun/2025:05:33:17 +0000] "GET /index.php/admin/deleteLeadop/7523 HTTP/1.1" 302 3131 "-" "Mozilla/5.0 AppleWebKit/537.36 (KHTML, like Gecko; compatible; bingbot/2.0; +http://www.bing.com/bingbot.htm) Chrome/116.0.1938.76 Safari/537.36"
52.167.144.20 - - [02/Jun/2025:05:33:19 +0000] "GET /admin/error_view HTTP/1.1" 302 305 "-" "Mozilla/5.0 AppleWebKit/537.36 (KHTML, like Gecko; compatible; bingbot/2.0; +http://www.bing.com/bingbot.htm) Chrome/116.0.1938.76 Safari/537.36"
52.167.144.20 - - [02/Jun/2025:05:33:20 +0000] "GET /admin/main HTTP/1.1" 500 2213 "-" "Mozilla/5.0 AppleWebKit/537.36 (KHTML, like Gecko; compatible; bingbot/2.0; +http://www.bing.com/bingbot.htm) Chrome/116.0.1938.76 Safari/537.36"
1.145.100.56 - - [02/Jun/2025:05:33:45 +0000] "GET /index.php/admin/addcustomersview/6460 HTTP/1.1" 200 8045 "https://tasktrakker.com.au/index.php/admin/main" "Mozilla/5.0 (iPhone; CPU iPhone OS 18_5 like Mac OS X) AppleWebKit/605.1.15 (KHTML, like Gecko) Version/18.5 Mobile/15E148 Safari/604.1"
1.145.100.56 - - [02/Jun/2025:05:33:46 +0000] "GET /assets/css/custom.css?1748842425 HTTP/1.1" 200 1143 "https://tasktrakker.com.au/index.php/admin/addcustomersview/6460" "Mozilla/5.0 (iPhone; CPU iPhone OS 18_5 like Mac OS X) AppleWebKit/605.1.15 (KHTML, like Gecko) Version/18.5 Mobile/15E148 Safari/604.1"
1.145.100.56 - - [02/Jun/2025:05:33:46 +0000] "GET /assets/dist/js/pages/dashboard.js?1748842425 HTTP/1.1" 200 6909 "https://tasktrakker.com.au/index.php/admin/addcustomersview/6460" "Mozilla/5.0 (iPhone; CPU iPhone OS 18_5 like Mac OS X) AppleWebKit/605.1.15 (KHTML, like Gecko) Version/18.5 Mobile/15E148 Safari/604.1"
52.167.144.220 - - [02/Jun/2025:05:34:09 +0000] "GET /index.php/admin/addleadview/2113 HTTP/1.1" 500 5040 "-" "Mozilla/5.0 AppleWebKit/537.36 (KHTML, like Gecko; compatible; bingbot/2.0; +http://www.bing.com/bingbot.htm) Chrome/116.0.1938.76 Safari/537.36"
40.77.167.59 - - [02/Jun/2025:05:34:47 +0000] "GET /index.php/admin/addcustomersview/2355 HTTP/1.1" 500 5084 "-" "Mozilla/5.0 AppleWebKit/537.36 (KHTML, like Gecko; compatible; bingbot/2.0; +http://www.bing.com/bingbot.htm) Chrome/116.0.1938.76 Safari/537.36"
104.234.115.1 - - [02/Jun/2025:05:35:03 +0000] "GET //admin/login.asp HTTP/1.1" 404 434 "-" "'Mozilla/5.0 (compatible; GenomeCrawlerd/1.0; +https://www.nokia.com/genomecrawler)'"
40.77.167.59 - - [02/Jun/2025:05:35:17 +0000] "GET /index.php/admin/addcustomersview/2355 HTTP/1.1" 500 5085 "-" "Mozilla/5.0 AppleWebKit/537.36 (KHTML, like Gecko; compatible; bingbot/2.0; +http://www.bing.com/bingbot.htm) Chrome/116.0.1938.76 Safari/537.36"
104.234.115.1 - - [02/Jun/2025:05:36:33 +0000] "GET /web/ HTTP/1.1" 404 434 "-" "'Mozilla/5.0 (compatible; GenomeCrawlerd/1.0; +https://www.nokia.com/genomecrawler)'"
104.234.115.1 - - [02/Jun/2025:05:38:16 +0000] "GET //webpages/login.html HTTP/1.1" 404 434 "-" "'Mozilla/5.0 (compatible; GenomeCrawlerd/1.0; +https://www.nokia.com/genomecrawler)'"
103.192.76.217 - - [02/Jun/2025:05:38:45 +0000] "GET /index.php/cordova/change_booking_status/ HTTP/1.1" 301 3169 "-" "Mozilla/5.0 (X11; Ubuntu; Linux x86_64; rv:136.0) Gecko/20100101 Firefox/136.0"
103.192.76.217 - - [02/Jun/2025:05:38:46 +0000] "GET /index.php/cordova/change_booking_status HTTP/1.1" 500 557 "-" "Mozilla/5.0 (X11; Ubuntu; Linux x86_64; rv:136.0) Gecko/20100101 Firefox/136.0"
103.192.76.217 - - [02/Jun/2025:05:38:46 +0000] "GET /favicon.ico HTTP/1.1" 200 8324 "https://tasktrakker.com.au/index.php/cordova/change_booking_status" "Mozilla/5.0 (X11; Ubuntu; Linux x86_64; rv:136.0) Gecko/20100101 Firefox/136.0"
103.192.76.217 - - [02/Jun/2025:05:38:54 +0000] "GET /index.php/cordova/change_booking_status/ HTTP/1.1" 301 3169 "-" "Mozilla/5.0 (X11; Ubuntu; Linux x86_64; rv:136.0) Gecko/20100101 Firefox/136.0"
103.192.76.217 - - [02/Jun/2025:05:38:54 +0000] "GET /index.php/cordova/change_booking_status HTTP/1.1" 500 557 "-" "Mozilla/5.0 (X11; Ubuntu; Linux x86_64; rv:136.0) Gecko/20100101 Firefox/136.0"
103.192.76.217 - - [02/Jun/2025:05:38:54 +0000] "GET /favicon.ico HTTP/1.1" 200 8324 "https://tasktrakker.com.au/index.php/cordova/change_booking_status" "Mozilla/5.0 (X11; Ubuntu; Linux x86_64; rv:136.0) Gecko/20100101 Firefox/136.0"
202.62.242.117 - - [02/Jun/2025:05:38:57 +0000] "GET / HTTP/1.1" 302 2905 "-" "Mozilla/5.0 (Windows NT 10.0; Win64; x64; rv:139.0) Gecko/20100101 Firefox/139.0"
202.62.242.117 - - [02/Jun/2025:05:38:57 +0000] "GET /index.php/admin/login HTTP/1.1" 200 4494 "-" "Mozilla/5.0 (Windows NT 10.0; Win64; x64; rv:139.0) Gecko/20100101 Firefox/139.0"
202.62.242.117 - - [02/Jun/2025:05:38:57 +0000] "GET /favicon.ico HTTP/1.1" 200 5753 "https://tasktrakker.com.au/index.php/admin/login" "Mozilla/5.0 (Windows NT 10.0; Win64; x64; rv:139.0) Gecko/20100101 Firefox/139.0"
202.62.242.117 - - [02/Jun/2025:05:39:00 +0000] "POST /index.php/admin/auth HTTP/1.1" 303 623 "https://tasktrakker.com.au/index.php/admin/login" "Mozilla/5.0 (Windows NT 10.0; Win64; x64; rv:139.0) Gecko/20100101 Firefox/139.0"
202.62.242.117 - - [02/Jun/2025:05:39:01 +0000] "GET /admin/main HTTP/1.1" 200 7046 "https://tasktrakker.com.au/index.php/admin/login" "Mozilla/5.0 (Windows NT 10.0; Win64; x64; rv:139.0) Gecko/20100101 Firefox/139.0"
202.62.242.117 - - [02/Jun/2025:05:39:01 +0000] "GET /assets/css/custom.css?1748842741 HTTP/1.1" 200 1143 "https://tasktrakker.com.au/admin/main" "Mozilla/5.0 (Windows NT 10.0; Win64; x64; rv:139.0) Gecko/20100101 Firefox/139.0"
202.62.242.117 - - [02/Jun/2025:05:39:01 +0000] "GET /assets/js/map.js HTTP/1.1" 200 803 "https://tasktrakker.com.au/admin/main" "Mozilla/5.0 (Windows NT 10.0; Win64; x64; rv:139.0) Gecko/20100101 Firefox/139.0"
202.62.242.117 - - [02/Jun/2025:05:39:01 +0000] "GET /assets/dist/js/pages/dashboard.js?1748842741 HTTP/1.1" 200 4661 "https://tasktrakker.com.au/admin/main" "Mozilla/5.0 (Windows NT 10.0; Win64; x64; rv:139.0) Gecko/20100101 Firefox/139.0"
202.62.242.117 - - [02/Jun/2025:05:39:01 +0000] "GET /assets/js/archive.js HTTP/1.1" 200 3170 "https://tasktrakker.com.au/admin/main" "Mozilla/5.0 (Windows NT 10.0; Win64; x64; rv:139.0) Gecko/20100101 Firefox/139.0"
202.62.242.117 - - [02/Jun/2025:05:39:01 +0000] "GET /index.php/admin/get_fullcalendar?start=2025-06-01T00%3A00%3A00%2B10%3A00&end=2025-07-13T00%3A00%3A00%2B10%3A00 HTTP/1.1" 200 3608 "https://tasktrakker.com.au/admin/main" "Mozilla/5.0 (Windows NT 10.0; Win64; x64; rv:139.0) Gecko/20100101 Firefox/139.0"
202.62.242.117 - - [02/Jun/2025:05:39:01 +0000] "GET /index.php/admin/get_fullcalendar?start=2025-06-01T00%3A00%3A00%2B10%3A00&end=2025-07-13T00%3A00%3A00%2B10%3A00 HTTP/1.1" 200 3608 "https://tasktrakker.com.au/admin/main" "Mozilla/5.0 (Windows NT 10.0; Win64; x64; rv:139.0) Gecko/20100101 Firefox/139.0"
::1 - - [02/Jun/2025:05:39:06 +0000] "OPTIONS * HTTP/1.0" 200 126 "-" "Apache/2.4.58 (Ubuntu) OpenSSL/3.0.13 (internal dummy connection)"
52.167.144.220 - - [02/Jun/2025:05:40:37 +0000] "GET /index.php/admin/addcustomersview/3077 HTTP/1.1" 500 5045 "-" "Mozilla/5.0 AppleWebKit/537.36 (KHTML, like Gecko; compatible; bingbot/2.0; +http://www.bing.com/bingbot.htm) Chrome/116.0.1938.76 Safari/537.36"
202.62.242.117 - - [02/Jun/2025:05:42:04 +0000] "GET /index.php/admin/main HTTP/1.1" 200 9765 "https://tasktrakker.com.au/admin/addcustomersview/6691" "Mozilla/5.0 (Windows NT 10.0; Win64; x64) AppleWebKit/537.36 (KHTML, like Gecko) Chrome/136.0.0.0 Safari/537.36 Edg/136.0.0.0"
202.62.242.117 - - [02/Jun/2025:05:42:04 +0000] "GET /assets/css/custom.css?1748842924 HTTP/1.1" 200 1143 "https://tasktrakker.com.au/index.php/admin/main" "Mozilla/5.0 (Windows NT 10.0; Win64; x64) AppleWebKit/537.36 (KHTML, like Gecko) Chrome/136.0.0.0 Safari/537.36 Edg/136.0.0.0"
202.62.242.117 - - [02/Jun/2025:05:42:04 +0000] "GET /assets/dist/js/pages/dashboard.js?1748842924 HTTP/1.1" 200 6907 "https://tasktrakker.com.au/index.php/admin/main" "Mozilla/5.0 (Windows NT 10.0; Win64; x64) AppleWebKit/537.36 (KHTML, like Gecko) Chrome/136.0.0.0 Safari/537.36 Edg/136.0.0.0"
202.62.242.117 - - [02/Jun/2025:05:42:04 +0000] "GET /index.php/admin/get_fullcalendar?start=2025-06-01T00%3A00%3A00%2B10%3A00&end=2025-07-13T00%3A00%3A00%2B10%3A00 HTTP/1.1" 200 3608 "https://tasktrakker.com.au/index.php/admin/main" "Mozilla/5.0 (Windows NT 10.0; Win64; x64) AppleWebKit/537.36 (KHTML, like Gecko) Chrome/136.0.0.0 Safari/537.36 Edg/136.0.0.0"
202.62.242.117 - - [02/Jun/2025:05:42:04 +0000] "GET /index.php/admin/get_fullcalendar?start=2025-06-01T00%3A00%3A00%2B10%3A00&end=2025-07-13T00%3A00%3A00%2B10%3A00 HTTP/1.1" 200 3608 "https://tasktrakker.com.au/index.php/admin/main" "Mozilla/5.0 (Windows NT 10.0; Win64; x64) AppleWebKit/537.36 (KHTML, like Gecko) Chrome/136.0.0.0 Safari/537.36 Edg/136.0.0.0"
103.192.76.217 - - [02/Jun/2025:05:43:04 +0000] "GET /index.php/cordova/get_all_customers/ HTTP/1.1" 301 914 "-" "Mozilla/5.0 (X11; Ubuntu; Linux x86_64; rv:136.0) Gecko/20100101 Firefox/136.0"
103.192.76.217 - - [02/Jun/2025:05:43:04 +0000] "GET /index.php/cordova/get_all_customers HTTP/1.1" 200 55696 "-" "Mozilla/5.0 (X11; Ubuntu; Linux x86_64; rv:136.0) Gecko/20100101 Firefox/136.0"
157.55.39.60 - - [02/Jun/2025:05:44:28 +0000] "GET /index.php/admin/addleadview/2976 HTTP/1.1" 500 5040 "-" "Mozilla/5.0 AppleWebKit/537.36 (KHTML, like Gecko; compatible; bingbot/2.0; +http://www.bing.com/bingbot.htm) Chrome/116.0.1938.76 Safari/537.36"
157.55.39.60 - - [02/Jun/2025:05:45:19 +0000] "GET /index.php/admin/deleteLeadop/2341 HTTP/1.1" 302 3129 "-" "Mozilla/5.0 AppleWebKit/537.36 (KHTML, like Gecko; compatible; bingbot/2.0; +http://www.bing.com/bingbot.htm) Chrome/116.0.1938.76 Safari/537.36"
157.55.39.60 - - [02/Jun/2025:05:45:19 +0000] "GET /admin/error_view HTTP/1.1" 302 305 "-" "Mozilla/5.0 AppleWebKit/537.36 (KHTML, like Gecko; compatible; bingbot/2.0; +http://www.bing.com/bingbot.htm) Chrome/116.0.1938.76 Safari/537.36"
157.55.39.60 - - [02/Jun/2025:05:45:20 +0000] "GET /admin/main HTTP/1.1" 500 2213 "-" "Mozilla/5.0 AppleWebKit/537.36 (KHTML, like Gecko; compatible; bingbot/2.0; +http://www.bing.com/bingbot.htm) Chrome/116.0.1938.76 Safari/537.36"
120.26.60.11 - - [02/Jun/2025:05:46:26 +0000] "GET / HTTP/1.1" 404 475 "-" "Mozilla/5.0 (iPhone; CPU iPhone OS 18_1 like Mac OS X) AppleWebKit/605.1.15 (KHTML, like Gecko) Version/18.0 Mobile/15E148 Safari/605.1.15"
45.79.181.94 - - [02/Jun/2025:05:47:57 +0000] "GET / HTTP/1.1" 302 2685 "-" "Mozilla/5.0 (Macintosh; Intel Mac OS X 13_1) AppleWebKit/537.36 (KHTML, like Gecko) Chrome/108.0.0.0 Safari/537.36"
45.79.181.94 - - [02/Jun/2025:05:48:03 +0000] "GET /index.php/admin/login HTTP/1.1" 200 4278 "https://54.79.101.3/" "Mozilla/5.0 (Macintosh; Intel Mac OS X 13_1) AppleWebKit/537.36 (KHTML, like Gecko) Chrome/108.0.0.0 Safari/537.36"
202.62.242.117 - - [02/Jun/2025:05:51:06 +0000] "GET /index.php/admin/get_fullcalendar?start=2025-07-27T00%3A00%3A00%2B10%3A00&end=2025-09-07T00%3A00%3A00%2B10%3A00 HTTP/1.1" 200 6500 "https://tasktrakker.com.au/index.php/admin/main" "Mozilla/5.0 (Windows NT 10.0; Win64; x64) AppleWebKit/537.36 (KHTML, like Gecko) Chrome/136.0.0.0 Safari/537.36 Edg/136.0.0.0"
202.62.242.117 - - [02/Jun/2025:05:51:07 +0000] "GET /index.php/admin/get_fullcalendar?start=2025-06-29T00%3A00%3A00%2B10%3A00&end=2025-08-10T00%3A00%3A00%2B10%3A00 HTTP/1.1" 200 3190 "https://tasktrakker.com.au/index.php/admin/main" "Mozilla/5.0 (Windows NT 10.0; Win64; x64) AppleWebKit/537.36 (KHTML, like Gecko) Chrome/136.0.0.0 Safari/537.36 Edg/136.0.0.0"
202.62.242.117 - - [02/Jun/2025:05:51:24 +0000] "-" 408 2570 "-" "-"
