122.150.136.213 - - [03/Jun/2025:05:52:03 +0000] "GET /assets/dist/js/pages/dashboard.js?1748929923 HTTP/1.1" 200 4337 "https://tasktrakker.com.au/admin/addEditBookingPhotographer/991/101/8405" "Mozilla/5.0 (iPhone; CPU iPhone OS 18_5 like Mac OS X) AppleWebKit/605.1.15 (KHTML, like Gecko) Version/18.5 Mobile/15E148 Safari/604.1"
122.150.136.16 - - [03/Jun/2025:05:52:07 +0000] "GET /admin/addEditBookingPhotographer/989/101/7540 HTTP/1.1" 500 3062 "-" "Mozilla/5.0 (iPhone; CPU iPhone OS 18_5 like Mac OS X) AppleWebKit/605.1.15 (KHTML, like Gecko) Mobile/15E148"
122.150.136.16 - - [03/Jun/2025:05:52:07 +0000] "GET /admin/addEditBookingPhotographer/991/101/7539 HTTP/1.1" 500 3060 "-" "Mozilla/5.0 (iPhone; CPU iPhone OS 18_5 like Mac OS X) AppleWebKit/605.1.15 (KHTML, like Gecko) Mobile/15E148"
122.150.136.16 - - [03/Jun/2025:05:52:08 +0000] "GET /admin/addEditBookingPhotographer/991/101/7538 HTTP/1.1" 500 3061 "-" "Mozilla/5.0 (iPhone; CPU iPhone OS 18_5 like Mac OS X) AppleWebKit/605.1.15 (KHTML, like Gecko) Mobile/15E148"
122.150.136.16 - - [03/Jun/2025:05:52:14 +0000] "GET /index.php/admin/autologinPhotographer/991/101/8406 HTTP/1.1" 302 3566 "-" "Mozilla/5.0 (iPhone; CPU iPhone OS 18_5 like Mac OS X) AppleWebKit/605.1.15 (KHTML, like Gecko) Version/18.5 Mobile/15E148 Safari/604.1"
122.150.136.16 - - [03/Jun/2025:05:52:14 +0000] "GET /admin/addEditBookingPhotographer/991/101/8406 HTTP/1.1" 200 4885 "-" "Mozilla/5.0 (iPhone; CPU iPhone OS 18_5 like Mac OS X) AppleWebKit/605.1.15 (KHTML, like Gecko) Version/18.5 Mobile/15E148 Safari/604.1"
122.150.136.16 - - [03/Jun/2025:05:52:14 +0000] "GET /assets/css/custom.css?1748929934 HTTP/1.1" 200 1143 "https://tasktrakker.com.au/admin/addEditBookingPhotographer/991/101/8406" "Mozilla/5.0 (iPhone; CPU iPhone OS 18_5 like Mac OS X) AppleWebKit/605.1.15 (KHTML, like Gecko) Version/18.5 Mobile/15E148 Safari/604.1"
122.150.136.16 - - [03/Jun/2025:05:52:14 +0000] "GET /assets/dist/js/pages/dashboard.js?1748929934 HTTP/1.1" 200 6908 "https://tasktrakker.com.au/admin/addEditBookingPhotographer/991/101/8406" "Mozilla/5.0 (iPhone; CPU iPhone OS 18_5 like Mac OS X) AppleWebKit/605.1.15 (KHTML, like Gecko) Version/18.5 Mobile/15E148 Safari/604.1"
122.150.136.16 - - [03/Jun/2025:05:52:15 +0000] "POST /index.php/admin/AcceptDeclineBooking HTTP/1.1" 303 399 "https://tasktrakker.com.au/admin/addEditBookingPhotographer/991/101/8406" "Mozilla/5.0 (iPhone; CPU iPhone OS 18_5 like Mac OS X) AppleWebKit/605.1.15 (KHTML, like Gecko) Version/18.5 Mobile/15E148 Safari/604.1"
122.150.136.16 - - [03/Jun/2025:05:52:15 +0000] "GET /admin/addEditBookingPhotographer/991/101/8406 HTTP/1.1" 200 5027 "https://tasktrakker.com.au/admin/addEditBookingPhotographer/991/101/8406" "Mozilla/5.0 (iPhone; CPU iPhone OS 18_5 like Mac OS X) AppleWebKit/605.1.15 (KHTML, like Gecko) Version/18.5 Mobile/15E148 Safari/604.1"
122.150.136.16 - - [03/Jun/2025:05:52:15 +0000] "GET /assets/css/custom.css?1748929935 HTTP/1.1" 200 1143 "https://tasktrakker.com.au/admin/addEditBookingPhotographer/991/101/8406" "Mozilla/5.0 (iPhone; CPU iPhone OS 18_5 like Mac OS X) AppleWebKit/605.1.15 (KHTML, like Gecko) Version/18.5 Mobile/15E148 Safari/604.1"
122.150.136.16 - - [03/Jun/2025:05:52:15 +0000] "GET /assets/dist/js/pages/dashboard.js?1748929935 HTTP/1.1" 200 4337 "https://tasktrakker.com.au/admin/addEditBookingPhotographer/991/101/8406" "Mozilla/5.0 (iPhone; CPU iPhone OS 18_5 like Mac OS X) AppleWebKit/605.1.15 (KHTML, like Gecko) Version/18.5 Mobile/15E148 Safari/604.1"
122.150.136.16 - - [03/Jun/2025:05:52:17 +0000] "GET /admin/addEditBookingPhotographer/989/101/7540 HTTP/1.1" 500 3061 "-" "Mozilla/5.0 (iPhone; CPU iPhone OS 18_5 like Mac OS X) AppleWebKit/605.1.15 (KHTML, like Gecko) Mobile/15E148"
122.150.136.16 - - [03/Jun/2025:05:52:18 +0000] "GET /admin/addEditBookingPhotographer/991/101/7539 HTTP/1.1" 500 3061 "-" "Mozilla/5.0 (iPhone; CPU iPhone OS 18_5 like Mac OS X) AppleWebKit/605.1.15 (KHTML, like Gecko) Mobile/15E148"
202.62.242.117 - - [03/Jun/2025:05:54:17 +0000] "GET /index.php/admin/main HTTP/1.1" 200 9773 "https://tasktrakker.com.au/admin/addcustomersview/3266" "Mozilla/5.0 (Windows NT 10.0; Win64; x64) AppleWebKit/537.36 (KHTML, like Gecko) Chrome/136.0.0.0 Safari/537.36 Edg/136.0.0.0"
202.62.242.117 - - [03/Jun/2025:05:54:17 +0000] "GET /assets/dist/js/pages/dashboard.js?1748930057 HTTP/1.1" 200 6908 "https://tasktrakker.com.au/index.php/admin/main" "Mozilla/5.0 (Windows NT 10.0; Win64; x64) AppleWebKit/537.36 (KHTML, like Gecko) Chrome/136.0.0.0 Safari/537.36 Edg/136.0.0.0"
202.62.242.117 - - [03/Jun/2025:05:54:17 +0000] "GET /assets/css/custom.css?1748930057 HTTP/1.1" 200 1143 "https://tasktrakker.com.au/index.php/admin/main" "Mozilla/5.0 (Windows NT 10.0; Win64; x64) AppleWebKit/537.36 (KHTML, like Gecko) Chrome/136.0.0.0 Safari/537.36 Edg/136.0.0.0"
202.62.242.117 - - [03/Jun/2025:05:54:17 +0000] "GET /index.php/admin/get_fullcalendar?start=2025-06-01T00%3A00%3A00%2B10%3A00&end=2025-07-13T00%3A00%3A00%2B10%3A00 HTTP/1.1" 200 3627 "https://tasktrakker.com.au/index.php/admin/main" "Mozilla/5.0 (Windows NT 10.0; Win64; x64) AppleWebKit/537.36 (KHTML, like Gecko) Chrome/136.0.0.0 Safari/537.36 Edg/136.0.0.0"
202.62.242.117 - - [03/Jun/2025:05:54:17 +0000] "GET /index.php/admin/get_fullcalendar?start=2025-06-29T00%3A00%3A00%2B10%3A00&end=2025-08-10T00%3A00%3A00%2B10%3A00 HTTP/1.1" 200 3207 "https://tasktrakker.com.au/index.php/admin/main" "Mozilla/5.0 (Windows NT 10.0; Win64; x64) AppleWebKit/537.36 (KHTML, like Gecko) Chrome/136.0.0.0 Safari/537.36 Edg/136.0.0.0"
202.62.242.117 - - [03/Jun/2025:05:54:19 +0000] "GET /index.php/admin/manageCustomers HTTP/1.1" 200 37716 "https://tasktrakker.com.au/index.php/admin/main" "Mozilla/5.0 (Windows NT 10.0; Win64; x64) AppleWebKit/537.36 (KHTML, like Gecko) Chrome/136.0.0.0 Safari/537.36 Edg/136.0.0.0"
202.62.242.117 - - [03/Jun/2025:05:54:19 +0000] "GET /assets/css/custom.css?1748930059 HTTP/1.1" 200 1143 "https://tasktrakker.com.au/index.php/admin/manageCustomers" "Mozilla/5.0 (Windows NT 10.0; Win64; x64) AppleWebKit/537.36 (KHTML, like Gecko) Chrome/136.0.0.0 Safari/537.36 Edg/136.0.0.0"
202.62.242.117 - - [03/Jun/2025:05:54:20 +0000] "GET /assets/dist/js/pages/dashboard.js?1748930059 HTTP/1.1" 200 4337 "https://tasktrakker.com.au/index.php/admin/manageCustomers" "Mozilla/5.0 (Windows NT 10.0; Win64; x64) AppleWebKit/537.36 (KHTML, like Gecko) Chrome/136.0.0.0 Safari/537.36 Edg/136.0.0.0"
202.62.242.117 - - [03/Jun/2025:05:54:28 +0000] "GET /index.php/admin/addcustomersview/4542 HTTP/1.1" 200 10646 "https://tasktrakker.com.au/index.php/admin/manageCustomers" "Mozilla/5.0 (Windows NT 10.0; Win64; x64) AppleWebKit/537.36 (KHTML, like Gecko) Chrome/136.0.0.0 Safari/537.36 Edg/136.0.0.0"
202.62.242.117 - - [03/Jun/2025:05:54:28 +0000] "GET /assets/css/custom.css?1748930068 HTTP/1.1" 200 1143 "https://tasktrakker.com.au/index.php/admin/addcustomersview/4542" "Mozilla/5.0 (Windows NT 10.0; Win64; x64) AppleWebKit/537.36 (KHTML, like Gecko) Chrome/136.0.0.0 Safari/537.36 Edg/136.0.0.0"
202.62.242.117 - - [03/Jun/2025:05:54:28 +0000] "GET /assets/dist/js/pages/dashboard.js?1748930068 HTTP/1.1" 200 4661 "https://tasktrakker.com.au/index.php/admin/addcustomersview/4542" "Mozilla/5.0 (Windows NT 10.0; Win64; x64) AppleWebKit/537.36 (KHTML, like Gecko) Chrome/136.0.0.0 Safari/537.36 Edg/136.0.0.0"
202.62.242.117 - - [03/Jun/2025:05:55:03 +0000] "GET /index.php/admin/photo_view HTTP/1.1" 200 28675 "https://tasktrakker.com.au/index.php/admin/main?user-filter=71&state-filter=" "Mozilla/5.0 (Windows NT 10.0; Win64; x64; rv:139.0) Gecko/20100101 Firefox/139.0"
202.62.242.117 - - [03/Jun/2025:05:55:03 +0000] "GET /assets/css/custom.css?1748930103 HTTP/1.1" 200 1143 "https://tasktrakker.com.au/index.php/admin/photo_view" "Mozilla/5.0 (Windows NT 10.0; Win64; x64; rv:139.0) Gecko/20100101 Firefox/139.0"
202.62.242.117 - - [03/Jun/2025:05:55:03 +0000] "GET /assets/dist/js/pages/dashboard.js?1748930103 HTTP/1.1" 200 4661 "https://tasktrakker.com.au/index.php/admin/photo_view" "Mozilla/5.0 (Windows NT 10.0; Win64; x64; rv:139.0) Gecko/20100101 Firefox/139.0"
202.62.242.117 - - [03/Jun/2025:05:55:09 +0000] "GET /index.php/admin/manageCustomers HTTP/1.1" 200 38040 "https://tasktrakker.com.au/index.php/admin/photo_view" "Mozilla/5.0 (Windows NT 10.0; Win64; x64; rv:139.0) Gecko/20100101 Firefox/139.0"
202.62.242.117 - - [03/Jun/2025:05:55:09 +0000] "GET /assets/css/custom.css?1748930109 HTTP/1.1" 200 1143 "https://tasktrakker.com.au/index.php/admin/manageCustomers" "Mozilla/5.0 (Windows NT 10.0; Win64; x64; rv:139.0) Gecko/20100101 Firefox/139.0"
202.62.242.117 - - [03/Jun/2025:05:55:09 +0000] "GET /assets/dist/js/pages/dashboard.js?1748930109 HTTP/1.1" 200 4661 "https://tasktrakker.com.au/index.php/admin/manageCustomers" "Mozilla/5.0 (Windows NT 10.0; Win64; x64; rv:139.0) Gecko/20100101 Firefox/139.0"
207.46.13.150 - - [03/Jun/2025:05:55:18 +0000] "GET /index.php/admin/deleteLeadop/7412 HTTP/1.1" 302 3130 "-" "Mozilla/5.0 AppleWebKit/537.36 (KHTML, like Gecko; compatible; bingbot/2.0; +http://www.bing.com/bingbot.htm) Chrome/116.0.1938.76 Safari/537.36"
207.46.13.150 - - [03/Jun/2025:05:55:18 +0000] "GET /admin/error_view HTTP/1.1" 302 305 "-" "Mozilla/5.0 AppleWebKit/537.36 (KHTML, like Gecko; compatible; bingbot/2.0; +http://www.bing.com/bingbot.htm) Chrome/116.0.1938.76 Safari/537.36"
207.46.13.150 - - [03/Jun/2025:05:55:19 +0000] "GET /admin/main HTTP/1.1" 500 2213 "-" "Mozilla/5.0 AppleWebKit/537.36 (KHTML, like Gecko; compatible; bingbot/2.0; +http://www.bing.com/bingbot.htm) Chrome/116.0.1938.76 Safari/537.36"
202.62.242.117 - - [03/Jun/2025:05:55:22 +0000] "POST /index.php/admin/addeditCustomerop HTTP/1.1" 301 713 "https://tasktrakker.com.au/index.php/admin/addcustomersview/4542" "Mozilla/5.0 (Windows NT 10.0; Win64; x64) AppleWebKit/537.36 (KHTML, like Gecko) Chrome/136.0.0.0 Safari/537.36 Edg/136.0.0.0"
202.62.242.117 - - [03/Jun/2025:05:55:22 +0000] "GET /admin/addcustomersview/4542 HTTP/1.1" 200 10337 "https://tasktrakker.com.au/index.php/admin/addcustomersview/4542" "Mozilla/5.0 (Windows NT 10.0; Win64; x64) AppleWebKit/537.36 (KHTML, like Gecko) Chrome/136.0.0.0 Safari/537.36 Edg/136.0.0.0"
202.62.242.117 - - [03/Jun/2025:05:55:22 +0000] "GET /assets/css/custom.css?1748930122 HTTP/1.1" 200 1143 "https://tasktrakker.com.au/admin/addcustomersview/4542" "Mozilla/5.0 (Windows NT 10.0; Win64; x64) AppleWebKit/537.36 (KHTML, like Gecko) Chrome/136.0.0.0 Safari/537.36 Edg/136.0.0.0"
202.62.242.117 - - [03/Jun/2025:05:55:22 +0000] "GET /assets/dist/js/pages/dashboard.js?1748930122 HTTP/1.1" 200 4661 "https://tasktrakker.com.au/admin/addcustomersview/4542" "Mozilla/5.0 (Windows NT 10.0; Win64; x64) AppleWebKit/537.36 (KHTML, like Gecko) Chrome/136.0.0.0 Safari/537.36 Edg/136.0.0.0"
202.62.242.117 - - [03/Jun/2025:05:56:42 +0000] "-" 408 323 "-" "-"
202.62.242.117 - - [03/Jun/2025:05:56:42 +0000] "-" 408 323 "-" "-"
52.167.144.20 - - [03/Jun/2025:05:56:55 +0000] "GET /index.php/admin/addcustomersview/6240 HTTP/1.1" 500 5046 "-" "Mozilla/5.0 AppleWebKit/537.36 (KHTML, like Gecko; compatible; bingbot/2.0; +http://www.bing.com/bingbot.htm) Chrome/116.0.1938.76 Safari/537.36"
207.46.13.150 - - [03/Jun/2025:05:57:07 +0000] "GET /index.php/admin/addcustomersview/9530 HTTP/1.1" 500 5045 "-" "Mozilla/5.0 AppleWebKit/537.36 (KHTML, like Gecko; compatible; bingbot/2.0; +http://www.bing.com/bingbot.htm) Chrome/116.0.1938.76 Safari/537.36"
124.170.5.32 - - [03/Jun/2025:05:57:08 +0000] "GET /index.php/admin/autologinPhotographer/655/20/7990 HTTP/1.1" 302 3855 "-" "Mozilla/5.0 (Windows NT 10.0; Win64; x64) AppleWebKit/537.36 (KHTML, like Gecko) Chrome/136.0.0.0 Safari/537.36"
124.170.5.32 - - [03/Jun/2025:05:57:08 +0000] "GET /admin/addEditBookingPhotographer/655/20/7990 HTTP/1.1" 200 4891 "-" "Mozilla/5.0 (Windows NT 10.0; Win64; x64) AppleWebKit/537.36 (KHTML, like Gecko) Chrome/136.0.0.0 Safari/537.36"
124.170.5.32 - - [03/Jun/2025:05:57:08 +0000] "GET /assets/bootstrap/css/bootstrap.min.css HTTP/1.1" 200 20193 "https://tasktrakker.com.au/admin/addEditBookingPhotographer/655/20/7990" "Mozilla/5.0 (Windows NT 10.0; Win64; x64) AppleWebKit/537.36 (KHTML, like Gecko) Chrome/136.0.0.0 Safari/537.36"
124.170.5.32 - - [03/Jun/2025:05:57:08 +0000] "GET /assets/dist/css/AdminLTE.min.css HTTP/1.1" 200 15258 "https://tasktrakker.com.au/admin/addEditBookingPhotographer/655/20/7990" "Mozilla/5.0 (Windows NT 10.0; Win64; x64) AppleWebKit/537.36 (KHTML, like Gecko) Chrome/136.0.0.0 Safari/537.36"
124.170.5.32 - - [03/Jun/2025:05:57:08 +0000] "GET /assets/plugins/jvectormap/jquery-jvectormap-1.2.2.css HTTP/1.1" 200 3278 "https://tasktrakker.com.au/admin/addEditBookingPhotographer/655/20/7990" "Mozilla/5.0 (Windows NT 10.0; Win64; x64) AppleWebKit/537.36 (KHTML, like Gecko) Chrome/136.0.0.0 Safari/537.36"
124.170.5.32 - - [03/Jun/2025:05:57:08 +0000] "GET /assets/dist/css/skins/_all-skins.min.css HTTP/1.1" 200 6253 "https://tasktrakker.com.au/admin/addEditBookingPhotographer/655/20/7990" "Mozilla/5.0 (Windows NT 10.0; Win64; x64) AppleWebKit/537.36 (KHTML, like Gecko) Chrome/136.0.0.0 Safari/537.36"
124.170.5.32 - - [03/Jun/2025:05:57:08 +0000] "GET /assets/plugins/iCheck/flat/blue.css HTTP/1.1" 200 1125 "https://tasktrakker.com.au/admin/addEditBookingPhotographer/655/20/7990" "Mozilla/5.0 (Windows NT 10.0; Win64; x64) AppleWebKit/537.36 (KHTML, like Gecko) Chrome/136.0.0.0 Safari/537.36"
124.170.5.32 - - [03/Jun/2025:05:57:08 +0000] "GET /assets/plugins/morris/morris.css HTTP/1.1" 200 926 "https://tasktrakker.com.au/admin/addEditBookingPhotographer/655/20/7990" "Mozilla/5.0 (Windows NT 10.0; Win64; x64) AppleWebKit/537.36 (KHTML, like Gecko) Chrome/136.0.0.0 Safari/537.36"
124.170.5.32 - - [03/Jun/2025:05:57:08 +0000] "GET /assets/plugins/datepicker/datepicker3.css HTTP/1.1" 200 5925 "https://tasktrakker.com.au/admin/addEditBookingPhotographer/655/20/7990" "Mozilla/5.0 (Windows NT 10.0; Win64; x64) AppleWebKit/537.36 (KHTML, like Gecko) Chrome/136.0.0.0 Safari/537.36"
124.170.5.32 - - [03/Jun/2025:05:57:08 +0000] "GET /assets/plugins/daterangepicker/daterangepicker.css HTTP/1.1" 200 1799 "https://tasktrakker.com.au/admin/addEditBookingPhotographer/655/20/7990" "Mozilla/5.0 (Windows NT 10.0; Win64; x64) AppleWebKit/537.36 (KHTML, like Gecko) Chrome/136.0.0.0 Safari/537.36"
124.170.5.32 - - [03/Jun/2025:05:57:08 +0000] "GET /assets/plugins/bootstrap-wysihtml5/bootstrap3-wysihtml5.min.css HTTP/1.1" 200 1023 "https://tasktrakker.com.au/admin/addEditBookingPhotographer/655/20/7990" "Mozilla/5.0 (Windows NT 10.0; Win64; x64) AppleWebKit/537.36 (KHTML, like Gecko) Chrome/136.0.0.0 Safari/537.36"
124.170.5.32 - - [03/Jun/2025:05:57:08 +0000] "GET /assets/css/custom.css?1748930228 HTTP/1.1" 200 1143 "https://tasktrakker.com.au/admin/addEditBookingPhotographer/655/20/7990" "Mozilla/5.0 (Windows NT 10.0; Win64; x64) AppleWebKit/537.36 (KHTML, like Gecko) Chrome/136.0.0.0 Safari/537.36"
124.170.5.32 - - [03/Jun/2025:05:57:08 +0000] "GET /assets/css/star-rating.css HTTP/1.1" 200 1318 "https://tasktrakker.com.au/admin/addEditBookingPhotographer/655/20/7990" "Mozilla/5.0 (Windows NT 10.0; Win64; x64) AppleWebKit/537.36 (KHTML, like Gecko) Chrome/136.0.0.0 Safari/537.36"
124.170.5.32 - - [03/Jun/2025:05:57:08 +0000] "GET /assets/bootstrap/js/bootstrap.min.js HTTP/1.1" 200 10325 "https://tasktrakker.com.au/admin/addEditBookingPhotographer/655/20/7990" "Mozilla/5.0 (Windows NT 10.0; Win64; x64) AppleWebKit/537.36 (KHTML, like Gecko) Chrome/136.0.0.0 Safari/537.36"
124.170.5.32 - - [03/Jun/2025:05:57:08 +0000] "GET /assets/plugins/sparkline/jquery.sparkline.min.js HTTP/1.1" 200 13513 "https://tasktrakker.com.au/admin/addEditBookingPhotographer/655/20/7990" "Mozilla/5.0 (Windows NT 10.0; Win64; x64) AppleWebKit/537.36 (KHTML, like Gecko) Chrome/136.0.0.0 Safari/537.36"
124.170.5.32 - - [03/Jun/2025:05:57:08 +0000] "GET /assets/plugins/jQuery/jquery-2.2.3.js HTTP/1.1" 200 77858 "https://tasktrakker.com.au/admin/addEditBookingPhotographer/655/20/7990" "Mozilla/5.0 (Windows NT 10.0; Win64; x64) AppleWebKit/537.36 (KHTML, like Gecko) Chrome/136.0.0.0 Safari/537.36"
124.170.5.32 - - [03/Jun/2025:05:57:08 +0000] "GET /assets/plugins/jvectormap/jquery-jvectormap-1.2.2.min.js HTTP/1.1" 200 9372 "https://tasktrakker.com.au/admin/addEditBookingPhotographer/655/20/7990" "Mozilla/5.0 (Windows NT 10.0; Win64; x64) AppleWebKit/537.36 (KHTML, like Gecko) Chrome/136.0.0.0 Safari/537.36"
124.170.5.32 - - [03/Jun/2025:05:57:08 +0000] "GET /assets/plugins/knob/jquery.knob.js HTTP/1.1" 200 6445 "https://tasktrakker.com.au/admin/addEditBookingPhotographer/655/20/7990" "Mozilla/5.0 (Windows NT 10.0; Win64; x64) AppleWebKit/537.36 (KHTML, like Gecko) Chrome/136.0.0.0 Safari/537.36"
124.170.5.32 - - [03/Jun/2025:05:57:08 +0000] "GET /assets/plugins/daterangepicker/daterangepicker.js HTTP/1.1" 200 11641 "https://tasktrakker.com.au/admin/addEditBookingPhotographer/655/20/7990" "Mozilla/5.0 (Windows NT 10.0; Win64; x64) AppleWebKit/537.36 (KHTML, like Gecko) Chrome/136.0.0.0 Safari/537.36"
124.170.5.32 - - [03/Jun/2025:05:57:08 +0000] "GET /assets/plugins/datepicker/bootstrap-datepicker.js HTTP/1.1" 200 12493 "https://tasktrakker.com.au/admin/addEditBookingPhotographer/655/20/7990" "Mozilla/5.0 (Windows NT 10.0; Win64; x64) AppleWebKit/537.36 (KHTML, like Gecko) Chrome/136.0.0.0 Safari/537.36"
124.170.5.32 - - [03/Jun/2025:05:57:08 +0000] "GET /assets/plugins/jvectormap/jquery-jvectormap-world-mill-en.js HTTP/1.1" 200 51174 "https://tasktrakker.com.au/admin/addEditBookingPhotographer/655/20/7990" "Mozilla/5.0 (Windows NT 10.0; Win64; x64) AppleWebKit/537.36 (KHTML, like Gecko) Chrome/136.0.0.0 Safari/537.36"
124.170.5.32 - - [03/Jun/2025:05:57:08 +0000] "GET /assets/plugins/bootstrap-wysihtml5/bootstrap3-wysihtml5.all.min.js HTTP/1.1" 200 57334 "https://tasktrakker.com.au/admin/addEditBookingPhotographer/655/20/7990" "Mozilla/5.0 (Windows NT 10.0; Win64; x64) AppleWebKit/537.36 (KHTML, like Gecko) Chrome/136.0.0.0 Safari/537.36"
124.170.5.32 - - [03/Jun/2025:05:57:08 +0000] "GET /assets/dist/js/app.min.js HTTP/1.1" 200 3475 "https://tasktrakker.com.au/admin/addEditBookingPhotographer/655/20/7990" "Mozilla/5.0 (Windows NT 10.0; Win64; x64) AppleWebKit/537.36 (KHTML, like Gecko) Chrome/136.0.0.0 Safari/537.36"
124.170.5.32 - - [03/Jun/2025:05:57:08 +0000] "GET /assets/plugins/fastclick/fastclick.js HTTP/1.1" 200 8024 "https://tasktrakker.com.au/admin/addEditBookingPhotographer/655/20/7990" "Mozilla/5.0 (Windows NT 10.0; Win64; x64) AppleWebKit/537.36 (KHTML, like Gecko) Chrome/136.0.0.0 Safari/537.36"
124.170.5.32 - - [03/Jun/2025:05:57:08 +0000] "GET /assets/plugins/slimScroll/jquery.slimscroll.min.js HTTP/1.1" 200 2309 "https://tasktrakker.com.au/admin/addEditBookingPhotographer/655/20/7990" "Mozilla/5.0 (Windows NT 10.0; Win64; x64) AppleWebKit/537.36 (KHTML, like Gecko) Chrome/136.0.0.0 Safari/537.36"
124.170.5.32 - - [03/Jun/2025:05:57:08 +0000] "GET /assets/plugins/datatables/dataTables.bootstrap.min.js HTTP/1.1" 200 1466 "https://tasktrakker.com.au/admin/addEditBookingPhotographer/655/20/7990" "Mozilla/5.0 (Windows NT 10.0; Win64; x64) AppleWebKit/537.36 (KHTML, like Gecko) Chrome/136.0.0.0 Safari/537.36"
124.170.5.32 - - [03/Jun/2025:05:57:08 +0000] "GET /assets/js/star-rating.js HTTP/1.1" 200 6062 "https://tasktrakker.com.au/admin/addEditBookingPhotographer/655/20/7990" "Mozilla/5.0 (Windows NT 10.0; Win64; x64) AppleWebKit/537.36 (KHTML, like Gecko) Chrome/136.0.0.0 Safari/537.36"
124.170.5.32 - - [03/Jun/2025:05:57:08 +0000] "GET /assets/dist/js/pages/dashboard.js?1748930228 HTTP/1.1" 200 4337 "https://tasktrakker.com.au/admin/addEditBookingPhotographer/655/20/7990" "Mozilla/5.0 (Windows NT 10.0; Win64; x64) AppleWebKit/537.36 (KHTML, like Gecko) Chrome/136.0.0.0 Safari/537.36"
124.170.5.32 - - [03/Jun/2025:05:57:08 +0000] "GET /assets/dist/js/demo.js HTTP/1.1" 200 3087 "https://tasktrakker.com.au/admin/addEditBookingPhotographer/655/20/7990" "Mozilla/5.0 (Windows NT 10.0; Win64; x64) AppleWebKit/537.36 (KHTML, like Gecko) Chrome/136.0.0.0 Safari/537.36"
124.170.5.32 - - [03/Jun/2025:05:57:08 +0000] "GET /assets/js/map.js HTTP/1.1" 200 479 "https://tasktrakker.com.au/admin/addEditBookingPhotographer/655/20/7990" "Mozilla/5.0 (Windows NT 10.0; Win64; x64) AppleWebKit/537.36 (KHTML, like Gecko) Chrome/136.0.0.0 Safari/537.36"
124.170.5.32 - - [03/Jun/2025:05:57:08 +0000] "GET /assets/js/archive.js HTTP/1.1" 200 600 "https://tasktrakker.com.au/admin/addEditBookingPhotographer/655/20/7990" "Mozilla/5.0 (Windows NT 10.0; Win64; x64) AppleWebKit/537.36 (KHTML, like Gecko) Chrome/136.0.0.0 Safari/537.36"
124.170.5.32 - - [03/Jun/2025:05:57:08 +0000] "GET /assets/js/booking-unavailability.js HTTP/1.1" 200 1320 "https://tasktrakker.com.au/admin/addEditBookingPhotographer/655/20/7990" "Mozilla/5.0 (Windows NT 10.0; Win64; x64) AppleWebKit/537.36 (KHTML, like Gecko) Chrome/136.0.0.0 Safari/537.36"
124.170.5.32 - - [03/Jun/2025:05:57:08 +0000] "GET /favicon.ico HTTP/1.1" 200 5753 "https://tasktrakker.com.au/admin/addEditBookingPhotographer/655/20/7990" "Mozilla/5.0 (Windows NT 10.0; Win64; x64) AppleWebKit/537.36 (KHTML, like Gecko) Chrome/136.0.0.0 Safari/537.36"
124.170.5.32 - - [03/Jun/2025:05:57:10 +0000] "POST /index.php/admin/AcceptDeclineBooking HTTP/1.1" 303 398 "https://tasktrakker.com.au/admin/addEditBookingPhotographer/655/20/7990" "Mozilla/5.0 (Windows NT 10.0; Win64; x64) AppleWebKit/537.36 (KHTML, like Gecko) Chrome/136.0.0.0 Safari/537.36"
124.170.5.32 - - [03/Jun/2025:05:57:10 +0000] "GET /admin/addEditBookingPhotographer/655/20/7990 HTTP/1.1" 200 5034 "https://tasktrakker.com.au/admin/addEditBookingPhotographer/655/20/7990" "Mozilla/5.0 (Windows NT 10.0; Win64; x64) AppleWebKit/537.36 (KHTML, like Gecko) Chrome/136.0.0.0 Safari/537.36"
124.170.5.32 - - [03/Jun/2025:05:57:10 +0000] "GET /assets/css/custom.css?1748930230 HTTP/1.1" 200 1143 "https://tasktrakker.com.au/admin/addEditBookingPhotographer/655/20/7990" "Mozilla/5.0 (Windows NT 10.0; Win64; x64) AppleWebKit/537.36 (KHTML, like Gecko) Chrome/136.0.0.0 Safari/537.36"
124.170.5.32 - - [03/Jun/2025:05:57:10 +0000] "GET /assets/dist/js/pages/dashboard.js?1748930230 HTTP/1.1" 200 4337 "https://tasktrakker.com.au/admin/addEditBookingPhotographer/655/20/7990" "Mozilla/5.0 (Windows NT 10.0; Win64; x64) AppleWebKit/537.36 (KHTML, like Gecko) Chrome/136.0.0.0 Safari/537.36"
122.150.1.4 - - [03/Jun/2025:05:57:16 +0000] "GET /index.php/admin/autologinPhotographer/655/20/7990 HTTP/1.1" 302 3856 "-" "Mozilla/5.0 (Windows NT 10.0; Win64; x64) AppleWebKit/537.36 (KHTML, like Gecko) Chrome/136.0.0.0 Safari/537.36"
122.150.1.7 - - [03/Jun/2025:05:57:17 +0000] "GET /index.php/admin/autologinPhotographer/655/20/7990 HTTP/1.1" 302 3856 "-" "Mozilla/5.0 (Windows NT 10.0; Win64; x64) AppleWebKit/537.36 (KHTML, like Gecko) Chrome/135.0.0.0 Safari/537.36"
122.150.1.4 - - [03/Jun/2025:05:57:17 +0000] "GET /admin/addEditBookingPhotographer/655/20/7990 HTTP/1.1" 200 4891 "-" "Mozilla/5.0 (Windows NT 10.0; Win64; x64) AppleWebKit/537.36 (KHTML, like Gecko) Chrome/136.0.0.0 Safari/537.36"
122.150.1.7 - - [03/Jun/2025:05:57:17 +0000] "GET /admin/addEditBookingPhotographer/655/20/7990 HTTP/1.1" 200 4891 "-" "Mozilla/5.0 (Windows NT 10.0; Win64; x64) AppleWebKit/537.36 (KHTML, like Gecko) Chrome/135.0.0.0 Safari/537.36"
122.150.1.4 - - [03/Jun/2025:05:57:17 +0000] "GET /assets/bootstrap/css/bootstrap.min.css HTTP/1.1" 200 20193 "https://tasktrakker.com.au/admin/addEditBookingPhotographer/655/20/7990" "Mozilla/5.0 (Windows NT 10.0; Win64; x64) AppleWebKit/537.36 (KHTML, like Gecko) Chrome/136.0.0.0 Safari/537.36"
122.150.1.7 - - [03/Jun/2025:05:57:17 +0000] "GET /assets/bootstrap/css/bootstrap.min.css HTTP/1.1" 200 20193 "https://tasktrakker.com.au/admin/addEditBookingPhotographer/655/20/7990" "Mozilla/5.0 (Windows NT 10.0; Win64; x64) AppleWebKit/537.36 (KHTML, like Gecko) Chrome/135.0.0.0 Safari/537.36"
122.150.1.4 - - [03/Jun/2025:05:57:17 +0000] "GET /assets/dist/css/AdminLTE.min.css HTTP/1.1" 200 15258 "https://tasktrakker.com.au/admin/addEditBookingPhotographer/655/20/7990" "Mozilla/5.0 (Windows NT 10.0; Win64; x64) AppleWebKit/537.36 (KHTML, like Gecko) Chrome/136.0.0.0 Safari/537.36"
122.150.1.7 - - [03/Jun/2025:05:57:18 +0000] "GET /assets/dist/css/AdminLTE.min.css HTTP/1.1" 200 15258 "https://tasktrakker.com.au/admin/addEditBookingPhotographer/655/20/7990" "Mozilla/5.0 (Windows NT 10.0; Win64; x64) AppleWebKit/537.36 (KHTML, like Gecko) Chrome/135.0.0.0 Safari/537.36"
122.150.1.4 - - [03/Jun/2025:05:57:18 +0000] "GET /assets/dist/css/skins/_all-skins.min.css HTTP/1.1" 200 3682 "https://tasktrakker.com.au/admin/addEditBookingPhotographer/655/20/7990" "Mozilla/5.0 (Windows NT 10.0; Win64; x64) AppleWebKit/537.36 (KHTML, like Gecko) Chrome/136.0.0.0 Safari/537.36"
122.150.1.7 - - [03/Jun/2025:05:57:18 +0000] "GET /assets/dist/css/skins/_all-skins.min.css HTTP/1.1" 200 3682 "https://tasktrakker.com.au/admin/addEditBookingPhotographer/655/20/7990" "Mozilla/5.0 (Windows NT 10.0; Win64; x64) AppleWebKit/537.36 (KHTML, like Gecko) Chrome/135.0.0.0 Safari/537.36"
122.150.1.4 - - [03/Jun/2025:05:57:18 +0000] "GET /assets/plugins/jvectormap/jquery-jvectormap-1.2.2.css HTTP/1.1" 200 708 "https://tasktrakker.com.au/admin/addEditBookingPhotographer/655/20/7990" "Mozilla/5.0 (Windows NT 10.0; Win64; x64) AppleWebKit/537.36 (KHTML, like Gecko) Chrome/136.0.0.0 Safari/537.36"
122.150.1.4 - - [03/Jun/2025:05:57:18 +0000] "GET /assets/plugins/iCheck/flat/blue.css HTTP/1.1" 200 1125 "https://tasktrakker.com.au/admin/addEditBookingPhotographer/655/20/7990" "Mozilla/5.0 (Windows NT 10.0; Win64; x64) AppleWebKit/537.36 (KHTML, like Gecko) Chrome/136.0.0.0 Safari/537.36"
122.150.1.4 - - [03/Jun/2025:05:57:18 +0000] "GET /assets/plugins/morris/morris.css HTTP/1.1" 200 926 "https://tasktrakker.com.au/admin/addEditBookingPhotographer/655/20/7990" "Mozilla/5.0 (Windows NT 10.0; Win64; x64) AppleWebKit/537.36 (KHTML, like Gecko) Chrome/136.0.0.0 Safari/537.36"
122.150.1.4 - - [03/Jun/2025:05:57:18 +0000] "GET /assets/plugins/datepicker/datepicker3.css HTTP/1.1" 200 5925 "https://tasktrakker.com.au/admin/addEditBookingPhotographer/655/20/7990" "Mozilla/5.0 (Windows NT 10.0; Win64; x64) AppleWebKit/537.36 (KHTML, like Gecko) Chrome/136.0.0.0 Safari/537.36"
122.150.1.4 - - [03/Jun/2025:05:57:18 +0000] "GET /assets/plugins/daterangepicker/daterangepicker.css HTTP/1.1" 200 4370 "https://tasktrakker.com.au/admin/addEditBookingPhotographer/655/20/7990" "Mozilla/5.0 (Windows NT 10.0; Win64; x64) AppleWebKit/537.36 (KHTML, like Gecko) Chrome/136.0.0.0 Safari/537.36"
122.150.1.4 - - [03/Jun/2025:05:57:18 +0000] "GET /assets/plugins/bootstrap-wysihtml5/bootstrap3-wysihtml5.min.css HTTP/1.1" 200 3593 "https://tasktrakker.com.au/admin/addEditBookingPhotographer/655/20/7990" "Mozilla/5.0 (Windows NT 10.0; Win64; x64) AppleWebKit/537.36 (KHTML, like Gecko) Chrome/136.0.0.0 Safari/537.36"
122.150.1.7 - - [03/Jun/2025:05:57:18 +0000] "GET /assets/plugins/iCheck/flat/blue.css HTTP/1.1" 200 1125 "https://tasktrakker.com.au/admin/addEditBookingPhotographer/655/20/7990" "Mozilla/5.0 (Windows NT 10.0; Win64; x64) AppleWebKit/537.36 (KHTML, like Gecko) Chrome/135.0.0.0 Safari/537.36"
122.150.1.7 - - [03/Jun/2025:05:57:18 +0000] "GET /assets/plugins/morris/morris.css HTTP/1.1" 200 926 "https://tasktrakker.com.au/admin/addEditBookingPhotographer/655/20/7990" "Mozilla/5.0 (Windows NT 10.0; Win64; x64) AppleWebKit/537.36 (KHTML, like Gecko) Chrome/135.0.0.0 Safari/537.36"
122.150.1.7 - - [03/Jun/2025:05:57:18 +0000] "GET /assets/plugins/jvectormap/jquery-jvectormap-1.2.2.css HTTP/1.1" 200 3279 "https://tasktrakker.com.au/admin/addEditBookingPhotographer/655/20/7990" "Mozilla/5.0 (Windows NT 10.0; Win64; x64) AppleWebKit/537.36 (KHTML, like Gecko) Chrome/135.0.0.0 Safari/537.36"
122.150.1.7 - - [03/Jun/2025:05:57:18 +0000] "GET /assets/plugins/daterangepicker/daterangepicker.css HTTP/1.1" 200 4370 "https://tasktrakker.com.au/admin/addEditBookingPhotographer/655/20/7990" "Mozilla/5.0 (Windows NT 10.0; Win64; x64) AppleWebKit/537.36 (KHTML, like Gecko) Chrome/135.0.0.0 Safari/537.36"
122.150.1.7 - - [03/Jun/2025:05:57:18 +0000] "GET /assets/plugins/datepicker/datepicker3.css HTTP/1.1" 200 3353 "https://tasktrakker.com.au/admin/addEditBookingPhotographer/655/20/7990" "Mozilla/5.0 (Windows NT 10.0; Win64; x64) AppleWebKit/537.36 (KHTML, like Gecko) Chrome/135.0.0.0 Safari/537.36"
122.150.1.4 - - [03/Jun/2025:05:57:18 +0000] "GET /assets/css/custom.css?1748930237 HTTP/1.1" 200 1143 "https://tasktrakker.com.au/admin/addEditBookingPhotographer/655/20/7990" "Mozilla/5.0 (Windows NT 10.0; Win64; x64) AppleWebKit/537.36 (KHTML, like Gecko) Chrome/136.0.0.0 Safari/537.36"
122.150.1.4 - - [03/Jun/2025:05:57:18 +0000] "GET /assets/css/star-rating.css HTTP/1.1" 200 1318 "https://tasktrakker.com.au/admin/addEditBookingPhotographer/655/20/7990" "Mozilla/5.0 (Windows NT 10.0; Win64; x64) AppleWebKit/537.36 (KHTML, like Gecko) Chrome/136.0.0.0 Safari/537.36"
122.150.1.4 - - [03/Jun/2025:05:57:18 +0000] "GET /assets/bootstrap/js/bootstrap.min.js HTTP/1.1" 200 10325 "https://tasktrakker.com.au/admin/addEditBookingPhotographer/655/20/7990" "Mozilla/5.0 (Windows NT 10.0; Win64; x64) AppleWebKit/537.36 (KHTML, like Gecko) Chrome/136.0.0.0 Safari/537.36"
122.150.1.4 - - [03/Jun/2025:05:57:18 +0000] "GET /assets/plugins/jQuery/jquery-2.2.3.js HTTP/1.1" 200 77858 "https://tasktrakker.com.au/admin/addEditBookingPhotographer/655/20/7990" "Mozilla/5.0 (Windows NT 10.0; Win64; x64) AppleWebKit/537.36 (KHTML, like Gecko) Chrome/136.0.0.0 Safari/537.36"
122.150.1.4 - - [03/Jun/2025:05:57:19 +0000] "GET /assets/plugins/sparkline/jquery.sparkline.min.js HTTP/1.1" 200 13513 "https://tasktrakker.com.au/admin/addEditBookingPhotographer/655/20/7990" "Mozilla/5.0 (Windows NT 10.0; Win64; x64) AppleWebKit/537.36 (KHTML, like Gecko) Chrome/136.0.0.0 Safari/537.36"
122.150.1.4 - - [03/Jun/2025:05:57:19 +0000] "GET /assets/plugins/jvectormap/jquery-jvectormap-1.2.2.min.js HTTP/1.1" 200 9372 "https://tasktrakker.com.au/admin/addEditBookingPhotographer/655/20/7990" "Mozilla/5.0 (Windows NT 10.0; Win64; x64) AppleWebKit/537.36 (KHTML, like Gecko) Chrome/136.0.0.0 Safari/537.36"
122.150.1.7 - - [03/Jun/2025:05:57:19 +0000] "GET /assets/plugins/bootstrap-wysihtml5/bootstrap3-wysihtml5.min.css HTTP/1.1" 200 1023 "https://tasktrakker.com.au/admin/addEditBookingPhotographer/655/20/7990" "Mozilla/5.0 (Windows NT 10.0; Win64; x64) AppleWebKit/537.36 (KHTML, like Gecko) Chrome/135.0.0.0 Safari/537.36"
122.150.1.7 - - [03/Jun/2025:05:57:19 +0000] "GET /assets/css/custom.css?1748930237 HTTP/1.1" 200 1143 "https://tasktrakker.com.au/admin/addEditBookingPhotographer/655/20/7990" "Mozilla/5.0 (Windows NT 10.0; Win64; x64) AppleWebKit/537.36 (KHTML, like Gecko) Chrome/135.0.0.0 Safari/537.36"
122.150.1.7 - - [03/Jun/2025:05:57:19 +0000] "GET /assets/css/star-rating.css HTTP/1.1" 200 1318 "https://tasktrakker.com.au/admin/addEditBookingPhotographer/655/20/7990" "Mozilla/5.0 (Windows NT 10.0; Win64; x64) AppleWebKit/537.36 (KHTML, like Gecko) Chrome/135.0.0.0 Safari/537.36"
122.150.1.7 - - [03/Jun/2025:05:57:19 +0000] "GET /assets/plugins/jQuery/jquery-2.2.3.js HTTP/1.1" 200 77858 "https://tasktrakker.com.au/admin/addEditBookingPhotographer/655/20/7990" "Mozilla/5.0 (Windows NT 10.0; Win64; x64) AppleWebKit/537.36 (KHTML, like Gecko) Chrome/135.0.0.0 Safari/537.36"
122.150.1.7 - - [03/Jun/2025:05:57:19 +0000] "GET /assets/bootstrap/js/bootstrap.min.js HTTP/1.1" 200 10325 "https://tasktrakker.com.au/admin/addEditBookingPhotographer/655/20/7990" "Mozilla/5.0 (Windows NT 10.0; Win64; x64) AppleWebKit/537.36 (KHTML, like Gecko) Chrome/135.0.0.0 Safari/537.36"
122.150.1.4 - - [03/Jun/2025:05:57:19 +0000] "GET /assets/plugins/knob/jquery.knob.js HTTP/1.1" 200 6445 "https://tasktrakker.com.au/admin/addEditBookingPhotographer/655/20/7990" "Mozilla/5.0 (Windows NT 10.0; Win64; x64) AppleWebKit/537.36 (KHTML, like Gecko) Chrome/136.0.0.0 Safari/537.36"
122.150.1.4 - - [03/Jun/2025:05:57:19 +0000] "GET /assets/plugins/jvectormap/jquery-jvectormap-world-mill-en.js HTTP/1.1" 200 51174 "https://tasktrakker.com.au/admin/addEditBookingPhotographer/655/20/7990" "Mozilla/5.0 (Windows NT 10.0; Win64; x64) AppleWebKit/537.36 (KHTML, like Gecko) Chrome/136.0.0.0 Safari/537.36"
122.150.1.4 - - [03/Jun/2025:05:57:19 +0000] "GET /assets/plugins/daterangepicker/daterangepicker.js HTTP/1.1" 200 11641 "https://tasktrakker.com.au/admin/addEditBookingPhotographer/655/20/7990" "Mozilla/5.0 (Windows NT 10.0; Win64; x64) AppleWebKit/537.36 (KHTML, like Gecko) Chrome/136.0.0.0 Safari/537.36"
122.150.1.4 - - [03/Jun/2025:05:57:19 +0000] "GET /assets/plugins/datepicker/bootstrap-datepicker.js HTTP/1.1" 200 12493 "https://tasktrakker.com.au/admin/addEditBookingPhotographer/655/20/7990" "Mozilla/5.0 (Windows NT 10.0; Win64; x64) AppleWebKit/537.36 (KHTML, like Gecko) Chrome/136.0.0.0 Safari/537.36"
122.150.1.4 - - [03/Jun/2025:05:57:19 +0000] "GET /assets/plugins/bootstrap-wysihtml5/bootstrap3-wysihtml5.all.min.js HTTP/1.1" 200 57334 "https://tasktrakker.com.au/admin/addEditBookingPhotographer/655/20/7990" "Mozilla/5.0 (Windows NT 10.0; Win64; x64) AppleWebKit/537.36 (KHTML, like Gecko) Chrome/136.0.0.0 Safari/537.36"
122.150.1.4 - - [03/Jun/2025:05:57:19 +0000] "GET /assets/plugins/slimScroll/jquery.slimscroll.min.js HTTP/1.1" 200 2309 "https://tasktrakker.com.au/admin/addEditBookingPhotographer/655/20/7990" "Mozilla/5.0 (Windows NT 10.0; Win64; x64) AppleWebKit/537.36 (KHTML, like Gecko) Chrome/136.0.0.0 Safari/537.36"
122.150.1.7 - - [03/Jun/2025:05:57:19 +0000] "GET /assets/plugins/sparkline/jquery.sparkline.min.js HTTP/1.1" 200 13513 "https://tasktrakker.com.au/admin/addEditBookingPhotographer/655/20/7990" "Mozilla/5.0 (Windows NT 10.0; Win64; x64) AppleWebKit/537.36 (KHTML, like Gecko) Chrome/135.0.0.0 Safari/537.36"
122.150.1.7 - - [03/Jun/2025:05:57:19 +0000] "GET /assets/plugins/jvectormap/jquery-jvectormap-1.2.2.min.js HTTP/1.1" 200 9372 "https://tasktrakker.com.au/admin/addEditBookingPhotographer/655/20/7990" "Mozilla/5.0 (Windows NT 10.0; Win64; x64) AppleWebKit/537.36 (KHTML, like Gecko) Chrome/135.0.0.0 Safari/537.36"
122.150.1.7 - - [03/Jun/2025:05:57:19 +0000] "GET /assets/plugins/jvectormap/jquery-jvectormap-world-mill-en.js HTTP/1.1" 200 51174 "https://tasktrakker.com.au/admin/addEditBookingPhotographer/655/20/7990" "Mozilla/5.0 (Windows NT 10.0; Win64; x64) AppleWebKit/537.36 (KHTML, like Gecko) Chrome/135.0.0.0 Safari/537.36"
122.150.1.7 - - [03/Jun/2025:05:57:19 +0000] "GET /assets/plugins/knob/jquery.knob.js HTTP/1.1" 200 6445 "https://tasktrakker.com.au/admin/addEditBookingPhotographer/655/20/7990" "Mozilla/5.0 (Windows NT 10.0; Win64; x64) AppleWebKit/537.36 (KHTML, like Gecko) Chrome/135.0.0.0 Safari/537.36"
122.150.1.7 - - [03/Jun/2025:05:57:19 +0000] "GET /assets/plugins/daterangepicker/daterangepicker.js HTTP/1.1" 200 11641 "https://tasktrakker.com.au/admin/addEditBookingPhotographer/655/20/7990" "Mozilla/5.0 (Windows NT 10.0; Win64; x64) AppleWebKit/537.36 (KHTML, like Gecko) Chrome/135.0.0.0 Safari/537.36"
122.150.1.4 - - [03/Jun/2025:05:57:19 +0000] "GET /assets/plugins/fastclick/fastclick.js HTTP/1.1" 200 8024 "https://tasktrakker.com.au/admin/addEditBookingPhotographer/655/20/7990" "Mozilla/5.0 (Windows NT 10.0; Win64; x64) AppleWebKit/537.36 (KHTML, like Gecko) Chrome/136.0.0.0 Safari/537.36"
122.150.1.4 - - [03/Jun/2025:05:57:19 +0000] "GET /assets/dist/js/app.min.js HTTP/1.1" 200 3475 "https://tasktrakker.com.au/admin/addEditBookingPhotographer/655/20/7990" "Mozilla/5.0 (Windows NT 10.0; Win64; x64) AppleWebKit/537.36 (KHTML, like Gecko) Chrome/136.0.0.0 Safari/537.36"
122.150.1.4 - - [03/Jun/2025:05:57:19 +0000] "GET /assets/plugins/datatables/dataTables.bootstrap.min.js HTTP/1.1" 200 1466 "https://tasktrakker.com.au/admin/addEditBookingPhotographer/655/20/7990" "Mozilla/5.0 (Windows NT 10.0; Win64; x64) AppleWebKit/537.36 (KHTML, like Gecko) Chrome/136.0.0.0 Safari/537.36"
122.150.1.4 - - [03/Jun/2025:05:57:19 +0000] "GET /assets/js/star-rating.js HTTP/1.1" 200 6062 "https://tasktrakker.com.au/admin/addEditBookingPhotographer/655/20/7990" "Mozilla/5.0 (Windows NT 10.0; Win64; x64) AppleWebKit/537.36 (KHTML, like Gecko) Chrome/136.0.0.0 Safari/537.36"
122.150.1.4 - - [03/Jun/2025:05:57:19 +0000] "GET /assets/dist/js/pages/dashboard.js?1748930237 HTTP/1.1" 200 4337 "https://tasktrakker.com.au/admin/addEditBookingPhotographer/655/20/7990" "Mozilla/5.0 (Windows NT 10.0; Win64; x64) AppleWebKit/537.36 (KHTML, like Gecko) Chrome/136.0.0.0 Safari/537.36"
122.150.1.4 - - [03/Jun/2025:05:57:19 +0000] "GET /assets/dist/js/demo.js HTTP/1.1" 200 3087 "https://tasktrakker.com.au/admin/addEditBookingPhotographer/655/20/7990" "Mozilla/5.0 (Windows NT 10.0; Win64; x64) AppleWebKit/537.36 (KHTML, like Gecko) Chrome/136.0.0.0 Safari/537.36"
122.150.1.7 - - [03/Jun/2025:05:57:19 +0000] "GET /assets/plugins/datepicker/bootstrap-datepicker.js HTTP/1.1" 200 12817 "https://tasktrakker.com.au/admin/addEditBookingPhotographer/655/20/7990" "Mozilla/5.0 (Windows NT 10.0; Win64; x64) AppleWebKit/537.36 (KHTML, like Gecko) Chrome/135.0.0.0 Safari/537.36"
122.150.1.7 - - [03/Jun/2025:05:57:19 +0000] "GET /assets/plugins/bootstrap-wysihtml5/bootstrap3-wysihtml5.all.min.js HTTP/1.1" 200 57334 "https://tasktrakker.com.au/admin/addEditBookingPhotographer/655/20/7990" "Mozilla/5.0 (Windows NT 10.0; Win64; x64) AppleWebKit/537.36 (KHTML, like Gecko) Chrome/135.0.0.0 Safari/537.36"
122.150.1.7 - - [03/Jun/2025:05:57:19 +0000] "GET /assets/plugins/slimScroll/jquery.slimscroll.min.js HTTP/1.1" 200 2309 "https://tasktrakker.com.au/admin/addEditBookingPhotographer/655/20/7990" "Mozilla/5.0 (Windows NT 10.0; Win64; x64) AppleWebKit/537.36 (KHTML, like Gecko) Chrome/135.0.0.0 Safari/537.36"
122.150.1.7 - - [03/Jun/2025:05:57:19 +0000] "GET /assets/plugins/fastclick/fastclick.js HTTP/1.1" 200 8024 "https://tasktrakker.com.au/admin/addEditBookingPhotographer/655/20/7990" "Mozilla/5.0 (Windows NT 10.0; Win64; x64) AppleWebKit/537.36 (KHTML, like Gecko) Chrome/135.0.0.0 Safari/537.36"
122.150.1.7 - - [03/Jun/2025:05:57:19 +0000] "GET /assets/dist/js/app.min.js HTTP/1.1" 200 3475 "https://tasktrakker.com.au/admin/addEditBookingPhotographer/655/20/7990" "Mozilla/5.0 (Windows NT 10.0; Win64; x64) AppleWebKit/537.36 (KHTML, like Gecko) Chrome/135.0.0.0 Safari/537.36"
122.150.1.7 - - [03/Jun/2025:05:57:19 +0000] "GET /assets/plugins/datatables/dataTables.bootstrap.min.js HTTP/1.1" 200 1466 "https://tasktrakker.com.au/admin/addEditBookingPhotographer/655/20/7990" "Mozilla/5.0 (Windows NT 10.0; Win64; x64) AppleWebKit/537.36 (KHTML, like Gecko) Chrome/135.0.0.0 Safari/537.36"
122.150.1.4 - - [03/Jun/2025:05:57:19 +0000] "GET /assets/js/map.js HTTP/1.1" 200 479 "https://tasktrakker.com.au/admin/addEditBookingPhotographer/655/20/7990" "Mozilla/5.0 (Windows NT 10.0; Win64; x64) AppleWebKit/537.36 (KHTML, like Gecko) Chrome/136.0.0.0 Safari/537.36"
122.150.1.4 - - [03/Jun/2025:05:57:20 +0000] "GET /assets/js/archive.js HTTP/1.1" 200 600 "https://tasktrakker.com.au/admin/addEditBookingPhotographer/655/20/7990" "Mozilla/5.0 (Windows NT 10.0; Win64; x64) AppleWebKit/537.36 (KHTML, like Gecko) Chrome/136.0.0.0 Safari/537.36"
122.150.1.4 - - [03/Jun/2025:05:57:20 +0000] "GET /assets/js/booking-unavailability.js HTTP/1.1" 200 1320 "https://tasktrakker.com.au/admin/addEditBookingPhotographer/655/20/7990" "Mozilla/5.0 (Windows NT 10.0; Win64; x64) AppleWebKit/537.36 (KHTML, like Gecko) Chrome/136.0.0.0 Safari/537.36"
122.150.1.7 - - [03/Jun/2025:05:57:20 +0000] "GET /assets/js/star-rating.js HTTP/1.1" 200 6062 "https://tasktrakker.com.au/admin/addEditBookingPhotographer/655/20/7990" "Mozilla/5.0 (Windows NT 10.0; Win64; x64) AppleWebKit/537.36 (KHTML, like Gecko) Chrome/135.0.0.0 Safari/537.36"
122.150.1.7 - - [03/Jun/2025:05:57:20 +0000] "GET /assets/dist/js/demo.js HTTP/1.1" 200 3087 "https://tasktrakker.com.au/admin/addEditBookingPhotographer/655/20/7990" "Mozilla/5.0 (Windows NT 10.0; Win64; x64) AppleWebKit/537.36 (KHTML, like Gecko) Chrome/135.0.0.0 Safari/537.36"
122.150.1.7 - - [03/Jun/2025:05:57:20 +0000] "GET /assets/dist/js/pages/dashboard.js?1748930237 HTTP/1.1" 200 4337 "https://tasktrakker.com.au/admin/addEditBookingPhotographer/655/20/7990" "Mozilla/5.0 (Windows NT 10.0; Win64; x64) AppleWebKit/537.36 (KHTML, like Gecko) Chrome/135.0.0.0 Safari/537.36"
122.150.1.7 - - [03/Jun/2025:05:57:20 +0000] "GET /assets/js/map.js HTTP/1.1" 200 479 "https://tasktrakker.com.au/admin/addEditBookingPhotographer/655/20/7990" "Mozilla/5.0 (Windows NT 10.0; Win64; x64) AppleWebKit/537.36 (KHTML, like Gecko) Chrome/135.0.0.0 Safari/537.36"
122.150.1.7 - - [03/Jun/2025:05:57:20 +0000] "GET /assets/js/archive.js HTTP/1.1" 200 600 "https://tasktrakker.com.au/admin/addEditBookingPhotographer/655/20/7990" "Mozilla/5.0 (Windows NT 10.0; Win64; x64) AppleWebKit/537.36 (KHTML, like Gecko) Chrome/135.0.0.0 Safari/537.36"
122.150.1.7 - - [03/Jun/2025:05:57:20 +0000] "GET /assets/js/booking-unavailability.js HTTP/1.1" 200 1320 "https://tasktrakker.com.au/admin/addEditBookingPhotographer/655/20/7990" "Mozilla/5.0 (Windows NT 10.0; Win64; x64) AppleWebKit/537.36 (KHTML, like Gecko) Chrome/135.0.0.0 Safari/537.36"
124.170.5.32 - - [03/Jun/2025:05:57:23 +0000] "GET /index.php/admin/autologinPhotographer/655/20/7991 HTTP/1.1" 302 1325 "-" "Mozilla/5.0 (Windows NT 10.0; Win64; x64) AppleWebKit/537.36 (KHTML, like Gecko) Chrome/136.0.0.0 Safari/537.36"
124.170.5.32 - - [03/Jun/2025:05:57:23 +0000] "GET /admin/addEditBookingPhotographer/655/20/7991 HTTP/1.1" 200 4892 "-" "Mozilla/5.0 (Windows NT 10.0; Win64; x64) AppleWebKit/537.36 (KHTML, like Gecko) Chrome/136.0.0.0 Safari/537.36"
124.170.5.32 - - [03/Jun/2025:05:57:23 +0000] "GET /assets/css/custom.css?1748930243 HTTP/1.1" 200 1143 "https://tasktrakker.com.au/admin/addEditBookingPhotographer/655/20/7991" "Mozilla/5.0 (Windows NT 10.0; Win64; x64) AppleWebKit/537.36 (KHTML, like Gecko) Chrome/136.0.0.0 Safari/537.36"
124.170.5.32 - - [03/Jun/2025:05:57:23 +0000] "GET /assets/dist/js/pages/dashboard.js?1748930243 HTTP/1.1" 200 4337 "https://tasktrakker.com.au/admin/addEditBookingPhotographer/655/20/7991" "Mozilla/5.0 (Windows NT 10.0; Win64; x64) AppleWebKit/537.36 (KHTML, like Gecko) Chrome/136.0.0.0 Safari/537.36"
124.170.5.32 - - [03/Jun/2025:05:57:25 +0000] "POST /index.php/admin/AcceptDeclineBooking HTTP/1.1" 303 398 "https://tasktrakker.com.au/admin/addEditBookingPhotographer/655/20/7991" "Mozilla/5.0 (Windows NT 10.0; Win64; x64) AppleWebKit/537.36 (KHTML, like Gecko) Chrome/136.0.0.0 Safari/537.36"
124.170.5.32 - - [03/Jun/2025:05:57:25 +0000] "GET /admin/addEditBookingPhotographer/655/20/7991 HTTP/1.1" 200 5035 "https://tasktrakker.com.au/admin/addEditBookingPhotographer/655/20/7991" "Mozilla/5.0 (Windows NT 10.0; Win64; x64) AppleWebKit/537.36 (KHTML, like Gecko) Chrome/136.0.0.0 Safari/537.36"
124.170.5.32 - - [03/Jun/2025:05:57:25 +0000] "GET /assets/css/custom.css?1748930245 HTTP/1.1" 200 1143 "https://tasktrakker.com.au/admin/addEditBookingPhotographer/655/20/7991" "Mozilla/5.0 (Windows NT 10.0; Win64; x64) AppleWebKit/537.36 (KHTML, like Gecko) Chrome/136.0.0.0 Safari/537.36"
124.170.5.32 - - [03/Jun/2025:05:57:25 +0000] "GET /assets/dist/js/pages/dashboard.js?1748930245 HTTP/1.1" 200 4661 "https://tasktrakker.com.au/admin/addEditBookingPhotographer/655/20/7991" "Mozilla/5.0 (Windows NT 10.0; Win64; x64) AppleWebKit/537.36 (KHTML, like Gecko) Chrome/136.0.0.0 Safari/537.36"
203.219.196.68 - - [03/Jun/2025:05:57:27 +0000] "GET /index.php/admin/autologinPhotographer/655/20/7991 HTTP/1.1" 302 3856 "-" "Mozilla/5.0 (Windows NT 10.0; Win64; x64) AppleWebKit/537.36 (KHTML, like Gecko) Chrome/135.0.0.0 Safari/537.36"
141.168.13.197 - - [03/Jun/2025:05:57:27 +0000] "GET /index.php/admin/autologinPhotographer/655/20/7991 HTTP/1.1" 302 3858 "-" "Mozilla/5.0 (Windows NT 10.0; Win64; x64) AppleWebKit/537.36 (KHTML, like Gecko) Chrome/136.0.0.0 Safari/537.36"
::1 - - [03/Jun/2025:05:57:27 +0000] "OPTIONS * HTTP/1.0" 200 126 "-" "Apache/2.4.58 (Ubuntu) OpenSSL/3.0.13 (internal dummy connection)"
203.219.196.68 - - [03/Jun/2025:05:57:28 +0000] "GET /admin/addEditBookingPhotographer/655/20/7991 HTTP/1.1" 200 4892 "-" "Mozilla/5.0 (Windows NT 10.0; Win64; x64) AppleWebKit/537.36 (KHTML, like Gecko) Chrome/135.0.0.0 Safari/537.36"
141.168.13.197 - - [03/Jun/2025:05:57:28 +0000] "GET /admin/addEditBookingPhotographer/655/20/7991 HTTP/1.1" 200 4892 "-" "Mozilla/5.0 (Windows NT 10.0; Win64; x64) AppleWebKit/537.36 (KHTML, like Gecko) Chrome/136.0.0.0 Safari/537.36"
203.219.196.68 - - [03/Jun/2025:05:57:28 +0000] "GET /assets/bootstrap/css/bootstrap.min.css HTTP/1.1" 200 20193 "https://tasktrakker.com.au/admin/addEditBookingPhotographer/655/20/7991" "Mozilla/5.0 (Windows NT 10.0; Win64; x64) AppleWebKit/537.36 (KHTML, like Gecko) Chrome/135.0.0.0 Safari/537.36"
141.168.13.197 - - [03/Jun/2025:05:57:28 +0000] "GET /assets/bootstrap/css/bootstrap.min.css HTTP/1.1" 200 20193 "https://tasktrakker.com.au/admin/addEditBookingPhotographer/655/20/7991" "Mozilla/5.0 (Windows NT 10.0; Win64; x64) AppleWebKit/537.36 (KHTML, like Gecko) Chrome/136.0.0.0 Safari/537.36"
141.168.13.197 - - [03/Jun/2025:05:57:28 +0000] "GET /assets/dist/css/AdminLTE.min.css HTTP/1.1" 200 15258 "https://tasktrakker.com.au/admin/addEditBookingPhotographer/655/20/7991" "Mozilla/5.0 (Windows NT 10.0; Win64; x64) AppleWebKit/537.36 (KHTML, like Gecko) Chrome/136.0.0.0 Safari/537.36"
203.219.196.68 - - [03/Jun/2025:05:57:28 +0000] "GET /assets/dist/css/AdminLTE.min.css HTTP/1.1" 200 15258 "https://tasktrakker.com.au/admin/addEditBookingPhotographer/655/20/7991" "Mozilla/5.0 (Windows NT 10.0; Win64; x64) AppleWebKit/537.36 (KHTML, like Gecko) Chrome/135.0.0.0 Safari/537.36"
::1 - - [03/Jun/2025:05:57:28 +0000] "OPTIONS * HTTP/1.0" 200 126 "-" "Apache/2.4.58 (Ubuntu) OpenSSL/3.0.13 (internal dummy connection)"
141.168.13.197 - - [03/Jun/2025:05:57:29 +0000] "GET /assets/dist/css/skins/_all-skins.min.css HTTP/1.1" 200 3682 "https://tasktrakker.com.au/admin/addEditBookingPhotographer/655/20/7991" "Mozilla/5.0 (Windows NT 10.0; Win64; x64) AppleWebKit/537.36 (KHTML, like Gecko) Chrome/136.0.0.0 Safari/537.36"
203.219.196.68 - - [03/Jun/2025:05:57:29 +0000] "GET /assets/dist/css/skins/_all-skins.min.css HTTP/1.1" 200 3682 "https://tasktrakker.com.au/admin/addEditBookingPhotographer/655/20/7991" "Mozilla/5.0 (Windows NT 10.0; Win64; x64) AppleWebKit/537.36 (KHTML, like Gecko) Chrome/135.0.0.0 Safari/537.36"
141.168.13.197 - - [03/Jun/2025:05:57:29 +0000] "GET /assets/plugins/iCheck/flat/blue.css HTTP/1.1" 200 801 "https://tasktrakker.com.au/admin/addEditBookingPhotographer/655/20/7991" "Mozilla/5.0 (Windows NT 10.0; Win64; x64) AppleWebKit/537.36 (KHTML, like Gecko) Chrome/136.0.0.0 Safari/537.36"
141.168.13.197 - - [03/Jun/2025:05:57:29 +0000] "GET /assets/plugins/morris/morris.css HTTP/1.1" 200 926 "https://tasktrakker.com.au/admin/addEditBookingPhotographer/655/20/7991" "Mozilla/5.0 (Windows NT 10.0; Win64; x64) AppleWebKit/537.36 (KHTML, like Gecko) Chrome/136.0.0.0 Safari/537.36"
141.168.13.197 - - [03/Jun/2025:05:57:29 +0000] "GET /assets/plugins/jvectormap/jquery-jvectormap-1.2.2.css HTTP/1.1" 200 3280 "https://tasktrakker.com.au/admin/addEditBookingPhotographer/655/20/7991" "Mozilla/5.0 (Windows NT 10.0; Win64; x64) AppleWebKit/537.36 (KHTML, like Gecko) Chrome/136.0.0.0 Safari/537.36"
203.219.196.68 - - [03/Jun/2025:05:57:29 +0000] "GET /assets/plugins/iCheck/flat/blue.css HTTP/1.1" 200 801 "https://tasktrakker.com.au/admin/addEditBookingPhotographer/655/20/7991" "Mozilla/5.0 (Windows NT 10.0; Win64; x64) AppleWebKit/537.36 (KHTML, like Gecko) Chrome/135.0.0.0 Safari/537.36"
141.168.13.197 - - [03/Jun/2025:05:57:29 +0000] "GET /assets/plugins/daterangepicker/daterangepicker.css HTTP/1.1" 200 4370 "https://tasktrakker.com.au/admin/addEditBookingPhotographer/655/20/7991" "Mozilla/5.0 (Windows NT 10.0; Win64; x64) AppleWebKit/537.36 (KHTML, like Gecko) Chrome/136.0.0.0 Safari/537.36"
141.168.13.197 - - [03/Jun/2025:05:57:29 +0000] "GET /assets/plugins/datepicker/datepicker3.css HTTP/1.1" 200 3677 "https://tasktrakker.com.au/admin/addEditBookingPhotographer/655/20/7991" "Mozilla/5.0 (Windows NT 10.0; Win64; x64) AppleWebKit/537.36 (KHTML, like Gecko) Chrome/136.0.0.0 Safari/537.36"
141.168.13.197 - - [03/Jun/2025:05:57:29 +0000] "GET /assets/plugins/bootstrap-wysihtml5/bootstrap3-wysihtml5.min.css HTTP/1.1" 200 3595 "https://tasktrakker.com.au/admin/addEditBookingPhotographer/655/20/7991" "Mozilla/5.0 (Windows NT 10.0; Win64; x64) AppleWebKit/537.36 (KHTML, like Gecko) Chrome/136.0.0.0 Safari/537.36"
203.219.196.68 - - [03/Jun/2025:05:57:29 +0000] "GET /assets/plugins/morris/morris.css HTTP/1.1" 200 926 "https://tasktrakker.com.au/admin/addEditBookingPhotographer/655/20/7991" "Mozilla/5.0 (Windows NT 10.0; Win64; x64) AppleWebKit/537.36 (KHTML, like Gecko) Chrome/135.0.0.0 Safari/537.36"
203.219.196.68 - - [03/Jun/2025:05:57:29 +0000] "GET /assets/plugins/jvectormap/jquery-jvectormap-1.2.2.css HTTP/1.1" 200 1032 "https://tasktrakker.com.au/admin/addEditBookingPhotographer/655/20/7991" "Mozilla/5.0 (Windows NT 10.0; Win64; x64) AppleWebKit/537.36 (KHTML, like Gecko) Chrome/135.0.0.0 Safari/537.36"
141.168.13.197 - - [03/Jun/2025:05:57:29 +0000] "GET /assets/css/custom.css?1748930248 HTTP/1.1" 200 1143 "https://tasktrakker.com.au/admin/addEditBookingPhotographer/655/20/7991" "Mozilla/5.0 (Windows NT 10.0; Win64; x64) AppleWebKit/537.36 (KHTML, like Gecko) Chrome/136.0.0.0 Safari/537.36"
141.168.13.197 - - [03/Jun/2025:05:57:29 +0000] "GET /assets/bootstrap/js/bootstrap.min.js HTTP/1.1" 200 10325 "https://tasktrakker.com.au/admin/addEditBookingPhotographer/655/20/7991" "Mozilla/5.0 (Windows NT 10.0; Win64; x64) AppleWebKit/537.36 (KHTML, like Gecko) Chrome/136.0.0.0 Safari/537.36"
