82.29.210.68 - - [03/Jun/2025:00:02:21 +0000] "GET /.env HTTP/1.1" 404 453 "-" "Mozilla/5.0 (Windows NT 10.0; Win64; x64) AppleWebKit/537.36 (KHTML, like Gecko) Chrome/116.0.5845.140 Safari/537.36"
82.29.210.68 - - [03/Jun/2025:00:02:21 +0000] "POST / HTTP/1.1" 404 453 "-" "Mozilla/5.0 (Windows NT 10.0; Win64; x64) AppleWebKit/537.36 (KHTML, like Gecko) Chrome/116.0.5845.140 Safari/537.36"
202.62.242.117 - - [03/Jun/2025:00:04:59 +0000] "GET /index.php/admin/get_fullcalendar?start=2025-06-01T00%3A00%3A00%2B10%3A00&end=2025-07-13T00%3A00%3A00%2B10%3A00 HTTP/1.1" 200 6341 "https://tasktrakker.com.au/index.php/admin/main" "Mozilla/5.0 (Windows NT 10.0; Win64; x64) AppleWebKit/537.36 (KHTML, like Gecko) Chrome/136.0.0.0 Safari/537.36 Edg/136.0.0.0"
202.62.242.117 - - [03/Jun/2025:00:04:59 +0000] "GET /index.php/admin/get_fullcalendar?start=2025-06-29T00%3A00%3A00%2B10%3A00&end=2025-08-10T00%3A00%3A00%2B10%3A00 HTTP/1.1" 200 3201 "https://tasktrakker.com.au/index.php/admin/main" "Mozilla/5.0 (Windows NT 10.0; Win64; x64) AppleWebKit/537.36 (KHTML, like Gecko) Chrome/136.0.0.0 Safari/537.36 Edg/136.0.0.0"
202.62.242.117 - - [03/Jun/2025:00:05:10 +0000] "GET /index.php/admin/addcustomersview/9535 HTTP/1.1" 200 13141 "https://tasktrakker.com.au/index.php/admin/main" "Mozilla/5.0 (Windows NT 10.0; Win64; x64) AppleWebKit/537.36 (KHTML, like Gecko) Chrome/136.0.0.0 Safari/537.36 Edg/136.0.0.0"
202.62.242.117 - - [03/Jun/2025:00:05:10 +0000] "GET /assets/css/custom.css?1748909110 HTTP/1.1" 200 1143 "https://tasktrakker.com.au/index.php/admin/addcustomersview/9535" "Mozilla/5.0 (Windows NT 10.0; Win64; x64) AppleWebKit/537.36 (KHTML, like Gecko) Chrome/136.0.0.0 Safari/537.36 Edg/136.0.0.0"
202.62.242.117 - - [03/Jun/2025:00:05:10 +0000] "GET /assets/dist/js/pages/dashboard.js?1748909110 HTTP/1.1" 200 4661 "https://tasktrakker.com.au/index.php/admin/addcustomersview/9535" "Mozilla/5.0 (Windows NT 10.0; Win64; x64) AppleWebKit/537.36 (KHTML, like Gecko) Chrome/136.0.0.0 Safari/537.36 Edg/136.0.0.0"
202.62.242.117 - - [03/Jun/2025:00:05:15 +0000] "GET /index.php/admin/main HTTP/1.1" 200 7383 "https://tasktrakker.com.au/index.php/admin/addcustomersview/9535" "Mozilla/5.0 (Windows NT 10.0; Win64; x64) AppleWebKit/537.36 (KHTML, like Gecko) Chrome/136.0.0.0 Safari/537.36 Edg/136.0.0.0"
202.62.242.117 - - [03/Jun/2025:00:05:15 +0000] "GET /assets/dist/js/pages/dashboard.js?1748909115 HTTP/1.1" 200 4661 "https://tasktrakker.com.au/index.php/admin/main" "Mozilla/5.0 (Windows NT 10.0; Win64; x64) AppleWebKit/537.36 (KHTML, like Gecko) Chrome/136.0.0.0 Safari/537.36 Edg/136.0.0.0"
202.62.242.117 - - [03/Jun/2025:00:05:15 +0000] "GET /assets/css/custom.css?1748909115 HTTP/1.1" 200 1143 "https://tasktrakker.com.au/index.php/admin/main" "Mozilla/5.0 (Windows NT 10.0; Win64; x64) AppleWebKit/537.36 (KHTML, like Gecko) Chrome/136.0.0.0 Safari/537.36 Edg/136.0.0.0"
202.62.242.117 - - [03/Jun/2025:00:05:15 +0000] "GET /index.php/admin/get_fullcalendar?start=2025-06-01T00%3A00%3A00%2B10%3A00&end=2025-07-13T00%3A00%3A00%2B10%3A00 HTTP/1.1" 200 3627 "https://tasktrakker.com.au/index.php/admin/main" "Mozilla/5.0 (Windows NT 10.0; Win64; x64) AppleWebKit/537.36 (KHTML, like Gecko) Chrome/136.0.0.0 Safari/537.36 Edg/136.0.0.0"
202.62.242.117 - - [03/Jun/2025:00:05:15 +0000] "GET /index.php/admin/get_fullcalendar?start=2025-06-29T00%3A00%3A00%2B10%3A00&end=2025-08-10T00%3A00%3A00%2B10%3A00 HTTP/1.1" 200 3201 "https://tasktrakker.com.au/index.php/admin/main" "Mozilla/5.0 (Windows NT 10.0; Win64; x64) AppleWebKit/537.36 (KHTML, like Gecko) Chrome/136.0.0.0 Safari/537.36 Edg/136.0.0.0"
202.62.242.117 - - [03/Jun/2025:00:05:42 +0000] "GET /index.php/admin/photo_form/6345 HTTP/1.1" 200 10036 "https://tasktrakker.com.au/index.php/admin/photo_view" "Mozilla/5.0 (Windows NT 10.0; Win64; x64; rv:138.0) Gecko/20100101 Firefox/138.0"
202.62.242.117 - - [03/Jun/2025:00:05:42 +0000] "GET /assets/css/custom.css?1748909142 HTTP/1.1" 200 1143 "https://tasktrakker.com.au/index.php/admin/photo_form/6345" "Mozilla/5.0 (Windows NT 10.0; Win64; x64; rv:138.0) Gecko/20100101 Firefox/138.0"
202.62.242.117 - - [03/Jun/2025:00:05:42 +0000] "GET /assets/dist/js/pages/dashboard.js?1748909142 HTTP/1.1" 200 6909 "https://tasktrakker.com.au/index.php/admin/photo_form/6345" "Mozilla/5.0 (Windows NT 10.0; Win64; x64; rv:138.0) Gecko/20100101 Firefox/138.0"
202.62.242.117 - - [03/Jun/2025:00:05:42 +0000] "GET /uploads/photos/6556_250525010124.jpeg HTTP/1.1" 200 424531 "https://tasktrakker.com.au/index.php/admin/photo_form/6345" "Mozilla/5.0 (Windows NT 10.0; Win64; x64; rv:138.0) Gecko/20100101 Firefox/138.0"
::1 - - [03/Jun/2025:00:05:48 +0000] "OPTIONS * HTTP/1.0" 200 126 "-" "Apache/2.4.58 (Ubuntu) OpenSSL/3.0.13 (internal dummy connection)"
202.62.242.117 - - [03/Jun/2025:00:06:02 +0000] "GET /index.php/admin/photo_view/6556 HTTP/1.1" 200 6806 "https://tasktrakker.com.au/index.php/admin/photo_form/6345" "Mozilla/5.0 (Windows NT 10.0; Win64; x64; rv:138.0) Gecko/20100101 Firefox/138.0"
202.62.242.117 - - [03/Jun/2025:00:06:02 +0000] "GET /assets/css/custom.css?1748909162 HTTP/1.1" 200 1143 "https://tasktrakker.com.au/index.php/admin/photo_view/6556" "Mozilla/5.0 (Windows NT 10.0; Win64; x64; rv:138.0) Gecko/20100101 Firefox/138.0"
202.62.242.117 - - [03/Jun/2025:00:06:02 +0000] "GET /assets/dist/js/pages/dashboard.js?1748909162 HTTP/1.1" 200 4661 "https://tasktrakker.com.au/index.php/admin/photo_view/6556" "Mozilla/5.0 (Windows NT 10.0; Win64; x64; rv:138.0) Gecko/20100101 Firefox/138.0"
202.62.242.117 - - [03/Jun/2025:00:06:04 +0000] "GET /index.php/admin/photo_form/6344 HTTP/1.1" 200 7259 "https://tasktrakker.com.au/index.php/admin/photo_view/6556" "Mozilla/5.0 (Windows NT 10.0; Win64; x64; rv:138.0) Gecko/20100101 Firefox/138.0"
202.62.242.117 - - [03/Jun/2025:00:06:04 +0000] "GET /assets/css/custom.css?1748909164 HTTP/1.1" 200 1143 "https://tasktrakker.com.au/index.php/admin/photo_form/6344" "Mozilla/5.0 (Windows NT 10.0; Win64; x64; rv:138.0) Gecko/20100101 Firefox/138.0"
202.62.242.117 - - [03/Jun/2025:00:06:04 +0000] "GET /assets/dist/js/pages/dashboard.js?1748909164 HTTP/1.1" 200 4337 "https://tasktrakker.com.au/index.php/admin/photo_form/6344" "Mozilla/5.0 (Windows NT 10.0; Win64; x64; rv:138.0) Gecko/20100101 Firefox/138.0"
202.62.242.117 - - [03/Jun/2025:00:06:04 +0000] "GET /uploads/photos/6556_250525010109.jpeg HTTP/1.1" 200 476384 "https://tasktrakker.com.au/index.php/admin/photo_form/6344" "Mozilla/5.0 (Windows NT 10.0; Win64; x64; rv:138.0) Gecko/20100101 Firefox/138.0"
40.77.167.7 - - [03/Jun/2025:00:06:09 +0000] "GET /index.php/admin/login HTTP/1.1" 200 4546 "-" "Mozilla/5.0 AppleWebKit/537.36 (KHTML, like Gecko; compatible; bingbot/2.0; +http://www.bing.com/bingbot.htm) Chrome/116.0.1938.76 Safari/537.36"
52.167.144.199 - - [03/Jun/2025:00:06:21 +0000] "GET /index.php/admin/addcustomersview/3536 HTTP/1.1" 500 5045 "-" "Mozilla/5.0 AppleWebKit/537.36 (KHTML, like Gecko; compatible; bingbot/2.0; +http://www.bing.com/bingbot.htm) Chrome/116.0.1938.76 Safari/537.36"
40.77.167.7 - - [03/Jun/2025:00:06:25 +0000] "GET /index.php/admin/deleteLeadop/2204 HTTP/1.1" 302 3130 "-" "Mozilla/5.0 AppleWebKit/537.36 (KHTML, like Gecko; compatible; bingbot/2.0; +http://www.bing.com/bingbot.htm) Chrome/116.0.1938.76 Safari/537.36"
40.77.167.7 - - [03/Jun/2025:00:06:27 +0000] "GET /admin/error_view HTTP/1.1" 302 305 "-" "Mozilla/5.0 AppleWebKit/537.36 (KHTML, like Gecko; compatible; bingbot/2.0; +http://www.bing.com/bingbot.htm) Chrome/116.0.1938.76 Safari/537.36"
40.77.167.7 - - [03/Jun/2025:00:06:28 +0000] "GET /admin/main HTTP/1.1" 500 2213 "-" "Mozilla/5.0 AppleWebKit/537.36 (KHTML, like Gecko; compatible; bingbot/2.0; +http://www.bing.com/bingbot.htm) Chrome/116.0.1938.76 Safari/537.36"
202.62.242.117 - - [03/Jun/2025:00:06:30 +0000] "GET /index.php/admin/photo_view/6556 HTTP/1.1" 200 6806 "https://tasktrakker.com.au/index.php/admin/photo_form/6344" "Mozilla/5.0 (Windows NT 10.0; Win64; x64; rv:138.0) Gecko/20100101 Firefox/138.0"
202.62.242.117 - - [03/Jun/2025:00:06:30 +0000] "GET /assets/css/custom.css?1748909190 HTTP/1.1" 200 1143 "https://tasktrakker.com.au/index.php/admin/photo_view/6556" "Mozilla/5.0 (Windows NT 10.0; Win64; x64; rv:138.0) Gecko/20100101 Firefox/138.0"
202.62.242.117 - - [03/Jun/2025:00:06:30 +0000] "GET /assets/dist/js/pages/dashboard.js?1748909190 HTTP/1.1" 200 4661 "https://tasktrakker.com.au/index.php/admin/photo_view/6556" "Mozilla/5.0 (Windows NT 10.0; Win64; x64; rv:138.0) Gecko/20100101 Firefox/138.0"
202.62.242.117 - - [03/Jun/2025:00:06:35 +0000] "-" 408 323 "-" "-"
202.62.242.117 - - [03/Jun/2025:00:06:35 +0000] "-" 408 323 "-" "-"
::1 - - [03/Jun/2025:00:06:36 +0000] "OPTIONS * HTTP/1.0" 200 126 "-" "Apache/2.4.58 (Ubuntu) OpenSSL/3.0.13 (internal dummy connection)"
::1 - - [03/Jun/2025:00:06:37 +0000] "OPTIONS * HTTP/1.0" 200 126 "-" "Apache/2.4.58 (Ubuntu) OpenSSL/3.0.13 (internal dummy connection)"
::1 - - [03/Jun/2025:00:06:38 +0000] "OPTIONS * HTTP/1.0" 200 126 "-" "Apache/2.4.58 (Ubuntu) OpenSSL/3.0.13 (internal dummy connection)"
40.77.167.7 - - [03/Jun/2025:00:07:03 +0000] "GET /index.php/admin/addleadview/2741 HTTP/1.1" 500 5040 "-" "Mozilla/5.0 AppleWebKit/537.36 (KHTML, like Gecko; compatible; bingbot/2.0; +http://www.bing.com/bingbot.htm) Chrome/116.0.1938.76 Safari/537.36"
202.62.242.117 - - [03/Jun/2025:00:07:35 +0000] "-" 408 323 "-" "-"
202.62.242.117 - - [03/Jun/2025:00:07:35 +0000] "-" 408 323 "-" "-"
202.62.242.117 - - [03/Jun/2025:00:08:35 +0000] "-" 408 323 "-" "-"
202.62.242.117 - - [03/Jun/2025:00:08:35 +0000] "-" 408 323 "-" "-"
202.62.242.117 - - [03/Jun/2025:00:09:35 +0000] "-" 408 323 "-" "-"
202.62.242.117 - - [03/Jun/2025:00:09:35 +0000] "-" 408 323 "-" "-"
20.169.85.114 - - [03/Jun/2025:00:11:18 +0000] "GET /owa/auth/logon.aspx HTTP/1.1" 404 2638 "-" "Mozilla/5.0 zgrab/0.x"
157.55.39.11 - - [03/Jun/2025:00:14:44 +0000] "GET /index.php/admin/addleadview/7544 HTTP/1.1" 500 5040 "-" "Mozilla/5.0 AppleWebKit/537.36 (KHTML, like Gecko; compatible; bingbot/2.0; +http://www.bing.com/bingbot.htm) Chrome/116.0.1938.76 Safari/537.36"
157.55.39.11 - - [03/Jun/2025:00:19:25 +0000] "GET /index.php/admin/addcustomersview/6691 HTTP/1.1" 500 5046 "-" "Mozilla/5.0 AppleWebKit/537.36 (KHTML, like Gecko; compatible; bingbot/2.0; +http://www.bing.com/bingbot.htm) Chrome/116.0.1938.76 Safari/537.36"
157.55.39.11 - - [03/Jun/2025:00:19:35 +0000] "GET /index.php/admin/deleteLeadop/8807 HTTP/1.1" 302 3130 "-" "Mozilla/5.0 AppleWebKit/537.36 (KHTML, like Gecko; compatible; bingbot/2.0; +http://www.bing.com/bingbot.htm) Chrome/116.0.1938.76 Safari/537.36"
157.55.39.11 - - [03/Jun/2025:00:19:35 +0000] "GET /admin/error_view HTTP/1.1" 302 305 "-" "Mozilla/5.0 AppleWebKit/537.36 (KHTML, like Gecko; compatible; bingbot/2.0; +http://www.bing.com/bingbot.htm) Chrome/116.0.1938.76 Safari/537.36"
157.55.39.11 - - [03/Jun/2025:00:19:36 +0000] "GET /admin/main HTTP/1.1" 500 2213 "-" "Mozilla/5.0 AppleWebKit/537.36 (KHTML, like Gecko; compatible; bingbot/2.0; +http://www.bing.com/bingbot.htm) Chrome/116.0.1938.76 Safari/537.36"
52.167.144.204 - - [03/Jun/2025:00:22:45 +0000] "GET /index.php/admin/addleadview/6229 HTTP/1.1" 500 5041 "-" "Mozilla/5.0 AppleWebKit/537.36 (KHTML, like Gecko; compatible; bingbot/2.0; +http://www.bing.com/bingbot.htm) Chrome/116.0.1938.76 Safari/537.36"
40.77.167.19 - - [03/Jun/2025:00:22:49 +0000] "GET /index.php/admin/booking_archive/3410 HTTP/1.1" 500 5045 "-" "Mozilla/5.0 AppleWebKit/537.36 (KHTML, like Gecko; compatible; bingbot/2.0; +http://www.bing.com/bingbot.htm) Chrome/116.0.1938.76 Safari/537.36"
69.63.189.1 - - [03/Jun/2025:00:24:39 +0000] "GET /robots.txt HTTP/1.1" 206 2960 "-" "facebookexternalhit/1.1 (+http://www.facebook.com/externalhit_uatext.php)"
157.55.39.11 - - [03/Jun/2025:00:25:06 +0000] "GET /index.php/admin/convert_customer_to_lead/9709 HTTP/1.1" 302 3129 "-" "Mozilla/5.0 AppleWebKit/537.36 (KHTML, like Gecko; compatible; bingbot/2.0; +http://www.bing.com/bingbot.htm) Chrome/116.0.1938.76 Safari/537.36"
157.55.39.11 - - [03/Jun/2025:00:25:07 +0000] "GET /admin/error_view HTTP/1.1" 302 305 "-" "Mozilla/5.0 AppleWebKit/537.36 (KHTML, like Gecko; compatible; bingbot/2.0; +http://www.bing.com/bingbot.htm) Chrome/116.0.1938.76 Safari/537.36"
157.55.39.11 - - [03/Jun/2025:00:25:08 +0000] "GET /admin/main HTTP/1.1" 500 2213 "-" "Mozilla/5.0 AppleWebKit/537.36 (KHTML, like Gecko; compatible; bingbot/2.0; +http://www.bing.com/bingbot.htm) Chrome/116.0.1938.76 Safari/537.36"
157.55.39.11 - - [03/Jun/2025:00:25:34 +0000] "GET /index.php/admin/addleadview/6474 HTTP/1.1" 500 5040 "-" "Mozilla/5.0 AppleWebKit/537.36 (KHTML, like Gecko; compatible; bingbot/2.0; +http://www.bing.com/bingbot.htm) Chrome/116.0.1938.76 Safari/537.36"
202.62.242.117 - - [03/Jun/2025:00:25:41 +0000] "-" 408 2571 "-" "-"
202.62.242.117 - - [03/Jun/2025:00:25:41 +0000] "-" 408 2569 "-" "-"
202.62.242.117 - - [03/Jun/2025:00:26:41 +0000] "-" 408 323 "-" "-"
202.62.242.117 - - [03/Jun/2025:00:26:41 +0000] "-" 408 323 "-" "-"
202.62.242.117 - - [03/Jun/2025:00:26:57 +0000] "GET /index.php/admin/addcustomersview/9536 HTTP/1.1" 200 11023 "https://tasktrakker.com.au/index.php/admin/main" "Mozilla/5.0 (Windows NT 10.0; Win64; x64) AppleWebKit/537.36 (KHTML, like Gecko) Chrome/136.0.0.0 Safari/537.36 Edg/136.0.0.0"
202.62.242.117 - - [03/Jun/2025:00:26:57 +0000] "GET /assets/css/custom.css?1748910417 HTTP/1.1" 200 1143 "https://tasktrakker.com.au/index.php/admin/addcustomersview/9536" "Mozilla/5.0 (Windows NT 10.0; Win64; x64) AppleWebKit/537.36 (KHTML, like Gecko) Chrome/136.0.0.0 Safari/537.36 Edg/136.0.0.0"
202.62.242.117 - - [03/Jun/2025:00:26:57 +0000] "GET /assets/dist/js/pages/dashboard.js?1748910417 HTTP/1.1" 200 4661 "https://tasktrakker.com.au/index.php/admin/addcustomersview/9536" "Mozilla/5.0 (Windows NT 10.0; Win64; x64) AppleWebKit/537.36 (KHTML, like Gecko) Chrome/136.0.0.0 Safari/537.36 Edg/136.0.0.0"
202.62.242.117 - - [03/Jun/2025:00:28:17 +0000] "GET /index.php/admin/main HTTP/1.1" 200 7384 "https://tasktrakker.com.au/index.php/admin/addcustomersview/9536" "Mozilla/5.0 (Windows NT 10.0; Win64; x64) AppleWebKit/537.36 (KHTML, like Gecko) Chrome/136.0.0.0 Safari/537.36 Edg/136.0.0.0"
202.62.242.117 - - [03/Jun/2025:00:28:17 +0000] "GET /assets/css/custom.css?1748910497 HTTP/1.1" 200 1143 "https://tasktrakker.com.au/index.php/admin/main" "Mozilla/5.0 (Windows NT 10.0; Win64; x64) AppleWebKit/537.36 (KHTML, like Gecko) Chrome/136.0.0.0 Safari/537.36 Edg/136.0.0.0"
202.62.242.117 - - [03/Jun/2025:00:28:17 +0000] "-" 408 323 "-" "-"
202.62.242.117 - - [03/Jun/2025:00:28:17 +0000] "GET /assets/dist/js/pages/dashboard.js?1748910497 HTTP/1.1" 200 4337 "https://tasktrakker.com.au/index.php/admin/main" "Mozilla/5.0 (Windows NT 10.0; Win64; x64) AppleWebKit/537.36 (KHTML, like Gecko) Chrome/136.0.0.0 Safari/537.36 Edg/136.0.0.0"
202.62.242.117 - - [03/Jun/2025:00:28:17 +0000] "GET /index.php/admin/get_fullcalendar?start=2025-06-01T00%3A00%3A00%2B10%3A00&end=2025-07-13T00%3A00%3A00%2B10%3A00 HTTP/1.1" 200 3627 "https://tasktrakker.com.au/index.php/admin/main" "Mozilla/5.0 (Windows NT 10.0; Win64; x64) AppleWebKit/537.36 (KHTML, like Gecko) Chrome/136.0.0.0 Safari/537.36 Edg/136.0.0.0"
202.62.242.117 - - [03/Jun/2025:00:28:17 +0000] "GET /index.php/admin/get_fullcalendar?start=2025-06-29T00%3A00%3A00%2B10%3A00&end=2025-08-10T00%3A00%3A00%2B10%3A00 HTTP/1.1" 200 3525 "https://tasktrakker.com.au/index.php/admin/main" "Mozilla/5.0 (Windows NT 10.0; Win64; x64) AppleWebKit/537.36 (KHTML, like Gecko) Chrome/136.0.0.0 Safari/537.36 Edg/136.0.0.0"
52.167.144.204 - - [03/Jun/2025:00:29:31 +0000] "GET /index.php/admin/addcustomersview/2109 HTTP/1.1" 500 5045 "-" "Mozilla/5.0 AppleWebKit/537.36 (KHTML, like Gecko; compatible; bingbot/2.0; +http://www.bing.com/bingbot.htm) Chrome/116.0.1938.76 Safari/537.36"
202.62.242.117 - - [03/Jun/2025:00:29:31 +0000] "-" 408 323 "-" "-"
202.62.242.117 - - [03/Jun/2025:00:29:31 +0000] "-" 408 323 "-" "-"
202.62.242.117 - - [03/Jun/2025:00:30:31 +0000] "-" 408 323 "-" "-"
202.62.242.117 - - [03/Jun/2025:00:30:31 +0000] "-" 408 323 "-" "-"
206.168.34.113 - - [03/Jun/2025:00:30:32 +0000] "GET / HTTP/1.1" 302 2872 "-" "Mozilla/5.0 (compatible; CensysInspect/1.1; +https://about.censys.io/)"
202.62.242.117 - - [03/Jun/2025:00:30:34 +0000] "GET /index.php/admin/addcustomersview/9536 HTTP/1.1" 200 10882 "https://tasktrakker.com.au/index.php/admin/main" "Mozilla/5.0 (Windows NT 10.0; Win64; x64) AppleWebKit/537.36 (KHTML, like Gecko) Chrome/136.0.0.0 Safari/537.36 Edg/136.0.0.0"
202.62.242.117 - - [03/Jun/2025:00:30:34 +0000] "GET /assets/css/custom.css?1748910634 HTTP/1.1" 200 1143 "https://tasktrakker.com.au/index.php/admin/addcustomersview/9536" "Mozilla/5.0 (Windows NT 10.0; Win64; x64) AppleWebKit/537.36 (KHTML, like Gecko) Chrome/136.0.0.0 Safari/537.36 Edg/136.0.0.0"
202.62.242.117 - - [03/Jun/2025:00:30:34 +0000] "GET /assets/dist/js/pages/dashboard.js?1748910634 HTTP/1.1" 200 4661 "https://tasktrakker.com.au/index.php/admin/addcustomersview/9536" "Mozilla/5.0 (Windows NT 10.0; Win64; x64) AppleWebKit/537.36 (KHTML, like Gecko) Chrome/136.0.0.0 Safari/537.36 Edg/136.0.0.0"
202.62.242.117 - - [03/Jun/2025:00:31:09 +0000] "POST /index.php/admin/addeditCustomerop HTTP/1.1" 301 713 "https://tasktrakker.com.au/index.php/admin/addcustomersview/9536" "Mozilla/5.0 (Windows NT 10.0; Win64; x64) AppleWebKit/537.36 (KHTML, like Gecko) Chrome/136.0.0.0 Safari/537.36 Edg/136.0.0.0"
202.62.242.117 - - [03/Jun/2025:00:31:17 +0000] "GET /admin/addcustomersview/9536 HTTP/1.1" 200 10639 "https://tasktrakker.com.au/index.php/admin/addcustomersview/9536" "Mozilla/5.0 (Windows NT 10.0; Win64; x64) AppleWebKit/537.36 (KHTML, like Gecko) Chrome/136.0.0.0 Safari/537.36 Edg/136.0.0.0"
202.62.242.117 - - [03/Jun/2025:00:31:17 +0000] "GET /assets/css/custom.css?1748910677 HTTP/1.1" 200 1143 "https://tasktrakker.com.au/admin/addcustomersview/9536" "Mozilla/5.0 (Windows NT 10.0; Win64; x64) AppleWebKit/537.36 (KHTML, like Gecko) Chrome/136.0.0.0 Safari/537.36 Edg/136.0.0.0"
202.62.242.117 - - [03/Jun/2025:00:31:17 +0000] "GET /assets/dist/js/pages/dashboard.js?1748910677 HTTP/1.1" 200 4661 "https://tasktrakker.com.au/admin/addcustomersview/9536" "Mozilla/5.0 (Windows NT 10.0; Win64; x64) AppleWebKit/537.36 (KHTML, like Gecko) Chrome/136.0.0.0 Safari/537.36 Edg/136.0.0.0"
206.168.34.113 - - [03/Jun/2025:00:31:47 +0000] "GET /index.php/admin/login HTTP/1.1" 200 4425 "-" "Mozilla/5.0 (compatible; CensysInspect/1.1; +https://about.censys.io/)"
202.62.242.117 - - [03/Jun/2025:00:31:49 +0000] "GET /index.php/admin/main HTTP/1.1" 200 7384 "https://tasktrakker.com.au/admin/addcustomersview/9536" "Mozilla/5.0 (Windows NT 10.0; Win64; x64) AppleWebKit/537.36 (KHTML, like Gecko) Chrome/136.0.0.0 Safari/537.36 Edg/136.0.0.0"
202.62.242.117 - - [03/Jun/2025:00:31:49 +0000] "GET /assets/css/custom.css?1748910709 HTTP/1.1" 200 1143 "https://tasktrakker.com.au/index.php/admin/main" "Mozilla/5.0 (Windows NT 10.0; Win64; x64) AppleWebKit/537.36 (KHTML, like Gecko) Chrome/136.0.0.0 Safari/537.36 Edg/136.0.0.0"
202.62.242.117 - - [03/Jun/2025:00:31:49 +0000] "GET /assets/dist/js/pages/dashboard.js?1748910709 HTTP/1.1" 200 4661 "https://tasktrakker.com.au/index.php/admin/main" "Mozilla/5.0 (Windows NT 10.0; Win64; x64) AppleWebKit/537.36 (KHTML, like Gecko) Chrome/136.0.0.0 Safari/537.36 Edg/136.0.0.0"
202.62.242.117 - - [03/Jun/2025:00:31:49 +0000] "GET /index.php/admin/get_fullcalendar?start=2025-06-01T00%3A00%3A00%2B10%3A00&end=2025-07-13T00%3A00%3A00%2B10%3A00 HTTP/1.1" 200 3624 "https://tasktrakker.com.au/index.php/admin/main" "Mozilla/5.0 (Windows NT 10.0; Win64; x64) AppleWebKit/537.36 (KHTML, like Gecko) Chrome/136.0.0.0 Safari/537.36 Edg/136.0.0.0"
202.62.242.117 - - [03/Jun/2025:00:31:49 +0000] "GET /index.php/admin/get_fullcalendar?start=2025-06-29T00%3A00%3A00%2B10%3A00&end=2025-08-10T00%3A00%3A00%2B10%3A00 HTTP/1.1" 200 3201 "https://tasktrakker.com.au/index.php/admin/main" "Mozilla/5.0 (Windows NT 10.0; Win64; x64) AppleWebKit/537.36 (KHTML, like Gecko) Chrome/136.0.0.0 Safari/537.36 Edg/136.0.0.0"
202.62.242.117 - - [03/Jun/2025:00:31:56 +0000] "GET /index.php/admin/addcustomersview/9535 HTTP/1.1" 200 10894 "https://tasktrakker.com.au/index.php/admin/main" "Mozilla/5.0 (Windows NT 10.0; Win64; x64) AppleWebKit/537.36 (KHTML, like Gecko) Chrome/136.0.0.0 Safari/537.36 Edg/136.0.0.0"
202.62.242.117 - - [03/Jun/2025:00:31:56 +0000] "GET /assets/css/custom.css?1748910716 HTTP/1.1" 200 1143 "https://tasktrakker.com.au/index.php/admin/addcustomersview/9535" "Mozilla/5.0 (Windows NT 10.0; Win64; x64) AppleWebKit/537.36 (KHTML, like Gecko) Chrome/136.0.0.0 Safari/537.36 Edg/136.0.0.0"
202.62.242.117 - - [03/Jun/2025:00:31:56 +0000] "GET /assets/dist/js/pages/dashboard.js?1748910716 HTTP/1.1" 200 4661 "https://tasktrakker.com.au/index.php/admin/addcustomersview/9535" "Mozilla/5.0 (Windows NT 10.0; Win64; x64) AppleWebKit/537.36 (KHTML, like Gecko) Chrome/136.0.0.0 Safari/537.36 Edg/136.0.0.0"
52.167.144.204 - - [03/Jun/2025:00:32:04 +0000] "GET /index.php/admin/addleadview/3811 HTTP/1.1" 500 5040 "-" "Mozilla/5.0 AppleWebKit/537.36 (KHTML, like Gecko; compatible; bingbot/2.0; +http://www.bing.com/bingbot.htm) Chrome/116.0.1938.76 Safari/537.36"
202.62.242.117 - - [03/Jun/2025:00:32:15 +0000] "POST /index.php/admin/addeditCustomerop HTTP/1.1" 301 855 "https://tasktrakker.com.au/index.php/admin/addcustomersview/9535" "Mozilla/5.0 (Windows NT 10.0; Win64; x64) AppleWebKit/537.36 (KHTML, like Gecko) Chrome/136.0.0.0 Safari/537.36 Edg/136.0.0.0"
202.62.242.117 - - [03/Jun/2025:00:32:19 +0000] "POST /index.php/admin/addeditCustomerop HTTP/1.1" 301 713 "https://tasktrakker.com.au/index.php/admin/addcustomersview/9535" "Mozilla/5.0 (Windows NT 10.0; Win64; x64) AppleWebKit/537.36 (KHTML, like Gecko) Chrome/136.0.0.0 Safari/537.36 Edg/136.0.0.0"
202.62.242.117 - - [03/Jun/2025:00:32:21 +0000] "GET /index.php/admin/main HTTP/1.1" 200 7384 "https://tasktrakker.com.au/index.php/admin/addcustomersview/9535" "Mozilla/5.0 (Windows NT 10.0; Win64; x64) AppleWebKit/537.36 (KHTML, like Gecko) Chrome/136.0.0.0 Safari/537.36 Edg/136.0.0.0"
202.62.242.117 - - [03/Jun/2025:00:32:26 +0000] "GET /assets/css/custom.css?1748910746 HTTP/1.1" 200 1143 "https://tasktrakker.com.au/index.php/admin/main" "Mozilla/5.0 (Windows NT 10.0; Win64; x64) AppleWebKit/537.36 (KHTML, like Gecko) Chrome/136.0.0.0 Safari/537.36 Edg/136.0.0.0"
202.62.242.117 - - [03/Jun/2025:00:32:26 +0000] "GET /assets/dist/js/pages/dashboard.js?1748910746 HTTP/1.1" 200 4661 "https://tasktrakker.com.au/index.php/admin/main" "Mozilla/5.0 (Windows NT 10.0; Win64; x64) AppleWebKit/537.36 (KHTML, like Gecko) Chrome/136.0.0.0 Safari/537.36 Edg/136.0.0.0"
202.62.242.117 - - [03/Jun/2025:00:32:26 +0000] "GET /index.php/admin/get_fullcalendar?start=2025-06-01T00%3A00%3A00%2B10%3A00&end=2025-07-13T00%3A00%3A00%2B10%3A00 HTTP/1.1" 200 3631 "https://tasktrakker.com.au/index.php/admin/main" "Mozilla/5.0 (Windows NT 10.0; Win64; x64) AppleWebKit/537.36 (KHTML, like Gecko) Chrome/136.0.0.0 Safari/537.36 Edg/136.0.0.0"
202.62.242.117 - - [03/Jun/2025:00:32:26 +0000] "GET /index.php/admin/get_fullcalendar?start=2025-06-29T00%3A00%3A00%2B10%3A00&end=2025-08-10T00%3A00%3A00%2B10%3A00 HTTP/1.1" 200 3204 "https://tasktrakker.com.au/index.php/admin/main" "Mozilla/5.0 (Windows NT 10.0; Win64; x64) AppleWebKit/537.36 (KHTML, like Gecko) Chrome/136.0.0.0 Safari/537.36 Edg/136.0.0.0"
35.196.252.134 - - [03/Jun/2025:00:32:46 +0000] "GET /.git/config HTTP/1.1" 404 2864 "-" "-"
40.77.167.7 - - [03/Jun/2025:00:33:03 +0000] "GET /index.php/admin/deleteLeadop/2325 HTTP/1.1" 302 3129 "-" "Mozilla/5.0 AppleWebKit/537.36 (KHTML, like Gecko; compatible; bingbot/2.0; +http://www.bing.com/bingbot.htm) Chrome/116.0.1938.76 Safari/537.36"
40.77.167.7 - - [03/Jun/2025:00:33:05 +0000] "GET /admin/error_view HTTP/1.1" 302 305 "-" "Mozilla/5.0 AppleWebKit/537.36 (KHTML, like Gecko; compatible; bingbot/2.0; +http://www.bing.com/bingbot.htm) Chrome/116.0.1938.76 Safari/537.36"
40.77.167.7 - - [03/Jun/2025:00:33:06 +0000] "GET /admin/main HTTP/1.1" 500 2213 "-" "Mozilla/5.0 AppleWebKit/537.36 (KHTML, like Gecko; compatible; bingbot/2.0; +http://www.bing.com/bingbot.htm) Chrome/116.0.1938.76 Safari/537.36"
40.77.167.30 - - [03/Jun/2025:00:33:52 +0000] "GET /index.php/admin/addcustomersview/9591 HTTP/1.1" 500 5085 "-" "Mozilla/5.0 AppleWebKit/537.36 (KHTML, like Gecko; compatible; bingbot/2.0; +http://www.bing.com/bingbot.htm) Chrome/116.0.1938.76 Safari/537.36"
157.55.39.200 - - [03/Jun/2025:00:34:07 +0000] "GET /index.php/admin/addcustomersview/6570 HTTP/1.1" 500 5045 "-" "Mozilla/5.0 AppleWebKit/537.36 (KHTML, like Gecko; compatible; bingbot/2.0; +http://www.bing.com/bingbot.htm) Chrome/116.0.1938.76 Safari/537.36"
207.46.13.64 - - [03/Jun/2025:00:34:46 +0000] "GET /index.php/admin/booking_archive/3304 HTTP/1.1" 500 5045 "-" "Mozilla/5.0 AppleWebKit/537.36 (KHTML, like Gecko; compatible; bingbot/2.0; +http://www.bing.com/bingbot.htm) Chrome/116.0.1938.76 Safari/537.36"
172.235.40.131 - - [03/Jun/2025:00:34:58 +0000] "GET / HTTP/1.1" 404 434 "-" "Mozilla/5.0 (Macintosh; Intel Mac OS X 13_1) AppleWebKit/537.36 (KHTML, like Gecko) Chrome/108.0.0.0 Safari/537.36"
202.62.242.117 - - [03/Jun/2025:00:35:32 +0000] "-" 408 323 "-" "-"
202.62.242.117 - - [03/Jun/2025:00:35:32 +0000] "-" 408 2570 "-" "-"
202.62.242.117 - - [03/Jun/2025:00:35:36 +0000] "GET /index.php/admin/addcustomersview/9535 HTTP/1.1" 200 10898 "https://tasktrakker.com.au/index.php/admin/main" "Mozilla/5.0 (Windows NT 10.0; Win64; x64) AppleWebKit/537.36 (KHTML, like Gecko) Chrome/136.0.0.0 Safari/537.36 Edg/136.0.0.0"
202.62.242.117 - - [03/Jun/2025:00:35:36 +0000] "GET /assets/css/custom.css?1748910936 HTTP/1.1" 200 1143 "https://tasktrakker.com.au/index.php/admin/addcustomersview/9535" "Mozilla/5.0 (Windows NT 10.0; Win64; x64) AppleWebKit/537.36 (KHTML, like Gecko) Chrome/136.0.0.0 Safari/537.36 Edg/136.0.0.0"
202.62.242.117 - - [03/Jun/2025:00:35:36 +0000] "GET /assets/dist/js/pages/dashboard.js?1748910936 HTTP/1.1" 200 4661 "https://tasktrakker.com.au/index.php/admin/addcustomersview/9535" "Mozilla/5.0 (Windows NT 10.0; Win64; x64) AppleWebKit/537.36 (KHTML, like Gecko) Chrome/136.0.0.0 Safari/537.36 Edg/136.0.0.0"
202.62.242.117 - - [03/Jun/2025:00:35:42 +0000] "GET /index.php/admin/main HTTP/1.1" 200 7384 "https://tasktrakker.com.au/index.php/admin/addcustomersview/9535" "Mozilla/5.0 (Windows NT 10.0; Win64; x64) AppleWebKit/537.36 (KHTML, like Gecko) Chrome/136.0.0.0 Safari/537.36 Edg/136.0.0.0"
202.62.242.117 - - [03/Jun/2025:00:35:42 +0000] "GET /assets/css/custom.css?1748910942 HTTP/1.1" 200 1143 "https://tasktrakker.com.au/index.php/admin/main" "Mozilla/5.0 (Windows NT 10.0; Win64; x64) AppleWebKit/537.36 (KHTML, like Gecko) Chrome/136.0.0.0 Safari/537.36 Edg/136.0.0.0"
202.62.242.117 - - [03/Jun/2025:00:35:42 +0000] "GET /assets/dist/js/pages/dashboard.js?1748910942 HTTP/1.1" 200 4661 "https://tasktrakker.com.au/index.php/admin/main" "Mozilla/5.0 (Windows NT 10.0; Win64; x64) AppleWebKit/537.36 (KHTML, like Gecko) Chrome/136.0.0.0 Safari/537.36 Edg/136.0.0.0"
202.62.242.117 - - [03/Jun/2025:00:35:42 +0000] "GET /index.php/admin/get_fullcalendar?start=2025-06-01T00%3A00%3A00%2B10%3A00&end=2025-07-13T00%3A00%3A00%2B10%3A00 HTTP/1.1" 200 3631 "https://tasktrakker.com.au/index.php/admin/main" "Mozilla/5.0 (Windows NT 10.0; Win64; x64) AppleWebKit/537.36 (KHTML, like Gecko) Chrome/136.0.0.0 Safari/537.36 Edg/136.0.0.0"
40.77.167.7 - - [03/Jun/2025:00:35:43 +0000] "GET /index.php/admin/addleadview/7771 HTTP/1.1" 500 5040 "-" "Mozilla/5.0 AppleWebKit/537.36 (KHTML, like Gecko; compatible; bingbot/2.0; +http://www.bing.com/bingbot.htm) Chrome/116.0.1938.76 Safari/537.36"
202.62.242.117 - - [03/Jun/2025:00:35:42 +0000] "GET /index.php/admin/get_fullcalendar?start=2025-06-29T00%3A00%3A00%2B10%3A00&end=2025-08-10T00%3A00%3A00%2B10%3A00 HTTP/1.1" 200 3204 "https://tasktrakker.com.au/index.php/admin/main" "Mozilla/5.0 (Windows NT 10.0; Win64; x64) AppleWebKit/537.36 (KHTML, like Gecko) Chrome/136.0.0.0 Safari/537.36 Edg/136.0.0.0"
202.62.242.117 - - [03/Jun/2025:00:35:45 +0000] "GET /index.php/admin/addcustomersview/9536 HTTP/1.1" 200 10553 "https://tasktrakker.com.au/index.php/admin/main" "Mozilla/5.0 (Windows NT 10.0; Win64; x64) AppleWebKit/537.36 (KHTML, like Gecko) Chrome/136.0.0.0 Safari/537.36 Edg/136.0.0.0"
202.62.242.117 - - [03/Jun/2025:00:35:45 +0000] "GET /assets/css/custom.css?1748910945 HTTP/1.1" 200 1143 "https://tasktrakker.com.au/index.php/admin/addcustomersview/9536" "Mozilla/5.0 (Windows NT 10.0; Win64; x64) AppleWebKit/537.36 (KHTML, like Gecko) Chrome/136.0.0.0 Safari/537.36 Edg/136.0.0.0"
202.62.242.117 - - [03/Jun/2025:00:35:45 +0000] "GET /assets/dist/js/pages/dashboard.js?1748910945 HTTP/1.1" 200 4337 "https://tasktrakker.com.au/index.php/admin/addcustomersview/9536" "Mozilla/5.0 (Windows NT 10.0; Win64; x64) AppleWebKit/537.36 (KHTML, like Gecko) Chrome/136.0.0.0 Safari/537.36 Edg/136.0.0.0"
185.242.226.75 - - [03/Jun/2025:00:36:02 +0000] "GET / HTTP/1.1" 302 2686 "-" "Mozilla/5.0 (Windows NT 10.0; Win64; x64) AppleWebKit/537.36 (KHTML, like Gecko) Chrome/88.0.4324.190 Safari/537.36"
49.180.45.22 - - [03/Jun/2025:00:36:04 +0000] "GET /mobile/index.html HTTP/1.1" 200 4483 "-" "Mozilla/5.0 (Macintosh; Intel Mac OS X 10_15_7) AppleWebKit/605.1.15 (KHTML, like Gecko) Version/18.5 Safari/605.1.15"
49.180.45.22 - - [03/Jun/2025:00:36:04 +0000] "GET /mobile/framework7/css/framework7.css HTTP/1.1" 200 95882 "https://tasktrakker.com.au/mobile/index.html" "Mozilla/5.0 (Macintosh; Intel Mac OS X 10_15_7) AppleWebKit/605.1.15 (KHTML, like Gecko) Version/18.5 Safari/605.1.15"
49.180.45.22 - - [03/Jun/2025:00:36:04 +0000] "GET /mobile/css/icons.css HTTP/1.1" 200 3547 "https://tasktrakker.com.au/mobile/index.html" "Mozilla/5.0 (Macintosh; Intel Mac OS X 10_15_7) AppleWebKit/605.1.15 (KHTML, like Gecko) Version/18.5 Safari/605.1.15"
49.180.45.22 - - [03/Jun/2025:00:36:04 +0000] "GET /mobile/css/app.css HTTP/1.1" 200 3195 "https://tasktrakker.com.au/mobile/index.html" "Mozilla/5.0 (Macintosh; Intel Mac OS X 10_15_7) AppleWebKit/605.1.15 (KHTML, like Gecko) Version/18.5 Safari/605.1.15"
49.180.45.22 - - [03/Jun/2025:00:36:04 +0000] "GET /mobile/js/routes.js HTTP/1.1" 200 5688 "https://tasktrakker.com.au/mobile/index.html" "Mozilla/5.0 (Macintosh; Intel Mac OS X 10_15_7) AppleWebKit/605.1.15 (KHTML, like Gecko) Version/18.5 Safari/605.1.15"
49.180.45.22 - - [03/Jun/2025:00:36:04 +0000] "GET /mobile/js/jquery-3.5.1.min.js HTTP/1.1" 200 33960 "https://tasktrakker.com.au/mobile/index.html" "Mozilla/5.0 (Macintosh; Intel Mac OS X 10_15_7) AppleWebKit/605.1.15 (KHTML, like Gecko) Version/18.5 Safari/605.1.15"
49.180.45.22 - - [03/Jun/2025:00:36:04 +0000] "GET /mobile/js/index.js HTTP/1.1" 200 1100 "https://tasktrakker.com.au/mobile/index.html" "Mozilla/5.0 (Macintosh; Intel Mac OS X 10_15_7) AppleWebKit/605.1.15 (KHTML, like Gecko) Version/18.5 Safari/605.1.15"
49.180.45.22 - - [03/Jun/2025:00:36:04 +0000] "GET /mobile/js/app.js HTTP/1.1" 200 2046 "https://tasktrakker.com.au/mobile/index.html" "Mozilla/5.0 (Macintosh; Intel Mac OS X 10_15_7) AppleWebKit/605.1.15 (KHTML, like Gecko) Version/18.5 Safari/605.1.15"
49.180.45.22 - - [03/Jun/2025:00:36:04 +0000] "GET /mobile/framework7/js/framework7.min.js HTTP/1.1" 200 130358 "https://tasktrakker.com.au/mobile/index.html" "Mozilla/5.0 (Macintosh; Intel Mac OS X 10_15_7) AppleWebKit/605.1.15 (KHTML, like Gecko) Version/18.5 Safari/605.1.15"
49.180.45.22 - - [03/Jun/2025:00:36:04 +0000] "GET /mobile/manifest.webmanifest HTTP/1.1" 200 1062 "https://tasktrakker.com.au/mobile/index.html" "Mozilla/5.0 (Macintosh; Intel Mac OS X 10_15_7) AppleWebKit/605.1.15 (KHTML, like Gecko) Version/18.5 Safari/605.1.15"
49.180.45.22 - - [03/Jun/2025:00:36:04 +0000] "GET /mobile/img/apple-touch192.png HTTP/1.1" 200 31480 "https://tasktrakker.com.au/mobile/index.html" "Mozilla/5.0 (Macintosh; Intel Mac OS X 10_15_7) AppleWebKit/605.1.15 (KHTML, like Gecko) Version/18.5 Safari/605.1.15"
49.180.45.22 - - [03/Jun/2025:00:36:05 +0000] "GET /mobile/sw.js HTTP/1.1" 200 1260 "https://tasktrakker.com.au/mobile/index.html" "Mozilla/5.0 (Macintosh; Intel Mac OS X 10_15_7) AppleWebKit/605.1.15 (KHTML, like Gecko) Version/18.5 Safari/605.1.15"
185.242.226.75 - - [03/Jun/2025:00:36:05 +0000] "GET /index.php/admin/login HTTP/1.1" 200 4237 "https://54.79.101.3:443/" "Mozilla/5.0 (Windows NT 10.0; Win64; x64) AppleWebKit/537.36 (KHTML, like Gecko) Chrome/88.0.4324.190 Safari/537.36"
49.180.45.22 - - [03/Jun/2025:00:36:05 +0000] "GET /mobile/ HTTP/1.1" 200 4482 "https://tasktrakker.com.au/mobile/sw.js" "Mozilla/5.0 (Macintosh; Intel Mac OS X 10_15_7) AppleWebKit/605.1.15 (KHTML, like Gecko) Version/18.5 Safari/605.1.15"
49.180.45.22 - - [03/Jun/2025:00:36:05 +0000] "GET /mobile/framework7/css/framework7.ios.css HTTP/1.1" 200 58747 "https://tasktrakker.com.au/mobile/sw.js" "Mozilla/5.0 (Macintosh; Intel Mac OS X 10_15_7) AppleWebKit/605.1.15 (KHTML, like Gecko) Version/18.5 Safari/605.1.15"
49.180.45.22 - - [03/Jun/2025:00:36:05 +0000] "GET /mobile/dashboard.html HTTP/1.1" 200 5423 "https://tasktrakker.com.au/mobile/sw.js" "Mozilla/5.0 (Macintosh; Intel Mac OS X 10_15_7) AppleWebKit/605.1.15 (KHTML, like Gecko) Version/18.5 Safari/605.1.15"
49.180.45.22 - - [03/Jun/2025:00:36:05 +0000] "GET /mobile/framework7/css/framework7.ios.min.css HTTP/1.1" 200 54819 "https://tasktrakker.com.au/mobile/sw.js" "Mozilla/5.0 (Macintosh; Intel Mac OS X 10_15_7) AppleWebKit/605.1.15 (KHTML, like Gecko) Version/18.5 Safari/605.1.15"
49.180.45.22 - - [03/Jun/2025:00:36:05 +0000] "GET /mobile/framework7/css/framework7.md.css HTTP/1.1" 200 62436 "https://tasktrakker.com.au/mobile/sw.js" "Mozilla/5.0 (Macintosh; Intel Mac OS X 10_15_7) AppleWebKit/605.1.15 (KHTML, like Gecko) Version/18.5 Safari/605.1.15"
49.180.45.22 - - [03/Jun/2025:00:36:05 +0000] "GET /mobile/framework7/css/framework7.md.min.css HTTP/1.1" 200 58473 "https://tasktrakker.com.au/mobile/sw.js" "Mozilla/5.0 (Macintosh; Intel Mac OS X 10_15_7) AppleWebKit/605.1.15 (KHTML, like Gecko) Version/18.5 Safari/605.1.15"
49.180.45.22 - - [03/Jun/2025:00:36:05 +0000] "GET /mobile/framework7/js/framework7.js HTTP/1.1" 200 191318 "https://tasktrakker.com.au/mobile/sw.js" "Mozilla/5.0 (Macintosh; Intel Mac OS X 10_15_7) AppleWebKit/605.1.15 (KHTML, like Gecko) Version/18.5 Safari/605.1.15"
49.180.45.22 - - [03/Jun/2025:00:36:05 +0000] "GET /mobile/fonts/Framework7Icons-Regular.ttf HTTP/1.1" 200 51792 "https://tasktrakker.com.au/mobile/sw.js" "Mozilla/5.0 (Macintosh; Intel Mac OS X 10_15_7) AppleWebKit/605.1.15 (KHTML, like Gecko) Version/18.5 Safari/605.1.15"
49.180.45.22 - - [03/Jun/2025:00:36:05 +0000] "GET /mobile/fonts/MaterialIcons-Regular.ttf HTTP/1.1" 200 128842 "https://tasktrakker.com.au/mobile/sw.js" "Mozilla/5.0 (Macintosh; Intel Mac OS X 10_15_7) AppleWebKit/605.1.15 (KHTML, like Gecko) Version/18.5 Safari/605.1.15"
49.180.45.22 - - [03/Jun/2025:00:36:05 +0000] "GET /mobile/framework7/js/framework7.min.js.map HTTP/1.1" 200 401280 "https://tasktrakker.com.au/mobile/sw.js" "Mozilla/5.0 (Macintosh; Intel Mac OS X 10_15_7) AppleWebKit/605.1.15 (KHTML, like Gecko) Version/18.5 Safari/605.1.15"
49.180.45.22 - - [03/Jun/2025:00:36:05 +0000] "GET /mobile/img/icon-128.png HTTP/1.1" 200 13180 "https://tasktrakker.com.au/mobile/sw.js" "Mozilla/5.0 (Macintosh; Intel Mac OS X 10_15_7) AppleWebKit/605.1.15 (KHTML, like Gecko) Version/18.5 Safari/605.1.15"
49.180.45.22 - - [03/Jun/2025:00:36:05 +0000] "GET /mobile/img/icon-256.png HTTP/1.1" 200 32579 "https://tasktrakker.com.au/mobile/sw.js" "Mozilla/5.0 (Macintosh; Intel Mac OS X 10_15_7) AppleWebKit/605.1.15 (KHTML, like Gecko) Version/18.5 Safari/605.1.15"
49.180.45.22 - - [03/Jun/2025:00:36:05 +0000] "GET /mobile/img/icon-512.png HTTP/1.1" 200 111302 "https://tasktrakker.com.au/mobile/sw.js" "Mozilla/5.0 (Macintosh; Intel Mac OS X 10_15_7) AppleWebKit/605.1.15 (KHTML, like Gecko) Version/18.5 Safari/605.1.15"
49.180.45.22 - - [03/Jun/2025:00:36:05 +0000] "GET /mobile/js/dashboard.js HTTP/1.1" 200 2275 "https://tasktrakker.com.au/mobile/sw.js" "Mozilla/5.0 (Macintosh; Intel Mac OS X 10_15_7) AppleWebKit/605.1.15 (KHTML, like Gecko) Version/18.5 Safari/605.1.15"
49.180.45.22 - - [03/Jun/2025:00:36:05 +0000] "GET /mobile/js/form.js HTTP/1.1" 200 6124 "https://tasktrakker.com.au/mobile/sw.js" "Mozilla/5.0 (Macintosh; Intel Mac OS X 10_15_7) AppleWebKit/605.1.15 (KHTML, like Gecko) Version/18.5 Safari/605.1.15"
49.180.45.22 - - [03/Jun/2025:00:36:05 +0000] "GET /mobile/js/form-offline.js HTTP/1.1" 200 2808 "https://tasktrakker.com.au/mobile/sw.js" "Mozilla/5.0 (Macintosh; Intel Mac OS X 10_15_7) AppleWebKit/605.1.15 (KHTML, like Gecko) Version/18.5 Safari/605.1.15"
49.180.45.22 - - [03/Jun/2025:00:36:05 +0000] "GET /mobile/js/form-online.js HTTP/1.1" 200 1711 "https://tasktrakker.com.au/mobile/sw.js" "Mozilla/5.0 (Macintosh; Intel Mac OS X 10_15_7) AppleWebKit/605.1.15 (KHTML, like Gecko) Version/18.5 Safari/605.1.15"
49.180.45.22 - - [03/Jun/2025:00:36:05 +0000] "GET /favicon.ico HTTP/1.1" 200 5753 "https://tasktrakker.com.au/mobile/sw.js" "Mozilla/5.0 (Macintosh; Intel Mac OS X 10_15_7) AppleWebKit/605.1.15 (KHTML, like Gecko) Version/18.5 Safari/605.1.15"
49.180.45.22 - - [03/Jun/2025:00:36:05 +0000] "GET /mobile/framework7/css/framework7.min.css HTTP/1.1" 200 93092 "https://tasktrakker.com.au/mobile/sw.js" "Mozilla/5.0 (Macintosh; Intel Mac OS X 10_15_7) AppleWebKit/605.1.15 (KHTML, like Gecko) Version/18.5 Safari/605.1.15"
49.180.45.22 - - [03/Jun/2025:00:36:06 +0000] "GET /mobile/css/index.css HTTP/1.1" 200 4418 "https://tasktrakker.com.au/mobile/sw.js" "Mozilla/5.0 (Macintosh; Intel Mac OS X 10_15_7) AppleWebKit/605.1.15 (KHTML, like Gecko) Version/18.5 Safari/605.1.15"
49.180.45.22 - - [03/Jun/2025:00:36:07 +0000] "GET /mobile/favicon.ico HTTP/1.1" 200 4041 "https://tasktrakker.com.au/mobile/sw.js" "Mozilla/5.0 (Macintosh; Intel Mac OS X 10_15_7) AppleWebKit/605.1.15 (KHTML, like Gecko) Version/18.5 Safari/605.1.15"
49.180.45.22 - - [03/Jun/2025:00:36:07 +0000] "GET /mobile/form-offline.html HTTP/1.1" 200 5023 "https://tasktrakker.com.au/mobile/sw.js" "Mozilla/5.0 (Macintosh; Intel Mac OS X 10_15_7) AppleWebKit/605.1.15 (KHTML, like Gecko) Version/18.5 Safari/605.1.15"
49.180.45.22 - - [03/Jun/2025:00:36:07 +0000] "POST /index.php/cordova/auth HTTP/1.1" 200 770 "https://tasktrakker.com.au/mobile/index.html" "Mozilla/5.0 (Macintosh; Intel Mac OS X 10_15_7) AppleWebKit/605.1.15 (KHTML, like Gecko) Version/18.5 Safari/605.1.15"
49.180.45.22 - - [03/Jun/2025:00:36:08 +0000] "GET /mobile/fonts/MaterialIcons-Regular.woff2 HTTP/1.1" 200 44720 "https://tasktrakker.com.au/mobile/dashboard.html" "Mozilla/5.0 (Macintosh; Intel Mac OS X 10_15_7) AppleWebKit/605.1.15 (KHTML, like Gecko) Version/18.5 Safari/605.1.15"
49.180.45.22 - - [03/Jun/2025:00:36:08 +0000] "GET /mobile/fonts/Framework7Icons-Regular.woff2 HTTP/1.1" 200 20874 "https://tasktrakker.com.au/mobile/dashboard.html" "Mozilla/5.0 (Macintosh; Intel Mac OS X 10_15_7) AppleWebKit/605.1.15 (KHTML, like Gecko) Version/18.5 Safari/605.1.15"
49.180.45.22 - - [03/Jun/2025:00:36:08 +0000] "POST /index.php/cordova/get_bookings/99 HTTP/1.1" 200 1094 "https://tasktrakker.com.au/mobile/dashboard.html" "Mozilla/5.0 (Macintosh; Intel Mac OS X 10_15_7) AppleWebKit/605.1.15 (KHTML, like Gecko) Version/18.5 Safari/605.1.15"
49.180.45.22 - - [03/Jun/2025:00:36:08 +0000] "POST /index.php/cordova/get_booking_statuses/99/PENDING HTTP/1.1" 200 930 "https://tasktrakker.com.au/mobile/dashboard.html" "Mozilla/5.0 (Macintosh; Intel Mac OS X 10_15_7) AppleWebKit/605.1.15 (KHTML, like Gecko) Version/18.5 Safari/605.1.15"
49.180.45.22 - - [03/Jun/2025:00:36:08 +0000] "GET /mobile/sw.js HTTP/1.1" 200 1260 "https:" "Mozilla/5.0 (Macintosh; Intel Mac OS X 10_15_7) AppleWebKit/605.1.15 (KHTML, like Gecko) Version/18.5 Safari/605.1.15"
::1 - - [03/Jun/2025:00:36:10 +0000] "OPTIONS * HTTP/1.0" 200 126 "-" "Apache/2.4.58 (Ubuntu) OpenSSL/3.0.13 (internal dummy connection)"
::1 - - [03/Jun/2025:00:36:13 +0000] "OPTIONS * HTTP/1.0" 200 126 "-" "Apache/2.4.58 (Ubuntu) OpenSSL/3.0.13 (internal dummy connection)"
::1 - - [03/Jun/2025:00:36:14 +0000] "OPTIONS * HTTP/1.0" 200 126 "-" "Apache/2.4.58 (Ubuntu) OpenSSL/3.0.13 (internal dummy connection)"
49.180.45.22 - - [03/Jun/2025:00:36:15 +0000] "POST /index.php/cordova/get_customers_for_photographer/99 HTTP/1.1" 200 10261 "https://tasktrakker.com.au/mobile/dashboard.html" "Mozilla/5.0 (Macintosh; Intel Mac OS X 10_15_7) AppleWebKit/605.1.15 (KHTML, like Gecko) Version/18.5 Safari/605.1.15"
49.180.45.22 - - [03/Jun/2025:00:36:15 +0000] "POST /index.php/cordova/get_all_customers/ HTTP/1.1" 301 590 "https://tasktrakker.com.au/mobile/dashboard.html" "Mozilla/5.0 (Macintosh; Intel Mac OS X 10_15_7) AppleWebKit/605.1.15 (KHTML, like Gecko) Version/18.5 Safari/605.1.15"
49.180.45.22 - - [03/Jun/2025:00:36:15 +0000] "GET /index.php/cordova/get_all_customers HTTP/1.1" 200 55711 "https://tasktrakker.com.au/mobile/dashboard.html" "Mozilla/5.0 (Macintosh; Intel Mac OS X 10_15_7) AppleWebKit/605.1.15 (KHTML, like Gecko) Version/18.5 Safari/605.1.15"
49.180.45.22 - - [03/Jun/2025:00:36:15 +0000] "GET /mobile/pages/photo-upload.html HTTP/1.1" 200 1990 "https://tasktrakker.com.au/mobile/dashboard.html" "Mozilla/5.0 (Macintosh; Intel Mac OS X 10_15_7) AppleWebKit/605.1.15 (KHTML, like Gecko) Version/18.5 Safari/605.1.15"
49.180.45.22 - - [03/Jun/2025:00:36:15 +0000] "GET / HTTP/1.1" 302 333 "https://tasktrakker.com.au/mobile/dashboard.html" "Mozilla/5.0 (Macintosh; Intel Mac OS X 10_15_7) AppleWebKit/605.1.15 (KHTML, like Gecko) Version/18.5 Safari/605.1.15"
49.180.45.22 - - [03/Jun/2025:00:36:15 +0000] "GET /index.php/admin/login HTTP/1.1" 200 1924 "https://tasktrakker.com.au/mobile/dashboard.html" "Mozilla/5.0 (Macintosh; Intel Mac OS X 10_15_7) AppleWebKit/605.1.15 (KHTML, like Gecko) Version/18.5 Safari/605.1.15"
49.180.45.22 - - [03/Jun/2025:00:36:15 +0000] "POST /index.php/cordova/check_uploaded HTTP/1.1" 200 510 "https://tasktrakker.com.au/mobile/dashboard.html" "Mozilla/5.0 (Macintosh; Intel Mac OS X 10_15_7) AppleWebKit/605.1.15 (KHTML, like Gecko) Version/18.5 Safari/605.1.15"
::1 - - [03/Jun/2025:00:36:15 +0000] "OPTIONS * HTTP/1.0" 200 126 "-" "Apache/2.4.58 (Ubuntu) OpenSSL/3.0.13 (internal dummy connection)"
::1 - - [03/Jun/2025:00:36:16 +0000] "OPTIONS * HTTP/1.0" 200 126 "-" "Apache/2.4.58 (Ubuntu) OpenSSL/3.0.13 (internal dummy connection)"
::1 - - [03/Jun/2025:00:36:17 +0000] "OPTIONS * HTTP/1.0" 200 126 "-" "Apache/2.4.58 (Ubuntu) OpenSSL/3.0.13 (internal dummy connection)"
::1 - - [03/Jun/2025:00:36:18 +0000] "OPTIONS * HTTP/1.0" 200 126 "-" "Apache/2.4.58 (Ubuntu) OpenSSL/3.0.13 (internal dummy connection)"
::1 - - [03/Jun/2025:00:36:21 +0000] "OPTIONS * HTTP/1.0" 200 126 "-" "Apache/2.4.58 (Ubuntu) OpenSSL/3.0.13 (internal dummy connection)"
202.62.242.117 - - [03/Jun/2025:00:37:05 +0000] "-" 408 323 "-" "-"
202.62.242.117 - - [03/Jun/2025:00:37:05 +0000] "-" 408 323 "-" "-"
202.62.242.117 - - [03/Jun/2025:00:38:05 +0000] "-" 408 323 "-" "-"
202.62.242.117 - - [03/Jun/2025:00:38:05 +0000] "-" 408 323 "-" "-"
157.55.39.200 - - [03/Jun/2025:00:38:16 +0000] "GET /index.php/admin/deleteLeadop/2037 HTTP/1.1" 302 3129 "-" "Mozilla/5.0 AppleWebKit/537.36 (KHTML, like Gecko; compatible; bingbot/2.0; +http://www.bing.com/bingbot.htm) Chrome/116.0.1938.76 Safari/537.36"
157.55.39.200 - - [03/Jun/2025:00:38:18 +0000] "GET /admin/error_view HTTP/1.1" 302 305 "-" "Mozilla/5.0 AppleWebKit/537.36 (KHTML, like Gecko; compatible; bingbot/2.0; +http://www.bing.com/bingbot.htm) Chrome/116.0.1938.76 Safari/537.36"
157.55.39.200 - - [03/Jun/2025:00:38:19 +0000] "GET /admin/main HTTP/1.1" 500 2213 "-" "Mozilla/5.0 AppleWebKit/537.36 (KHTML, like Gecko; compatible; bingbot/2.0; +http://www.bing.com/bingbot.htm) Chrome/116.0.1938.76 Safari/537.36"
202.62.242.117 - - [03/Jun/2025:00:39:05 +0000] "-" 408 323 "-" "-"
202.62.242.117 - - [03/Jun/2025:00:39:05 +0000] "-" 408 323 "-" "-"
40.77.167.7 - - [03/Jun/2025:00:39:54 +0000] "GET /index.php/admin/customer_archive_view/6250 HTTP/1.1" 302 3130 "-" "Mozilla/5.0 AppleWebKit/537.36 (KHTML, like Gecko; compatible; bingbot/2.0; +http://www.bing.com/bingbot.htm) Chrome/116.0.1938.76 Safari/537.36"
40.77.167.7 - - [03/Jun/2025:00:39:56 +0000] "GET /admin/error_view HTTP/1.1" 302 305 "-" "Mozilla/5.0 AppleWebKit/537.36 (KHTML, like Gecko; compatible; bingbot/2.0; +http://www.bing.com/bingbot.htm) Chrome/116.0.1938.76 Safari/537.36"
40.77.167.7 - - [03/Jun/2025:00:39:57 +0000] "GET /admin/main HTTP/1.1" 500 2213 "-" "Mozilla/5.0 AppleWebKit/537.36 (KHTML, like Gecko; compatible; bingbot/2.0; +http://www.bing.com/bingbot.htm) Chrome/116.0.1938.76 Safari/537.36"
202.62.242.117 - - [03/Jun/2025:00:40:05 +0000] "-" 408 323 "-" "-"
202.62.242.117 - - [03/Jun/2025:00:40:05 +0000] "-" 408 323 "-" "-"
40.77.167.58 - - [03/Jun/2025:00:40:18 +0000] "GET /index.php/admin/addleadview/8310 HTTP/1.1" 500 5041 "-" "Mozilla/5.0 AppleWebKit/537.36 (KHTML, like Gecko; compatible; bingbot/2.0; +http://www.bing.com/bingbot.htm) Chrome/116.0.1938.76 Safari/537.36"
168.181.146.168 - - [03/Jun/2025:00:41:19 +0000] "GET / HTTP/1.1" 404 434 "-" "Mozilla/5.0 (Windows NT 10.0; WOW64) AppleWebKit/537.36 (KHTML, like Gecko) Chrome/52.0.2743.116 Safari/537.36"
40.77.167.58 - - [03/Jun/2025:00:42:10 +0000] "GET /index.php/admin/addleadview/7138 HTTP/1.1" 500 5040 "-" "Mozilla/5.0 AppleWebKit/537.36 (KHTML, like Gecko; compatible; bingbot/2.0; +http://www.bing.com/bingbot.htm) Chrome/116.0.1938.76 Safari/537.36"
202.62.242.117 - - [03/Jun/2025:00:43:45 +0000] "GET /index.php/admin/photo_view HTTP/1.1" 200 28567 "https://tasktrakker.com.au/index.php/admin/photo_view/6556" "Mozilla/5.0 (Windows NT 10.0; Win64; x64; rv:138.0) Gecko/20100101 Firefox/138.0"
202.62.242.117 - - [03/Jun/2025:00:43:45 +0000] "GET /assets/css/custom.css?1748911425 HTTP/1.1" 200 1467 "https://tasktrakker.com.au/index.php/admin/photo_view" "Mozilla/5.0 (Windows NT 10.0; Win64; x64; rv:138.0) Gecko/20100101 Firefox/138.0"
202.62.242.117 - - [03/Jun/2025:00:43:45 +0000] "GET /assets/dist/js/pages/dashboard.js?1748911425 HTTP/1.1" 200 4337 "https://tasktrakker.com.au/index.php/admin/photo_view" "Mozilla/5.0 (Windows NT 10.0; Win64; x64; rv:138.0) Gecko/20100101 Firefox/138.0"
206.168.34.51 - - [03/Jun/2025:00:44:34 +0000] "GET / HTTP/1.1" 302 2873 "-" "Mozilla/5.0 (compatible; CensysInspect/1.1; +https://about.censys.io/)"
52.167.144.209 - - [03/Jun/2025:00:44:55 +0000] "GET /index.php/admin/deleteLeadop/2530 HTTP/1.1" 302 3131 "-" "Mozilla/5.0 AppleWebKit/537.36 (KHTML, like Gecko; compatible; bingbot/2.0; +http://www.bing.com/bingbot.htm) Chrome/116.0.1938.76 Safari/537.36"
52.167.144.209 - - [03/Jun/2025:00:44:57 +0000] "GET /admin/error_view HTTP/1.1" 302 305 "-" "Mozilla/5.0 AppleWebKit/537.36 (KHTML, like Gecko; compatible; bingbot/2.0; +http://www.bing.com/bingbot.htm) Chrome/116.0.1938.76 Safari/537.36"
52.167.144.209 - - [03/Jun/2025:00:44:58 +0000] "GET /admin/main HTTP/1.1" 500 2213 "-" "Mozilla/5.0 AppleWebKit/537.36 (KHTML, like Gecko; compatible; bingbot/2.0; +http://www.bing.com/bingbot.htm) Chrome/116.0.1938.76 Safari/537.36"
52.167.144.209 - - [03/Jun/2025:00:45:43 +0000] "GET /index.php/admin/addcustomersview/2025 HTTP/1.1" 500 5046 "-" "Mozilla/5.0 AppleWebKit/537.36 (KHTML, like Gecko; compatible; bingbot/2.0; +http://www.bing.com/bingbot.htm) Chrome/116.0.1938.76 Safari/537.36"
52.167.144.209 - - [03/Jun/2025:00:47:34 +0000] "GET /index.php/admin/deleteLeadop/7942 HTTP/1.1" 302 3129 "-" "Mozilla/5.0 AppleWebKit/537.36 (KHTML, like Gecko; compatible; bingbot/2.0; +http://www.bing.com/bingbot.htm) Chrome/116.0.1938.76 Safari/537.36"
52.167.144.209 - - [03/Jun/2025:00:47:37 +0000] "GET /admin/error_view HTTP/1.1" 302 305 "-" "Mozilla/5.0 AppleWebKit/537.36 (KHTML, like Gecko; compatible; bingbot/2.0; +http://www.bing.com/bingbot.htm) Chrome/116.0.1938.76 Safari/537.36"
52.167.144.209 - - [03/Jun/2025:00:47:44 +0000] "GET /admin/main HTTP/1.1" 500 2628 "-" "Mozilla/5.0 AppleWebKit/537.36 (KHTML, like Gecko; compatible; bingbot/2.0; +http://www.bing.com/bingbot.htm) Chrome/116.0.1938.76 Safari/537.36"
52.167.144.209 - - [03/Jun/2025:00:48:33 +0000] "GET /assets/bootstrap/css/bootstrap.min.css HTTP/1.1" 200 22815 "-" "Mozilla/5.0 AppleWebKit/537.36 (KHTML, like Gecko; compatible; bingbot/2.0; +http://www.bing.com/bingbot.htm) Chrome/116.0.1938.76 Safari/537.36"
52.167.144.209 - - [03/Jun/2025:00:48:34 +0000] "GET /assets/bootstrap/js/bootstrap.min.js HTTP/1.1" 200 10270 "-" "Mozilla/5.0 AppleWebKit/537.36 (KHTML, like Gecko; compatible; bingbot/2.0; +http://www.bing.com/bingbot.htm) Chrome/116.0.1938.76 Safari/537.36"
52.167.144.209 - - [03/Jun/2025:00:48:34 +0000] "GET /assets/plugins/iCheck/icheck.min.js HTTP/1.1" 200 2530 "-" "Mozilla/5.0 AppleWebKit/537.36 (KHTML, like Gecko; compatible; bingbot/2.0; +http://www.bing.com/bingbot.htm) Chrome/116.0.1938.76 Safari/537.36"
52.167.144.209 - - [03/Jun/2025:00:48:35 +0000] "GET /assets/plugins/jQuery/jquery-2.2.3.min.js HTTP/1.1" 200 30316 "-" "Mozilla/5.0 AppleWebKit/537.36 (KHTML, like Gecko; compatible; bingbot/2.0; +http://www.bing.com/bingbot.htm) Chrome/116.0.1938.76 Safari/537.36"
52.167.144.209 - - [03/Jun/2025:00:48:35 +0000] "GET /assets/plugins/iCheck/square/blue.css HTTP/1.1" 200 764 "-" "Mozilla/5.0 AppleWebKit/537.36 (KHTML, like Gecko; compatible; bingbot/2.0; +http://www.bing.com/bingbot.htm) Chrome/116.0.1938.76 Safari/537.36"
52.167.144.204 - - [03/Jun/2025:00:48:38 +0000] "GET /assets/dist/css/AdminLTE.min.css HTTP/1.1" 200 17879 "-" "Mozilla/5.0 AppleWebKit/537.36 (KHTML, like Gecko; compatible; bingbot/2.0; +http://www.bing.com/bingbot.htm) Chrome/116.0.1938.76 Safari/537.36"
