220.244.136.5 - - [04/Jun/2025:05:28:17 +0000] "GET /assets/plugins/daterangepicker/daterangepicker.js HTTP/1.1" 200 11641 "https://tasktrakker.com.au/admin/addEditBookingPhotographer/995/103/8169" "Mozilla/5.0 (Windows NT 10.0; Win64; x64) AppleWebKit/537.36 (KHTML, like Gecko) Chrome/135.0.0.0 Safari/537.36"
203.219.219.134 - - [04/Jun/2025:05:28:17 +0000] "GET /assets/bootstrap/js/bootstrap.min.js HTTP/1.1" 200 10325 "https://tasktrakker.com.au/admin/addEditBookingPhotographer/995/103/8168" "Mozilla/5.0 (Windows NT 10.0; Win64; x64) AppleWebKit/537.36 (KHTML, like Gecko) Chrome/136.0.0.0 Safari/537.36"
203.219.219.134 - - [04/Jun/2025:05:28:17 +0000] "GET /assets/plugins/sparkline/jquery.sparkline.min.js HTTP/1.1" 200 13513 "https://tasktrakker.com.au/admin/addEditBookingPhotographer/995/103/8168" "Mozilla/5.0 (Windows NT 10.0; Win64; x64) AppleWebKit/537.36 (KHTML, like Gecko) Chrome/136.0.0.0 Safari/537.36"
220.244.136.5 - - [04/Jun/2025:05:28:17 +0000] "GET /assets/plugins/datepicker/bootstrap-datepicker.js HTTP/1.1" 200 12493 "https://tasktrakker.com.au/admin/addEditBookingPhotographer/995/103/8169" "Mozilla/5.0 (Windows NT 10.0; Win64; x64) AppleWebKit/537.36 (KHTML, like Gecko) Chrome/135.0.0.0 Safari/537.36"
220.244.136.5 - - [04/Jun/2025:05:28:17 +0000] "GET /assets/plugins/jvectormap/jquery-jvectormap-world-mill-en.js HTTP/1.1" 200 51174 "https://tasktrakker.com.au/admin/addEditBookingPhotographer/995/103/8169" "Mozilla/5.0 (Windows NT 10.0; Win64; x64) AppleWebKit/537.36 (KHTML, like Gecko) Chrome/135.0.0.0 Safari/537.36"
203.219.219.134 - - [04/Jun/2025:05:28:17 +0000] "GET /assets/plugins/jvectormap/jquery-jvectormap-1.2.2.min.js HTTP/1.1" 200 9372 "https://tasktrakker.com.au/admin/addEditBookingPhotographer/995/103/8168" "Mozilla/5.0 (Windows NT 10.0; Win64; x64) AppleWebKit/537.36 (KHTML, like Gecko) Chrome/136.0.0.0 Safari/537.36"
220.244.136.5 - - [04/Jun/2025:05:28:17 +0000] "GET /assets/plugins/bootstrap-wysihtml5/bootstrap3-wysihtml5.all.min.js HTTP/1.1" 200 57334 "https://tasktrakker.com.au/admin/addEditBookingPhotographer/995/103/8169" "Mozilla/5.0 (Windows NT 10.0; Win64; x64) AppleWebKit/537.36 (KHTML, like Gecko) Chrome/135.0.0.0 Safari/537.36"
220.244.136.5 - - [04/Jun/2025:05:28:17 +0000] "GET /assets/plugins/slimScroll/jquery.slimscroll.min.js HTTP/1.1" 200 2309 "https://tasktrakker.com.au/admin/addEditBookingPhotographer/995/103/8169" "Mozilla/5.0 (Windows NT 10.0; Win64; x64) AppleWebKit/537.36 (KHTML, like Gecko) Chrome/135.0.0.0 Safari/537.36"
203.219.219.134 - - [04/Jun/2025:05:28:17 +0000] "GET /assets/plugins/jvectormap/jquery-jvectormap-world-mill-en.js HTTP/1.1" 200 51174 "https://tasktrakker.com.au/admin/addEditBookingPhotographer/995/103/8168" "Mozilla/5.0 (Windows NT 10.0; Win64; x64) AppleWebKit/537.36 (KHTML, like Gecko) Chrome/136.0.0.0 Safari/537.36"
203.219.219.134 - - [04/Jun/2025:05:28:17 +0000] "GET /assets/plugins/knob/jquery.knob.js HTTP/1.1" 200 6445 "https://tasktrakker.com.au/admin/addEditBookingPhotographer/995/103/8168" "Mozilla/5.0 (Windows NT 10.0; Win64; x64) AppleWebKit/537.36 (KHTML, like Gecko) Chrome/136.0.0.0 Safari/537.36"
220.244.136.5 - - [04/Jun/2025:05:28:17 +0000] "GET /assets/plugins/fastclick/fastclick.js HTTP/1.1" 200 8024 "https://tasktrakker.com.au/admin/addEditBookingPhotographer/995/103/8169" "Mozilla/5.0 (Windows NT 10.0; Win64; x64) AppleWebKit/537.36 (KHTML, like Gecko) Chrome/135.0.0.0 Safari/537.36"
220.244.136.5 - - [04/Jun/2025:05:28:17 +0000] "GET /assets/dist/js/app.min.js HTTP/1.1" 200 6068 "https://tasktrakker.com.au/admin/addEditBookingPhotographer/995/103/8169" "Mozilla/5.0 (Windows NT 10.0; Win64; x64) AppleWebKit/537.36 (KHTML, like Gecko) Chrome/135.0.0.0 Safari/537.36"
203.219.219.134 - - [04/Jun/2025:05:28:17 +0000] "GET /assets/plugins/datepicker/bootstrap-datepicker.js HTTP/1.1" 200 12493 "https://tasktrakker.com.au/admin/addEditBookingPhotographer/995/103/8168" "Mozilla/5.0 (Windows NT 10.0; Win64; x64) AppleWebKit/537.36 (KHTML, like Gecko) Chrome/136.0.0.0 Safari/537.36"
203.219.219.133 - - [04/Jun/2025:05:28:17 +0000] "GET /assets/plugins/daterangepicker/daterangepicker.css HTTP/1.1" 200 2123 "https://tasktrakker.com.au/admin/addEditBookingPhotographer/995/103/8168" "Mozilla/5.0 (Windows NT 10.0; Win64; x64) AppleWebKit/537.36 (KHTML, like Gecko) Chrome/136.0.0.0 Safari/537.36"
203.219.219.134 - - [04/Jun/2025:05:28:17 +0000] "GET /assets/plugins/bootstrap-wysihtml5/bootstrap3-wysihtml5.all.min.js HTTP/1.1" 200 57658 "https://tasktrakker.com.au/admin/addEditBookingPhotographer/995/103/8168" "Mozilla/5.0 (Windows NT 10.0; Win64; x64) AppleWebKit/537.36 (KHTML, like Gecko) Chrome/136.0.0.0 Safari/537.36"
220.244.136.5 - - [04/Jun/2025:05:28:17 +0000] "GET /assets/plugins/datatables/dataTables.bootstrap.min.js HTTP/1.1" 200 1466 "https://tasktrakker.com.au/admin/addEditBookingPhotographer/995/103/8169" "Mozilla/5.0 (Windows NT 10.0; Win64; x64) AppleWebKit/537.36 (KHTML, like Gecko) Chrome/135.0.0.0 Safari/537.36"
203.219.219.134 - - [04/Jun/2025:05:28:17 +0000] "GET /assets/plugins/daterangepicker/daterangepicker.js HTTP/1.1" 200 14235 "https://tasktrakker.com.au/admin/addEditBookingPhotographer/995/103/8168" "Mozilla/5.0 (Windows NT 10.0; Win64; x64) AppleWebKit/537.36 (KHTML, like Gecko) Chrome/136.0.0.0 Safari/537.36"
203.219.219.134 - - [04/Jun/2025:05:28:17 +0000] "GET /assets/plugins/fastclick/fastclick.js HTTP/1.1" 200 8024 "https://tasktrakker.com.au/admin/addEditBookingPhotographer/995/103/8168" "Mozilla/5.0 (Windows NT 10.0; Win64; x64) AppleWebKit/537.36 (KHTML, like Gecko) Chrome/136.0.0.0 Safari/537.36"
220.244.136.5 - - [04/Jun/2025:05:28:17 +0000] "GET /assets/dist/js/pages/dashboard.js?1749014893 HTTP/1.1" 200 4337 "https://tasktrakker.com.au/admin/addEditBookingPhotographer/995/103/8169" "Mozilla/5.0 (Windows NT 10.0; Win64; x64) AppleWebKit/537.36 (KHTML, like Gecko) Chrome/135.0.0.0 Safari/537.36"
203.219.219.134 - - [04/Jun/2025:05:28:17 +0000] "GET /assets/plugins/slimScroll/jquery.slimscroll.min.js HTTP/1.1" 200 2309 "https://tasktrakker.com.au/admin/addEditBookingPhotographer/995/103/8168" "Mozilla/5.0 (Windows NT 10.0; Win64; x64) AppleWebKit/537.36 (KHTML, like Gecko) Chrome/136.0.0.0 Safari/537.36"
220.244.136.5 - - [04/Jun/2025:05:28:17 +0000] "GET /assets/js/star-rating.js HTTP/1.1" 200 6062 "https://tasktrakker.com.au/admin/addEditBookingPhotographer/995/103/8169" "Mozilla/5.0 (Windows NT 10.0; Win64; x64) AppleWebKit/537.36 (KHTML, like Gecko) Chrome/135.0.0.0 Safari/537.36"
220.244.136.5 - - [04/Jun/2025:05:28:18 +0000] "GET /assets/dist/js/demo.js HTTP/1.1" 200 3087 "https://tasktrakker.com.au/admin/addEditBookingPhotographer/995/103/8169" "Mozilla/5.0 (Windows NT 10.0; Win64; x64) AppleWebKit/537.36 (KHTML, like Gecko) Chrome/135.0.0.0 Safari/537.36"
203.219.219.133 - - [04/Jun/2025:05:28:18 +0000] "GET /assets/plugins/bootstrap-wysihtml5/bootstrap3-wysihtml5.min.css HTTP/1.1" 200 1023 "https://tasktrakker.com.au/admin/addEditBookingPhotographer/995/103/8168" "Mozilla/5.0 (Windows NT 10.0; Win64; x64) AppleWebKit/537.36 (KHTML, like Gecko) Chrome/136.0.0.0 Safari/537.36"
203.219.219.134 - - [04/Jun/2025:05:28:18 +0000] "GET /assets/dist/js/app.min.js HTTP/1.1" 200 3475 "https://tasktrakker.com.au/admin/addEditBookingPhotographer/995/103/8168" "Mozilla/5.0 (Windows NT 10.0; Win64; x64) AppleWebKit/537.36 (KHTML, like Gecko) Chrome/136.0.0.0 Safari/537.36"
220.244.136.5 - - [04/Jun/2025:05:28:18 +0000] "GET /assets/js/map.js HTTP/1.1" 200 479 "https://tasktrakker.com.au/admin/addEditBookingPhotographer/995/103/8169" "Mozilla/5.0 (Windows NT 10.0; Win64; x64) AppleWebKit/537.36 (KHTML, like Gecko) Chrome/135.0.0.0 Safari/537.36"
203.219.219.133 - - [04/Jun/2025:05:28:18 +0000] "GET /assets/plugins/datepicker/datepicker3.css HTTP/1.1" 200 3353 "https://tasktrakker.com.au/admin/addEditBookingPhotographer/995/103/8168" "Mozilla/5.0 (Windows NT 10.0; Win64; x64) AppleWebKit/537.36 (KHTML, like Gecko) Chrome/136.0.0.0 Safari/537.36"
220.244.136.5 - - [04/Jun/2025:05:28:18 +0000] "GET /assets/js/archive.js HTTP/1.1" 200 600 "https://tasktrakker.com.au/admin/addEditBookingPhotographer/995/103/8169" "Mozilla/5.0 (Windows NT 10.0; Win64; x64) AppleWebKit/537.36 (KHTML, like Gecko) Chrome/135.0.0.0 Safari/537.36"
203.219.219.134 - - [04/Jun/2025:05:28:18 +0000] "GET /assets/js/star-rating.js HTTP/1.1" 200 6062 "https://tasktrakker.com.au/admin/addEditBookingPhotographer/995/103/8168" "Mozilla/5.0 (Windows NT 10.0; Win64; x64) AppleWebKit/537.36 (KHTML, like Gecko) Chrome/136.0.0.0 Safari/537.36"
220.244.136.5 - - [04/Jun/2025:05:28:18 +0000] "GET /assets/js/booking-unavailability.js HTTP/1.1" 200 1320 "https://tasktrakker.com.au/admin/addEditBookingPhotographer/995/103/8169" "Mozilla/5.0 (Windows NT 10.0; Win64; x64) AppleWebKit/537.36 (KHTML, like Gecko) Chrome/135.0.0.0 Safari/537.36"
203.219.219.134 - - [04/Jun/2025:05:28:18 +0000] "GET /assets/plugins/datatables/dataTables.bootstrap.min.js HTTP/1.1" 200 1466 "https://tasktrakker.com.au/admin/addEditBookingPhotographer/995/103/8168" "Mozilla/5.0 (Windows NT 10.0; Win64; x64) AppleWebKit/537.36 (KHTML, like Gecko) Chrome/136.0.0.0 Safari/537.36"
203.219.219.134 - - [04/Jun/2025:05:28:18 +0000] "GET /assets/dist/js/pages/dashboard.js?1749014893 HTTP/1.1" 200 4337 "https://tasktrakker.com.au/admin/addEditBookingPhotographer/995/103/8168" "Mozilla/5.0 (Windows NT 10.0; Win64; x64) AppleWebKit/537.36 (KHTML, like Gecko) Chrome/136.0.0.0 Safari/537.36"
203.219.219.134 - - [04/Jun/2025:05:28:18 +0000] "GET /assets/dist/js/demo.js HTTP/1.1" 200 3087 "https://tasktrakker.com.au/admin/addEditBookingPhotographer/995/103/8168" "Mozilla/5.0 (Windows NT 10.0; Win64; x64) AppleWebKit/537.36 (KHTML, like Gecko) Chrome/136.0.0.0 Safari/537.36"
203.219.219.133 - - [04/Jun/2025:05:28:18 +0000] "GET /assets/css/custom.css?1749014893 HTTP/1.1" 200 1143 "https://tasktrakker.com.au/admin/addEditBookingPhotographer/995/103/8168" "Mozilla/5.0 (Windows NT 10.0; Win64; x64) AppleWebKit/537.36 (KHTML, like Gecko) Chrome/136.0.0.0 Safari/537.36"
203.219.219.134 - - [04/Jun/2025:05:28:18 +0000] "GET /assets/js/map.js HTTP/1.1" 200 479 "https://tasktrakker.com.au/admin/addEditBookingPhotographer/995/103/8168" "Mozilla/5.0 (Windows NT 10.0; Win64; x64) AppleWebKit/537.36 (KHTML, like Gecko) Chrome/136.0.0.0 Safari/537.36"
49.47.11.119 - - [04/Jun/2025:05:28:18 +0000] "GET / HTTP/1.1" 301 589 "-" "Mozilla/5.0 (Macintosh; Intel Mac OS X 10_15_7) AppleWebKit/605.1.15 (KHTML, like Gecko) Version/17.6 Safari/605.1.15"
203.219.219.133 - - [04/Jun/2025:05:28:18 +0000] "GET /assets/css/star-rating.css HTTP/1.1" 200 1642 "https://tasktrakker.com.au/admin/addEditBookingPhotographer/995/103/8168" "Mozilla/5.0 (Windows NT 10.0; Win64; x64) AppleWebKit/537.36 (KHTML, like Gecko) Chrome/136.0.0.0 Safari/537.36"
203.219.219.133 - - [04/Jun/2025:05:28:18 +0000] "GET /assets/bootstrap/js/bootstrap.min.js HTTP/1.1" 200 12919 "https://tasktrakker.com.au/admin/addEditBookingPhotographer/995/103/8168" "Mozilla/5.0 (Windows NT 10.0; Win64; x64) AppleWebKit/537.36 (KHTML, like Gecko) Chrome/136.0.0.0 Safari/537.36"
203.219.219.133 - - [04/Jun/2025:05:28:18 +0000] "GET /assets/plugins/jQuery/jquery-2.2.3.js HTTP/1.1" 200 80452 "https://tasktrakker.com.au/admin/addEditBookingPhotographer/995/103/8168" "Mozilla/5.0 (Windows NT 10.0; Win64; x64) AppleWebKit/537.36 (KHTML, like Gecko) Chrome/136.0.0.0 Safari/537.36"
203.219.219.134 - - [04/Jun/2025:05:28:18 +0000] "GET /assets/js/booking-unavailability.js HTTP/1.1" 200 1320 "https://tasktrakker.com.au/admin/addEditBookingPhotographer/995/103/8168" "Mozilla/5.0 (Windows NT 10.0; Win64; x64) AppleWebKit/537.36 (KHTML, like Gecko) Chrome/136.0.0.0 Safari/537.36"
203.219.219.134 - - [04/Jun/2025:05:28:18 +0000] "GET /assets/js/archive.js HTTP/1.1" 200 3193 "https://tasktrakker.com.au/admin/addEditBookingPhotographer/995/103/8168" "Mozilla/5.0 (Windows NT 10.0; Win64; x64) AppleWebKit/537.36 (KHTML, like Gecko) Chrome/136.0.0.0 Safari/537.36"
203.219.219.133 - - [04/Jun/2025:05:28:18 +0000] "GET /assets/plugins/sparkline/jquery.sparkline.min.js HTTP/1.1" 200 16107 "https://tasktrakker.com.au/admin/addEditBookingPhotographer/995/103/8168" "Mozilla/5.0 (Windows NT 10.0; Win64; x64) AppleWebKit/537.36 (KHTML, like Gecko) Chrome/136.0.0.0 Safari/537.36"
203.219.219.133 - - [04/Jun/2025:05:28:18 +0000] "GET /assets/plugins/jvectormap/jquery-jvectormap-1.2.2.min.js HTTP/1.1" 200 9372 "https://tasktrakker.com.au/admin/addEditBookingPhotographer/995/103/8168" "Mozilla/5.0 (Windows NT 10.0; Win64; x64) AppleWebKit/537.36 (KHTML, like Gecko) Chrome/136.0.0.0 Safari/537.36"
203.219.219.133 - - [04/Jun/2025:05:28:19 +0000] "GET /assets/plugins/jvectormap/jquery-jvectormap-world-mill-en.js HTTP/1.1" 200 51174 "https://tasktrakker.com.au/admin/addEditBookingPhotographer/995/103/8168" "Mozilla/5.0 (Windows NT 10.0; Win64; x64) AppleWebKit/537.36 (KHTML, like Gecko) Chrome/136.0.0.0 Safari/537.36"
203.219.219.133 - - [04/Jun/2025:05:28:19 +0000] "GET /assets/plugins/knob/jquery.knob.js HTTP/1.1" 200 6445 "https://tasktrakker.com.au/admin/addEditBookingPhotographer/995/103/8168" "Mozilla/5.0 (Windows NT 10.0; Win64; x64) AppleWebKit/537.36 (KHTML, like Gecko) Chrome/136.0.0.0 Safari/537.36"
120.17.193.14 - - [04/Jun/2025:05:28:19 +0000] "GET /index.php/admin/autologinPhotographer/1176/103/8354 HTTP/1.1" 302 996 "-" "Mozilla/5.0 (Macintosh; Intel Mac OS X 10_15_7) AppleWebKit/605.1.15 (KHTML, like Gecko) Version/18.5 Safari/605.1.15"
203.219.219.133 - - [04/Jun/2025:05:28:19 +0000] "GET /assets/plugins/daterangepicker/daterangepicker.js HTTP/1.1" 200 11641 "https://tasktrakker.com.au/admin/addEditBookingPhotographer/995/103/8168" "Mozilla/5.0 (Windows NT 10.0; Win64; x64) AppleWebKit/537.36 (KHTML, like Gecko) Chrome/136.0.0.0 Safari/537.36"
120.17.193.14 - - [04/Jun/2025:05:28:19 +0000] "GET /admin/addEditBookingPhotographer/1176/103/8354 HTTP/1.1" 200 4896 "-" "Mozilla/5.0 (Macintosh; Intel Mac OS X 10_15_7) AppleWebKit/605.1.15 (KHTML, like Gecko) Version/18.5 Safari/605.1.15"
203.219.219.133 - - [04/Jun/2025:05:28:19 +0000] "GET /assets/plugins/datepicker/bootstrap-datepicker.js HTTP/1.1" 200 12493 "https://tasktrakker.com.au/admin/addEditBookingPhotographer/995/103/8168" "Mozilla/5.0 (Windows NT 10.0; Win64; x64) AppleWebKit/537.36 (KHTML, like Gecko) Chrome/136.0.0.0 Safari/537.36"
120.17.193.14 - - [04/Jun/2025:05:28:19 +0000] "GET /assets/dist/js/pages/dashboard.js?1749014899 HTTP/1.1" 200 4337 "https://tasktrakker.com.au/admin/addEditBookingPhotographer/1176/103/8354" "Mozilla/5.0 (Macintosh; Intel Mac OS X 10_15_7) AppleWebKit/605.1.15 (KHTML, like Gecko) Version/18.5 Safari/605.1.15"
120.17.193.14 - - [04/Jun/2025:05:28:19 +0000] "GET /assets/css/custom.css?1749014899 HTTP/1.1" 200 1143 "https://tasktrakker.com.au/admin/addEditBookingPhotographer/1176/103/8354" "Mozilla/5.0 (Macintosh; Intel Mac OS X 10_15_7) AppleWebKit/605.1.15 (KHTML, like Gecko) Version/18.5 Safari/605.1.15"
49.47.11.119 - - [04/Jun/2025:05:28:19 +0000] "GET // HTTP/1.1" 302 2928 "-" "Mozilla/5.0 (Macintosh; Intel Mac OS X 10_15_7) AppleWebKit/605.1.15 (KHTML, like Gecko) Version/17.6 Safari/605.1.15"
203.219.219.133 - - [04/Jun/2025:05:28:19 +0000] "GET /assets/plugins/bootstrap-wysihtml5/bootstrap3-wysihtml5.all.min.js HTTP/1.1" 200 57334 "https://tasktrakker.com.au/admin/addEditBookingPhotographer/995/103/8168" "Mozilla/5.0 (Windows NT 10.0; Win64; x64) AppleWebKit/537.36 (KHTML, like Gecko) Chrome/136.0.0.0 Safari/537.36"
49.47.11.119 - - [04/Jun/2025:05:28:19 +0000] "GET /index.php/admin/login HTTP/1.1" 200 1924 "-" "Mozilla/5.0 (Macintosh; Intel Mac OS X 10_15_7) AppleWebKit/605.1.15 (KHTML, like Gecko) Version/17.6 Safari/605.1.15"
203.219.219.133 - - [04/Jun/2025:05:28:19 +0000] "GET /assets/plugins/slimScroll/jquery.slimscroll.min.js HTTP/1.1" 200 2309 "https://tasktrakker.com.au/admin/addEditBookingPhotographer/995/103/8168" "Mozilla/5.0 (Windows NT 10.0; Win64; x64) AppleWebKit/537.36 (KHTML, like Gecko) Chrome/136.0.0.0 Safari/537.36"
203.219.219.133 - - [04/Jun/2025:05:28:19 +0000] "GET /assets/plugins/fastclick/fastclick.js HTTP/1.1" 200 8024 "https://tasktrakker.com.au/admin/addEditBookingPhotographer/995/103/8168" "Mozilla/5.0 (Windows NT 10.0; Win64; x64) AppleWebKit/537.36 (KHTML, like Gecko) Chrome/136.0.0.0 Safari/537.36"
203.219.219.133 - - [04/Jun/2025:05:28:19 +0000] "GET /assets/plugins/datatables/dataTables.bootstrap.min.js HTTP/1.1" 200 1466 "https://tasktrakker.com.au/admin/addEditBookingPhotographer/995/103/8168" "Mozilla/5.0 (Windows NT 10.0; Win64; x64) AppleWebKit/537.36 (KHTML, like Gecko) Chrome/136.0.0.0 Safari/537.36"
203.219.219.133 - - [04/Jun/2025:05:28:19 +0000] "GET /assets/dist/js/app.min.js HTTP/1.1" 200 3475 "https://tasktrakker.com.au/admin/addEditBookingPhotographer/995/103/8168" "Mozilla/5.0 (Windows NT 10.0; Win64; x64) AppleWebKit/537.36 (KHTML, like Gecko) Chrome/136.0.0.0 Safari/537.36"
203.219.219.133 - - [04/Jun/2025:05:28:19 +0000] "GET /assets/js/star-rating.js HTTP/1.1" 200 6062 "https://tasktrakker.com.au/admin/addEditBookingPhotographer/995/103/8168" "Mozilla/5.0 (Windows NT 10.0; Win64; x64) AppleWebKit/537.36 (KHTML, like Gecko) Chrome/136.0.0.0 Safari/537.36"
203.219.219.133 - - [04/Jun/2025:05:28:20 +0000] "GET /assets/dist/js/demo.js HTTP/1.1" 200 3087 "https://tasktrakker.com.au/admin/addEditBookingPhotographer/995/103/8168" "Mozilla/5.0 (Windows NT 10.0; Win64; x64) AppleWebKit/537.36 (KHTML, like Gecko) Chrome/136.0.0.0 Safari/537.36"
203.219.219.133 - - [04/Jun/2025:05:28:20 +0000] "GET /assets/js/map.js HTTP/1.1" 200 479 "https://tasktrakker.com.au/admin/addEditBookingPhotographer/995/103/8168" "Mozilla/5.0 (Windows NT 10.0; Win64; x64) AppleWebKit/537.36 (KHTML, like Gecko) Chrome/136.0.0.0 Safari/537.36"
203.219.219.133 - - [04/Jun/2025:05:28:20 +0000] "GET /assets/js/archive.js HTTP/1.1" 200 600 "https://tasktrakker.com.au/admin/addEditBookingPhotographer/995/103/8168" "Mozilla/5.0 (Windows NT 10.0; Win64; x64) AppleWebKit/537.36 (KHTML, like Gecko) Chrome/136.0.0.0 Safari/537.36"
203.219.219.133 - - [04/Jun/2025:05:28:20 +0000] "GET /assets/js/booking-unavailability.js HTTP/1.1" 200 1320 "https://tasktrakker.com.au/admin/addEditBookingPhotographer/995/103/8168" "Mozilla/5.0 (Windows NT 10.0; Win64; x64) AppleWebKit/537.36 (KHTML, like Gecko) Chrome/136.0.0.0 Safari/537.36"
::1 - - [04/Jun/2025:05:28:20 +0000] "OPTIONS * HTTP/1.0" 200 126 "-" "Apache/2.4.58 (Ubuntu) OpenSSL/3.0.13 (internal dummy connection)"
120.17.193.14 - - [04/Jun/2025:05:28:20 +0000] "POST /index.php/admin/AcceptDeclineBooking HTTP/1.1" 303 400 "https://tasktrakker.com.au/admin/addEditBookingPhotographer/1176/103/8354" "Mozilla/5.0 (Macintosh; Intel Mac OS X 10_15_7) AppleWebKit/605.1.15 (KHTML, like Gecko) Version/18.5 Safari/605.1.15"
120.17.193.14 - - [04/Jun/2025:05:28:20 +0000] "GET /admin/addEditBookingPhotographer/1176/103/8354 HTTP/1.1" 200 5037 "https://tasktrakker.com.au/admin/addEditBookingPhotographer/1176/103/8354" "Mozilla/5.0 (Macintosh; Intel Mac OS X 10_15_7) AppleWebKit/605.1.15 (KHTML, like Gecko) Version/18.5 Safari/605.1.15"
120.17.193.14 - - [04/Jun/2025:05:28:20 +0000] "GET /assets/dist/js/pages/dashboard.js?1749014900 HTTP/1.1" 200 4337 "https://tasktrakker.com.au/admin/addEditBookingPhotographer/1176/103/8354" "Mozilla/5.0 (Macintosh; Intel Mac OS X 10_15_7) AppleWebKit/605.1.15 (KHTML, like Gecko) Version/18.5 Safari/605.1.15"
120.17.193.14 - - [04/Jun/2025:05:28:20 +0000] "GET /assets/css/custom.css?1749014900 HTTP/1.1" 200 1143 "https://tasktrakker.com.au/admin/addEditBookingPhotographer/1176/103/8354" "Mozilla/5.0 (Macintosh; Intel Mac OS X 10_15_7) AppleWebKit/605.1.15 (KHTML, like Gecko) Version/18.5 Safari/605.1.15"
::1 - - [04/Jun/2025:05:28:21 +0000] "OPTIONS * HTTP/1.0" 200 126 "-" "Apache/2.4.58 (Ubuntu) OpenSSL/3.0.13 (internal dummy connection)"
::1 - - [04/Jun/2025:05:28:22 +0000] "OPTIONS * HTTP/1.0" 200 126 "-" "Apache/2.4.58 (Ubuntu) OpenSSL/3.0.13 (internal dummy connection)"
120.17.193.14 - - [04/Jun/2025:05:28:22 +0000] "POST /index.php/admin/AcceptDeclineBooking HTTP/1.1" 303 400 "https://tasktrakker.com.au/admin/addEditBookingPhotographer/1176/103/8354" "Mozilla/5.0 (Macintosh; Intel Mac OS X 10_15_7) AppleWebKit/605.1.15 (KHTML, like Gecko) Version/18.5 Safari/605.1.15"
120.17.193.14 - - [04/Jun/2025:05:28:22 +0000] "GET /admin/addEditBookingPhotographer/1176/103/8354 HTTP/1.1" 200 5037 "https://tasktrakker.com.au/admin/addEditBookingPhotographer/1176/103/8354" "Mozilla/5.0 (Macintosh; Intel Mac OS X 10_15_7) AppleWebKit/605.1.15 (KHTML, like Gecko) Version/18.5 Safari/605.1.15"
120.17.193.14 - - [04/Jun/2025:05:28:22 +0000] "GET /assets/dist/js/pages/dashboard.js?1749014902 HTTP/1.1" 200 4337 "https://tasktrakker.com.au/admin/addEditBookingPhotographer/1176/103/8354" "Mozilla/5.0 (Macintosh; Intel Mac OS X 10_15_7) AppleWebKit/605.1.15 (KHTML, like Gecko) Version/18.5 Safari/605.1.15"
120.17.193.14 - - [04/Jun/2025:05:28:22 +0000] "GET /assets/css/custom.css?1749014902 HTTP/1.1" 200 1143 "https://tasktrakker.com.au/admin/addEditBookingPhotographer/1176/103/8354" "Mozilla/5.0 (Macintosh; Intel Mac OS X 10_15_7) AppleWebKit/605.1.15 (KHTML, like Gecko) Version/18.5 Safari/605.1.15"
131.242.32.6 - - [04/Jun/2025:05:28:23 +0000] "GET /index.php/admin/autologinPhotographer/1176/103/8354 HTTP/1.1" 302 3872 "-" "Mozilla/5.0 (Windows NT 10.0; Win64; x64) AppleWebKit/537.36 (KHTML, like Gecko) Chrome/135.0.0.0 Safari/537.36"
::1 - - [04/Jun/2025:05:28:23 +0000] "OPTIONS * HTTP/1.0" 200 126 "-" "Apache/2.4.58 (Ubuntu) OpenSSL/3.0.13 (internal dummy connection)"
131.242.32.6 - - [04/Jun/2025:05:28:24 +0000] "GET /admin/addEditBookingPhotographer/1176/103/8354 HTTP/1.1" 200 4893 "-" "Mozilla/5.0 (Windows NT 10.0; Win64; x64) AppleWebKit/537.36 (KHTML, like Gecko) Chrome/135.0.0.0 Safari/537.36"
::1 - - [04/Jun/2025:05:28:24 +0000] "OPTIONS * HTTP/1.0" 200 126 "-" "Apache/2.4.58 (Ubuntu) OpenSSL/3.0.13 (internal dummy connection)"
202.7.205.132 - - [04/Jun/2025:05:28:24 +0000] "GET /index.php/admin/autologinPhotographer/1176/103/8216 HTTP/1.1" 302 3872 "-" "Mozilla/5.0 (Windows NT 10.0; Win64; x64) AppleWebKit/537.36 (KHTML, like Gecko) Chrome/137.0.0.0 Safari/537.36"
203.219.219.133 - - [04/Jun/2025:05:28:24 +0000] "GET /assets/dist/js/pages/dashboard.js?1749014893 HTTP/1.1" 200 4337 "https://tasktrakker.com.au/admin/addEditBookingPhotographer/995/103/8168" "Mozilla/5.0 (Windows NT 10.0; Win64; x64) AppleWebKit/537.36 (KHTML, like Gecko) Chrome/136.0.0.0 Safari/537.36"
202.7.205.132 - - [04/Jun/2025:05:28:24 +0000] "GET /admin/addEditBookingPhotographer/1176/103/8216 HTTP/1.1" 200 4893 "-" "Mozilla/5.0 (Windows NT 10.0; Win64; x64) AppleWebKit/537.36 (KHTML, like Gecko) Chrome/137.0.0.0 Safari/537.36"
202.7.205.132 - - [04/Jun/2025:05:28:25 +0000] "GET /assets/bootstrap/css/bootstrap.min.css HTTP/1.1" 200 20193 "https://tasktrakker.com.au/admin/addEditBookingPhotographer/1176/103/8216" "Mozilla/5.0 (Windows NT 10.0; Win64; x64) AppleWebKit/537.36 (KHTML, like Gecko) Chrome/137.0.0.0 Safari/537.36"
::1 - - [04/Jun/2025:05:28:25 +0000] "OPTIONS * HTTP/1.0" 200 126 "-" "Apache/2.4.58 (Ubuntu) OpenSSL/3.0.13 (internal dummy connection)"
202.7.205.132 - - [04/Jun/2025:05:28:25 +0000] "GET /assets/dist/css/AdminLTE.min.css HTTP/1.1" 200 15258 "https://tasktrakker.com.au/admin/addEditBookingPhotographer/1176/103/8216" "Mozilla/5.0 (Windows NT 10.0; Win64; x64) AppleWebKit/537.36 (KHTML, like Gecko) Chrome/137.0.0.0 Safari/537.36"
202.7.205.132 - - [04/Jun/2025:05:28:25 +0000] "GET /assets/dist/css/skins/_all-skins.min.css HTTP/1.1" 200 3682 "https://tasktrakker.com.au/admin/addEditBookingPhotographer/1176/103/8216" "Mozilla/5.0 (Windows NT 10.0; Win64; x64) AppleWebKit/537.36 (KHTML, like Gecko) Chrome/137.0.0.0 Safari/537.36"
202.7.205.132 - - [04/Jun/2025:05:28:26 +0000] "GET /assets/plugins/iCheck/flat/blue.css HTTP/1.1" 200 1125 "https://tasktrakker.com.au/admin/addEditBookingPhotographer/1176/103/8216" "Mozilla/5.0 (Windows NT 10.0; Win64; x64) AppleWebKit/537.36 (KHTML, like Gecko) Chrome/137.0.0.0 Safari/537.36"
202.7.205.132 - - [04/Jun/2025:05:28:26 +0000] "GET /assets/plugins/morris/morris.css HTTP/1.1" 200 602 "https://tasktrakker.com.au/admin/addEditBookingPhotographer/1176/103/8216" "Mozilla/5.0 (Windows NT 10.0; Win64; x64) AppleWebKit/537.36 (KHTML, like Gecko) Chrome/137.0.0.0 Safari/537.36"
49.47.11.119 - - [04/Jun/2025:05:28:26 +0000] "GET / HTTP/1.1" 302 2927 "-" "Mozilla/5.0 (Macintosh; Intel Mac OS X 10_15_7) AppleWebKit/605.1.15 (KHTML, like Gecko) Version/17.6 Safari/605.1.15"
::1 - - [04/Jun/2025:05:28:26 +0000] "OPTIONS * HTTP/1.0" 200 126 "-" "Apache/2.4.58 (Ubuntu) OpenSSL/3.0.13 (internal dummy connection)"
202.7.205.132 - - [04/Jun/2025:05:28:26 +0000] "GET /assets/plugins/jvectormap/jquery-jvectormap-1.2.2.css HTTP/1.1" 200 708 "https://tasktrakker.com.au/admin/addEditBookingPhotographer/1176/103/8216" "Mozilla/5.0 (Windows NT 10.0; Win64; x64) AppleWebKit/537.36 (KHTML, like Gecko) Chrome/137.0.0.0 Safari/537.36"
49.47.11.119 - - [04/Jun/2025:05:28:26 +0000] "GET /index.php/admin/login HTTP/1.1" 200 4375 "-" "Mozilla/5.0 (Macintosh; Intel Mac OS X 10_15_7) AppleWebKit/605.1.15 (KHTML, like Gecko) Version/17.6 Safari/605.1.15"
202.7.205.132 - - [04/Jun/2025:05:28:26 +0000] "GET /assets/plugins/datepicker/datepicker3.css HTTP/1.1" 200 3353 "https://tasktrakker.com.au/admin/addEditBookingPhotographer/1176/103/8216" "Mozilla/5.0 (Windows NT 10.0; Win64; x64) AppleWebKit/537.36 (KHTML, like Gecko) Chrome/137.0.0.0 Safari/537.36"
202.7.205.132 - - [04/Jun/2025:05:28:26 +0000] "GET /assets/plugins/daterangepicker/daterangepicker.css HTTP/1.1" 200 1799 "https://tasktrakker.com.au/admin/addEditBookingPhotographer/1176/103/8216" "Mozilla/5.0 (Windows NT 10.0; Win64; x64) AppleWebKit/537.36 (KHTML, like Gecko) Chrome/137.0.0.0 Safari/537.36"
202.7.205.132 - - [04/Jun/2025:05:28:26 +0000] "GET /assets/plugins/bootstrap-wysihtml5/bootstrap3-wysihtml5.min.css HTTP/1.1" 200 1023 "https://tasktrakker.com.au/admin/addEditBookingPhotographer/1176/103/8216" "Mozilla/5.0 (Windows NT 10.0; Win64; x64) AppleWebKit/537.36 (KHTML, like Gecko) Chrome/137.0.0.0 Safari/537.36"
202.7.205.132 - - [04/Jun/2025:05:28:27 +0000] "GET /assets/css/custom.css?1749014904 HTTP/1.1" 200 1143 "https://tasktrakker.com.au/admin/addEditBookingPhotographer/1176/103/8216" "Mozilla/5.0 (Windows NT 10.0; Win64; x64) AppleWebKit/537.36 (KHTML, like Gecko) Chrome/137.0.0.0 Safari/537.36"
131.242.32.6 - - [04/Jun/2025:05:28:27 +0000] "GET /assets/dist/css/AdminLTE.min.css HTTP/1.1" 200 15582 "https://tasktrakker.com.au/admin/addEditBookingPhotographer/1176/103/8354" "Mozilla/5.0 (Windows NT 10.0; Win64; x64) AppleWebKit/537.36 (KHTML, like Gecko) Chrome/135.0.0.0 Safari/537.36"
131.242.32.6 - - [04/Jun/2025:05:28:27 +0000] "GET /assets/dist/css/skins/_all-skins.min.css HTTP/1.1" 200 4006 "https://tasktrakker.com.au/admin/addEditBookingPhotographer/1176/103/8354" "Mozilla/5.0 (Windows NT 10.0; Win64; x64) AppleWebKit/537.36 (KHTML, like Gecko) Chrome/135.0.0.0 Safari/537.36"
131.242.32.6 - - [04/Jun/2025:05:28:27 +0000] "GET /assets/plugins/iCheck/flat/blue.css HTTP/1.1" 200 3394 "https://tasktrakker.com.au/admin/addEditBookingPhotographer/1176/103/8354" "Mozilla/5.0 (Windows NT 10.0; Win64; x64) AppleWebKit/537.36 (KHTML, like Gecko) Chrome/135.0.0.0 Safari/537.36"
202.7.205.132 - - [04/Jun/2025:05:28:27 +0000] "GET /assets/css/star-rating.css HTTP/1.1" 200 1642 "https://tasktrakker.com.au/admin/addEditBookingPhotographer/1176/103/8216" "Mozilla/5.0 (Windows NT 10.0; Win64; x64) AppleWebKit/537.36 (KHTML, like Gecko) Chrome/137.0.0.0 Safari/537.36"
202.7.205.132 - - [04/Jun/2025:05:28:27 +0000] "GET /assets/plugins/jQuery/jquery-2.2.3.js HTTP/1.1" 200 78182 "https://tasktrakker.com.au/admin/addEditBookingPhotographer/1176/103/8216" "Mozilla/5.0 (Windows NT 10.0; Win64; x64) AppleWebKit/537.36 (KHTML, like Gecko) Chrome/137.0.0.0 Safari/537.36"
131.242.32.6 - - [04/Jun/2025:05:28:27 +0000] "GET /assets/plugins/morris/morris.css HTTP/1.1" 200 3196 "https://tasktrakker.com.au/admin/addEditBookingPhotographer/1176/103/8354" "Mozilla/5.0 (Windows NT 10.0; Win64; x64) AppleWebKit/537.36 (KHTML, like Gecko) Chrome/135.0.0.0 Safari/537.36"
202.7.205.132 - - [04/Jun/2025:05:28:27 +0000] "GET /assets/bootstrap/js/bootstrap.min.js HTTP/1.1" 200 10325 "https://tasktrakker.com.au/admin/addEditBookingPhotographer/1176/103/8216" "Mozilla/5.0 (Windows NT 10.0; Win64; x64) AppleWebKit/537.36 (KHTML, like Gecko) Chrome/137.0.0.0 Safari/537.36"
::1 - - [04/Jun/2025:05:28:27 +0000] "OPTIONS * HTTP/1.0" 200 126 "-" "Apache/2.4.58 (Ubuntu) OpenSSL/3.0.13 (internal dummy connection)"
202.7.205.132 - - [04/Jun/2025:05:28:27 +0000] "GET /assets/plugins/sparkline/jquery.sparkline.min.js HTTP/1.1" 200 13513 "https://tasktrakker.com.au/admin/addEditBookingPhotographer/1176/103/8216" "Mozilla/5.0 (Windows NT 10.0; Win64; x64) AppleWebKit/537.36 (KHTML, like Gecko) Chrome/137.0.0.0 Safari/537.36"
131.242.32.6 - - [04/Jun/2025:05:28:27 +0000] "GET /assets/plugins/jvectormap/jquery-jvectormap-1.2.2.css HTTP/1.1" 200 708 "https://tasktrakker.com.au/admin/addEditBookingPhotographer/1176/103/8354" "Mozilla/5.0 (Windows NT 10.0; Win64; x64) AppleWebKit/537.36 (KHTML, like Gecko) Chrome/135.0.0.0 Safari/537.36"
131.242.32.6 - - [04/Jun/2025:05:28:27 +0000] "GET /assets/plugins/datepicker/datepicker3.css HTTP/1.1" 200 3353 "https://tasktrakker.com.au/admin/addEditBookingPhotographer/1176/103/8354" "Mozilla/5.0 (Windows NT 10.0; Win64; x64) AppleWebKit/537.36 (KHTML, like Gecko) Chrome/135.0.0.0 Safari/537.36"
131.242.32.6 - - [04/Jun/2025:05:28:27 +0000] "GET /assets/plugins/daterangepicker/daterangepicker.css HTTP/1.1" 200 1799 "https://tasktrakker.com.au/admin/addEditBookingPhotographer/1176/103/8354" "Mozilla/5.0 (Windows NT 10.0; Win64; x64) AppleWebKit/537.36 (KHTML, like Gecko) Chrome/135.0.0.0 Safari/537.36"
202.7.205.132 - - [04/Jun/2025:05:28:27 +0000] "GET /assets/plugins/jvectormap/jquery-jvectormap-1.2.2.min.js HTTP/1.1" 200 9372 "https://tasktrakker.com.au/admin/addEditBookingPhotographer/1176/103/8216" "Mozilla/5.0 (Windows NT 10.0; Win64; x64) AppleWebKit/537.36 (KHTML, like Gecko) Chrome/137.0.0.0 Safari/537.36"
131.242.32.6 - - [04/Jun/2025:05:28:27 +0000] "GET /assets/plugins/bootstrap-wysihtml5/bootstrap3-wysihtml5.min.css HTTP/1.1" 200 1023 "https://tasktrakker.com.au/admin/addEditBookingPhotographer/1176/103/8354" "Mozilla/5.0 (Windows NT 10.0; Win64; x64) AppleWebKit/537.36 (KHTML, like Gecko) Chrome/135.0.0.0 Safari/537.36"
131.242.32.6 - - [04/Jun/2025:05:28:27 +0000] "GET /assets/css/custom.css?1749014904 HTTP/1.1" 200 1143 "https://tasktrakker.com.au/admin/addEditBookingPhotographer/1176/103/8354" "Mozilla/5.0 (Windows NT 10.0; Win64; x64) AppleWebKit/537.36 (KHTML, like Gecko) Chrome/135.0.0.0 Safari/537.36"
202.7.205.132 - - [04/Jun/2025:05:28:27 +0000] "GET /assets/plugins/jvectormap/jquery-jvectormap-world-mill-en.js HTTP/1.1" 200 51174 "https://tasktrakker.com.au/admin/addEditBookingPhotographer/1176/103/8216" "Mozilla/5.0 (Windows NT 10.0; Win64; x64) AppleWebKit/537.36 (KHTML, like Gecko) Chrome/137.0.0.0 Safari/537.36"
131.242.32.6 - - [04/Jun/2025:05:28:27 +0000] "GET /assets/css/star-rating.css HTTP/1.1" 200 1318 "https://tasktrakker.com.au/admin/addEditBookingPhotographer/1176/103/8354" "Mozilla/5.0 (Windows NT 10.0; Win64; x64) AppleWebKit/537.36 (KHTML, like Gecko) Chrome/135.0.0.0 Safari/537.36"
131.242.32.6 - - [04/Jun/2025:05:28:27 +0000] "GET /assets/plugins/jQuery/jquery-2.2.3.js HTTP/1.1" 200 77858 "https://tasktrakker.com.au/admin/addEditBookingPhotographer/1176/103/8354" "Mozilla/5.0 (Windows NT 10.0; Win64; x64) AppleWebKit/537.36 (KHTML, like Gecko) Chrome/135.0.0.0 Safari/537.36"
202.7.205.132 - - [04/Jun/2025:05:28:27 +0000] "GET /assets/plugins/knob/jquery.knob.js HTTP/1.1" 200 6445 "https://tasktrakker.com.au/admin/addEditBookingPhotographer/1176/103/8216" "Mozilla/5.0 (Windows NT 10.0; Win64; x64) AppleWebKit/537.36 (KHTML, like Gecko) Chrome/137.0.0.0 Safari/537.36"
202.7.205.132 - - [04/Jun/2025:05:28:28 +0000] "GET /assets/plugins/daterangepicker/daterangepicker.js HTTP/1.1" 200 11641 "https://tasktrakker.com.au/admin/addEditBookingPhotographer/1176/103/8216" "Mozilla/5.0 (Windows NT 10.0; Win64; x64) AppleWebKit/537.36 (KHTML, like Gecko) Chrome/137.0.0.0 Safari/537.36"
202.7.205.132 - - [04/Jun/2025:05:28:28 +0000] "GET /assets/plugins/datepicker/bootstrap-datepicker.js HTTP/1.1" 200 12493 "https://tasktrakker.com.au/admin/addEditBookingPhotographer/1176/103/8216" "Mozilla/5.0 (Windows NT 10.0; Win64; x64) AppleWebKit/537.36 (KHTML, like Gecko) Chrome/137.0.0.0 Safari/537.36"
131.242.32.6 - - [04/Jun/2025:05:28:28 +0000] "GET /assets/bootstrap/js/bootstrap.min.js HTTP/1.1" 200 10325 "https://tasktrakker.com.au/admin/addEditBookingPhotographer/1176/103/8354" "Mozilla/5.0 (Windows NT 10.0; Win64; x64) AppleWebKit/537.36 (KHTML, like Gecko) Chrome/135.0.0.0 Safari/537.36"
131.242.32.6 - - [04/Jun/2025:05:28:28 +0000] "GET /assets/plugins/sparkline/jquery.sparkline.min.js HTTP/1.1" 200 13513 "https://tasktrakker.com.au/admin/addEditBookingPhotographer/1176/103/8354" "Mozilla/5.0 (Windows NT 10.0; Win64; x64) AppleWebKit/537.36 (KHTML, like Gecko) Chrome/135.0.0.0 Safari/537.36"
202.7.205.132 - - [04/Jun/2025:05:28:28 +0000] "GET /assets/plugins/bootstrap-wysihtml5/bootstrap3-wysihtml5.all.min.js HTTP/1.1" 200 57334 "https://tasktrakker.com.au/admin/addEditBookingPhotographer/1176/103/8216" "Mozilla/5.0 (Windows NT 10.0; Win64; x64) AppleWebKit/537.36 (KHTML, like Gecko) Chrome/137.0.0.0 Safari/537.36"
131.242.32.6 - - [04/Jun/2025:05:28:28 +0000] "GET /assets/plugins/jvectormap/jquery-jvectormap-1.2.2.min.js HTTP/1.1" 200 9372 "https://tasktrakker.com.au/admin/addEditBookingPhotographer/1176/103/8354" "Mozilla/5.0 (Windows NT 10.0; Win64; x64) AppleWebKit/537.36 (KHTML, like Gecko) Chrome/135.0.0.0 Safari/537.36"
131.242.32.6 - - [04/Jun/2025:05:28:28 +0000] "GET /assets/plugins/jvectormap/jquery-jvectormap-world-mill-en.js HTTP/1.1" 200 51174 "https://tasktrakker.com.au/admin/addEditBookingPhotographer/1176/103/8354" "Mozilla/5.0 (Windows NT 10.0; Win64; x64) AppleWebKit/537.36 (KHTML, like Gecko) Chrome/135.0.0.0 Safari/537.36"
202.7.205.132 - - [04/Jun/2025:05:28:28 +0000] "GET /assets/plugins/slimScroll/jquery.slimscroll.min.js HTTP/1.1" 200 2309 "https://tasktrakker.com.au/admin/addEditBookingPhotographer/1176/103/8216" "Mozilla/5.0 (Windows NT 10.0; Win64; x64) AppleWebKit/537.36 (KHTML, like Gecko) Chrome/137.0.0.0 Safari/537.36"
::1 - - [04/Jun/2025:05:28:28 +0000] "OPTIONS * HTTP/1.0" 200 126 "-" "Apache/2.4.58 (Ubuntu) OpenSSL/3.0.13 (internal dummy connection)"
202.7.205.132 - - [04/Jun/2025:05:28:28 +0000] "GET /assets/plugins/fastclick/fastclick.js HTTP/1.1" 200 8024 "https://tasktrakker.com.au/admin/addEditBookingPhotographer/1176/103/8216" "Mozilla/5.0 (Windows NT 10.0; Win64; x64) AppleWebKit/537.36 (KHTML, like Gecko) Chrome/137.0.0.0 Safari/537.36"
202.7.205.132 - - [04/Jun/2025:05:28:28 +0000] "GET /assets/dist/js/app.min.js HTTP/1.1" 200 3475 "https://tasktrakker.com.au/admin/addEditBookingPhotographer/1176/103/8216" "Mozilla/5.0 (Windows NT 10.0; Win64; x64) AppleWebKit/537.36 (KHTML, like Gecko) Chrome/137.0.0.0 Safari/537.36"
131.242.32.6 - - [04/Jun/2025:05:28:28 +0000] "GET /assets/plugins/daterangepicker/daterangepicker.js HTTP/1.1" 200 11641 "https://tasktrakker.com.au/admin/addEditBookingPhotographer/1176/103/8354" "Mozilla/5.0 (Windows NT 10.0; Win64; x64) AppleWebKit/537.36 (KHTML, like Gecko) Chrome/135.0.0.0 Safari/537.36"
202.7.205.132 - - [04/Jun/2025:05:28:28 +0000] "GET /assets/plugins/datatables/dataTables.bootstrap.min.js HTTP/1.1" 200 1466 "https://tasktrakker.com.au/admin/addEditBookingPhotographer/1176/103/8216" "Mozilla/5.0 (Windows NT 10.0; Win64; x64) AppleWebKit/537.36 (KHTML, like Gecko) Chrome/137.0.0.0 Safari/537.36"
131.242.32.6 - - [04/Jun/2025:05:28:28 +0000] "GET /assets/plugins/datepicker/bootstrap-datepicker.js HTTP/1.1" 200 12493 "https://tasktrakker.com.au/admin/addEditBookingPhotographer/1176/103/8354" "Mozilla/5.0 (Windows NT 10.0; Win64; x64) AppleWebKit/537.36 (KHTML, like Gecko) Chrome/135.0.0.0 Safari/537.36"
131.242.32.6 - - [04/Jun/2025:05:28:28 +0000] "GET /assets/plugins/bootstrap-wysihtml5/bootstrap3-wysihtml5.all.min.js HTTP/1.1" 200 57334 "https://tasktrakker.com.au/admin/addEditBookingPhotographer/1176/103/8354" "Mozilla/5.0 (Windows NT 10.0; Win64; x64) AppleWebKit/537.36 (KHTML, like Gecko) Chrome/135.0.0.0 Safari/537.36"
131.242.32.6 - - [04/Jun/2025:05:28:28 +0000] "GET /assets/plugins/slimScroll/jquery.slimscroll.min.js HTTP/1.1" 200 2309 "https://tasktrakker.com.au/admin/addEditBookingPhotographer/1176/103/8354" "Mozilla/5.0 (Windows NT 10.0; Win64; x64) AppleWebKit/537.36 (KHTML, like Gecko) Chrome/135.0.0.0 Safari/537.36"
202.7.205.132 - - [04/Jun/2025:05:28:28 +0000] "GET /assets/js/star-rating.js HTTP/1.1" 200 6062 "https://tasktrakker.com.au/admin/addEditBookingPhotographer/1176/103/8216" "Mozilla/5.0 (Windows NT 10.0; Win64; x64) AppleWebKit/537.36 (KHTML, like Gecko) Chrome/137.0.0.0 Safari/537.36"
202.7.205.132 - - [04/Jun/2025:05:28:28 +0000] "GET /assets/dist/js/demo.js HTTP/1.1" 200 3087 "https://tasktrakker.com.au/admin/addEditBookingPhotographer/1176/103/8216" "Mozilla/5.0 (Windows NT 10.0; Win64; x64) AppleWebKit/537.36 (KHTML, like Gecko) Chrome/137.0.0.0 Safari/537.36"
202.7.205.132 - - [04/Jun/2025:05:28:28 +0000] "GET /assets/js/map.js HTTP/1.1" 200 479 "https://tasktrakker.com.au/admin/addEditBookingPhotographer/1176/103/8216" "Mozilla/5.0 (Windows NT 10.0; Win64; x64) AppleWebKit/537.36 (KHTML, like Gecko) Chrome/137.0.0.0 Safari/537.36"
131.242.32.6 - - [04/Jun/2025:05:28:28 +0000] "GET /assets/plugins/fastclick/fastclick.js HTTP/1.1" 200 8024 "https://tasktrakker.com.au/admin/addEditBookingPhotographer/1176/103/8354" "Mozilla/5.0 (Windows NT 10.0; Win64; x64) AppleWebKit/537.36 (KHTML, like Gecko) Chrome/135.0.0.0 Safari/537.36"
202.7.205.132 - - [04/Jun/2025:05:28:28 +0000] "GET /assets/dist/js/pages/dashboard.js?1749014904 HTTP/1.1" 200 4661 "https://tasktrakker.com.au/admin/addEditBookingPhotographer/1176/103/8216" "Mozilla/5.0 (Windows NT 10.0; Win64; x64) AppleWebKit/537.36 (KHTML, like Gecko) Chrome/137.0.0.0 Safari/537.36"
202.7.205.132 - - [04/Jun/2025:05:28:28 +0000] "GET /assets/js/archive.js HTTP/1.1" 200 600 "https://tasktrakker.com.au/admin/addEditBookingPhotographer/1176/103/8216" "Mozilla/5.0 (Windows NT 10.0; Win64; x64) AppleWebKit/537.36 (KHTML, like Gecko) Chrome/137.0.0.0 Safari/537.36"
131.242.32.6 - - [04/Jun/2025:05:28:28 +0000] "GET /assets/dist/js/app.min.js HTTP/1.1" 200 3475 "https://tasktrakker.com.au/admin/addEditBookingPhotographer/1176/103/8354" "Mozilla/5.0 (Windows NT 10.0; Win64; x64) AppleWebKit/537.36 (KHTML, like Gecko) Chrome/135.0.0.0 Safari/537.36"
131.242.32.6 - - [04/Jun/2025:05:28:28 +0000] "GET /assets/plugins/datatables/dataTables.bootstrap.min.js HTTP/1.1" 200 1466 "https://tasktrakker.com.au/admin/addEditBookingPhotographer/1176/103/8354" "Mozilla/5.0 (Windows NT 10.0; Win64; x64) AppleWebKit/537.36 (KHTML, like Gecko) Chrome/135.0.0.0 Safari/537.36"
131.242.32.6 - - [04/Jun/2025:05:28:28 +0000] "GET /assets/js/star-rating.js HTTP/1.1" 200 6062 "https://tasktrakker.com.au/admin/addEditBookingPhotographer/1176/103/8354" "Mozilla/5.0 (Windows NT 10.0; Win64; x64) AppleWebKit/537.36 (KHTML, like Gecko) Chrome/135.0.0.0 Safari/537.36"
202.7.205.132 - - [04/Jun/2025:05:28:28 +0000] "GET /assets/js/booking-unavailability.js HTTP/1.1" 200 1320 "https://tasktrakker.com.au/admin/addEditBookingPhotographer/1176/103/8216" "Mozilla/5.0 (Windows NT 10.0; Win64; x64) AppleWebKit/537.36 (KHTML, like Gecko) Chrome/137.0.0.0 Safari/537.36"
131.242.32.6 - - [04/Jun/2025:05:28:29 +0000] "GET /assets/dist/js/pages/dashboard.js?1749014904 HTTP/1.1" 200 4337 "https://tasktrakker.com.au/admin/addEditBookingPhotographer/1176/103/8354" "Mozilla/5.0 (Windows NT 10.0; Win64; x64) AppleWebKit/537.36 (KHTML, like Gecko) Chrome/135.0.0.0 Safari/537.36"
131.242.32.6 - - [04/Jun/2025:05:28:29 +0000] "GET /assets/dist/js/demo.js HTTP/1.1" 200 3087 "https://tasktrakker.com.au/admin/addEditBookingPhotographer/1176/103/8354" "Mozilla/5.0 (Windows NT 10.0; Win64; x64) AppleWebKit/537.36 (KHTML, like Gecko) Chrome/135.0.0.0 Safari/537.36"
131.242.32.6 - - [04/Jun/2025:05:28:29 +0000] "GET /assets/js/map.js HTTP/1.1" 200 479 "https://tasktrakker.com.au/admin/addEditBookingPhotographer/1176/103/8354" "Mozilla/5.0 (Windows NT 10.0; Win64; x64) AppleWebKit/537.36 (KHTML, like Gecko) Chrome/135.0.0.0 Safari/537.36"
131.242.32.6 - - [04/Jun/2025:05:28:29 +0000] "GET /assets/js/archive.js HTTP/1.1" 200 600 "https://tasktrakker.com.au/admin/addEditBookingPhotographer/1176/103/8354" "Mozilla/5.0 (Windows NT 10.0; Win64; x64) AppleWebKit/537.36 (KHTML, like Gecko) Chrome/135.0.0.0 Safari/537.36"
::1 - - [04/Jun/2025:05:28:29 +0000] "OPTIONS * HTTP/1.0" 200 126 "-" "Apache/2.4.58 (Ubuntu) OpenSSL/3.0.13 (internal dummy connection)"
131.242.32.6 - - [04/Jun/2025:05:28:29 +0000] "GET /assets/js/booking-unavailability.js HTTP/1.1" 200 1320 "https://tasktrakker.com.au/admin/addEditBookingPhotographer/1176/103/8354" "Mozilla/5.0 (Windows NT 10.0; Win64; x64) AppleWebKit/537.36 (KHTML, like Gecko) Chrome/135.0.0.0 Safari/537.36"
131.242.32.6 - - [04/Jun/2025:05:28:29 +0000] "GET /assets/plugins/knob/jquery.knob.js HTTP/1.1" 200 9038 "https://tasktrakker.com.au/admin/addEditBookingPhotographer/1176/103/8354" "Mozilla/5.0 (Windows NT 10.0; Win64; x64) AppleWebKit/537.36 (KHTML, like Gecko) Chrome/135.0.0.0 Safari/537.36"
131.242.32.6 - - [04/Jun/2025:05:28:30 +0000] "GET /assets/bootstrap/css/bootstrap.min.css HTTP/1.1" 200 20193 "https://tasktrakker.com.au/admin/addEditBookingPhotographer/1176/103/8354" "Mozilla/5.0 (Windows NT 10.0; Win64; x64) AppleWebKit/537.36 (KHTML, like Gecko) Chrome/135.0.0.0 Safari/537.36"
::1 - - [04/Jun/2025:05:28:30 +0000] "OPTIONS * HTTP/1.0" 200 126 "-" "Apache/2.4.58 (Ubuntu) OpenSSL/3.0.13 (internal dummy connection)"
::1 - - [04/Jun/2025:05:28:31 +0000] "OPTIONS * HTTP/1.0" 200 126 "-" "Apache/2.4.58 (Ubuntu) OpenSSL/3.0.13 (internal dummy connection)"
::1 - - [04/Jun/2025:05:28:32 +0000] "OPTIONS * HTTP/1.0" 200 126 "-" "Apache/2.4.58 (Ubuntu) OpenSSL/3.0.13 (internal dummy connection)"
::1 - - [04/Jun/2025:05:28:33 +0000] "OPTIONS * HTTP/1.0" 200 126 "-" "Apache/2.4.58 (Ubuntu) OpenSSL/3.0.13 (internal dummy connection)"
49.47.11.119 - - [04/Jun/2025:05:28:34 +0000] "GET / HTTP/1.1" 302 2928 "-" "Mozilla/5.0 (Macintosh; Intel Mac OS X 10_15_7) AppleWebKit/605.1.15 (KHTML, like Gecko) Version/17.6 Safari/605.1.15"
::1 - - [04/Jun/2025:05:28:34 +0000] "OPTIONS * HTTP/1.0" 200 126 "-" "Apache/2.4.58 (Ubuntu) OpenSSL/3.0.13 (internal dummy connection)"
49.47.11.119 - - [04/Jun/2025:05:28:34 +0000] "GET /index.php/admin/login HTTP/1.1" 200 4377 "-" "Mozilla/5.0 (Macintosh; Intel Mac OS X 10_15_7) AppleWebKit/605.1.15 (KHTML, like Gecko) Version/17.6 Safari/605.1.15"
::1 - - [04/Jun/2025:05:28:35 +0000] "OPTIONS * HTTP/1.0" 200 126 "-" "Apache/2.4.58 (Ubuntu) OpenSSL/3.0.13 (internal dummy connection)"
::1 - - [04/Jun/2025:05:28:36 +0000] "OPTIONS * HTTP/1.0" 200 126 "-" "Apache/2.4.58 (Ubuntu) OpenSSL/3.0.13 (internal dummy connection)"
::1 - - [04/Jun/2025:05:28:37 +0000] "OPTIONS * HTTP/1.0" 200 126 "-" "Apache/2.4.58 (Ubuntu) OpenSSL/3.0.13 (internal dummy connection)"
::1 - - [04/Jun/2025:05:28:38 +0000] "OPTIONS * HTTP/1.0" 200 126 "-" "Apache/2.4.58 (Ubuntu) OpenSSL/3.0.13 (internal dummy connection)"
::1 - - [04/Jun/2025:05:28:39 +0000] "OPTIONS * HTTP/1.0" 200 126 "-" "Apache/2.4.58 (Ubuntu) OpenSSL/3.0.13 (internal dummy connection)"
::1 - - [04/Jun/2025:05:28:40 +0000] "OPTIONS * HTTP/1.0" 200 126 "-" "Apache/2.4.58 (Ubuntu) OpenSSL/3.0.13 (internal dummy connection)"
::1 - - [04/Jun/2025:05:28:41 +0000] "OPTIONS * HTTP/1.0" 200 126 "-" "Apache/2.4.58 (Ubuntu) OpenSSL/3.0.13 (internal dummy connection)"
::1 - - [04/Jun/2025:05:28:42 +0000] "OPTIONS * HTTP/1.0" 200 126 "-" "Apache/2.4.58 (Ubuntu) OpenSSL/3.0.13 (internal dummy connection)"
::1 - - [04/Jun/2025:05:28:43 +0000] "OPTIONS * HTTP/1.0" 200 126 "-" "Apache/2.4.58 (Ubuntu) OpenSSL/3.0.13 (internal dummy connection)"
::1 - - [04/Jun/2025:05:28:44 +0000] "OPTIONS * HTTP/1.0" 200 126 "-" "Apache/2.4.58 (Ubuntu) OpenSSL/3.0.13 (internal dummy connection)"
::1 - - [04/Jun/2025:05:28:45 +0000] "OPTIONS * HTTP/1.0" 200 126 "-" "Apache/2.4.58 (Ubuntu) OpenSSL/3.0.13 (internal dummy connection)"
::1 - - [04/Jun/2025:05:28:46 +0000] "OPTIONS * HTTP/1.0" 200 126 "-" "Apache/2.4.58 (Ubuntu) OpenSSL/3.0.13 (internal dummy connection)"
::1 - - [04/Jun/2025:05:28:47 +0000] "OPTIONS * HTTP/1.0" 200 126 "-" "Apache/2.4.58 (Ubuntu) OpenSSL/3.0.13 (internal dummy connection)"
::1 - - [04/Jun/2025:05:28:48 +0000] "OPTIONS * HTTP/1.0" 200 126 "-" "Apache/2.4.58 (Ubuntu) OpenSSL/3.0.13 (internal dummy connection)"
::1 - - [04/Jun/2025:05:28:49 +0000] "OPTIONS * HTTP/1.0" 200 126 "-" "Apache/2.4.58 (Ubuntu) OpenSSL/3.0.13 (internal dummy connection)"
::1 - - [04/Jun/2025:05:28:50 +0000] "OPTIONS * HTTP/1.0" 200 126 "-" "Apache/2.4.58 (Ubuntu) OpenSSL/3.0.13 (internal dummy connection)"
::1 - - [04/Jun/2025:05:28:51 +0000] "OPTIONS * HTTP/1.0" 200 126 "-" "Apache/2.4.58 (Ubuntu) OpenSSL/3.0.13 (internal dummy connection)"
49.47.11.119 - - [04/Jun/2025:05:28:54 +0000] "-" 408 2594 "-" "-"
::1 - - [04/Jun/2025:05:28:55 +0000] "OPTIONS * HTTP/1.0" 200 126 "-" "Apache/2.4.58 (Ubuntu) OpenSSL/3.0.13 (internal dummy connection)"
49.47.11.119 - - [04/Jun/2025:05:28:56 +0000] "GET / HTTP/1.1" 302 2927 "-" "Mozilla/5.0 (Macintosh; Intel Mac OS X 10_15_7) AppleWebKit/537.36 (KHTML, like Gecko) Chrome/136.0.0.0 Safari/537.36"
49.47.11.119 - - [04/Jun/2025:05:28:57 +0000] "GET /index.php/admin/login HTTP/1.1" 200 4519 "-" "Mozilla/5.0 (Macintosh; Intel Mac OS X 10_15_7) AppleWebKit/537.36 (KHTML, like Gecko) Chrome/136.0.0.0 Safari/537.36"
40.77.167.22 - - [04/Jun/2025:05:30:25 +0000] "GET /index.php/admin/addcustomersview/3266 HTTP/1.1" 500 5069 "-" "Mozilla/5.0 AppleWebKit/537.36 (KHTML, like Gecko; compatible; bingbot/2.0; +http://www.bing.com/bingbot.htm) Chrome/116.0.1938.76 Safari/537.36"
202.62.242.117 - - [04/Jun/2025:05:30:29 +0000] "GET / HTTP/1.1" 302 2927 "-" "Mozilla/5.0 (Windows NT 10.0; Win64; x64) AppleWebKit/537.36 (KHTML, like Gecko) Chrome/137.0.0.0 Safari/537.36 Edg/137.0.0.0"
202.62.242.117 - - [04/Jun/2025:05:30:29 +0000] "GET /index.php/admin/login HTTP/1.1" 200 1924 "-" "Mozilla/5.0 (Windows NT 10.0; Win64; x64) AppleWebKit/537.36 (KHTML, like Gecko) Chrome/137.0.0.0 Safari/537.36 Edg/137.0.0.0"
202.62.242.117 - - [04/Jun/2025:05:30:29 +0000] "GET /assets/bootstrap/css/bootstrap.min.css HTTP/1.1" 200 20193 "https://tasktrakker.com.au/index.php/admin/login" "Mozilla/5.0 (Windows NT 10.0; Win64; x64) AppleWebKit/537.36 (KHTML, like Gecko) Chrome/137.0.0.0 Safari/537.36 Edg/137.0.0.0"
202.62.242.117 - - [04/Jun/2025:05:30:29 +0000] "GET /assets/dist/css/AdminLTE.min.css HTTP/1.1" 200 17852 "https://tasktrakker.com.au/index.php/admin/login" "Mozilla/5.0 (Windows NT 10.0; Win64; x64) AppleWebKit/537.36 (KHTML, like Gecko) Chrome/137.0.0.0 Safari/537.36 Edg/137.0.0.0"
202.62.242.117 - - [04/Jun/2025:05:30:29 +0000] "GET /assets/plugins/iCheck/square/blue.css HTTP/1.1" 200 819 "https://tasktrakker.com.au/index.php/admin/login" "Mozilla/5.0 (Windows NT 10.0; Win64; x64) AppleWebKit/537.36 (KHTML, like Gecko) Chrome/137.0.0.0 Safari/537.36 Edg/137.0.0.0"
202.62.242.117 - - [04/Jun/2025:05:30:29 +0000] "GET //assets/img/logo.png HTTP/1.1" 200 95477 "https://tasktrakker.com.au/index.php/admin/login" "Mozilla/5.0 (Windows NT 10.0; Win64; x64) AppleWebKit/537.36 (KHTML, like Gecko) Chrome/137.0.0.0 Safari/537.36 Edg/137.0.0.0"
202.62.242.117 - - [04/Jun/2025:05:30:29 +0000] "GET /assets/plugins/jQuery/jquery-2.2.3.min.js HTTP/1.1" 200 30695 "https://tasktrakker.com.au/index.php/admin/login" "Mozilla/5.0 (Windows NT 10.0; Win64; x64) AppleWebKit/537.36 (KHTML, like Gecko) Chrome/137.0.0.0 Safari/537.36 Edg/137.0.0.0"
202.62.242.117 - - [04/Jun/2025:05:30:29 +0000] "GET /assets/bootstrap/js/bootstrap.min.js HTTP/1.1" 200 10325 "https://tasktrakker.com.au/index.php/admin/login" "Mozilla/5.0 (Windows NT 10.0; Win64; x64) AppleWebKit/537.36 (KHTML, like Gecko) Chrome/137.0.0.0 Safari/537.36 Edg/137.0.0.0"
202.62.242.117 - - [04/Jun/2025:05:30:29 +0000] "GET /assets/plugins/iCheck/icheck.min.js HTTP/1.1" 200 5180 "https://tasktrakker.com.au/index.php/admin/login" "Mozilla/5.0 (Windows NT 10.0; Win64; x64) AppleWebKit/537.36 (KHTML, like Gecko) Chrome/137.0.0.0 Safari/537.36 Edg/137.0.0.0"
202.62.242.117 - - [04/Jun/2025:05:30:29 +0000] "GET /assets/bootstrap/fonts/glyphicons-halflings-regular.woff2 HTTP/1.1" 200 18382 "https://tasktrakker.com.au/assets/bootstrap/css/bootstrap.min.css" "Mozilla/5.0 (Windows NT 10.0; Win64; x64) AppleWebKit/537.36 (KHTML, like Gecko) Chrome/137.0.0.0 Safari/537.36 Edg/137.0.0.0"
202.62.242.117 - - [04/Jun/2025:05:30:29 +0000] "GET /assets/plugins/iCheck/square/blue.png HTTP/1.1" 200 2492 "https://tasktrakker.com.au/assets/plugins/iCheck/square/blue.css" "Mozilla/5.0 (Windows NT 10.0; Win64; x64) AppleWebKit/537.36 (KHTML, like Gecko) Chrome/137.0.0.0 Safari/537.36 Edg/137.0.0.0"
202.62.242.117 - - [04/Jun/2025:05:30:31 +0000] "POST /index.php/admin/auth HTTP/1.1" 303 624 "https://tasktrakker.com.au/index.php/admin/login" "Mozilla/5.0 (Windows NT 10.0; Win64; x64) AppleWebKit/537.36 (KHTML, like Gecko) Chrome/137.0.0.0 Safari/537.36 Edg/137.0.0.0"
